Archive member included because of file (symbol)

c:/program files (x86)/arm-none-eabi-gcc-4_6/bin/../lib/gcc/arm-none-eabi/4.6.2/../../../../arm-none-eabi/lib/armv7e-m\libg.a(lib_a-memcpy.o)
                              ..\obj\queue.o (memcpy)
c:/program files (x86)/arm-none-eabi-gcc-4_6/bin/../lib/gcc/arm-none-eabi/4.6.2/../../../../arm-none-eabi/lib/armv7e-m\libg.a(lib_a-memset.o)
                              ..\obj\tasks.o (memset)
c:/program files (x86)/arm-none-eabi-gcc-4_6/bin/../lib/gcc/arm-none-eabi/4.6.2/../../../../arm-none-eabi/lib/armv7e-m\libg.a(lib_a-strncpy.o)
                              ..\obj\tasks.o (strncpy)

Allocating common symbols
Common symbol       size              file

NVIC_InitStructure  0x4               ..\obj\stm32f4_discovery.o

Discarded input sections

 .text          0x00000000        0x0 ..\obj\stm32f4xx_syscfg.o
 .data          0x00000000        0x0 ..\obj\stm32f4xx_syscfg.o
 .bss           0x00000000        0x0 ..\obj\stm32f4xx_syscfg.o
 .text.SYSCFG_DeInit
                0x00000000       0x20 ..\obj\stm32f4xx_syscfg.o
 .text.SYSCFG_MemoryRemapConfig
                0x00000000       0x20 ..\obj\stm32f4xx_syscfg.o
 .text.SYSCFG_EXTILineConfig
                0x00000000       0xb4 ..\obj\stm32f4xx_syscfg.o
 .text.SYSCFG_ETH_MediaInterfaceConfig
                0x00000000       0x20 ..\obj\stm32f4xx_syscfg.o
 .text.SYSCFG_CompensationCellCmd
                0x00000000       0x20 ..\obj\stm32f4xx_syscfg.o
 .text.SYSCFG_GetCompensationCellStatus
                0x00000000       0x3c ..\obj\stm32f4xx_syscfg.o
 .text          0x00000000        0x0 ..\obj\stm32f4xx_sdio.o
 .data          0x00000000        0x0 ..\obj\stm32f4xx_sdio.o
 .bss           0x00000000        0x0 ..\obj\stm32f4xx_sdio.o
 .text.SDIO_DeInit
                0x00000000       0x20 ..\obj\stm32f4xx_sdio.o
 .text.SDIO_Init
                0x00000000       0x68 ..\obj\stm32f4xx_sdio.o
 .text.SDIO_StructInit
                0x00000000       0x44 ..\obj\stm32f4xx_sdio.o
 .text.SDIO_ClockCmd
                0x00000000       0x20 ..\obj\stm32f4xx_sdio.o
 .text.SDIO_SetPowerState
                0x00000000       0x20 ..\obj\stm32f4xx_sdio.o
 .text.SDIO_GetPowerState
                0x00000000       0x1c ..\obj\stm32f4xx_sdio.o
 .text.SDIO_SendCommand
                0x00000000       0x68 ..\obj\stm32f4xx_sdio.o
 .text.SDIO_CmdStructInit
                0x00000000       0x3c ..\obj\stm32f4xx_sdio.o
 .text.SDIO_GetCommandResponse
                0x00000000       0x18 ..\obj\stm32f4xx_sdio.o
 .text.SDIO_GetResponse
                0x00000000       0x2c ..\obj\stm32f4xx_sdio.o
 .text.SDIO_DataConfig
                0x00000000       0x70 ..\obj\stm32f4xx_sdio.o
 .text.SDIO_DataStructInit
                0x00000000       0x44 ..\obj\stm32f4xx_sdio.o
 .text.SDIO_GetDataCounter
                0x00000000       0x18 ..\obj\stm32f4xx_sdio.o
 .text.SDIO_ReadData
                0x00000000       0x18 ..\obj\stm32f4xx_sdio.o
 .text.SDIO_WriteData
                0x00000000       0x20 ..\obj\stm32f4xx_sdio.o
 .text.SDIO_GetFIFOCount
                0x00000000       0x18 ..\obj\stm32f4xx_sdio.o
 .text.SDIO_StartSDIOReadWait
                0x00000000       0x20 ..\obj\stm32f4xx_sdio.o
 .text.SDIO_StopSDIOReadWait
                0x00000000       0x20 ..\obj\stm32f4xx_sdio.o
 .text.SDIO_SetSDIOReadWaitMode
                0x00000000       0x20 ..\obj\stm32f4xx_sdio.o
 .text.SDIO_SetSDIOOperation
                0x00000000       0x20 ..\obj\stm32f4xx_sdio.o
 .text.SDIO_SendSDIOSuspendCmd
                0x00000000       0x20 ..\obj\stm32f4xx_sdio.o
 .text.SDIO_CommandCompletionCmd
                0x00000000       0x20 ..\obj\stm32f4xx_sdio.o
 .text.SDIO_CEATAITCmd
                0x00000000       0x2c ..\obj\stm32f4xx_sdio.o
 .text.SDIO_SendCEATACmd
                0x00000000       0x20 ..\obj\stm32f4xx_sdio.o
 .text.SDIO_DMACmd
                0x00000000       0x20 ..\obj\stm32f4xx_sdio.o
 .text.SDIO_ITConfig
                0x00000000       0x58 ..\obj\stm32f4xx_sdio.o
 .text.SDIO_GetFlagStatus
                0x00000000       0x40 ..\obj\stm32f4xx_sdio.o
 .text.SDIO_ClearFlag
                0x00000000       0x20 ..\obj\stm32f4xx_sdio.o
 .text.SDIO_GetITStatus
                0x00000000       0x40 ..\obj\stm32f4xx_sdio.o
 .text.SDIO_ClearITPendingBit
                0x00000000       0x20 ..\obj\stm32f4xx_sdio.o
 .text          0x00000000        0x0 ..\obj\stm32f4xx_hash.o
 .data          0x00000000        0x0 ..\obj\stm32f4xx_hash.o
 .bss           0x00000000        0x0 ..\obj\stm32f4xx_hash.o
 .text.HASH_DeInit
                0x00000000       0x20 ..\obj\stm32f4xx_hash.o
 .text.HASH_Init
                0x00000000       0xa8 ..\obj\stm32f4xx_hash.o
 .text.HASH_StructInit
                0x00000000       0x34 ..\obj\stm32f4xx_hash.o
 .text.HASH_Reset
                0x00000000       0x24 ..\obj\stm32f4xx_hash.o
[...]
Memory Configuration

Name             Origin             Length             Attributes
rom              0x08000000         0x00100000         xr
ram              0x20000000         0x00020000         xrw
ram1             0x10000000         0x00010000         xrw
*default*        0x00000000         0xffffffff

Linker script and memory map

                0x20020000                _eram = 0x20020000

.text           0x08000000     0x154e
 *(.isr_vector .isr_vector.*)
 .isr_vector    0x08000000      0x188 ..\obj\startup_stm32f4xx.o
                0x08000000                g_pfnVectors
 *(.text .text.* .gnu.linkonce.t.*)
 .text.Default_Reset_Handler
                0x08000188       0x68 ..\obj\startup_stm32f4xx.o
                0x08000188                Default_Reset_Handler
                0x08000188                Reset_Handler
 .text.Default_Handler
                0x080001f0        0x8 ..\obj\startup_stm32f4xx.o
                0x080001f0                RTC_Alarm_IRQHandler
                0x080001f0                HASH_RNG_IRQHandler
                0x080001f0                EXTI2_IRQHandler
                0x080001f0                TIM8_CC_IRQHandler
                0x080001f0                DebugMon_Handler
                0x080001f0                TIM1_CC_IRQHandler
                0x080001f0                DMA2_Stream5_IRQHandler
                0x080001f0                HardFault_Handler
                0x080001f0                DMA1_Stream5_IRQHandler
                0x080001f0                PVD_IRQHandler
                0x080001f0                SDIO_IRQHandler
                0x080001f0                TAMP_STAMP_IRQHandler
                0x080001f0                NMI_Handler
                0x080001f0                CAN2_RX1_IRQHandler
                0x080001f0                EXTI3_IRQHandler
                0x080001f0                TIM8_TRG_COM_TIM14_IRQHandler
                0x080001f0                TIM1_UP_TIM10_IRQHandler
                0x080001f0                TIM8_UP_TIM13_IRQHandler
                0x080001f0                I2C3_ER_IRQHandler
                0x080001f0                EXTI0_IRQHandler
                0x080001f0                I2C2_EV_IRQHandler
                0x080001f0                DMA1_Stream2_IRQHandler
                0x080001f0                CAN1_RX0_IRQHandler
                0x080001f0                FPU_IRQHandler
                0x080001f0                OTG_HS_WKUP_IRQHandler
                0x080001f0                UsageFault_Handler
                0x080001f0                CAN2_SCE_IRQHandler
                0x080001f0                DMA2_Stream2_IRQHandler
                0x080001f0                SPI1_IRQHandler
                0x080001f0                TIM6_DAC_IRQHandler
                0x080001f0                TIM1_BRK_TIM9_IRQHandler
                0x080001f0                DCMI_IRQHandler
                0x080001f0                CAN2_RX0_IRQHandler
                0x080001f0                DMA2_Stream3_IRQHandler
                0x080001f0                USART6_IRQHandler
                0x080001f0                USART3_IRQHandler
                0x080001f0                CRYP_IRQHandler
                0x080001f0                CAN1_RX1_IRQHandler
                0x080001f0                UART5_IRQHandler
                0x080001f0                DMA2_Stream0_IRQHandler
                0x080001f0                TIM4_IRQHandler
                0x080001f0                I2C1_EV_IRQHandler
                0x080001f0                DMA1_Stream6_IRQHandler
                0x080001f0                DMA1_Stream1_IRQHandler
                0x080001f0                UART4_IRQHandler
                0x080001f0                TIM3_IRQHandler
                0x080001f0                RCC_IRQHandler
                0x080001f0                TIM8_BRK_TIM12_IRQHandler
                0x080001f0                EXTI15_10_IRQHandler
                0x080001f0                ADC_IRQHandler
                0x080001f0                DMA1_Stream7_IRQHandler
                0x080001f0                TIM7_IRQHandler
                0x080001f0                CAN2_TX_IRQHandler
                0x080001f0                TIM5_IRQHandler
                0x080001f0                DMA2_Stream7_IRQHandler
                0x080001f0                I2C3_EV_IRQHandler
                0x080001f0                EXTI9_5_IRQHandler
                0x080001f0                RTC_WKUP_IRQHandler
                0x080001f0                ETH_WKUP_IRQHandler
                0x080001f0                SPI2_IRQHandler
                0x080001f0                OTG_HS_EP1_IN_IRQHandler
                0x080001f0                MemManage_Handler
                0x080001f0                DMA1_Stream0_IRQHandler
                0x080001f0                CAN1_TX_IRQHandler
                0x080001f0                EXTI4_IRQHandler
                0x080001f0                FSMC_IRQHandler
                0x080001f0                ETH_IRQHandler
                0x080001f0                OTG_HS_EP1_OUT_IRQHandler
                0x080001f0                WWDG_IRQHandler
                0x080001f0                TIM2_IRQHandler
                0x080001f0                OTG_FS_WKUP_IRQHandler
                0x080001f0                TIM1_TRG_COM_TIM11_IRQHandler
                0x080001f0                OTG_HS_IRQHandler
                0x080001f0                EXTI1_IRQHandler
                0x080001f0                USART2_IRQHandler
                0x080001f0                I2C2_ER_IRQHandler
                0x080001f0                DMA2_Stream1_IRQHandler
                0x080001f0                CAN1_SCE_IRQHandler
                0x080001f0                FLASH_IRQHandler
                0x080001f0                DMA2_Stream4_IRQHandler
                0x080001f0                BusFault_Handler
                0x080001f0                USART1_IRQHandler
                0x080001f0                OTG_FS_IRQHandler
                0x080001f0                SPI3_IRQHandler
                0x080001f0                DMA1_Stream4_IRQHandler
                0x080001f0                I2C1_ER_IRQHandler
                0x080001f0                DMA2_Stream6_IRQHandler
                0x080001f0                DMA1_Stream3_IRQHandler
 .text.STM32F4_Discovery_LEDInit
                0x080001f8       0x6c ..\obj\stm32f4_discovery.o
                0x080001f8                STM32F4_Discovery_LEDInit
 .text.STM32F4_Discovery_LEDOn
                0x08000264       0x34 ..\obj\stm32f4_discovery.o
                0x08000264                STM32F4_Discovery_LEDOn
 .text.STM32F4_Discovery_LEDOff
                0x08000298       0x34 ..\obj\stm32f4_discovery.o
                0x08000298                STM32F4_Discovery_LEDOff
 .text.main     0x080002cc       0x88 ..\obj\main.o
                0x080002cc                main
 .text.vTaskLED5
                0x08000354       0x2c ..\obj\main.o
                0x08000354                vTaskLED5
 .text.vTaskLED6
                0x08000380       0x2c ..\obj\main.o
                0x08000380                vTaskLED6
 .text.RCC_AHB1PeriphClockCmd
                0x080003ac       0x58 ..\obj\stm32f4xx_rcc.o
                0x080003ac                RCC_AHB1PeriphClockCmd
 .text.xTaskGenericCreate
                0x08000404      0x1ac ..\obj\tasks.o
                0x08000404                xTaskGenericCreate
 .text.vTaskDelay
                0x080005b0       0x5c ..\obj\tasks.o
                0x080005b0                vTaskDelay
 .text.vTaskStartScheduler
                0x0800060c       0x74 ..\obj\tasks.o
                0x0800060c                vTaskStartScheduler
 .text.vTaskSuspendAll
                0x08000680       0x24 ..\obj\tasks.o
                0x08000680                vTaskSuspendAll
 .text.xTaskResumeAll
                0x080006a4      0x154 ..\obj\tasks.o
                0x080006a4                xTaskResumeAll
 .text.vTaskIncrementTick
                0x080007f8      0x1b8 ..\obj\tasks.o
                0x080007f8                vTaskIncrementTick
 .text.vTaskSwitchContext
                0x080009b0       0xd0 ..\obj\tasks.o
                0x080009b0                vTaskSwitchContext
 .text.prvIdleTask
                0x08000a80       0x24 ..\obj\tasks.o
 .text.prvInitialiseTCBVariables
                0x08000aa4       0x74 ..\obj\tasks.o
 .text.prvInitialiseTaskLists
                0x08000b18       0x8c ..\obj\tasks.o
 .text.prvCheckTasksWaitingTermination
                0x08000ba4        0xc ..\obj\tasks.o
 .text.prvAddCurrentTaskToDelayedList
                0x08000bb0       0x8c ..\obj\tasks.o
 .text.prvAllocateTCBAndStack
                0x08000c3c       0x74 ..\obj\tasks.o
 .text.GPIO_Init
                0x08000cb0      0x154 ..\obj\stm32f4xx_gpio.o
                0x08000cb0                GPIO_Init
 .text.vListInitialise
                0x08000e04       0x40 ..\obj\list.o
                0x08000e04                vListInitialise
 .text.vListInitialiseItem
                0x08000e44       0x1c ..\obj\list.o
                0x08000e44                vListInitialiseItem
 .text.vListInsertEnd
                0x08000e60       0x54 ..\obj\list.o
                0x08000e60                vListInsertEnd
 .text.vListInsert
                0x08000eb4       0x78 ..\obj\list.o
                0x08000eb4                vListInsert
 .text.vListRemove
                0x08000f2c       0x54 ..\obj\list.o
                0x08000f2c                vListRemove
 .text.pxPortInitialiseStack
                0x08000f80       0x70 ..\obj\port.o
                0x08000f80                pxPortInitialiseStack
 .text.SVC_Handler
                0x08000ff0       0x1c ..\obj\port.o
                0x08000ff0                SVC_Handler
 .text.vPortStartFirstTask
                0x0800100c       0x14 ..\obj\port.o
 .text.xPortStartScheduler
                0x08001020       0x70 ..\obj\port.o
                0x08001020                xPortStartScheduler
 .text.vPortYieldFromISR
                0x08001090       0x18 ..\obj\port.o
                0x08001090                vPortYieldFromISR
 .text.vPortEnterCritical
                0x080010a8       0x2c ..\obj\port.o
                0x080010a8                vPortEnterCritical
 .text.vPortExitCritical
                0x080010d4       0x38 ..\obj\port.o
                0x080010d4                vPortExitCritical
 .text.PendSV_Handler
                0x0800110c       0x50 ..\obj\port.o
                0x0800110c                PendSV_Handler
 .text.SysTick_Handler
                0x0800115c       0x38 ..\obj\port.o
                0x0800115c                SysTick_Handler
 .text.prvSetupTimerInterrupt
                0x08001194       0x2c ..\obj\port.o
 .text.vPortEnableVFP
                0x080011c0       0x14 ..\obj\port.o
 .text.pvPortMalloc
                0x080011d4      0x1b0 ..\obj\heap_2.o
                0x080011d4                pvPortMalloc
 .text.vPortFree
                0x08001384       0x88 ..\obj\heap_2.o
                0x08001384                vPortFree
 .text          0x0800140c       0x90 c:/program files (x86)/arm-none-eabi-gcc-4_6/bin/../lib/gcc/arm-none-eabi/4.6.2/../../../../arm-none-eabi/lib/armv7e-m\libg.a(lib_a-memset.o)
                0x0800140c                memset
 .text          0x0800149c       0x68 c:/program files (x86)/arm-none-eabi-gcc-4_6/bin/../lib/gcc/arm-none-eabi/4.6.2/../../../../arm-none-eabi/lib/armv7e-m\libg.a(lib_a-strncpy.o)
                0x0800149c                strncpy
 *(.glue_7t)
 .glue_7t       0x00000000        0x0 linker stubs
 *(.glue_7)
 .glue_7        0x00000000        0x0 linker stubs
 *(.rodata .rodata* .gnu.linkonce.r.*)
 .rodata        0x08001504       0x30 ..\obj\stm32f4_discovery.o
                0x08001504                GPIO_PIN
                0x0800150c                GPIO_CLK
                0x0800151c                BUTTON_PIN
                0x08001520                BUTTON_CLK
                0x08001524                BUTTON_EXTI_LINE
                0x08001528                BUTTON_PORT_SOURCE
                0x0800152c                BUTTON_PIN_SOURCE
                0x08001530                BUTTON_IRQn
 .rodata        0x08001534       0x10 ..\obj\main.o
 .rodata        0x08001544        0x8 ..\obj\tasks.o
 .rodata        0x0800154c        0x2 ..\obj\heap_2.o

.vfp11_veneer   0x08001550        0x0
 .vfp11_veneer  0x00000000        0x0 linker stubs

.v4_bx          0x08001550        0x0
 .v4_bx         0x00000000        0x0 linker stubs

.ARM.extab
 *(.ARM.extab* .gnu.linkonce.armextab.*)
                0x08001550                __exidx_start = .

.ARM.exidx
 *(.ARM.exidx* .gnu.linkonce.armexidx.*)
                0x08001550                __exidx_end = .
                0x08001550                . = ALIGN (0x4)
                0x08001550                _etext = .
                0x08001550                _sidata = .

.data           0x20000000       0x20 load address 0x08001550
                0x20000000                _sdata = .
 *(.data .data.*)
 .data          0x20000000       0x14 ..\obj\stm32f4_discovery.o
                0x20000000                GPIO_PORT
                0x20000010                BUTTON_PORT
 .data          0x20000014        0x4 ..\obj\tasks.o
 .data          0x20000018        0x4 ..\obj\port.o
 .data          0x2000001c        0x4 ..\obj\heap_2.o
                0x20000020                . = ALIGN (0x4)
                0x20000020                _edata = .

.bss            0x20000020     0x48f0 load address 0x08001570
                0x20000020                _sbss = .
 *(.bss .bss.*)
 .bss           0x20000020       0xd4 ..\obj\tasks.o
                0x20000020                pxCurrentTCB
 *fill*         0x200000f4        0x4 00
 .bss           0x200000f8     0x4818 ..\obj\heap_2.o
 *(COMMON)
                0x20004910                . = ALIGN (0x4)
                0x20004910                _ebss = .

.co_stack       0x20004910      0x800 load address 0x08005e60
                0x20004910                . = ALIGN (0x8)
 *(.co_stack .co_stack.*)
 .co_stack      0x20004910      0x800 ..\obj\startup_stm32f4xx.o
                0x20004910                pulStack
                0x20005110                . = ALIGN (0x4)
                0x20005110                _end = .
LOAD ..\obj\stm32f4xx_syscfg.o
LOAD ..\obj\stm32f4xx_sdio.o
LOAD ..\obj\stm32f4xx_hash.o
LOAD ..\obj\stm32f4xx_cryp_aes.o
LOAD ..\obj\stm32f4xx_hash_sha1.o
LOAD ..\obj\stm32f4xx_usart.o
LOAD ..\obj\stm32f4xx_pwr.o
LOAD ..\obj\stm32f4xx_can.o
LOAD ..\obj\stm32f4xx_wwdg.o
LOAD ..\obj\stm32f4xx_hash_md5.o
LOAD ..\obj\stm32f4xx_dac.o
LOAD ..\obj\startup_stm32f4xx.o
LOAD ..\obj\stm32f4_discovery.o
LOAD ..\obj\stm32f4xx_crc.o
LOAD ..\obj\stm32f4xx_iwdg.o
LOAD ..\obj\main.o
LOAD ..\obj\stm32f4xx_rcc.o
LOAD ..\obj\timers.o
LOAD ..\obj\stm32f4xx_adc.o
LOAD ..\obj\stm32f4xx_dcmi.o
LOAD ..\obj\tasks.o
LOAD ..\obj\stm32f4xx_cryp_des.o
LOAD ..\obj\stm32f4xx_cryp.o
LOAD ..\obj\stm32f4xx_fsmc.o
LOAD ..\obj\stm32f4xx_gpio.o
LOAD ..\obj\stm32f4xx_flash.o
LOAD ..\obj\list.o
LOAD ..\obj\system_stm32f4xx.o
LOAD ..\obj\syscalls.o
LOAD ..\obj\stm32f4xx_dma.o
LOAD ..\obj\port.o
LOAD ..\obj\queue.o
LOAD ..\obj\croutine.o
LOAD ..\obj\stm32f4xx_spi.o
LOAD ..\obj\stm32f4xx_i2c.o
LOAD ..\obj\stm32f4xx_rng.o
LOAD ..\obj\stm32f4xx_exti.o
LOAD ..\obj\misc.o
LOAD ..\obj\stm32f4xx_rtc.o
LOAD ..\obj\heap_2.o
LOAD ..\obj\stm32f4xx_cryp_tdes.o
LOAD ..\obj\stm32f4xx_tim.o
LOAD ..\obj\stm32f4xx_dbgmcu.o
START GROUP
LOAD c:/program files (x86)/arm-none-eabi-gcc-4_6/bin/../lib/gcc/arm-none-eabi/4.6.2/armv7e-m\libgcc.a
LOAD c:/program files (x86)/arm-none-eabi-gcc-4_6/bin/../lib/gcc/arm-none-eabi/4.6.2/../../../../arm-none-eabi/lib/armv7e-m\libg.a
LOAD c:/program files (x86)/arm-none-eabi-gcc-4_6/bin/../lib/gcc/arm-none-eabi/4.6.2/../../../../arm-none-eabi/lib/armv7e-m\libc.a
END GROUP
OUTPUT(freertos.elf elf32-littlearm)

.debug_info     0x00000000    0x1307c
 .debug_info    0x00000000      0x27a ..\obj\stm32f4xx_syscfg.o
 .debug_info    0x0000027a      0x8a4 ..\obj\stm32f4xx_sdio.o
 .debug_info    0x00000b1e      0x586 ..\obj\stm32f4xx_hash.o
 .debug_info    0x000010a4     0x1164 ..\obj\stm32f4xx_cryp_aes.o
 .debug_info    0x00002208      0x54a ..\obj\stm32f4xx_hash_sha1.o
 .debug_info    0x00002752      0xa4f ..\obj\stm32f4xx_usart.o
 .debug_info    0x000031a1      0x53e ..\obj\stm32f4xx_pwr.o
 .debug_info    0x000036df      0xc62 ..\obj\stm32f4xx_can.o
 .debug_info    0x00004341      0x256 ..\obj\stm32f4xx_wwdg.o
 .debug_info    0x00004597      0x4e9 ..\obj\stm32f4xx_hash_md5.o
 .debug_info    0x00004a80      0x683 ..\obj\stm32f4xx_dac.o
 .debug_info    0x00005103      0x135 ..\obj\startup_stm32f4xx.o
 .debug_info    0x00005238      0x965 ..\obj\stm32f4_discovery.o
 .debug_info    0x00005b9d      0x20b ..\obj\stm32f4xx_crc.o
 .debug_info    0x00005da8      0x20b ..\obj\stm32f4xx_iwdg.o
 .debug_info    0x00005fb3      0x12f ..\obj\main.o
 .debug_info    0x000060e2      0xd24 ..\obj\stm32f4xx_rcc.o
 .debug_info    0x00006e06       0x4c ..\obj\timers.o
 .debug_info    0x00006e52      0xcf5 ..\obj\stm32f4xx_adc.o
 .debug_info    0x00007b47      0x59d ..\obj\stm32f4xx_dcmi.o
 .debug_info    0x000080e4      0x9b2 ..\obj\tasks.o
 .debug_info    0x00008a96      0x560 ..\obj\stm32f4xx_cryp_des.o
 .debug_info    0x00008ff6      0x79e ..\obj\stm32f4xx_cryp.o
 .debug_info    0x00009794      0x9a5 ..\obj\stm32f4xx_fsmc.o
 .debug_info    0x0000a139      0x639 ..\obj\stm32f4xx_gpio.o
 .debug_info    0x0000a772      0x775 ..\obj\stm32f4xx_flash.o
 .debug_info    0x0000aee7      0x2a6 ..\obj\list.o
 .debug_info    0x0000b18d      0x61d ..\obj\system_stm32f4xx.o
 .debug_info    0x0000b7aa      0x440 ..\obj\syscalls.o
 .debug_info    0x0000bbea      0x7a3 ..\obj\stm32f4xx_dma.o
 .debug_info    0x0000c38d      0x1ec ..\obj\port.o
 .debug_info    0x0000c579      0x78e ..\obj\queue.o
 .debug_info    0x0000cd07      0x4b1 ..\obj\croutine.o
 .debug_info    0x0000d1b8      0xbcc ..\obj\stm32f4xx_spi.o
 .debug_info    0x0000dd84      0xb91 ..\obj\stm32f4xx_i2c.o
 .debug_info    0x0000e915      0x291 ..\obj\stm32f4xx_rng.o
 .debug_info    0x0000eba6      0x372 ..\obj\stm32f4xx_exti.o
 .debug_info    0x0000ef18      0x594 ..\obj\misc.o
 .debug_info    0x0000f4ac     0x1223 ..\obj\stm32f4xx_rtc.o
 .debug_info    0x000106cf      0x2b7 ..\obj\heap_2.o
 .debug_info    0x00010986      0x6df ..\obj\stm32f4xx_cryp_tdes.o
 .debug_info    0x00011065     0x1e28 ..\obj\stm32f4xx_tim.o
 .debug_info    0x00012e8d      0x1ef ..\obj\stm32f4xx_dbgmcu.o

.debug_abbrev   0x00000000     0x37b9
 .debug_abbrev  0x00000000      0x12a ..\obj\stm32f4xx_syscfg.o
 .debug_abbrev  0x0000012a      0x16d ..\obj\stm32f4xx_sdio.o
 .debug_abbrev  0x00000297      0x1a1 ..\obj\stm32f4xx_hash.o
 .debug_abbrev  0x00000438      0x1d2 ..\obj\stm32f4xx_cryp_aes.o
 .debug_abbrev  0x0000060a      0x18f ..\obj\stm32f4xx_hash_sha1.o
 .debug_abbrev  0x00000799      0x14e ..\obj\stm32f4xx_usart.o
 .debug_abbrev  0x000008e7      0x175 ..\obj\stm32f4xx_pwr.o
 .debug_abbrev  0x00000a5c      0x1ac ..\obj\stm32f4xx_can.o
 .debug_abbrev  0x00000c08      0x11e ..\obj\stm32f4xx_wwdg.o
 .debug_abbrev  0x00000d26      0x18f ..\obj\stm32f4xx_hash_md5.o
 .debug_abbrev  0x00000eb5      0x172 ..\obj\stm32f4xx_dac.o
 .debug_abbrev  0x00001027       0xac ..\obj\startup_stm32f4xx.o
 .debug_abbrev  0x000010d3      0x176 ..\obj\stm32f4_discovery.o
 .debug_abbrev  0x00001249      0x10a ..\obj\stm32f4xx_crc.o
 .debug_abbrev  0x00001353       0xfa ..\obj\stm32f4xx_iwdg.o
 .debug_abbrev  0x0000144d       0xa9 ..\obj\main.o
 .debug_abbrev  0x000014f6      0x1b7 ..\obj\stm32f4xx_rcc.o
 .debug_abbrev  0x000016ad       0x28 ..\obj\timers.o
 .debug_abbrev  0x000016d5      0x189 ..\obj\stm32f4xx_adc.o
 .debug_abbrev  0x0000185e      0x17a ..\obj\stm32f4xx_dcmi.o
 .debug_abbrev  0x000019d8      0x195 ..\obj\tasks.o
 .debug_abbrev  0x00001b6d      0x15d ..\obj\stm32f4xx_cryp_des.o
 .debug_abbrev  0x00001cca      0x180 ..\obj\stm32f4xx_cryp.o
 .debug_abbrev  0x00001e4a      0x166 ..\obj\stm32f4xx_fsmc.o
 .debug_abbrev  0x00001fb0      0x182 ..\obj\stm32f4xx_gpio.o
 .debug_abbrev  0x00002132      0x168 ..\obj\stm32f4xx_flash.o
 .debug_abbrev  0x0000229a       0xb6 ..\obj\list.o
 .debug_abbrev  0x00002350      0x140 ..\obj\system_stm32f4xx.o
 .debug_abbrev  0x00002490       0xde ..\obj\syscalls.o
 .debug_abbrev  0x0000256e      0x14e ..\obj\stm32f4xx_dma.o
 .debug_abbrev  0x000026bc      0x15b ..\obj\port.o
 .debug_abbrev  0x00002817      0x109 ..\obj\queue.o
 .debug_abbrev  0x00002920      0x186 ..\obj\croutine.o
 .debug_abbrev  0x00002aa6      0x160 ..\obj\stm32f4xx_spi.o
 .debug_abbrev  0x00002c06      0x15d ..\obj\stm32f4xx_i2c.o
 .debug_abbrev  0x00002d63      0x137 ..\obj\stm32f4xx_rng.o
 .debug_abbrev  0x00002e9a      0x198 ..\obj\stm32f4xx_exti.o
 .debug_abbrev  0x00003032      0x126 ..\obj\misc.o
 .debug_abbrev  0x00003158      0x16b ..\obj\stm32f4xx_rtc.o
 .debug_abbrev  0x000032c3      0x15c ..\obj\heap_2.o
 .debug_abbrev  0x0000341f      0x15d ..\obj\stm32f4xx_cryp_tdes.o
 .debug_abbrev  0x0000357c      0x163 ..\obj\stm32f4xx_tim.o
 .debug_abbrev  0x000036df       0xda ..\obj\stm32f4xx_dbgmcu.o

.debug_loc      0x00000000     0x91ea
 .debug_loc     0x00000000      0x144 ..\obj\stm32f4xx_syscfg.o
 .debug_loc     0x00000144      0x648 ..\obj\stm32f4xx_sdio.o
 .debug_loc     0x0000078c      0x388 ..\obj\stm32f4xx_hash.o
 .debug_loc     0x00000b14       0xae ..\obj\stm32f4xx_cryp_aes.o
 .debug_loc     0x00000bc2       0x74 ..\obj\stm32f4xx_hash_sha1.o
 .debug_loc     0x00000c36      0x658 ..\obj\stm32f4xx_usart.o
 .debug_loc     0x0000128e      0x288 ..\obj\stm32f4xx_pwr.o
 .debug_loc     0x00001516      0x578 ..\obj\stm32f4xx_can.o
 .debug_loc     0x00001a8e      0x19c ..\obj\stm32f4xx_wwdg.o
 .debug_loc     0x00001c2a       0x74 ..\obj\stm32f4xx_hash_md5.o
 .debug_loc     0x00001c9e      0x3ac ..\obj\stm32f4xx_dac.o
 .debug_loc     0x0000204a       0x64 ..\obj\startup_stm32f4xx.o
 .debug_loc     0x000020ae      0x150 ..\obj\stm32f4_discovery.o
 .debug_loc     0x000021fe      0x12c ..\obj\stm32f4xx_crc.o
 .debug_loc     0x0000232a      0x138 ..\obj\stm32f4xx_iwdg.o
 .debug_loc     0x00002462       0xa8 ..\obj\main.o
 .debug_loc     0x0000250a      0x97c ..\obj\stm32f4xx_rcc.o
 .debug_loc     0x00002e86      0x838 ..\obj\stm32f4xx_adc.o
 .debug_loc     0x000036be      0x330 ..\obj\stm32f4xx_dcmi.o
 .debug_loc     0x000039ee      0x494 ..\obj\tasks.o
 .debug_loc     0x00003e82       0x74 ..\obj\stm32f4xx_cryp_des.o
 .debug_loc     0x00003ef6      0x394 ..\obj\stm32f4xx_cryp.o
 .debug_loc     0x0000428a      0x41c ..\obj\stm32f4xx_fsmc.o
 .debug_loc     0x000046a6      0x310 ..\obj\stm32f4xx_gpio.o
 .debug_loc     0x000049b6      0x624 ..\obj\stm32f4xx_flash.o
 .debug_loc     0x00004fda      0x118 ..\obj\list.o
 .debug_loc     0x000050f2       0x9c ..\obj\system_stm32f4xx.o
 .debug_loc     0x0000518e      0x1ec ..\obj\syscalls.o
 .debug_loc     0x0000537a      0x428 ..\obj\stm32f4xx_dma.o
 .debug_loc     0x000057a2      0x178 ..\obj\port.o
 .debug_loc     0x0000591a      0x380 ..\obj\queue.o
 .debug_loc     0x00005c9a      0x188 ..\obj\croutine.o
 .debug_loc     0x00005e22      0x578 ..\obj\stm32f4xx_spi.o
 .debug_loc     0x0000639a      0x738 ..\obj\stm32f4xx_i2c.o
 .debug_loc     0x00006ad2      0x1a8 ..\obj\stm32f4xx_rng.o
 .debug_loc     0x00006c7a      0x1b4 ..\obj\stm32f4xx_exti.o
 .debug_loc     0x00006e2e      0x118 ..\obj\misc.o
 .debug_loc     0x00006f46      0xc48 ..\obj\stm32f4xx_rtc.o
 .debug_loc     0x00007b8e       0xc8 ..\obj\heap_2.o
 .debug_loc     0x00007c56       0x74 ..\obj\stm32f4xx_cryp_tdes.o
 .debug_loc     0x00007cca     0x1420 ..\obj\stm32f4xx_tim.o
 .debug_loc     0x000090ea      0x100 ..\obj\stm32f4xx_dbgmcu.o

.debug_aranges  0x00000000     0x1958
 .debug_aranges
                0x00000000       0x48 ..\obj\stm32f4xx_syscfg.o
 .debug_aranges
                0x00000048      0x108 ..\obj\stm32f4xx_sdio.o
 .debug_aranges
                0x00000150       0xa0 ..\obj\stm32f4xx_hash.o
 .debug_aranges
                0x000001f0       0x30 ..\obj\stm32f4xx_cryp_aes.o
 .debug_aranges
                0x00000220       0x28 ..\obj\stm32f4xx_hash_sha1.o
 .debug_aranges
                0x00000248      0x100 ..\obj\stm32f4xx_usart.o
 .debug_aranges
                0x00000348       0x78 ..\obj\stm32f4xx_pwr.o
 .debug_aranges
                0x000003c0       0xe0 ..\obj\stm32f4xx_can.o
 .debug_aranges
                0x000004a0       0x58 ..\obj\stm32f4xx_wwdg.o
 .debug_aranges
                0x000004f8       0x28 ..\obj\stm32f4xx_hash_md5.o
 .debug_aranges
                0x00000520       0xa0 ..\obj\stm32f4xx_dac.o
 .debug_aranges
                0x000005c0       0x28 ..\obj\startup_stm32f4xx.o
 .debug_aranges
                0x000005e8       0x48 ..\obj\stm32f4_discovery.o
 .debug_aranges
                0x00000630       0x48 ..\obj\stm32f4xx_crc.o
 .debug_aranges
                0x00000678       0x48 ..\obj\stm32f4xx_iwdg.o
 .debug_aranges
                0x000006c0       0x30 ..\obj\main.o
 .debug_aranges
                0x000006f0      0x178 ..\obj\stm32f4xx_rcc.o
 .debug_aranges
                0x00000868      0x148 ..\obj\stm32f4xx_adc.o
 .debug_aranges
                0x000009b0       0x90 ..\obj\stm32f4xx_dcmi.o
 .debug_aranges
                0x00000a40       0xc8 ..\obj\tasks.o
 .debug_aranges
                0x00000b08       0x28 ..\obj\stm32f4xx_cryp_des.o
 .debug_aranges
                0x00000b30       0xa0 ..\obj\stm32f4xx_cryp.o
 .debug_aranges
                0x00000bd0       0xb0 ..\obj\stm32f4xx_fsmc.o
 .debug_aranges
                0x00000c80       0x88 ..\obj\stm32f4xx_gpio.o
 .debug_aranges
                0x00000d08      0x108 ..\obj\stm32f4xx_flash.o
 .debug_aranges
                0x00000e10       0x40 ..\obj\list.o
 .debug_aranges
                0x00000e50       0x30 ..\obj\system_stm32f4xx.o
 .debug_aranges
                0x00000e80       0x60 ..\obj\syscalls.o
 .debug_aranges
                0x00000ee0       0xb0 ..\obj\stm32f4xx_dma.o
 .debug_aranges
                0x00000f90       0x78 ..\obj\port.o
 .debug_aranges
                0x00001008       0x98 ..\obj\queue.o
 .debug_aranges
                0x000010a0       0x50 ..\obj\croutine.o
 .debug_aranges
                0x000010f0       0xe0 ..\obj\stm32f4xx_spi.o
 .debug_aranges
                0x000011d0      0x120 ..\obj\stm32f4xx_i2c.o
 .debug_aranges
                0x000012f0       0x58 ..\obj\stm32f4xx_rng.o
 .debug_aranges
                0x00001348       0x58 ..\obj\stm32f4xx_exti.o
 .debug_aranges
                0x000013a0       0x40 ..\obj\misc.o
 .debug_aranges
                0x000013e0      0x1e0 ..\obj\stm32f4xx_rtc.o
 .debug_aranges
                0x000015c0       0x38 ..\obj\heap_2.o
 .debug_aranges
                0x000015f8       0x28 ..\obj\stm32f4xx_cryp_tdes.o
 .debug_aranges
                0x00001620      0x2f8 ..\obj\stm32f4xx_tim.o
 .debug_aranges
                0x00001918       0x40 ..\obj\stm32f4xx_dbgmcu.o

.debug_ranges   0x00000000     0x16b8
 .debug_ranges  0x00000000       0x38 ..\obj\stm32f4xx_syscfg.o
 .debug_ranges  0x00000038       0xf8 ..\obj\stm32f4xx_sdio.o
 .debug_ranges  0x00000130       0x90 ..\obj\stm32f4xx_hash.o
 .debug_ranges  0x000001c0       0x20 ..\obj\stm32f4xx_cryp_aes.o
 .debug_ranges  0x000001e0       0x18 ..\obj\stm32f4xx_hash_sha1.o
 .debug_ranges  0x000001f8       0xf0 ..\obj\stm32f4xx_usart.o
 .debug_ranges  0x000002e8       0x68 ..\obj\stm32f4xx_pwr.o
 .debug_ranges  0x00000350       0xd0 ..\obj\stm32f4xx_can.o
 .debug_ranges  0x00000420       0x48 ..\obj\stm32f4xx_wwdg.o
 .debug_ranges  0x00000468       0x18 ..\obj\stm32f4xx_hash_md5.o
 .debug_ranges  0x00000480       0x90 ..\obj\stm32f4xx_dac.o
 .debug_ranges  0x00000510       0x18 ..\obj\startup_stm32f4xx.o
 .debug_ranges  0x00000528       0x38 ..\obj\stm32f4_discovery.o
 .debug_ranges  0x00000560       0x38 ..\obj\stm32f4xx_crc.o
 .debug_ranges  0x00000598       0x38 ..\obj\stm32f4xx_iwdg.o
 .debug_ranges  0x000005d0       0x20 ..\obj\main.o
 .debug_ranges  0x000005f0      0x168 ..\obj\stm32f4xx_rcc.o
 .debug_ranges  0x00000758      0x138 ..\obj\stm32f4xx_adc.o
 .debug_ranges  0x00000890       0x80 ..\obj\stm32f4xx_dcmi.o
 .debug_ranges  0x00000910       0xb8 ..\obj\tasks.o
 .debug_ranges  0x000009c8       0x18 ..\obj\stm32f4xx_cryp_des.o
 .debug_ranges  0x000009e0       0x90 ..\obj\stm32f4xx_cryp.o
 .debug_ranges  0x00000a70       0xa0 ..\obj\stm32f4xx_fsmc.o
 .debug_ranges  0x00000b10       0x78 ..\obj\stm32f4xx_gpio.o
 .debug_ranges  0x00000b88       0xf8 ..\obj\stm32f4xx_flash.o
 .debug_ranges  0x00000c80       0x30 ..\obj\list.o
 .debug_ranges  0x00000cb0       0x20 ..\obj\system_stm32f4xx.o
 .debug_ranges  0x00000cd0       0x50 ..\obj\syscalls.o
 .debug_ranges  0x00000d20       0xa0 ..\obj\stm32f4xx_dma.o
 .debug_ranges  0x00000dc0       0x68 ..\obj\port.o
 .debug_ranges  0x00000e28       0x88 ..\obj\queue.o
 .debug_ranges  0x00000eb0       0x40 ..\obj\croutine.o
 .debug_ranges  0x00000ef0       0xd0 ..\obj\stm32f4xx_spi.o
 .debug_ranges  0x00000fc0      0x110 ..\obj\stm32f4xx_i2c.o
 .debug_ranges  0x000010d0       0x48 ..\obj\stm32f4xx_rng.o
 .debug_ranges  0x00001118       0x48 ..\obj\stm32f4xx_exti.o
 .debug_ranges  0x00001160       0x30 ..\obj\misc.o
 .debug_ranges  0x00001190      0x1d0 ..\obj\stm32f4xx_rtc.o
 .debug_ranges  0x00001360       0x28 ..\obj\heap_2.o
 .debug_ranges  0x00001388       0x18 ..\obj\stm32f4xx_cryp_tdes.o
 .debug_ranges  0x000013a0      0x2e8 ..\obj\stm32f4xx_tim.o
 .debug_ranges  0x00001688       0x30 ..\obj\stm32f4xx_dbgmcu.o

.debug_line     0x00000000     0x8d8f
 .debug_line    0x00000000      0x1e9 ..\obj\stm32f4xx_syscfg.o
 .debug_line    0x000001e9      0x428 ..\obj\stm32f4xx_sdio.o
 .debug_line    0x00000611      0x354 ..\obj\stm32f4xx_hash.o
 .debug_line    0x00000965      0x69a ..\obj\stm32f4xx_cryp_aes.o
 .debug_line    0x00000fff      0x365 ..\obj\stm32f4xx_hash_sha1.o
 .debug_line    0x00001364      0x488 ..\obj\stm32f4xx_usart.o
 .debug_line    0x000017ec      0x286 ..\obj\stm32f4xx_pwr.o
 .debug_line    0x00001a72      0x542 ..\obj\stm32f4xx_can.o
 .debug_line    0x00001fb4      0x20b ..\obj\stm32f4xx_wwdg.o
 .debug_line    0x000021bf      0x34a ..\obj\stm32f4xx_hash_md5.o
 .debug_line    0x00002509      0x346 ..\obj\stm32f4xx_dac.o
 .debug_line    0x0000284f       0x9c ..\obj\startup_stm32f4xx.o
 .debug_line    0x000028eb      0x270 ..\obj\stm32f4_discovery.o
 .debug_line    0x00002b5b      0x1ed ..\obj\stm32f4xx_crc.o
 .debug_line    0x00002d48      0x1e0 ..\obj\stm32f4xx_iwdg.o
 .debug_line    0x00002f28      0x1e9 ..\obj\main.o
 .debug_line    0x00003111      0x580 ..\obj\stm32f4xx_rcc.o
 .debug_line    0x00003691       0x1d ..\obj\timers.o
 .debug_line    0x000036ae      0x538 ..\obj\stm32f4xx_adc.o
 .debug_line    0x00003be6      0x323 ..\obj\stm32f4xx_dcmi.o
 .debug_line    0x00003f09      0x449 ..\obj\tasks.o
 .debug_line    0x00004352      0x2e0 ..\obj\stm32f4xx_cryp_des.o
 .debug_line    0x00004632      0x378 ..\obj\stm32f4xx_cryp.o
 .debug_line    0x000049aa      0x43d ..\obj\stm32f4xx_fsmc.o
 .debug_line    0x00004de7      0x323 ..\obj\stm32f4xx_gpio.o
 .debug_line    0x0000510a      0x470 ..\obj\stm32f4xx_flash.o
 .debug_line    0x0000557a      0x147 ..\obj\list.o
 .debug_line    0x000056c1      0x1f6 ..\obj\system_stm32f4xx.o
 .debug_line    0x000058b7      0x190 ..\obj\syscalls.o
 .debug_line    0x00005a47      0x3c0 ..\obj\stm32f4xx_dma.o
 .debug_line    0x00005e07      0x18a ..\obj\port.o
 .debug_line    0x00005f91      0x35f ..\obj\queue.o
 .debug_line    0x000062f0      0x215 ..\obj\croutine.o
 .debug_line    0x00006505      0x438 ..\obj\stm32f4xx_spi.o
 .debug_line    0x0000693d      0x4c0 ..\obj\stm32f4xx_i2c.o
 .debug_line    0x00006dfd      0x20c ..\obj\stm32f4xx_rng.o
 .debug_line    0x00007009      0x289 ..\obj\stm32f4xx_exti.o
 .debug_line    0x00007292      0x229 ..\obj\misc.o
 .debug_line    0x000074bb      0x7f6 ..\obj\stm32f4xx_rtc.o
 .debug_line    0x00007cb1      0x158 ..\obj\heap_2.o
 .debug_line    0x00007e09      0x359 ..\obj\stm32f4xx_cryp_tdes.o
 .debug_line    0x00008162      0xa5d ..\obj\stm32f4xx_tim.o
 .debug_line    0x00008bbf      0x1d0 ..\obj\stm32f4xx_dbgmcu.o

.debug_str      0x00000000     0x7d8b
 .debug_str     0x00000000      0x256 ..\obj\stm32f4xx_syscfg.o
                                0x2ad (size before relaxing)
 .debug_str     0x00000256      0x4b5 ..\obj\stm32f4xx_sdio.o
                                0x5f9 (size before relaxing)
 .debug_str     0x0000070b      0x28c ..\obj\stm32f4xx_hash.o
                                0x3e0 (size before relaxing)
 .debug_str     0x00000997      0x269 ..\obj\stm32f4xx_cryp_aes.o
                                0x395 (size before relaxing)
 .debug_str     0x00000c00       0xcd ..\obj\stm32f4xx_hash_sha1.o
                                0x2a5 (size before relaxing)
 .debug_str     0x00000ccd      0x4cf ..\obj\stm32f4xx_usart.o
                                0x63d (size before relaxing)
 .debug_str     0x0000119c      0x1ef ..\obj\stm32f4xx_pwr.o
                                0x33f (size before relaxing)
 .debug_str     0x0000138b      0x53e ..\obj\stm32f4xx_can.o
                                0x6ec (size before relaxing)
 .debug_str     0x000018c9       0xf8 ..\obj\stm32f4xx_wwdg.o
                                0x230 (size before relaxing)
 .debug_str     0x000019c1       0x9d ..\obj\stm32f4xx_hash_md5.o
                                0x2a0 (size before relaxing)
 .debug_str     0x00001a5e      0x2af ..\obj\stm32f4xx_dac.o
                                0x401 (size before relaxing)
 .debug_str     0x00001d0d       0xab ..\obj\startup_stm32f4xx.o
                                0x113 (size before relaxing)
 .debug_str     0x00001db8      0x9d1 ..\obj\stm32f4_discovery.o
                                0xafb (size before relaxing)
 .debug_str     0x00002789       0xe4 ..\obj\stm32f4xx_crc.o
                                0x1f9 (size before relaxing)
 .debug_str     0x0000286d       0xfc ..\obj\stm32f4xx_iwdg.o
                                0x21a (size before relaxing)
 .debug_str     0x00002969       0x5c ..\obj\main.o
                                0x152 (size before relaxing)
 .debug_str     0x000029c5      0x5dd ..\obj\stm32f4xx_rcc.o
                                0x7fe (size before relaxing)
 .debug_str     0x00002fa2       0x35 ..\obj\timers.o
                                 0xc5 (size before relaxing)
 .debug_str     0x00002fd7      0x62a ..\obj\stm32f4xx_adc.o
                                0x7b2 (size before relaxing)
 .debug_str     0x00003601      0x32e ..\obj\stm32f4xx_dcmi.o
                                0x487 (size before relaxing)
 .debug_str     0x0000392f      0x5e5 ..\obj\tasks.o
                                0x6eb (size before relaxing)
 .debug_str     0x00003f14       0x7c ..\obj\stm32f4xx_cryp_des.o
                                0x380 (size before relaxing)
 .debug_str     0x00003f90      0x28b ..\obj\stm32f4xx_cryp.o
                                0x56b (size before relaxing)
 .debug_str     0x0000421b      0x5ef ..\obj\stm32f4xx_fsmc.o
                                0x742 (size before relaxing)
 .debug_str     0x0000480a      0x1ac ..\obj\stm32f4xx_gpio.o
                                0x451 (size before relaxing)
 .debug_str     0x000049b6      0x3dd ..\obj\stm32f4xx_flash.o
                                0x535 (size before relaxing)
 .debug_str     0x00004d93       0xc6 ..\obj\list.o
                                0x236 (size before relaxing)
 .debug_str     0x00004e59       0x97 ..\obj\system_stm32f4xx.o
                                0x33f (size before relaxing)
 .debug_str     0x00004ef0      0x15e ..\obj\syscalls.o
                                0x284 (size before relaxing)
 .debug_str     0x0000504e      0x398 ..\obj\stm32f4xx_dma.o
                                0x4fa (size before relaxing)
 .debug_str     0x000053e6      0x134 ..\obj\port.o
                                0x1f7 (size before relaxing)
 .debug_str     0x0000551a      0x2f2 ..\obj\queue.o
                                0x4de (size before relaxing)
 .debug_str     0x0000580c      0x26b ..\obj\croutine.o
                                0x405 (size before relaxing)
 .debug_str     0x00005a77      0x3c1 ..\obj\stm32f4xx_spi.o
                                0x638 (size before relaxing)
 .debug_str     0x00005e38      0x3d6 ..\obj\stm32f4xx_i2c.o
                                0x613 (size before relaxing)
 .debug_str     0x0000620e       0xf3 ..\obj\stm32f4xx_rng.o
                                0x232 (size before relaxing)
 .debug_str     0x00006301      0x114 ..\obj\stm32f4xx_exti.o
                                0x31c (size before relaxing)
 .debug_str     0x00006415      0x169 ..\obj\misc.o
                                0x387 (size before relaxing)
 .debug_str     0x0000657e      0x978 ..\obj\stm32f4xx_rtc.o
                                0xb01 (size before relaxing)
 .debug_str     0x00006ef6      0x163 ..\obj\heap_2.o
                                0x247 (size before relaxing)
 .debug_str     0x00007059       0xcc ..\obj\stm32f4xx_cryp_tdes.o
                                0x386 (size before relaxing)
 .debug_str     0x00007125      0xb76 ..\obj\stm32f4xx_tim.o
                                0xd7e (size before relaxing)
 .debug_str     0x00007c9b       0xf0 ..\obj\stm32f4xx_dbgmcu.o
                                0x203 (size before relaxing)

.comment        0x00000000       0x70
 .comment       0x00000000       0x70 ..\obj\stm32f4xx_syscfg.o
                                 0x71 (size before relaxing)
 .comment       0x00000000       0x71 ..\obj\stm32f4xx_sdio.o
 .comment       0x00000000       0x71 ..\obj\stm32f4xx_hash.o
 .comment       0x00000000       0x71 ..\obj\stm32f4xx_cryp_aes.o
 .comment       0x00000000       0x71 ..\obj\stm32f4xx_hash_sha1.o
 .comment       0x00000000       0x71 ..\obj\stm32f4xx_usart.o
 .comment       0x00000000       0x71 ..\obj\stm32f4xx_pwr.o
 .comment       0x00000000       0x71 ..\obj\stm32f4xx_can.o
 .comment       0x00000000       0x71 ..\obj\stm32f4xx_wwdg.o
 .comment       0x00000000       0x71 ..\obj\stm32f4xx_hash_md5.o
 .comment       0x00000000       0x71 ..\obj\stm32f4xx_dac.o
 .comment       0x00000000       0x71 ..\obj\startup_stm32f4xx.o
 .comment       0x00000000       0x71 ..\obj\stm32f4_discovery.o
 .comment       0x00000000       0x71 ..\obj\stm32f4xx_crc.o
 .comment       0x00000000       0x71 ..\obj\stm32f4xx_iwdg.o
 .comment       0x00000000       0x71 ..\obj\main.o
 .comment       0x00000000       0x71 ..\obj\stm32f4xx_rcc.o
 .comment       0x00000000       0x71 ..\obj\timers.o
 .comment       0x00000000       0x71 ..\obj\stm32f4xx_adc.o
 .comment       0x00000000       0x71 ..\obj\stm32f4xx_dcmi.o
 .comment       0x00000000       0x71 ..\obj\tasks.o
 .comment       0x00000000       0x71 ..\obj\stm32f4xx_cryp_des.o
 .comment       0x00000000       0x71 ..\obj\stm32f4xx_cryp.o
 .comment       0x00000000       0x71 ..\obj\stm32f4xx_fsmc.o
 .comment       0x00000000       0x71 ..\obj\stm32f4xx_gpio.o
 .comment       0x00000000       0x71 ..\obj\stm32f4xx_flash.o
 .comment       0x00000000       0x71 ..\obj\list.o
 .comment       0x00000000       0x71 ..\obj\system_stm32f4xx.o
 .comment       0x00000000       0x71 ..\obj\syscalls.o
 .comment       0x00000000       0x71 ..\obj\stm32f4xx_dma.o
 .comment       0x00000000       0x71 ..\obj\port.o
 .comment       0x00000000       0x71 ..\obj\queue.o
 .comment       0x00000000       0x71 ..\obj\croutine.o
 .comment       0x00000000       0x71 ..\obj\stm32f4xx_spi.o
 .comment       0x00000000       0x71 ..\obj\stm32f4xx_i2c.o
 .comment       0x00000000       0x71 ..\obj\stm32f4xx_rng.o
 .comment       0x00000000       0x71 ..\obj\stm32f4xx_exti.o
 .comment       0x00000000       0x71 ..\obj\misc.o
 .comment       0x00000000       0x71 ..\obj\stm32f4xx_rtc.o
 .comment       0x00000000       0x71 ..\obj\heap_2.o
 .comment       0x00000000       0x71 ..\obj\stm32f4xx_cryp_tdes.o
 .comment       0x00000000       0x71 ..\obj\stm32f4xx_tim.o
 .comment       0x00000000       0x71 ..\obj\stm32f4xx_dbgmcu.o

.ARM.attributes
                0x00000000       0x39
 .ARM.attributes
                0x00000000       0x39 ..\obj\stm32f4xx_syscfg.o
 .ARM.attributes
                0x00000039       0x39 ..\obj\stm32f4xx_sdio.o
 .ARM.attributes
                0x00000072       0x39 ..\obj\stm32f4xx_hash.o
 .ARM.attributes
                0x000000ab       0x39 ..\obj\stm32f4xx_cryp_aes.o
 .ARM.attributes
                0x000000e4       0x39 ..\obj\stm32f4xx_hash_sha1.o
 .ARM.attributes
                0x0000011d       0x39 ..\obj\stm32f4xx_usart.o
 .ARM.attributes
                0x00000156       0x39 ..\obj\stm32f4xx_pwr.o
 .ARM.attributes
                0x0000018f       0x39 ..\obj\stm32f4xx_can.o
 .ARM.attributes
                0x000001c8       0x39 ..\obj\stm32f4xx_wwdg.o
 .ARM.attributes
                0x00000201       0x39 ..\obj\stm32f4xx_hash_md5.o
 .ARM.attributes
                0x0000023a       0x39 ..\obj\stm32f4xx_dac.o
 .ARM.attributes
                0x00000273       0x39 ..\obj\startup_stm32f4xx.o
 .ARM.attributes
                0x000002ac       0x39 ..\obj\stm32f4_discovery.o
 .ARM.attributes
                0x000002e5       0x39 ..\obj\stm32f4xx_crc.o
 .ARM.attributes
                0x0000031e       0x39 ..\obj\stm32f4xx_iwdg.o
 .ARM.attributes
                0x00000357       0x39 ..\obj\main.o
 .ARM.attributes
                0x00000390       0x39 ..\obj\stm32f4xx_rcc.o
 .ARM.attributes
                0x000003c9       0x39 ..\obj\timers.o
 .ARM.attributes
                0x00000402       0x39 ..\obj\stm32f4xx_adc.o
 .ARM.attributes
                0x0000043b       0x39 ..\obj\stm32f4xx_dcmi.o
 .ARM.attributes
                0x00000474       0x39 ..\obj\tasks.o
 .ARM.attributes
                0x000004ad       0x39 ..\obj\stm32f4xx_cryp_des.o
 .ARM.attributes
                0x000004e6       0x39 ..\obj\stm32f4xx_cryp.o
 .ARM.attributes
                0x0000051f       0x39 ..\obj\stm32f4xx_fsmc.o
 .ARM.attributes
                0x00000558       0x39 ..\obj\stm32f4xx_gpio.o
 .ARM.attributes
                0x00000591       0x39 ..\obj\stm32f4xx_flash.o
 .ARM.attributes
                0x000005ca       0x39 ..\obj\list.o
 .ARM.attributes
                0x00000603       0x39 ..\obj\system_stm32f4xx.o
 .ARM.attributes
                0x0000063c       0x39 ..\obj\syscalls.o
 .ARM.attributes
                0x00000675       0x39 ..\obj\stm32f4xx_dma.o
 .ARM.attributes
                0x000006ae       0x39 ..\obj\port.o
 .ARM.attributes
                0x000006e7       0x39 ..\obj\queue.o
 .ARM.attributes
                0x00000720       0x39 ..\obj\croutine.o
 .ARM.attributes
                0x00000759       0x39 ..\obj\stm32f4xx_spi.o
 .ARM.attributes
                0x00000792       0x39 ..\obj\stm32f4xx_i2c.o
 .ARM.attributes
                0x000007cb       0x39 ..\obj\stm32f4xx_rng.o
 .ARM.attributes
                0x00000804       0x39 ..\obj\stm32f4xx_exti.o
 .ARM.attributes
                0x0000083d       0x39 ..\obj\misc.o
 .ARM.attributes
                0x00000876       0x39 ..\obj\stm32f4xx_rtc.o
 .ARM.attributes
                0x000008af       0x39 ..\obj\heap_2.o
 .ARM.attributes
                0x000008e8       0x39 ..\obj\stm32f4xx_cryp_tdes.o
 .ARM.attributes
                0x00000921       0x39 ..\obj\stm32f4xx_tim.o
 .ARM.attributes
                0x0000095a       0x39 ..\obj\stm32f4xx_dbgmcu.o
 .ARM.attributes
                0x00000993       0x2e c:/program files (x86)/arm-none-eabi-gcc-4_6/bin/../lib/gcc/arm-none-eabi/4.6.2/../../../../arm-none-eabi/lib/armv7e-m\libg.a(lib_a-memcpy.o)
 .ARM.attributes
                0x000009c1       0x2e c:/program files (x86)/arm-none-eabi-gcc-4_6/bin/../lib/gcc/arm-none-eabi/4.6.2/../../../../arm-none-eabi/lib/armv7e-m\libg.a(lib_a-memset.o)
 .ARM.attributes
                0x000009ef       0x2e c:/program files (x86)/arm-none-eabi-gcc-4_6/bin/../lib/gcc/arm-none-eabi/4.6.2/../../../../arm-none-eabi/lib/armv7e-m\libg.a(lib_a-strncpy.o)

.debug_frame    0x00000000     0x4e84
 .debug_frame   0x00000000       0xbc ..\obj\stm32f4xx_syscfg.o
 .debug_frame   0x000000bc      0x344 ..\obj\stm32f4xx_sdio.o
 .debug_frame   0x00000400      0x1e0 ..\obj\stm32f4xx_hash.o
 .debug_frame   0x000005e0       0x70 ..\obj\stm32f4xx_cryp_aes.o
 .debug_frame   0x00000650       0x50 ..\obj\stm32f4xx_hash_sha1.o
 .debug_frame   0x000006a0      0x344 ..\obj\stm32f4xx_usart.o
 .debug_frame   0x000009e4      0x15c ..\obj\stm32f4xx_pwr.o
 .debug_frame   0x00000b40      0x2d4 ..\obj\stm32f4xx_can.o
 .debug_frame   0x00000e14       0xe8 ..\obj\stm32f4xx_wwdg.o
 .debug_frame   0x00000efc       0x50 ..\obj\stm32f4xx_hash_md5.o
 .debug_frame   0x00000f4c      0x1ec ..\obj\stm32f4xx_dac.o
 .debug_frame   0x00001138       0x48 ..\obj\startup_stm32f4xx.o
 .debug_frame   0x00001180       0xc4 ..\obj\stm32f4_discovery.o
 .debug_frame   0x00001244       0xac ..\obj\stm32f4xx_crc.o
 .debug_frame   0x000012f0       0xb0 ..\obj\stm32f4xx_iwdg.o
 .debug_frame   0x000013a0       0x70 ..\obj\main.o
 .debug_frame   0x00001410      0x4d8 ..\obj\stm32f4xx_rcc.o
 .debug_frame   0x000018e8      0x434 ..\obj\stm32f4xx_adc.o
 .debug_frame   0x00001d1c      0x1ac ..\obj\stm32f4xx_dcmi.o
 .debug_frame   0x00001ec8      0x2a0 ..\obj\tasks.o
 .debug_frame   0x00002168       0x50 ..\obj\stm32f4xx_cryp_des.o
 .debug_frame   0x000021b8      0x1e4 ..\obj\stm32f4xx_cryp.o
 .debug_frame   0x0000239c      0x220 ..\obj\stm32f4xx_fsmc.o
 .debug_frame   0x000025bc      0x19c ..\obj\stm32f4xx_gpio.o
 .debug_frame   0x00002758      0x360 ..\obj\stm32f4xx_flash.o
 .debug_frame   0x00002ab8       0x9c ..\obj\list.o
 .debug_frame   0x00002b54       0x64 ..\obj\system_stm32f4xx.o
 .debug_frame   0x00002bb8      0x108 ..\obj\syscalls.o
 .debug_frame   0x00002cc0      0x224 ..\obj\stm32f4xx_dma.o
 .debug_frame   0x00002ee4      0x120 ..\obj\port.o
 .debug_frame   0x00003004      0x204 ..\obj\queue.o
 .debug_frame   0x00003208       0xf0 ..\obj\croutine.o
 .debug_frame   0x000032f8      0x2d0 ..\obj\stm32f4xx_spi.o
 .debug_frame   0x000035c8      0x3b4 ..\obj\stm32f4xx_i2c.o
 .debug_frame   0x0000397c       0xec ..\obj\stm32f4xx_rng.o
 .debug_frame   0x00003a68       0xec ..\obj\stm32f4xx_exti.o
 .debug_frame   0x00003b54       0x9c ..\obj\misc.o
 .debug_frame   0x00003bf0      0x670 ..\obj\stm32f4xx_rtc.o
 .debug_frame   0x00004260       0x80 ..\obj\heap_2.o
 .debug_frame   0x000042e0       0x50 ..\obj\stm32f4xx_cryp_tdes.o
 .debug_frame   0x00004330      0xa3c ..\obj\stm32f4xx_tim.o
 .debug_frame   0x00004d6c       0x94 ..\obj\stm32f4xx_dbgmcu.o
 .debug_frame   0x00004e00       0x2c c:/program files (x86)/arm-none-eabi-gcc-4_6/bin/../lib/gcc/arm-none-eabi/4.6.2/../../../../arm-none-eabi/lib/armv7e-m\libg.a(lib_a-memcpy.o)
 .debug_frame   0x00004e2c       0x2c c:/program files (x86)/arm-none-eabi-gcc-4_6/bin/../lib/gcc/arm-none-eabi/4.6.2/../../../../arm-none-eabi/lib/armv7e-m\libg.a(lib_a-memset.o)
 .debug_frame   0x00004e58       0x2c c:/program files (x86)/arm-none-eabi-gcc-4_6/bin/../lib/gcc/arm-none-eabi/4.6.2/../../../../arm-none-eabi/lib/armv7e-m\libg.a(lib_a-strncpy.o)
