Archive member included because of file (symbol)

c:/coocox/toolchain48/bin/../lib/gcc/arm-none-eabi/4.8.3/../../../../arm-none-eabi/lib/armv7e-m\libg.a(lib_a-memcpy.o)
                              ..\obj\queue.o (memcpy)
c:/coocox/toolchain48/bin/../lib/gcc/arm-none-eabi/4.8.3/../../../../arm-none-eabi/lib/armv7e-m\libg.a(lib_a-memset.o)
                              ..\obj\tasks.o (memset)
c:/coocox/toolchain48/bin/../lib/gcc/arm-none-eabi/4.8.3/../../../../arm-none-eabi/lib/armv7e-m\libg.a(lib_a-strcpy.o)
                              ..\obj\ff_support.o (strcpy)
c:/coocox/toolchain48/bin/../lib/gcc/arm-none-eabi/4.8.3/../../../../arm-none-eabi/lib/armv7e-m\libg.a(lib_a-strlen.o)
                              ..\obj\ff_support.o (strlen)
c:/coocox/toolchain48/bin/../lib/gcc/arm-none-eabi/4.8.3/../../../../arm-none-eabi/lib/armv7e-m\libg.a(lib_a-strncpy.o)
                              ..\obj\tasks.o (strncpy)

Allocating common symbols
Common symbol       size              file

Fatfs               0x234             ..\obj\ff_support.o
del                 0x4               ..\obj\hd44780_lib.o
HSEStartUpStatus    0x1               ..\obj\main.o
RTC_DateStructure   0x4               ..\obj\rtc_support.o
cTimerStateFlags    0x4               ..\obj\main.o
fs                  0x234             ..\obj\main.o
Finfo               0x18              ..\obj\ff_support.o
rtc_time_now_str    0x10              ..\obj\main.o
File                0x50              ..\obj\ff_support.o
phBuffer            0x14              ..\obj\main.o
nrfRxBuff           0x80              ..\obj\nrf24_lib.o
Timer               0x4               ..\obj\ff_support.o
FlashStatus         0x1               ..\obj\main.o
no_sd               0x1               ..\obj\main.o
AccSize             0x4               ..\obj\ff_support.o
IC1Value            0xa8              ..\obj\main.o
Buff                0x8000            ..\obj\ff_support.o
nrfTxBuff           0x80              ..\obj\nrf24_lib.o
timerStateFlags     0x4               ..\obj\main.o
button_ranges       0x10              ..\obj\main.o
SDHC                0x1               ..\obj\main.o
DHTValue            0xa               ..\obj\main.o
Dir                 0x1c              ..\obj\ff_support.o
nrf_reg_def         0x4               ..\obj\main.o
curtime             0x4               ..\obj\main.o
curdate             0x4               ..\obj\main.o
dht_rh_str          0x4               ..\obj\main.o
lightSensor         0x1               ..\obj\main.o
Line                0x100             ..\obj\ff_support.o
plugStateFlags      0x4               ..\obj\main.o
GPIO_InitStructure  0x8               ..\obj\main.o
logString           0x40              ..\obj\main.o
reg_buffer          0x6               ..\obj\main.o
RTC_InitStructure   0xc               ..\obj\rtc_support.o
aRxBuffer           0x80              ..\obj\nrf24_lib.o
AccDirs             0x2               ..\obj\ff_support.o
TIM_ICInitStructure
                    0xa               ..\obj\main.o
AccFiles            0x2               ..\obj\ff_support.o
dht_bit_array       0x64              ..\obj\main.o
NVIC_InitStructure  0x4               ..\obj\stm32f4_discovery.o
EXTI_InitStructure  0x8               ..\obj\main.o
curphstr            0x5               ..\obj\main.o
dht_data            0x5               ..\obj\main.o
RTC_TimeStructure   0x4               ..\obj\rtc_support.o
dht_t_str           0x4               ..\obj\main.o
phAdcValue          0x2               ..\obj\main.o
lightRange          0x2               ..\obj\main.o
csd                 0x10              ..\obj\mmc_stm32f4.o
IC2Value            0xa8              ..\obj\main.o

Discarded input sections

 .text          0x00000000        0x0 ..\obj\unicode.o
 .data          0x00000000        0x0 ..\obj\unicode.o
 .bss           0x00000000        0x0 ..\obj\unicode.o
 .debug_info    0x00000000       0x59 ..\obj\unicode.o
 .debug_abbrev  0x00000000       0x24 ..\obj\unicode.o
 .debug_aranges
                0x00000000       0x18 ..\obj\unicode.o
 .debug_line    0x00000000       0x1d ..\obj\unicode.o
 .debug_str     0x00000000      0x146 ..\obj\unicode.o
 .comment       0x00000000       0x71 ..\obj\unicode.o
 .ARM.attributes
                0x00000000       0x37 ..\obj\unicode.o
 .text          0x00000000        0x0 ..\obj\stm32f4xx_syscfg.o
 .data          0x00000000        0x0 ..\obj\stm32f4xx_syscfg.o
 .bss           0x00000000        0x0 ..\obj\stm32f4xx_syscfg.o
 .text.SYSCFG_DeInit
                0x00000000       0x1c ..\obj\stm32f4xx_syscfg.o
 .text.SYSCFG_MemoryRemapConfig
                0x00000000       0x20 ..\obj\stm32f4xx_syscfg.o
 .text.SYSCFG_ETH_MediaInterfaceConfig
                0x00000000       0x1c ..\obj\stm32f4xx_syscfg.o
 .text.SYSCFG_CompensationCellCmd
                0x00000000       0x20 ..\obj\stm32f4xx_syscfg.o
[...]
Memory Configuration

Name             Origin             Length             Attributes
rom              0x08000000         0x00100000         xr
ram              0x20000000         0x00020000         xrw
ram1             0x10000000         0x00010000         xrw
*default*        0x00000000         0xffffffff

Linker script and memory map

                0x20020000                _eram = 0x20020000

.text           0x08000000     0x74d4
 *(.isr_vector .isr_vector.*)
 .isr_vector    0x08000000      0x188 ..\obj\startup_stm32f4xx.o
                0x08000000                g_pfnVectors
 *(.text .text.* .gnu.linkonce.t.*)
 .text.SYSCFG_EXTILineConfig
                0x08000188       0x7c ..\obj\stm32f4xx_syscfg.o
                0x08000188                SYSCFG_EXTILineConfig
 .text.PWR_BackupAccessCmd
                0x08000204       0x20 ..\obj\stm32f4xx_pwr.o
                0x08000204                PWR_BackupAccessCmd
 .text.FCLK_SLOW
                0x08000224       0x2c ..\obj\mmc_stm32f4.o
 .text.FCLK_FAST
                0x08000250       0x2c ..\obj\mmc_stm32f4.o
 .text.xmit_spi
                0x0800027c       0x3c ..\obj\mmc_stm32f4.o
 .text.rcvr_spi
                0x080002b8       0x10 ..\obj\mmc_stm32f4.o
 .text.wait_ready
                0x080002c8       0x38 ..\obj\mmc_stm32f4.o
 .text.deselect
                0x08000300       0x14 ..\obj\mmc_stm32f4.o
 .text.select   0x08000314       0x28 ..\obj\mmc_stm32f4.o
 .text.power_status
                0x0800033c       0x10 ..\obj\mmc_stm32f4.o
 .text.HALayerInit
                0x0800034c       0xc8 ..\obj\mmc_stm32f4.o
                0x0800034c                HALayerInit
 .text.power_off
                0x08000414       0xb0 ..\obj\mmc_stm32f4.o
 .text.rcvr_datablock
                0x080004c4       0x94 ..\obj\mmc_stm32f4.o
 .text.xmit_datablock
                0x08000558       0x84 ..\obj\mmc_stm32f4.o
 .text.send_cmd
                0x080005dc       0xd4 ..\obj\mmc_stm32f4.o
 .text.disk_initialize
                0x080006b0      0x1a8 ..\obj\mmc_stm32f4.o
                0x080006b0                disk_initialize
 .text.disk_status
                0x08000858       0x2c ..\obj\mmc_stm32f4.o
                0x08000858                disk_status
 .text.disk_read
                0x08000884       0xcc ..\obj\mmc_stm32f4.o
                0x08000884                disk_read
 .text.disk_write
                0x08000950       0xf8 ..\obj\mmc_stm32f4.o
                0x08000950                disk_write
 .text.disk_ioctl
                0x08000a48      0x3ec ..\obj\mmc_stm32f4.o
                0x08000a48                disk_ioctl
 .text.Default_Reset_Handler
                0x08000e34       0x5c ..\obj\startup_stm32f4xx.o
                0x08000e34                Default_Reset_Handler
                0x08000e34                Reset_Handler
 .text.Default_Handler
                0x08000e90        0x8 ..\obj\startup_stm32f4xx.o
                0x08000e90                RTC_Alarm_IRQHandler
                0x08000e90                HASH_RNG_IRQHandler
                0x08000e90                EXTI2_IRQHandler
                0x08000e90                TIM8_CC_IRQHandler
                0x08000e90                DebugMon_Handler
                0x08000e90                TIM1_CC_IRQHandler
                0x08000e90                DMA2_Stream5_IRQHandler
                0x08000e90                HardFault_Handler
                0x08000e90                DMA1_Stream5_IRQHandler
                0x08000e90                PVD_IRQHandler
                0x08000e90                SDIO_IRQHandler
                0x08000e90                TAMP_STAMP_IRQHandler
                0x08000e90                NMI_Handler
                0x08000e90                CAN2_RX1_IRQHandler
                0x08000e90                EXTI3_IRQHandler
                0x08000e90                TIM8_TRG_COM_TIM14_IRQHandler
                0x08000e90                TIM1_UP_TIM10_IRQHandler
                0x08000e90                TIM8_UP_TIM13_IRQHandler
                0x08000e90                I2C3_ER_IRQHandler
                0x08000e90                EXTI0_IRQHandler
                0x08000e90                I2C2_EV_IRQHandler
                0x08000e90                DMA1_Stream2_IRQHandler
                0x08000e90                CAN1_RX0_IRQHandler
                0x08000e90                FPU_IRQHandler
                0x08000e90                OTG_HS_WKUP_IRQHandler
                0x08000e90                UsageFault_Handler
                0x08000e90                CAN2_SCE_IRQHandler
                0x08000e90                DMA2_Stream2_IRQHandler
                0x08000e90                TIM6_DAC_IRQHandler
                0x08000e90                TIM1_BRK_TIM9_IRQHandler
                0x08000e90                DCMI_IRQHandler
                0x08000e90                CAN2_RX0_IRQHandler
                0x08000e90                DMA2_Stream3_IRQHandler
                0x08000e90                USART6_IRQHandler
                0x08000e90                USART3_IRQHandler
                0x08000e90                CRYP_IRQHandler
                0x08000e90                CAN1_RX1_IRQHandler
                0x08000e90                UART5_IRQHandler
                0x08000e90                DMA2_Stream0_IRQHandler
                0x08000e90                I2C1_EV_IRQHandler
                0x08000e90                DMA1_Stream6_IRQHandler
                0x08000e90                DMA1_Stream1_IRQHandler
                0x08000e90                UART4_IRQHandler
                0x08000e90                TIM3_IRQHandler
                0x08000e90                RCC_IRQHandler
                0x08000e90                TIM8_BRK_TIM12_IRQHandler
                0x08000e90                ADC_IRQHandler
                0x08000e90                DMA1_Stream7_IRQHandler
                0x08000e90                TIM7_IRQHandler
                0x08000e90                CAN2_TX_IRQHandler
                0x08000e90                DMA2_Stream7_IRQHandler
                0x08000e90                I2C3_EV_IRQHandler
                0x08000e90                EXTI9_5_IRQHandler
                0x08000e90                ETH_WKUP_IRQHandler
                0x08000e90                SPI2_IRQHandler
                0x08000e90                OTG_HS_EP1_IN_IRQHandler
                0x08000e90                MemManage_Handler
                0x08000e90                DMA1_Stream0_IRQHandler
                0x08000e90                CAN1_TX_IRQHandler
                0x08000e90                EXTI4_IRQHandler
                0x08000e90                FSMC_IRQHandler
                0x08000e90                ETH_IRQHandler
                0x08000e90                OTG_HS_EP1_OUT_IRQHandler
                0x08000e90                WWDG_IRQHandler
                0x08000e90                OTG_FS_WKUP_IRQHandler
                0x08000e90                TIM1_TRG_COM_TIM11_IRQHandler
                0x08000e90                OTG_HS_IRQHandler
                0x08000e90                EXTI1_IRQHandler
                0x08000e90                USART2_IRQHandler
                0x08000e90                I2C2_ER_IRQHandler
                0x08000e90                DMA2_Stream1_IRQHandler
                0x08000e90                CAN1_SCE_IRQHandler
                0x08000e90                FLASH_IRQHandler
                0x08000e90                DMA2_Stream4_IRQHandler
                0x08000e90                BusFault_Handler
                0x08000e90                USART1_IRQHandler
                0x08000e90                OTG_FS_IRQHandler
                0x08000e90                SPI3_IRQHandler
                0x08000e90                DMA1_Stream4_IRQHandler
                0x08000e90                I2C1_ER_IRQHandler
                0x08000e90                DMA2_Stream6_IRQHandler
                0x08000e90                DMA1_Stream3_IRQHandler
 .text.STM32F4_Discovery_LEDInit
                0x08000e98       0x5c ..\obj\stm32f4_discovery.o
                0x08000e98                STM32F4_Discovery_LEDInit
 .text.STM32F4_Discovery_LEDOn
                0x08000ef4       0x30 ..\obj\stm32f4_discovery.o
                0x08000ef4                STM32F4_Discovery_LEDOn
 .text.STM32F4_Discovery_LEDOff
                0x08000f24       0x30 ..\obj\stm32f4_discovery.o
                0x08000f24                STM32F4_Discovery_LEDOff
 .text.NVIC_EnableIRQ
                0x08000f54       0x30 ..\obj\main.o
 .text.Lcd_print_digit
                0x08000f84      0x140 ..\obj\main.o
                0x08000f84                Lcd_print_digit
 .text.Lcd_go2  0x080010c4       0x2c ..\obj\main.o
                0x080010c4                Lcd_go2
 .text.flush_lcd_buffer
                0x080010f0       0x44 ..\obj\main.o
                0x080010f0                flush_lcd_buffer
 .text.Lcd_write_str_fb
                0x08001134       0x6c ..\obj\main.o
                0x08001134                Lcd_write_str_fb
 .text.menuSelector
                0x080011a0      0x130 ..\obj\main.o
                0x080011a0                menuSelector
 .text.programRunner
                0x080012d0       0x30 ..\obj\main.o
                0x080012d0                programRunner
 .text.buttonsInit
                0x08001300       0xec ..\obj\main.o
                0x08001300                buttonsInit
 .text.adc_read
                0x080013ec       0x2c ..\obj\main.o
                0x080013ec                adc_read
 .text.RTC_WKUP_IRQHandler
                0x08001418       0x24 ..\obj\main.o
                0x08001418                RTC_WKUP_IRQHandler
 .text.TIM5_IRQHandler
                0x0800143c       0x20 ..\obj\main.o
                0x0800143c                TIM5_IRQHandler
 .text.dht_init
                0x0800145c       0xdc ..\obj\main.o
                0x0800145c                dht_init
 .text.dht_init_out
                0x08001538       0x40 ..\obj\main.o
                0x08001538                dht_init_out
 .text.dht_conv_data
                0x08001578      0x264 ..\obj\main.o
                0x08001578                dht_conv_data
 .text.Lcd_write_digit
                0x080017dc      0x140 ..\obj\main.o
                0x080017dc                Lcd_write_digit
 .text.dht_arr_displayer
                0x0800191c       0xe8 ..\obj\main.o
                0x0800191c                dht_arr_displayer
 .text.dht_get_data
                0x08001a04       0x90 ..\obj\main.o
                0x08001a04                dht_get_data
 .text.TIM4_IRQHandler
                0x08001a94       0x84 ..\obj\main.o
                0x08001a94                TIM4_IRQHandler
 .text.rtc_init
                0x08001b18       0x30 ..\obj\main.o
                0x08001b18                rtc_init
 .text.RTC_Config
                0x08001b48       0xb0 ..\obj\main.o
 .text.sonar_init
                0x08001bf8      0x128 ..\obj\main.o
                0x08001bf8                sonar_init
 .text.sonar_trig
                0x08001d20       0x38 ..\obj\main.o
                0x08001d20                sonar_trig
 .text.main     0x08001d58      0x290 ..\obj\main.o
                0x08001d58                main
 .text.buttonCodeSupplier
                0x08001fe8       0x64 ..\obj\main.o
                0x08001fe8                buttonCodeSupplier
 .text.vTaskReadButtons
                0x0800204c       0x2c ..\obj\main.o
                0x0800204c                vTaskReadButtons
 .text.TIM2_IRQHandler
                0x08002078       0x30 ..\obj\main.o
                0x08002078                TIM2_IRQHandler
 .text.EXTI15_10_IRQHandler
                0x080020a8       0x28 ..\obj\main.o
                0x080020a8                EXTI15_10_IRQHandler
 .text.nrfTest  0x080020d0       0xe4 ..\obj\main.o
                0x080020d0                nrfTest
 .text.monitorDisplayer
                0x080021b4      0x29c ..\obj\main.o
                0x080021b4                monitorDisplayer
 .text.vTaskProgramRunner
                0x08002450       0x48 ..\obj\main.o
                0x08002450                vTaskProgramRunner
 .text.vTaskLCDdraw
                0x08002498       0x60 ..\obj\main.o
                0x08002498                vTaskLCDdraw
 .text.vTaskLED5
                0x080024f8       0x4c ..\obj\main.o
                0x080024f8                vTaskLED5
 .text.vTaskLED6
                0x08002544       0x50 ..\obj\main.o
                0x08002544                vTaskLED6
 .text.uint16_time_diff
                0x08002594       0x38 ..\obj\main.o
                0x08002594                uint16_time_diff
 .text.vTaskDHT
                0x080025cc       0x24 ..\obj\main.o
                0x080025cc                vTaskDHT
 .text.vTaskSDLog
                0x080025f0      0x258 ..\obj\main.o
                0x080025f0                vTaskSDLog
 .text.vTaskSonar
                0x08002848       0xe8 ..\obj\main.o
                0x08002848                vTaskSonar
 .text.copy_arr
                0x08002930       0x44 ..\obj\main.o
                0x08002930                copy_arr
 .text.string2log
                0x08002974       0x30 ..\obj\main.o
                0x08002974                string2log
 .text.buttonCalibration
                0x080029a4      0x300 ..\obj\main.o
                0x080029a4                buttonCalibration
 .text.readButtonRanges
                0x08002ca4       0x3c ..\obj\main.o
                0x08002ca4                readButtonRanges
 .text.saveButtonRanges
                0x08002ce0       0x3c ..\obj\main.o
                0x08002ce0                saveButtonRanges
 .text.displayAdcValues
                0x08002d1c       0xf0 ..\obj\main.o
                0x08002d1c                displayAdcValues
 .text.readButtons
                0x08002e0c       0x64 ..\obj\main.o
                0x08002e0c                readButtons
 .text.SPI1_IRQHandler
                0x08002e70       0xe4 ..\obj\main.o
                0x08002e70                SPI1_IRQHandler
 .text.RCC_LSICmd
                0x08002f54       0x20 ..\obj\stm32f4xx_rcc.o
                0x08002f54                RCC_LSICmd
 .text.RCC_GetClocksFreq
                0x08002f74      0x154 ..\obj\stm32f4xx_rcc.o
                0x08002f74                RCC_GetClocksFreq
 .text.RCC_RTCCLKConfig
                0x080030c8       0x5c ..\obj\stm32f4xx_rcc.o
                0x080030c8                RCC_RTCCLKConfig
 .text.RCC_RTCCLKCmd
                0x08003124       0x20 ..\obj\stm32f4xx_rcc.o
                0x08003124                RCC_RTCCLKCmd
 .text.RCC_AHB1PeriphClockCmd
                0x08003144       0x3c ..\obj\stm32f4xx_rcc.o
                0x08003144                RCC_AHB1PeriphClockCmd
 .text.RCC_APB1PeriphClockCmd
                0x08003180       0x3c ..\obj\stm32f4xx_rcc.o
                0x08003180                RCC_APB1PeriphClockCmd
 .text.RCC_APB2PeriphClockCmd
                0x080031bc       0x3c ..\obj\stm32f4xx_rcc.o
                0x080031bc                RCC_APB2PeriphClockCmd
 .text.RCC_AHB1PeriphResetCmd
                0x080031f8       0x3c ..\obj\stm32f4xx_rcc.o
                0x080031f8                RCC_AHB1PeriphResetCmd
 .text.RCC_APB1PeriphResetCmd
                0x08003234       0x3c ..\obj\stm32f4xx_rcc.o
                0x08003234                RCC_APB1PeriphResetCmd
 .text.RCC_APB2PeriphResetCmd
                0x08003270       0x3c ..\obj\stm32f4xx_rcc.o
                0x08003270                RCC_APB2PeriphResetCmd
 .text.RCC_GetFlagStatus
                0x080032ac       0x74 ..\obj\stm32f4xx_rcc.o
                0x080032ac                RCC_GetFlagStatus
 .text.Lcd_write_str
                0x08003320       0x38 ..\obj\hd44780_lib.o
                0x08003320                Lcd_write_str
 .text.Lcd_write_arr
                0x08003358       0x38 ..\obj\hd44780_lib.o
                0x08003358                Lcd_write_arr
 .text.Lcd_goto
                0x08003390       0x44 ..\obj\hd44780_lib.o
                0x08003390                Lcd_goto
 .text.STM32F4_LCDInit
                0x080033d4       0x38 ..\obj\hd44780_lib.o
                0x080033d4                STM32F4_LCDInit
 .text.set4highBits
                0x0800340c       0xd0 ..\obj\hd44780_lib.o
                0x0800340c                set4highBits
 .text.set4lowBits
                0x080034dc       0xd0 ..\obj\hd44780_lib.o
                0x080034dc                set4lowBits
 .text.Lcd_write_cmd
                0x080035ac       0x8c ..\obj\hd44780_lib.o
                0x080035ac                Lcd_write_cmd
 .text.Lcd_write_data
                0x08003638       0xc0 ..\obj\hd44780_lib.o
                0x08003638                Lcd_write_data
 .text.Delay_us
                0x080036f8       0x2c ..\obj\hd44780_lib.o
                0x080036f8                Delay_us
 .text.Init_lcd
                0x08003724       0xa4 ..\obj\hd44780_lib.o
                0x08003724                Init_lcd
 .text.Lcd_clear
                0x080037c8       0x24 ..\obj\hd44780_lib.o
                0x080037c8                Lcd_clear
 .text.xTaskGenericCreate
                0x080037ec      0x150 ..\obj\tasks.o
                0x080037ec                xTaskGenericCreate
 .text.vTaskDelay
                0x0800393c       0x50 ..\obj\tasks.o
                0x0800393c                vTaskDelay
 .text.vTaskStartScheduler
                0x0800398c       0x54 ..\obj\tasks.o
                0x0800398c                vTaskStartScheduler
 .text.vTaskSuspendAll
                0x080039e0       0x1c ..\obj\tasks.o
                0x080039e0                vTaskSuspendAll
 .text.xTaskResumeAll
                0x080039fc       0xf4 ..\obj\tasks.o
                0x080039fc                xTaskResumeAll
 .text.vTaskIncrementTick
                0x08003af0      0x12c ..\obj\tasks.o
                0x08003af0                vTaskIncrementTick
 .text.vTaskSwitchContext
                0x08003c1c       0x94 ..\obj\tasks.o
                0x08003c1c                vTaskSwitchContext
 .text.prvIdleTask
                0x08003cb0       0x20 ..\obj\tasks.o
 .text.prvInitialiseTCBVariables
                0x08003cd0       0x64 ..\obj\tasks.o
 .text.prvInitialiseTaskLists
                0x08003d34       0x7c ..\obj\tasks.o
 .text.prvCheckTasksWaitingTermination
                0x08003db0       0x74 ..\obj\tasks.o
 .text.prvAddCurrentTaskToDelayedList
                0x08003e24       0x6c ..\obj\tasks.o
 .text.prvAllocateTCBAndStack
                0x08003e90       0x64 ..\obj\tasks.o
 .text.prvDeleteTCB
                0x08003ef4       0x20 ..\obj\tasks.o
 .text.GPIO_DeInit
                0x08003f14      0x120 ..\obj\stm32f4xx_gpio.o
                0x08003f14                GPIO_DeInit
 .text.GPIO_Init
                0x08004034      0x11c ..\obj\stm32f4xx_gpio.o
                0x08004034                GPIO_Init
 .text.GPIO_StructInit
                0x08004150       0x34 ..\obj\stm32f4xx_gpio.o
                0x08004150                GPIO_StructInit
 .text.GPIO_PinAFConfig
                0x08004184       0x8c ..\obj\stm32f4xx_gpio.o
                0x08004184                GPIO_PinAFConfig
 .text.FLASH_Unlock
                0x08004210       0x2c ..\obj\stm32f4xx_flash.o
                0x08004210                FLASH_Unlock
 .text.FLASH_EraseSector
                0x0800423c       0xc0 ..\obj\stm32f4xx_flash.o
                0x0800423c                FLASH_EraseSector
 .text.FLASH_ProgramHalfWord
                0x080042fc       0x6c ..\obj\stm32f4xx_flash.o
                0x080042fc                FLASH_ProgramHalfWord
 .text.FLASH_GetStatus
                0x08004368       0x68 ..\obj\stm32f4xx_flash.o
                0x08004368                FLASH_GetStatus
 .text.FLASH_WaitForLastOperation
                0x080043d0       0x30 ..\obj\stm32f4xx_flash.o
                0x080043d0                FLASH_WaitForLastOperation
 .text.vListInitialise
                0x08004400       0x40 ..\obj\list.o
                0x08004400                vListInitialise
 .text.vListInitialiseItem
                0x08004440       0x18 ..\obj\list.o
                0x08004440                vListInitialiseItem
 .text.vListInsertEnd
                0x08004458       0x50 ..\obj\list.o
                0x08004458                vListInsertEnd
 .text.vListInsert
                0x080044a8       0x70 ..\obj\list.o
                0x080044a8                vListInsert
 .text.uxListRemove
                0x08004518       0x54 ..\obj\list.o
                0x08004518                uxListRemove
 .text.pxPortInitialiseStack
                0x0800456c       0x60 ..\obj\port.o
                0x0800456c                pxPortInitialiseStack
 .text.SVC_Handler
                0x080045cc       0x1c ..\obj\port.o
                0x080045cc                SVC_Handler
 .text.prvPortStartFirstTask
                0x080045e8       0x14 ..\obj\port.o
 .text.xPortStartScheduler
                0x080045fc       0x4c ..\obj\port.o
                0x080045fc                xPortStartScheduler
 .text.vPortYieldFromISR
                0x08004648       0x18 ..\obj\port.o
                0x08004648                vPortYieldFromISR
 .text.vPortEnterCritical
                0x08004660       0x18 ..\obj\port.o
                0x08004660                vPortEnterCritical
 .text.vPortExitCritical
                0x08004678       0x24 ..\obj\port.o
                0x08004678                vPortExitCritical
 .text.ulPortSetInterruptMask
                0x0800469c       0x14 ..\obj\port.o
                0x0800469c                ulPortSetInterruptMask
 .text.vPortClearInterruptMask
                0x080046b0        0x8 ..\obj\port.o
                0x080046b0                vPortClearInterruptMask
 .text.PendSV_Handler
                0x080046b8       0x50 ..\obj\port.o
                0x080046b8                PendSV_Handler
 .text.SysTick_Handler
                0x08004708       0x20 ..\obj\port.o
                0x08004708                SysTick_Handler
 .text.vPortSetupTimerInterrupt
                0x08004728       0x24 ..\obj\port.o
                0x08004728                vPortSetupTimerInterrupt
 .text.vPortEnableVFP
                0x0800474c       0x14 ..\obj\port.o
 .text.nrf24init
                0x08004760      0x1dc ..\obj\nrf24_lib.o
                0x08004760                nrf24init
 .text.mem_cpy  0x0800493c       0x5c ..\obj\ff.o
 .text.mem_set  0x08004998       0x34 ..\obj\ff.o
 .text.move_window
                0x080049cc       0xbc ..\obj\ff.o
 .text.sync     0x08004a88       0xc0 ..\obj\ff.o
 .text.clust2sect
                0x08004b48       0x3c ..\obj\ff.o
                0x08004b48                clust2sect
 .text.get_fat  0x08004b84      0x128 ..\obj\ff.o
                0x08004b84                get_fat
 .text.put_fat  0x08004cac      0x1a4 ..\obj\ff.o
                0x08004cac                put_fat
 .text.create_chain
                0x08004e50      0x118 ..\obj\ff.o
 .text.clmt_clust
                0x08004f68       0x68 ..\obj\ff.o
 .text.st_clust
                0x08004fd0       0x2c ..\obj\ff.o
 .text.validate
                0x08004ffc       0x54 ..\obj\ff.o
 .text.f_mount  0x08005050       0x54 ..\obj\ff.o
                0x08005050                f_mount
 .text.f_write  0x080050a4      0x320 ..\obj\ff.o
                0x080050a4                f_write
 .text.f_sync   0x080053c4       0xb0 ..\obj\ff.o
                0x080053c4                f_sync
 .text.SPI_I2S_DeInit
                0x08005474       0x74 ..\obj\stm32f4xx_spi.o
                0x08005474                SPI_I2S_DeInit
 .text.SPI_Init
                0x080054e8       0x88 ..\obj\stm32f4xx_spi.o
                0x080054e8                SPI_Init
 .text.SPI_Cmd  0x08005570       0x40 ..\obj\stm32f4xx_spi.o
                0x08005570                SPI_Cmd
 .text.SPI_I2S_ITConfig
                0x080055b0       0x60 ..\obj\stm32f4xx_spi.o
                0x080055b0                SPI_I2S_ITConfig
 .text.EXTI_Init
                0x08005610       0xdc ..\obj\stm32f4xx_exti.o
                0x08005610                EXTI_Init
 .text.EXTI_ClearITPendingBit
                0x080056ec       0x1c ..\obj\stm32f4xx_exti.o
                0x080056ec                EXTI_ClearITPendingBit
 .text.NVIC_PriorityGroupConfig
                0x08005708       0x24 ..\obj\misc.o
                0x08005708                NVIC_PriorityGroupConfig
 .text.NVIC_Init
                0x0800572c       0xbc ..\obj\misc.o
                0x0800572c                NVIC_Init
 .text.get_fattime
                0x080057e8       0x10 ..\obj\ff_support.o
                0x080057e8                get_fattime
 .text.RTC_Init
                0x080057f8       0x78 ..\obj\stm32f4xx_rtc.o
                0x080057f8                RTC_Init
 .text.RTC_EnterInitMode
                0x08005870       0x74 ..\obj\stm32f4xx_rtc.o
                0x08005870                RTC_EnterInitMode
 .text.RTC_ExitInitMode
                0x080058e4       0x1c ..\obj\stm32f4xx_rtc.o
                0x080058e4                RTC_ExitInitMode
 .text.RTC_WaitForSynchro
                0x08005900       0x78 ..\obj\stm32f4xx_rtc.o
                0x08005900                RTC_WaitForSynchro
 .text.RTC_SetTime
                0x08005978      0x104 ..\obj\stm32f4xx_rtc.o
                0x08005978                RTC_SetTime
 .text.RTC_GetTime
                0x08005a7c       0x9c ..\obj\stm32f4xx_rtc.o
                0x08005a7c                RTC_GetTime
 .text.RTC_SetDate
                0x08005b18      0x10c ..\obj\stm32f4xx_rtc.o
                0x08005b18                RTC_SetDate
 .text.RTC_GetDate
                0x08005c24       0x9c ..\obj\stm32f4xx_rtc.o
                0x08005c24                RTC_GetDate
 .text.RTC_WakeUpClockConfig
                0x08005cc0       0x40 ..\obj\stm32f4xx_rtc.o
                0x08005cc0                RTC_WakeUpClockConfig
 .text.RTC_SetWakeUpCounter
                0x08005d00       0x30 ..\obj\stm32f4xx_rtc.o
                0x08005d00                RTC_SetWakeUpCounter
 .text.RTC_WakeUpCmd
                0x08005d30       0x94 ..\obj\stm32f4xx_rtc.o
                0x08005d30                RTC_WakeUpCmd
 .text.RTC_ITConfig
                0x08005dc4       0x78 ..\obj\stm32f4xx_rtc.o
                0x08005dc4                RTC_ITConfig
 .text.RTC_GetITStatus
                0x08005e3c       0x68 ..\obj\stm32f4xx_rtc.o
                0x08005e3c                RTC_GetITStatus
 .text.RTC_ClearITPendingBit
                0x08005ea4       0x38 ..\obj\stm32f4xx_rtc.o
                0x08005ea4                RTC_ClearITPendingBit
 .text.RTC_ByteToBcd2
                0x08005edc       0x3c ..\obj\stm32f4xx_rtc.o
 .text.RTC_Bcd2ToByte
                0x08005f18       0x38 ..\obj\stm32f4xx_rtc.o
 .text.pvPortMalloc
                0x08005f50      0x118 ..\obj\heap_2.o
                0x08005f50                pvPortMalloc
 .text.vPortFree
                0x08006068       0x70 ..\obj\heap_2.o
                0x08006068                vPortFree
 .text.prvHeapInit
                0x080060d8       0x50 ..\obj\heap_2.o
 .text.TIM_Cmd  0x08006128       0x40 ..\obj\stm32f4xx_tim.o
                0x08006128                TIM_Cmd
 .text.TIM_ICInit
                0x08006168       0xa8 ..\obj\stm32f4xx_tim.o
                0x08006168                TIM_ICInit
 .text.TIM_ICStructInit
                0x08006210       0x30 ..\obj\stm32f4xx_tim.o
                0x08006210                TIM_ICStructInit
 .text.TIM_PWMIConfig
                0x08006240       0xb8 ..\obj\stm32f4xx_tim.o
                0x08006240                TIM_PWMIConfig
 .text.TIM_GetCapture1
                0x080062f8       0x18 ..\obj\stm32f4xx_tim.o
                0x080062f8                TIM_GetCapture1
 .text.TIM_GetCapture2
                0x08006310       0x18 ..\obj\stm32f4xx_tim.o
                0x08006310                TIM_GetCapture2
 .text.TIM_GetCapture4
                0x08006328       0x18 ..\obj\stm32f4xx_tim.o
                0x08006328                TIM_GetCapture4
 .text.TIM_SetIC1Prescaler
                0x08006340       0x38 ..\obj\stm32f4xx_tim.o
                0x08006340                TIM_SetIC1Prescaler
 .text.TIM_SetIC2Prescaler
                0x08006378       0x3c ..\obj\stm32f4xx_tim.o
                0x08006378                TIM_SetIC2Prescaler
 .text.TIM_SetIC3Prescaler
                0x080063b4       0x38 ..\obj\stm32f4xx_tim.o
                0x080063b4                TIM_SetIC3Prescaler
 .text.TIM_SetIC4Prescaler
                0x080063ec       0x3c ..\obj\stm32f4xx_tim.o
                0x080063ec                TIM_SetIC4Prescaler
 .text.TIM_ITConfig
                0x08006428       0x48 ..\obj\stm32f4xx_tim.o
                0x08006428                TIM_ITConfig
 .text.TIM_GetITStatus
                0x08006470       0x54 ..\obj\stm32f4xx_tim.o
                0x08006470                TIM_GetITStatus
 .text.TIM_ClearITPendingBit
                0x080064c4       0x20 ..\obj\stm32f4xx_tim.o
                0x080064c4                TIM_ClearITPendingBit
 .text.TIM_SelectInputTrigger
                0x080064e4       0x38 ..\obj\stm32f4xx_tim.o
                0x080064e4                TIM_SelectInputTrigger
 .text.TIM_SelectSlaveMode
                0x0800651c       0x38 ..\obj\stm32f4xx_tim.o
                0x0800651c                TIM_SelectSlaveMode
 .text.TIM_SelectMasterSlaveMode
                0x08006554       0x38 ..\obj\stm32f4xx_tim.o
                0x08006554                TIM_SelectMasterSlaveMode
 .text.TI1_Config
                0x0800658c       0x78 ..\obj\stm32f4xx_tim.o
 .text.TI2_Config
                0x08006604       0x8c ..\obj\stm32f4xx_tim.o
 .text.TI3_Config
                0x08006690       0x84 ..\obj\stm32f4xx_tim.o
 .text.TI4_Config
                0x08006714       0x90 ..\obj\stm32f4xx_tim.o
 .text.EE_Init  0x080067a4      0x2a0 ..\obj\eeprom.o
                0x080067a4                EE_Init
 .text.EE_ReadVariable
                0x08006a44       0x94 ..\obj\eeprom.o
                0x08006a44                EE_ReadVariable
 .text.EE_WriteVariable
                0x08006ad8       0x44 ..\obj\eeprom.o
                0x08006ad8                EE_WriteVariable
 .text.EE_Format
                0x08006b1c       0x50 ..\obj\eeprom.o
 .text.EE_FindValidPage
                0x08006b6c       0x8c ..\obj\eeprom.o
 .text.EE_VerifyPageFullWriteVariable
                0x08006bf8       0xac ..\obj\eeprom.o
 .text.EE_PageTransfer
                0x08006ca4      0x138 ..\obj\eeprom.o
 .text.memset   0x08006ddc       0x94 c:/coocox/toolchain48/bin/../lib/gcc/arm-none-eabi/4.8.3/../../../../arm-none-eabi/lib/armv7e-m\libg.a(lib_a-memset.o)
                0x08006ddc                memset
 .text.strncpy  0x08006e70       0x64 c:/coocox/toolchain48/bin/../lib/gcc/arm-none-eabi/4.8.3/../../../../arm-none-eabi/lib/armv7e-m\libg.a(lib_a-strncpy.o)
                0x08006e70                strncpy
 *(.glue_7t)
 .glue_7t       0x00000000        0x0 linker stubs
 *(.glue_7)
 .glue_7        0x00000000        0x0 linker stubs
 *(.rodata .rodata* .gnu.linkonce.r.*)
 .rodata        0x08006ed4       0x30 ..\obj\stm32f4_discovery.o
                0x08006ed4                GPIO_PIN
                0x08006edc                GPIO_CLK
                0x08006eec                BUTTON_PIN
                0x08006ef0                BUTTON_CLK
                0x08006ef4                BUTTON_EXTI_LINE
                0x08006ef8                BUTTON_PORT_SOURCE
                0x08006efc                BUTTON_PIN_SOURCE
                0x08006f00                BUTTON_IRQn
 .rodata        0x08006f04      0x5c8 ..\obj\main.o
                0x08006f04                menuItemArray
                0x080070a4                fatArray
 .rodata        0x080074cc        0x8 ..\obj\tasks.o

.vfp11_veneer   0x080074d4        0x0
 .vfp11_veneer  0x00000000        0x0 linker stubs

.v4_bx          0x080074d4        0x0
 .v4_bx         0x00000000        0x0 linker stubs

.iplt           0x080074d4        0x0
 .iplt          0x00000000        0x0 ..\obj\unicode.o

.rel.dyn        0x080074d4        0x0
 .rel.iplt      0x00000000        0x0 ..\obj\unicode.o

.ARM.extab
 *(.ARM.extab* .gnu.linkonce.armextab.*)
                0x080074d4                __exidx_start = .

.ARM.exidx
 *(.ARM.exidx* .gnu.linkonce.armexidx.*)
                0x080074d4                __exidx_end = .
                0x080074d4                . = ALIGN (0x4)
                0x080074d4                _etext = .
                0x080074d4                _sidata = .

.data           0x20000000       0x3c load address 0x080074d4
                0x20000000                _sdata = .
 *(.data .data.*)
 .data          0x20000000        0x1 ..\obj\mmc_stm32f4.o
 *fill*         0x20000001        0x3 
 .data          0x20000004       0x14 ..\obj\stm32f4_discovery.o
                0x20000004                GPIO_PORT
                0x20000014                BUTTON_PORT
 .data          0x20000018        0x8 ..\obj\main.o
                0x20000018                plugSettings
                0x2000001c                VirtAddVarTab
 .data          0x20000020       0x10 ..\obj\stm32f4xx_rcc.o
 .data          0x20000030        0x4 ..\obj\tasks.o
 .data          0x20000034        0x4 ..\obj\port.o
 .data          0x20000038        0x4 ..\obj\heap_2.o
                0x2000003c                . = ALIGN (0x4)
                0x2000003c                _edata = .

.igot.plt       0x2000003c        0x0 load address 0x08007510
 .igot.plt      0x00000000        0x0 ..\obj\unicode.o

.bss            0x2000003c     0x5028 load address 0x08007510
                0x2000003c                _sbss = .
 *(.bss .bss.*)
 .bss           0x2000003c        0xc ..\obj\mmc_stm32f4.o
 .bss           0x20000048       0x84 ..\obj\main.o
                0x20000048                spi_irq_counter
                0x20000049                button_code
                0x2000006e                sonar_ccnt
                0x20000070                sonar_value
                0x20000072                dht_bit_position
                0x20000073                dht_bit_ready
                0x20000074                dht_data_ready
                0x2000007e                capture1
                0x20000080                capture2
                0x20000082                capture_is_ready
                0x20000084                systick_ms
                0x20000086                buttonReverse
                0x200000b0                nrf_spi_busy
                0x200000b1                logInterval
                0x200000b2                VarValue
                0x200000b4                ph_seven
                0x200000b8                ph0
                0x200000bc                ph4
                0x200000c0                cdel
                0x200000c4                lastWriteTime
                0x200000c8                blinker
 .bss           0x200000cc        0x2 ..\obj\hd44780_lib.o
                0x200000cc                lcd_pointerx
                0x200000cd                lcd_pointery
 *fill*         0x200000ce        0x2 
 .bss           0x200000d0      0x100 ..\obj\tasks.o
                0x200000d0                pxCurrentTCB
 .bss           0x200001d0        0xc ..\obj\nrf24_lib.o
                0x200001d0                ubRxIndex
                0x200001d1                ubTxIndex
                0x200001d4                TimeOut
                0x200001d8                nrf_rx_pointer
                0x200001d9                nrf_tx_pointer
 .bss           0x200001dc        0x8 ..\obj\ff.o
 .bss           0x200001e4     0x4814 ..\obj\heap_2.o
 .bss           0x200049f8        0x2 ..\obj\eeprom.o
                0x200049f8                DataVar
 *(COMMON)
 *fill*         0x200049fa        0x2 
 COMMON         0x200049fc       0x10 ..\obj\mmc_stm32f4.o
                0x200049fc                csd
 COMMON         0x20004a0c        0x4 ..\obj\stm32f4_discovery.o
                0x20004a0c                NVIC_InitStructure
 COMMON         0x20004a10      0x4d0 ..\obj\main.o
                0x20004a10                HSEStartUpStatus
                0x20004a14                cTimerStateFlags
                0x20004a18                fs
                0x20004c4c                rtc_time_now_str
                0x20004c5c                phBuffer
                0x20004c70                FlashStatus
                0x20004c71                no_sd
                0x20004c74                IC1Value
                0x20004d1c                timerStateFlags
                0x20004d20                button_ranges
                0x20004d30                SDHC
                0x20004d34                DHTValue
                0x20004d40                nrf_reg_def
                0x20004d44                curtime
                0x20004d48                curdate
                0x20004d4c                dht_rh_str
                0x20004d50                lightSensor
                0x20004d54                plugStateFlags
                0x20004d58                GPIO_InitStructure
                0x20004d60                logString
                0x20004da0                reg_buffer
                0x20004da8                TIM_ICInitStructure
                0x20004db4                dht_bit_array
                0x20004e18                EXTI_InitStructure
                0x20004e20                curphstr
                0x20004e28                dht_data
                0x20004e30                dht_t_str
                0x20004e34                phAdcValue
                0x20004e36                lightRange
                0x20004e38                IC2Value
 COMMON         0x20004ee0        0x4 ..\obj\hd44780_lib.o
                0x20004ee0                del
 COMMON         0x20004ee4      0x180 ..\obj\nrf24_lib.o
                0x20004ee4                nrfRxBuff
                0x20004f64                nrfTxBuff
                0x20004fe4                aRxBuffer
                0x20005064                . = ALIGN (0x4)
                0x20005064                _ebss = .

.co_stack       0x20005064      0x804 load address 0x0800c538
                0x20005068                . = ALIGN (0x8)
 *fill*         0x20005064        0x4 
 *(.co_stack .co_stack.*)
 .co_stack      0x20005068      0x800 ..\obj\startup_stm32f4xx.o
                0x20005068                pulStack
                0x20005868                . = ALIGN (0x4)
                0x20005868                _end = .
LOAD ..\obj\unicode.o
LOAD ..\obj\stm32f4xx_syscfg.o
LOAD ..\obj\stm32f4xx_sdio.o
LOAD ..\obj\stm32f4xx_hash.o
LOAD ..\obj\stm32f4xx_cryp_aes.o
LOAD ..\obj\rtc_support.o
LOAD ..\obj\stm32f4xx_hash_sha1.o
LOAD ..\obj\stm32f4xx_usart.o
LOAD ..\obj\stm32f4xx_pwr.o
LOAD ..\obj\mmc_stm32f4.o
LOAD ..\obj\stm32f4xx_can.o
LOAD ..\obj\stm32f4xx_wwdg.o
LOAD ..\obj\stm32f4xx_hash_md5.o
LOAD ..\obj\stm32f4xx_dac.o
LOAD ..\obj\startup_stm32f4xx.o
LOAD ..\obj\stm32f4_discovery.o
LOAD ..\obj\stm32f4xx_crc.o
LOAD ..\obj\stm32f4xx_iwdg.o
LOAD ..\obj\main.o
LOAD ..\obj\stm32f4xx_rcc.o
LOAD ..\obj\timers.o
LOAD ..\obj\hd44780_lib.o
LOAD ..\obj\stm32f4xx_adc.o
LOAD ..\obj\stm32f4xx_dcmi.o
LOAD ..\obj\ff_rtc_if.o
LOAD ..\obj\tasks.o
LOAD ..\obj\stm32f4xx_cryp_des.o
LOAD ..\obj\stm32f4xx_cryp.o
LOAD ..\obj\stm32f4xx_fsmc.o
LOAD ..\obj\stm32f4xx_gpio.o
LOAD ..\obj\stm32f4xx_flash.o
LOAD ..\obj\list.o
LOAD ..\obj\system_stm32f4xx.o
LOAD ..\obj\syscalls.o
LOAD ..\obj\stm32f4xx_dma.o
LOAD ..\obj\queue.o
LOAD ..\obj\port.o
LOAD ..\obj\nrf24_lib.o
LOAD ..\obj\ff.o
LOAD ..\obj\croutine.o
LOAD ..\obj\stm32f4xx_spi.o
LOAD ..\obj\stm32f4xx_i2c.o
LOAD ..\obj\stm32f4xx_rng.o
LOAD ..\obj\stm32f4xx_exti.o
LOAD ..\obj\misc.o
LOAD ..\obj\ff_support.o
LOAD ..\obj\stm32f4xx_rtc.o
LOAD ..\obj\heap_2.o
LOAD ..\obj\stm32f4xx_cryp_tdes.o
LOAD ..\obj\stm32f4xx_tim.o
LOAD ..\obj\stm32f4xx_dbgmcu.o
LOAD ..\obj\eeprom.o
START GROUP
LOAD c:/coocox/toolchain48/bin/../lib/gcc/arm-none-eabi/4.8.3/armv7e-m\libgcc.a
LOAD c:/coocox/toolchain48/bin/../lib/gcc/arm-none-eabi/4.8.3/../../../../arm-none-eabi/lib/armv7e-m\libg.a
LOAD c:/coocox/toolchain48/bin/../lib/gcc/arm-none-eabi/4.8.3/../../../../arm-none-eabi/lib/armv7e-m\libc.a
END GROUP
OUTPUT(freertos.elf elf32-littlearm)

.debug_info     0x00000000     0xe165
 .debug_info    0x00000000      0x24b ..\obj\stm32f4xx_syscfg.o
 .debug_info    0x0000024b      0x4d0 ..\obj\stm32f4xx_pwr.o
 .debug_info    0x0000071b      0x961 ..\obj\mmc_stm32f4.o
 .debug_info    0x0000107c       0xed ..\obj\startup_stm32f4xx.o
 .debug_info    0x00001169      0x85d ..\obj\stm32f4_discovery.o
 .debug_info    0x000019c6     0x243c ..\obj\main.o
 .debug_info    0x00003e02      0xc21 ..\obj\stm32f4xx_rcc.o
 .debug_info    0x00004a23      0x4fb ..\obj\hd44780_lib.o
 .debug_info    0x00004f1e      0xcc1 ..\obj\tasks.o
 .debug_info    0x00005bdf      0x5d6 ..\obj\stm32f4xx_gpio.o
 .debug_info    0x000061b5      0x6e4 ..\obj\stm32f4xx_flash.o
 .debug_info    0x00006899      0x283 ..\obj\list.o
 .debug_info    0x00006b1c      0x1ef ..\obj\port.o
 .debug_info    0x00006d0b      0x9e7 ..\obj\nrf24_lib.o
 .debug_info    0x000076f2     0x1e11 ..\obj\ff.o
 .debug_info    0x00009503      0xadb ..\obj\stm32f4xx_spi.o
 .debug_info    0x00009fde      0x331 ..\obj\stm32f4xx_exti.o
 .debug_info    0x0000a30f      0x51c ..\obj\misc.o
 .debug_info    0x0000a82b      0x5c0 ..\obj\ff_support.o
 .debug_info    0x0000adeb     0x10be ..\obj\stm32f4xx_rtc.o
 .debug_info    0x0000bea9      0x28b ..\obj\heap_2.o
 .debug_info    0x0000c134     0x1c35 ..\obj\stm32f4xx_tim.o
 .debug_info    0x0000dd69      0x3fc ..\obj\eeprom.o

.debug_abbrev   0x00000000     0x24c2
 .debug_abbrev  0x00000000      0x131 ..\obj\stm32f4xx_syscfg.o
 .debug_abbrev  0x00000131      0x17f ..\obj\stm32f4xx_pwr.o
 .debug_abbrev  0x000002b0      0x2b8 ..\obj\mmc_stm32f4.o
 .debug_abbrev  0x00000568       0xb0 ..\obj\startup_stm32f4xx.o
 .debug_abbrev  0x00000618      0x183 ..\obj\stm32f4_discovery.o
 .debug_abbrev  0x0000079b      0x334 ..\obj\main.o
 .debug_abbrev  0x00000acf      0x1e3 ..\obj\stm32f4xx_rcc.o
 .debug_abbrev  0x00000cb2      0x19d ..\obj\hd44780_lib.o
 .debug_abbrev  0x00000e4f      0x1e9 ..\obj\tasks.o
 .debug_abbrev  0x00001038      0x1a3 ..\obj\stm32f4xx_gpio.o
 .debug_abbrev  0x000011db      0x1ae ..\obj\stm32f4xx_flash.o
 .debug_abbrev  0x00001389       0xbc ..\obj\list.o
 .debug_abbrev  0x00001445      0x178 ..\obj\port.o
 .debug_abbrev  0x000015bd      0x16c ..\obj\nrf24_lib.o
 .debug_abbrev  0x00001729      0x1ce ..\obj\ff.o
 .debug_abbrev  0x000018f7      0x167 ..\obj\stm32f4xx_spi.o
 .debug_abbrev  0x00001a5e      0x1a5 ..\obj\stm32f4xx_exti.o
 .debug_abbrev  0x00001c03      0x145 ..\obj\misc.o
 .debug_abbrev  0x00001d48      0x1ad ..\obj\ff_support.o
 .debug_abbrev  0x00001ef5      0x1ae ..\obj\stm32f4xx_rtc.o
 .debug_abbrev  0x000020a3      0x150 ..\obj\heap_2.o
 .debug_abbrev  0x000021f3      0x187 ..\obj\stm32f4xx_tim.o
 .debug_abbrev  0x0000237a      0x148 ..\obj\eeprom.o

.debug_aranges  0x00000000     0x1228
 .debug_aranges
                0x00000000       0x48 ..\obj\stm32f4xx_syscfg.o
 .debug_aranges
                0x00000048       0x78 ..\obj\stm32f4xx_pwr.o
 .debug_aranges
                0x000000c0       0xb8 ..\obj\mmc_stm32f4.o
 .debug_aranges
                0x00000178       0x28 ..\obj\startup_stm32f4xx.o
 .debug_aranges
                0x000001a0       0x48 ..\obj\stm32f4_discovery.o
 .debug_aranges
                0x000001e8      0x1d0 ..\obj\main.o
 .debug_aranges
                0x000003b8      0x178 ..\obj\stm32f4xx_rcc.o
 .debug_aranges
                0x00000530       0x80 ..\obj\hd44780_lib.o
 .debug_aranges
                0x000005b0      0x120 ..\obj\tasks.o
 .debug_aranges
                0x000006d0       0x88 ..\obj\stm32f4xx_gpio.o
 .debug_aranges
                0x00000758      0x108 ..\obj\stm32f4xx_flash.o
 .debug_aranges
                0x00000860       0x40 ..\obj\list.o
 .debug_aranges
                0x000008a0       0x88 ..\obj\port.o
 .debug_aranges
                0x00000928       0x30 ..\obj\nrf24_lib.o
 .debug_aranges
                0x00000958      0x1b8 ..\obj\ff.o
 .debug_aranges
                0x00000b10       0xe0 ..\obj\stm32f4xx_spi.o
 .debug_aranges
                0x00000bf0       0x58 ..\obj\stm32f4xx_exti.o
 .debug_aranges
                0x00000c48       0x40 ..\obj\misc.o
 .debug_aranges
                0x00000c88       0x38 ..\obj\ff_support.o
 .debug_aranges
                0x00000cc0      0x1e0 ..\obj\stm32f4xx_rtc.o
 .debug_aranges
                0x00000ea0       0x40 ..\obj\heap_2.o
 .debug_aranges
                0x00000ee0      0x2f8 ..\obj\stm32f4xx_tim.o
 .debug_aranges
                0x000011d8       0x50 ..\obj\eeprom.o

.debug_ranges   0x00000000     0x10d0
 .debug_ranges  0x00000000       0x38 ..\obj\stm32f4xx_syscfg.o
 .debug_ranges  0x00000038       0x68 ..\obj\stm32f4xx_pwr.o
 .debug_ranges  0x000000a0       0xa8 ..\obj\mmc_stm32f4.o
 .debug_ranges  0x00000148       0x18 ..\obj\startup_stm32f4xx.o
 .debug_ranges  0x00000160       0x38 ..\obj\stm32f4_discovery.o
 .debug_ranges  0x00000198      0x1c0 ..\obj\main.o
 .debug_ranges  0x00000358      0x168 ..\obj\stm32f4xx_rcc.o
 .debug_ranges  0x000004c0       0x70 ..\obj\hd44780_lib.o
 .debug_ranges  0x00000530      0x110 ..\obj\tasks.o
 .debug_ranges  0x00000640       0x78 ..\obj\stm32f4xx_gpio.o
 .debug_ranges  0x000006b8       0xf8 ..\obj\stm32f4xx_flash.o
 .debug_ranges  0x000007b0       0x30 ..\obj\list.o
 .debug_ranges  0x000007e0       0x78 ..\obj\port.o
 .debug_ranges  0x00000858       0x20 ..\obj\nrf24_lib.o
 .debug_ranges  0x00000878      0x1c0 ..\obj\ff.o
 .debug_ranges  0x00000a38       0xd0 ..\obj\stm32f4xx_spi.o
 .debug_ranges  0x00000b08       0x48 ..\obj\stm32f4xx_exti.o
 .debug_ranges  0x00000b50       0x30 ..\obj\misc.o
 .debug_ranges  0x00000b80       0x28 ..\obj\ff_support.o
 .debug_ranges  0x00000ba8      0x1d0 ..\obj\stm32f4xx_rtc.o
 .debug_ranges  0x00000d78       0x30 ..\obj\heap_2.o
 .debug_ranges  0x00000da8      0x2e8 ..\obj\stm32f4xx_tim.o
 .debug_ranges  0x00001090       0x40 ..\obj\eeprom.o

.debug_line     0x00000000     0x65bb
 .debug_line    0x00000000      0x1a5 ..\obj\stm32f4xx_syscfg.o
 .debug_line    0x000001a5      0x243 ..\obj\stm32f4xx_pwr.o
 .debug_line    0x000003e8      0x5c9 ..\obj\mmc_stm32f4.o
 .debug_line    0x000009b1       0x9d ..\obj\startup_stm32f4xx.o
 .debug_line    0x00000a4e      0x1fc ..\obj\stm32f4_discovery.o
 .debug_line    0x00000c4a      0xcc7 ..\obj\main.o
 .debug_line    0x00001911      0x53c ..\obj\stm32f4xx_rcc.o
 .debug_line    0x00001e4d      0x2fe ..\obj\hd44780_lib.o
 .debug_line    0x0000214b      0x636 ..\obj\tasks.o
 .debug_line    0x00002781      0x2e1 ..\obj\stm32f4xx_gpio.o
 .debug_line    0x00002a62      0x42d ..\obj\stm32f4xx_flash.o
 .debug_line    0x00002e8f      0x14b ..\obj\list.o
 .debug_line    0x00002fda      0x1b7 ..\obj\port.o
 .debug_line    0x00003191      0x257 ..\obj\nrf24_lib.o
 .debug_line    0x000033e8     0x12b0 ..\obj\ff.o
 .debug_line    0x00004698      0x3f4 ..\obj\stm32f4xx_spi.o
 .debug_line    0x00004a8c      0x247 ..\obj\stm32f4xx_exti.o
 .debug_line    0x00004cd3      0x1e7 ..\obj\misc.o
 .debug_line    0x00004eba      0x175 ..\obj\ff_support.o
 .debug_line    0x0000502f      0x7af ..\obj\stm32f4xx_rtc.o
 .debug_line    0x000057de      0x152 ..\obj\heap_2.o
 .debug_line    0x00005930      0xa07 ..\obj\stm32f4xx_tim.o
 .debug_line    0x00006337      0x284 ..\obj\eeprom.o

.debug_str      0x00000000     0x557c
 .debug_str     0x00000000      0x2c2 ..\obj\stm32f4xx_syscfg.o
                                0x30f (size before relaxing)
 .debug_str     0x000002c2      0x20a ..\obj\stm32f4xx_pwr.o
                                0x3a1 (size before relaxing)
 .debug_str     0x000004cc      0x43b ..\obj\mmc_stm32f4.o
                                0x5dd (size before relaxing)
 .debug_str     0x00000907       0xac ..\obj\startup_stm32f4xx.o
                                0x168 (size before relaxing)
 .debug_str     0x000009b3      0x833 ..\obj\stm32f4_discovery.o
                                0xb5d (size before relaxing)
 .debug_str     0x000011e6      0xd75 ..\obj\main.o
                               0x17fb (size before relaxing)
 .debug_str     0x00001f5b      0x522 ..\obj\stm32f4xx_rcc.o
                                0x860 (size before relaxing)
 .debug_str     0x0000247d       0xe4 ..\obj\hd44780_lib.o
                                0x419 (size before relaxing)
 .debug_str     0x00002561      0x785 ..\obj\tasks.o
                                0x920 (size before relaxing)
 .debug_str     0x00002ce6      0x1b2 ..\obj\stm32f4xx_gpio.o
                                0x4b3 (size before relaxing)
 .debug_str     0x00002e98      0x34d ..\obj\stm32f4xx_flash.o
                                0x597 (size before relaxing)
 .debug_str     0x000031e5       0xc8 ..\obj\list.o
                                0x299 (size before relaxing)
 .debug_str     0x000032ad      0x16f ..\obj\port.o
                                0x293 (size before relaxing)
 .debug_str     0x0000341c      0x1d7 ..\obj\nrf24_lib.o
                                0xc0e (size before relaxing)
 .debug_str     0x000035f3      0x350 ..\obj\ff.o
                                0x708 (size before relaxing)
 .debug_str     0x00003943      0x31f ..\obj\stm32f4xx_spi.o
                                0x69a (size before relaxing)
 .debug_str     0x00003c62      0x115 ..\obj\stm32f4xx_exti.o
                                0x37e (size before relaxing)
 .debug_str     0x00003d77      0x145 ..\obj\misc.o
                                0x3e9 (size before relaxing)
 .debug_str     0x00003ebc       0xb7 ..\obj\ff_support.o
                                0x47b (size before relaxing)
 .debug_str     0x00003f73      0x8c7 ..\obj\stm32f4xx_rtc.o
                                0xb63 (size before relaxing)
 .debug_str     0x0000483a      0x160 ..\obj\heap_2.o
                                0x2a5 (size before relaxing)
 .debug_str     0x0000499a      0xaaa ..\obj\stm32f4xx_tim.o
                                0xde0 (size before relaxing)
 .debug_str     0x00005444      0x138 ..\obj\eeprom.o
                                0x370 (size before relaxing)

.comment        0x00000000       0x70
 .comment       0x00000000       0x70 ..\obj\stm32f4xx_syscfg.o
                                 0x71 (size before relaxing)
 .comment       0x00000000       0x71 ..\obj\stm32f4xx_pwr.o
 .comment       0x00000000       0x71 ..\obj\mmc_stm32f4.o
 .comment       0x00000000       0x71 ..\obj\startup_stm32f4xx.o
 .comment       0x00000000       0x71 ..\obj\stm32f4_discovery.o
 .comment       0x00000000       0x71 ..\obj\main.o
 .comment       0x00000000       0x71 ..\obj\stm32f4xx_rcc.o
 .comment       0x00000000       0x71 ..\obj\hd44780_lib.o
 .comment       0x00000000       0x71 ..\obj\tasks.o
 .comment       0x00000000       0x71 ..\obj\stm32f4xx_gpio.o
 .comment       0x00000000       0x71 ..\obj\stm32f4xx_flash.o
 .comment       0x00000000       0x71 ..\obj\list.o
 .comment       0x00000000       0x71 ..\obj\port.o
 .comment       0x00000000       0x71 ..\obj\nrf24_lib.o
 .comment       0x00000000       0x71 ..\obj\ff.o
 .comment       0x00000000       0x71 ..\obj\stm32f4xx_spi.o
 .comment       0x00000000       0x71 ..\obj\stm32f4xx_exti.o
 .comment       0x00000000       0x71 ..\obj\misc.o
 .comment       0x00000000       0x71 ..\obj\ff_support.o
 .comment       0x00000000       0x71 ..\obj\stm32f4xx_rtc.o
 .comment       0x00000000       0x71 ..\obj\heap_2.o
 .comment       0x00000000       0x71 ..\obj\stm32f4xx_tim.o
 .comment       0x00000000       0x71 ..\obj\eeprom.o

.ARM.attributes
                0x00000000       0x35
 .ARM.attributes
                0x00000000       0x37 ..\obj\stm32f4xx_syscfg.o
 .ARM.attributes
                0x00000037       0x37 ..\obj\stm32f4xx_pwr.o
 .ARM.attributes
                0x0000006e       0x37 ..\obj\mmc_stm32f4.o
 .ARM.attributes
                0x000000a5       0x37 ..\obj\startup_stm32f4xx.o
 .ARM.attributes
                0x000000dc       0x37 ..\obj\stm32f4_discovery.o
 .ARM.attributes
                0x00000113       0x37 ..\obj\main.o
 .ARM.attributes
                0x0000014a       0x37 ..\obj\stm32f4xx_rcc.o
 .ARM.attributes
                0x00000181       0x37 ..\obj\hd44780_lib.o
 .ARM.attributes
                0x000001b8       0x37 ..\obj\tasks.o
 .ARM.attributes
                0x000001ef       0x37 ..\obj\stm32f4xx_gpio.o
 .ARM.attributes
                0x00000226       0x37 ..\obj\stm32f4xx_flash.o
 .ARM.attributes
                0x0000025d       0x37 ..\obj\list.o
 .ARM.attributes
                0x00000294       0x37 ..\obj\port.o
 .ARM.attributes
                0x000002cb       0x37 ..\obj\nrf24_lib.o
 .ARM.attributes
                0x00000302       0x37 ..\obj\ff.o
 .ARM.attributes
                0x00000339       0x37 ..\obj\stm32f4xx_spi.o
 .ARM.attributes
                0x00000370       0x37 ..\obj\stm32f4xx_exti.o
 .ARM.attributes
                0x000003a7       0x37 ..\obj\misc.o
 .ARM.attributes
                0x000003de       0x37 ..\obj\ff_support.o
 .ARM.attributes
                0x00000415       0x37 ..\obj\stm32f4xx_rtc.o
 .ARM.attributes
                0x0000044c       0x37 ..\obj\heap_2.o
 .ARM.attributes
                0x00000483       0x37 ..\obj\stm32f4xx_tim.o
 .ARM.attributes
                0x000004ba       0x37 ..\obj\eeprom.o
 .ARM.attributes
                0x000004f1       0x2e c:/coocox/toolchain48/bin/../lib/gcc/arm-none-eabi/4.8.3/../../../../arm-none-eabi/lib/armv7e-m\libg.a(lib_a-memset.o)
 .ARM.attributes
                0x0000051f       0x2e c:/coocox/toolchain48/bin/../lib/gcc/arm-none-eabi/4.8.3/../../../../arm-none-eabi/lib/armv7e-m\libg.a(lib_a-strncpy.o)

.debug_frame    0x00000000     0x3bb4
 .debug_frame   0x00000000       0xbc ..\obj\stm32f4xx_syscfg.o
 .debug_frame   0x000000bc      0x15c ..\obj\stm32f4xx_pwr.o
 .debug_frame   0x00000218      0x268 ..\obj\mmc_stm32f4.o
 .debug_frame   0x00000480       0x48 ..\obj\startup_stm32f4xx.o
 .debug_frame   0x000004c8       0xc4 ..\obj\stm32f4_discovery.o
 .debug_frame   0x0000058c      0x69c ..\obj\main.o
 .debug_frame   0x00000c28      0x4d8 ..\obj\stm32f4xx_rcc.o
 .debug_frame   0x00001100      0x198 ..\obj\hd44780_lib.o
 .debug_frame   0x00001298      0x408 ..\obj\tasks.o
 .debug_frame   0x000016a0      0x19c ..\obj\stm32f4xx_gpio.o
 .debug_frame   0x0000183c      0x360 ..\obj\stm32f4xx_flash.o
 .debug_frame   0x00001b9c       0x9c ..\obj\list.o
 .debug_frame   0x00001c38      0x144 ..\obj\port.o
 .debug_frame   0x00001d7c       0x68 ..\obj\nrf24_lib.o
 .debug_frame   0x00001de4      0x66c ..\obj\ff.o
 .debug_frame   0x00002450      0x2d0 ..\obj\stm32f4xx_spi.o
 .debug_frame   0x00002720       0xec ..\obj\stm32f4xx_exti.o
 .debug_frame   0x0000280c       0x9c ..\obj\misc.o
 .debug_frame   0x000028a8       0x80 ..\obj\ff_support.o
 .debug_frame   0x00002928      0x670 ..\obj\stm32f4xx_rtc.o
 .debug_frame   0x00002f98       0x9c ..\obj\heap_2.o
 .debug_frame   0x00003034      0xa3c ..\obj\stm32f4xx_tim.o
 .debug_frame   0x00003a70       0xec ..\obj\eeprom.o
 .debug_frame   0x00003b5c       0x2c c:/coocox/toolchain48/bin/../lib/gcc/arm-none-eabi/4.8.3/../../../../arm-none-eabi/lib/armv7e-m\libg.a(lib_a-memset.o)
 .debug_frame   0x00003b88       0x2c c:/coocox/toolchain48/bin/../lib/gcc/arm-none-eabi/4.8.3/../../../../arm-none-eabi/lib/armv7e-m\libg.a(lib_a-strncpy.o)
