Archive member included because of file (symbol)

c:/coocox/toolchain47/4_7_2012q4/bin/../lib/gcc/arm-none-eabi/4.7.3/../../../../arm-none-eabi/lib/armv7e-m\libg.a(lib_a-memcpy.o)
                              ..\obj\queue.o (memcpy)
c:/coocox/toolchain47/4_7_2012q4/bin/../lib/gcc/arm-none-eabi/4.7.3/../../../../arm-none-eabi/lib/armv7e-m\libg.a(lib_a-memset.o)
                              ..\obj\tasks.o (memset)
c:/coocox/toolchain47/4_7_2012q4/bin/../lib/gcc/arm-none-eabi/4.7.3/../../../../arm-none-eabi/lib/armv7e-m\libg.a(lib_a-strcpy.o)
                              ..\obj\ff_support.o (strcpy)
c:/coocox/toolchain47/4_7_2012q4/bin/../lib/gcc/arm-none-eabi/4.7.3/../../../../arm-none-eabi/lib/armv7e-m\libg.a(lib_a-strlen.o)
                              ..\obj\ff_support.o (strlen)
c:/coocox/toolchain47/4_7_2012q4/bin/../lib/gcc/arm-none-eabi/4.7.3/../../../../arm-none-eabi/lib/armv7e-m\libg.a(lib_a-strncpy.o)
                              ..\obj\tasks.o (strncpy)

Allocating common symbols
Common symbol       size              file

Fatfs               0x234             ..\obj\ff_support.o
del                 0x4               ..\obj\hd44780_lib.o
HSEStartUpStatus    0x1               ..\obj\main.o
RTC_DateStructure   0x4               ..\obj\rtc_support.o
cTimerStateFlags    0x4               ..\obj\main.o
fs                  0x234             ..\obj\main.o
Finfo               0x18              ..\obj\ff_support.o
rtc_time_now_str    0x10              ..\obj\main.o
File                0x50              ..\obj\ff_support.o
phBuffer            0x14              ..\obj\main.o
nrfRxBuff           0x80              ..\obj\nrf24_lib.o
Timer               0x4               ..\obj\ff_support.o
buttonBuffer        0x14              ..\obj\main.o
FlashStatus         0x1               ..\obj\main.o
no_sd               0x1               ..\obj\main.o
AccSize             0x4               ..\obj\ff_support.o
IC1Value            0xa8              ..\obj\main.o
Buff                0x8000            ..\obj\ff_support.o
nrfTxBuff           0x80              ..\obj\nrf24_lib.o
timerStateFlags     0x4               ..\obj\main.o
button_ranges       0x10              ..\obj\main.o
SDHC                0x1               ..\obj\main.o
DHTValue            0xa               ..\obj\main.o
Dir                 0x1c              ..\obj\ff_support.o
curtime             0x4               ..\obj\main.o
curdate             0x4               ..\obj\main.o
dht_rh_str          0x4               ..\obj\main.o
lightSensor         0x1               ..\obj\main.o
Line                0x100             ..\obj\ff_support.o
plugStateFlags      0x4               ..\obj\main.o
GPIO_InitStructure  0x8               ..\obj\main.o
logString           0x40              ..\obj\main.o
RTC_InitStructure   0xc               ..\obj\rtc_support.o
aRxBuffer           0x80              ..\obj\nrf24_lib.o
AccDirs             0x2               ..\obj\ff_support.o
TIM_ICInitStructure
                    0xa               ..\obj\main.o
AccFiles            0x2               ..\obj\ff_support.o
dht_bit_array       0x64              ..\obj\main.o
NVIC_InitStructure  0x4               ..\obj\stm32f4_discovery.o
EXTI_InitStructure  0x8               ..\obj\main.o
curphstr            0x5               ..\obj\main.o
dht_data            0x5               ..\obj\main.o
RTC_TimeStructure   0x4               ..\obj\rtc_support.o
dht_t_str           0x4               ..\obj\main.o
phAdcValue          0x2               ..\obj\main.o
lightRange          0x2               ..\obj\main.o
csd                 0x10              ..\obj\mmc_stm32f4.o
IC2Value            0xa8              ..\obj\main.o

Discarded input sections

 .text          0x00000000        0x0 ..\obj\unicode.o
 .data          0x00000000        0x0 ..\obj\unicode.o
 .bss           0x00000000        0x0 ..\obj\unicode.o
 .debug_info    0x00000000       0x59 ..\obj\unicode.o
 .debug_abbrev  0x00000000       0x24 ..\obj\unicode.o
 .debug_aranges
                0x00000000       0x18 ..\obj\unicode.o
 .debug_line    0x00000000       0x1d ..\obj\unicode.o
 .debug_str     0x00000000       0xe6 ..\obj\unicode.o
 .comment       0x00000000       0x71 ..\obj\unicode.o
 .ARM.attributes
                0x00000000       0x39 ..\obj\unicode.o
 .text          0x00000000        0x0 ..\obj\stm32f4xx_syscfg.o
 .data          0x00000000        0x0 ..\obj\stm32f4xx_syscfg.o
 .bss           0x00000000        0x0 ..\obj\stm32f4xx_syscfg.o
 .text.SYSCFG_DeInit
                0x00000000       0x20 ..\obj\stm32f4xx_syscfg.o
 .text.SYSCFG_MemoryRemapConfig
                0x00000000       0x20 ..\obj\stm32f4xx_syscfg.o
 .text.SYSCFG_ETH_MediaInterfaceConfig
                0x00000000       0x20 ..\obj\stm32f4xx_syscfg.o
 .text.SYSCFG_CompensationCellCmd
                0x00000000       0x20 ..\obj\stm32f4xx_syscfg.o
[...]
Memory Configuration

Name             Origin             Length             Attributes
rom              0x08000000         0x00100000         xr
ram              0x20000000         0x00020000         xrw
ram1             0x10000000         0x00010000         xrw
*default*        0x00000000         0xffffffff

Linker script and memory map

                0x20020000                _eram = 0x20020000

.text           0x08000000     0x9246
 *(.isr_vector .isr_vector.*)
 .isr_vector    0x08000000      0x188 ..\obj\startup_stm32f4xx.o
                0x08000000                g_pfnVectors
 *(.text .text.* .gnu.linkonce.t.*)
 .text.SYSCFG_EXTILineConfig
                0x08000188       0xb0 ..\obj\stm32f4xx_syscfg.o
                0x08000188                SYSCFG_EXTILineConfig
 .text.PWR_BackupAccessCmd
                0x08000238       0x20 ..\obj\stm32f4xx_pwr.o
                0x08000238                PWR_BackupAccessCmd
 .text.FCLK_SLOW
                0x08000258       0x34 ..\obj\mmc_stm32f4.o
 .text.FCLK_FAST
                0x0800028c       0x34 ..\obj\mmc_stm32f4.o
 .text.xmit_spi
                0x080002c0       0x48 ..\obj\mmc_stm32f4.o
 .text.rcvr_spi
                0x08000308       0x14 ..\obj\mmc_stm32f4.o
 .text.wait_ready
                0x0800031c       0x44 ..\obj\mmc_stm32f4.o
 .text.deselect
                0x08000360       0x18 ..\obj\mmc_stm32f4.o
 .text.select   0x08000378       0x34 ..\obj\mmc_stm32f4.o
 .text.power_status
                0x080003ac       0x10 ..\obj\mmc_stm32f4.o
 .text.HALayerInit
                0x080003bc      0x120 ..\obj\mmc_stm32f4.o
                0x080003bc                HALayerInit
 .text.power_off
                0x080004dc       0xf0 ..\obj\mmc_stm32f4.o
 .text.rcvr_datablock
                0x080005cc       0xc4 ..\obj\mmc_stm32f4.o
 .text.xmit_datablock
                0x08000690       0x9c ..\obj\mmc_stm32f4.o
 .text.send_cmd
                0x0800072c       0xec ..\obj\mmc_stm32f4.o
 .text.disk_initialize
                0x08000818      0x214 ..\obj\mmc_stm32f4.o
                0x08000818                disk_initialize
 .text.disk_status
                0x08000a2c       0x30 ..\obj\mmc_stm32f4.o
                0x08000a2c                disk_status
 .text.disk_read
                0x08000a5c       0xe4 ..\obj\mmc_stm32f4.o
                0x08000a5c                disk_read
 .text.disk_write
                0x08000b40      0x128 ..\obj\mmc_stm32f4.o
                0x08000b40                disk_write
 .text.disk_ioctl
                0x08000c68      0x55c ..\obj\mmc_stm32f4.o
                0x08000c68                disk_ioctl
 .text.Default_Reset_Handler
                0x080011c4       0x6c ..\obj\startup_stm32f4xx.o
                0x080011c4                Default_Reset_Handler
                0x080011c4                Reset_Handler
 .text.Default_Handler
                0x08001230        0x8 ..\obj\startup_stm32f4xx.o
                0x08001230                RTC_Alarm_IRQHandler
                0x08001230                HASH_RNG_IRQHandler
                0x08001230                EXTI2_IRQHandler
                0x08001230                TIM8_CC_IRQHandler
                0x08001230                DebugMon_Handler
                0x08001230                TIM1_CC_IRQHandler
                0x08001230                DMA2_Stream5_IRQHandler
                0x08001230                HardFault_Handler
                0x08001230                DMA1_Stream5_IRQHandler
                0x08001230                PVD_IRQHandler
                0x08001230                SDIO_IRQHandler
                0x08001230                TAMP_STAMP_IRQHandler
                0x08001230                NMI_Handler
                0x08001230                CAN2_RX1_IRQHandler
                0x08001230                EXTI3_IRQHandler
                0x08001230                TIM8_TRG_COM_TIM14_IRQHandler
                0x08001230                TIM1_UP_TIM10_IRQHandler
                0x08001230                TIM8_UP_TIM13_IRQHandler
                0x08001230                I2C3_ER_IRQHandler
                0x08001230                EXTI0_IRQHandler
                0x08001230                I2C2_EV_IRQHandler
                0x08001230                DMA1_Stream2_IRQHandler
                0x08001230                CAN1_RX0_IRQHandler
                0x08001230                FPU_IRQHandler
                0x08001230                OTG_HS_WKUP_IRQHandler
                0x08001230                UsageFault_Handler
                0x08001230                CAN2_SCE_IRQHandler
                0x08001230                DMA2_Stream2_IRQHandler
                0x08001230                TIM6_DAC_IRQHandler
                0x08001230                TIM1_BRK_TIM9_IRQHandler
                0x08001230                DCMI_IRQHandler
                0x08001230                CAN2_RX0_IRQHandler
                0x08001230                DMA2_Stream3_IRQHandler
                0x08001230                USART6_IRQHandler
                0x08001230                USART3_IRQHandler
                0x08001230                CRYP_IRQHandler
                0x08001230                CAN1_RX1_IRQHandler
                0x08001230                UART5_IRQHandler
                0x08001230                DMA2_Stream0_IRQHandler
                0x08001230                I2C1_EV_IRQHandler
                0x08001230                DMA1_Stream6_IRQHandler
                0x08001230                DMA1_Stream1_IRQHandler
                0x08001230                UART4_IRQHandler
                0x08001230                TIM3_IRQHandler
                0x08001230                RCC_IRQHandler
                0x08001230                TIM8_BRK_TIM12_IRQHandler
                0x08001230                ADC_IRQHandler
                0x08001230                DMA1_Stream7_IRQHandler
                0x08001230                TIM7_IRQHandler
                0x08001230                CAN2_TX_IRQHandler
                0x08001230                DMA2_Stream7_IRQHandler
                0x08001230                I2C3_EV_IRQHandler
                0x08001230                EXTI9_5_IRQHandler
                0x08001230                ETH_WKUP_IRQHandler
                0x08001230                SPI2_IRQHandler
                0x08001230                OTG_HS_EP1_IN_IRQHandler
                0x08001230                MemManage_Handler
                0x08001230                DMA1_Stream0_IRQHandler
                0x08001230                CAN1_TX_IRQHandler
                0x08001230                EXTI4_IRQHandler
                0x08001230                FSMC_IRQHandler
                0x08001230                ETH_IRQHandler
                0x08001230                OTG_HS_EP1_OUT_IRQHandler
                0x08001230                WWDG_IRQHandler
                0x08001230                OTG_FS_WKUP_IRQHandler
                0x08001230                TIM1_TRG_COM_TIM11_IRQHandler
                0x08001230                OTG_HS_IRQHandler
                0x08001230                EXTI1_IRQHandler
                0x08001230                USART2_IRQHandler
                0x08001230                I2C2_ER_IRQHandler
                0x08001230                DMA2_Stream1_IRQHandler
                0x08001230                CAN1_SCE_IRQHandler
                0x08001230                FLASH_IRQHandler
                0x08001230                DMA2_Stream4_IRQHandler
                0x08001230                BusFault_Handler
                0x08001230                USART1_IRQHandler
                0x08001230                OTG_FS_IRQHandler
                0x08001230                SPI3_IRQHandler
                0x08001230                DMA1_Stream4_IRQHandler
                0x08001230                I2C1_ER_IRQHandler
                0x08001230                DMA2_Stream6_IRQHandler
                0x08001230                DMA1_Stream3_IRQHandler
 .text.STM32F4_Discovery_LEDInit
                0x08001238       0x6c ..\obj\stm32f4_discovery.o
                0x08001238                STM32F4_Discovery_LEDInit
 .text.STM32F4_Discovery_LEDOn
                0x080012a4       0x34 ..\obj\stm32f4_discovery.o
                0x080012a4                STM32F4_Discovery_LEDOn
 .text.STM32F4_Discovery_LEDOff
                0x080012d8       0x34 ..\obj\stm32f4_discovery.o
                0x080012d8                STM32F4_Discovery_LEDOff
 .text.NVIC_EnableIRQ
                0x0800130c       0x38 ..\obj\main.o
 .text.Lcd_go2  0x08001344       0x50 ..\obj\main.o
                0x08001344                Lcd_go2
 .text.flush_lcd_buffer
                0x08001394       0x58 ..\obj\main.o
                0x08001394                flush_lcd_buffer
 .text.Lcd_write_str_fb
                0x080013ec       0xa8 ..\obj\main.o
                0x080013ec                Lcd_write_str_fb
 .text.menuSelector
                0x08001494      0x1b4 ..\obj\main.o
                0x08001494                menuSelector
 .text.programRunner
                0x08001648       0x30 ..\obj\main.o
                0x08001648                programRunner
 .text.buttonsInit
                0x08001678      0x1b4 ..\obj\main.o
                0x08001678                buttonsInit
 .text.adc_read
                0x0800182c       0x38 ..\obj\main.o
                0x0800182c                adc_read
 .text.RTC_WKUP_IRQHandler
                0x08001864       0x24 ..\obj\main.o
                0x08001864                RTC_WKUP_IRQHandler
 .text.TIM5_IRQHandler
                0x08001888       0x2c ..\obj\main.o
                0x08001888                TIM5_IRQHandler
 .text.dht_init
                0x080018b4      0x16c ..\obj\main.o
                0x080018b4                dht_init
 .text.dht_init_out
                0x08001a20       0x50 ..\obj\main.o
                0x08001a20                dht_init_out
 .text.dht_conv_data
                0x08001a70      0x388 ..\obj\main.o
                0x08001a70                dht_conv_data
 .text.dht_arr_displayer
                0x08001df8      0x130 ..\obj\main.o
                0x08001df8                dht_arr_displayer
 .text.dht_get_data
                0x08001f28       0xd8 ..\obj\main.o
                0x08001f28                dht_get_data
 .text.TIM4_IRQHandler
                0x08002000       0xc4 ..\obj\main.o
                0x08002000                TIM4_IRQHandler
 .text.rtc_init
                0x080020c4       0x3c ..\obj\main.o
                0x080020c4                rtc_init
 .text.RTC_Config
                0x08002100       0xd8 ..\obj\main.o
 .text.sonar_init
                0x080021d8      0x1f4 ..\obj\main.o
                0x080021d8                sonar_init
 .text.sonar_trig
                0x080023cc       0x50 ..\obj\main.o
                0x080023cc                sonar_trig
 .text.main     0x0800241c      0x34c ..\obj\main.o
                0x0800241c                main
 .text.vTaskReadButtons
                0x08002768       0x98 ..\obj\main.o
                0x08002768                vTaskReadButtons
 .text.TIM2_IRQHandler
                0x08002800       0x38 ..\obj\main.o
                0x08002800                TIM2_IRQHandler
 .text.EXTI15_10_IRQHandler
                0x08002838       0x30 ..\obj\main.o
                0x08002838                EXTI15_10_IRQHandler
 .text.nrfTest  0x08002868        0xc ..\obj\main.o
                0x08002868                nrfTest
 .text.monitorDisplayer
                0x08002874      0x480 ..\obj\main.o
                0x08002874                monitorDisplayer
 .text.vTaskProgramRunner
                0x08002cf4       0x54 ..\obj\main.o
                0x08002cf4                vTaskProgramRunner
 .text.vTaskLCDdraw
                0x08002d48       0x58 ..\obj\main.o
                0x08002d48                vTaskLCDdraw
 .text.vTaskLED5
                0x08002da0       0x60 ..\obj\main.o
                0x08002da0                vTaskLED5
 .text.vTaskLED6
                0x08002e00       0x68 ..\obj\main.o
                0x08002e00                vTaskLED6
 .text.uint16_time_diff
                0x08002e68       0x3c ..\obj\main.o
                0x08002e68                uint16_time_diff
 .text.vTaskDHT
                0x08002ea4       0x2c ..\obj\main.o
                0x08002ea4                vTaskDHT
 .text.vTaskSDLog
                0x08002ed0      0x41c ..\obj\main.o
                0x08002ed0                vTaskSDLog
 .text.vTaskSonar
                0x080032ec      0x14c ..\obj\main.o
                0x080032ec                vTaskSonar
 .text.copy_arr
                0x08003438       0x4c ..\obj\main.o
                0x08003438                copy_arr
 .text.string2log
                0x08003484       0x3c ..\obj\main.o
                0x08003484                string2log
 .text.buttonCalibration
                0x080034c0      0x39c ..\obj\main.o
                0x080034c0                buttonCalibration
 .text.readButtonRanges
                0x0800385c       0x48 ..\obj\main.o
                0x0800385c                readButtonRanges
 .text.saveButtonRanges
                0x080038a4       0x44 ..\obj\main.o
                0x080038a4                saveButtonRanges
 .text.displayAdcValues
                0x080038e8      0x150 ..\obj\main.o
                0x080038e8                displayAdcValues
 .text.readButtons
                0x08003a38       0x7c ..\obj\main.o
                0x08003a38                readButtons
 .text.SPI1_IRQHandler
                0x08003ab4      0x150 ..\obj\main.o
                0x08003ab4                SPI1_IRQHandler
 .text.RCC_LSICmd
                0x08003c04       0x20 ..\obj\stm32f4xx_rcc.o
                0x08003c04                RCC_LSICmd
 .text.RCC_GetClocksFreq
                0x08003c24      0x1cc ..\obj\stm32f4xx_rcc.o
                0x08003c24                RCC_GetClocksFreq
 .text.RCC_RTCCLKConfig
                0x08003df0       0x74 ..\obj\stm32f4xx_rcc.o
                0x08003df0                RCC_RTCCLKConfig
 .text.RCC_RTCCLKCmd
                0x08003e64       0x20 ..\obj\stm32f4xx_rcc.o
                0x08003e64                RCC_RTCCLKCmd
 .text.RCC_AHB1PeriphClockCmd
                0x08003e84       0x54 ..\obj\stm32f4xx_rcc.o
                0x08003e84                RCC_AHB1PeriphClockCmd
 .text.RCC_APB1PeriphClockCmd
                0x08003ed8       0x54 ..\obj\stm32f4xx_rcc.o
                0x08003ed8                RCC_APB1PeriphClockCmd
 .text.RCC_APB2PeriphClockCmd
                0x08003f2c       0x54 ..\obj\stm32f4xx_rcc.o
                0x08003f2c                RCC_APB2PeriphClockCmd
 .text.RCC_AHB1PeriphResetCmd
                0x08003f80       0x54 ..\obj\stm32f4xx_rcc.o
                0x08003f80                RCC_AHB1PeriphResetCmd
 .text.RCC_APB1PeriphResetCmd
                0x08003fd4       0x54 ..\obj\stm32f4xx_rcc.o
                0x08003fd4                RCC_APB1PeriphResetCmd
 .text.RCC_APB2PeriphResetCmd
                0x08004028       0x54 ..\obj\stm32f4xx_rcc.o
                0x08004028                RCC_APB2PeriphResetCmd
 .text.RCC_GetFlagStatus
                0x0800407c       0x90 ..\obj\stm32f4xx_rcc.o
                0x0800407c                RCC_GetFlagStatus
 .text.Lcd_write_str
                0x0800410c       0x58 ..\obj\hd44780_lib.o
                0x0800410c                Lcd_write_str
 .text.Lcd_write_arr
                0x08004164       0x40 ..\obj\hd44780_lib.o
                0x08004164                Lcd_write_arr
 .text.Lcd_goto
                0x080041a4       0x50 ..\obj\hd44780_lib.o
                0x080041a4                Lcd_goto
 .text.STM32F4_LCDInit
                0x080041f4       0x48 ..\obj\hd44780_lib.o
                0x080041f4                STM32F4_LCDInit
 .text.set4highBits
                0x0800423c      0x12c ..\obj\hd44780_lib.o
                0x0800423c                set4highBits
 .text.set4lowBits
                0x08004368      0x12c ..\obj\hd44780_lib.o
                0x08004368                set4lowBits
 .text.Lcd_write_cmd
                0x08004494       0xdc ..\obj\hd44780_lib.o
                0x08004494                Lcd_write_cmd
 .text.Lcd_write_data
                0x08004570      0x13c ..\obj\hd44780_lib.o
                0x08004570                Lcd_write_data
 .text.Delay_us
                0x080046ac       0x50 ..\obj\hd44780_lib.o
                0x080046ac                Delay_us
 .text.Init_lcd
                0x080046fc      0x1e4 ..\obj\hd44780_lib.o
                0x080046fc                Init_lcd
 .text.Lcd_write_digit
                0x080048e0       0x8c ..\obj\hd44780_lib.o
                0x080048e0                Lcd_write_digit
 .text.Lcd_clear
                0x0800496c       0x30 ..\obj\hd44780_lib.o
                0x0800496c                Lcd_clear
 .text.xTaskGenericCreate
                0x0800499c      0x1a8 ..\obj\tasks.o
                0x0800499c                xTaskGenericCreate
 .text.vTaskDelay
                0x08004b44       0x5c ..\obj\tasks.o
                0x08004b44                vTaskDelay
 .text.vTaskStartScheduler
                0x08004ba0       0x70 ..\obj\tasks.o
                0x08004ba0                vTaskStartScheduler
 .text.vTaskSuspendAll
                0x08004c10       0x24 ..\obj\tasks.o
                0x08004c10                vTaskSuspendAll
 .text.xTaskResumeAll
                0x08004c34      0x150 ..\obj\tasks.o
                0x08004c34                xTaskResumeAll
 .text.vTaskIncrementTick
                0x08004d84      0x1b4 ..\obj\tasks.o
                0x08004d84                vTaskIncrementTick
 .text.vTaskSwitchContext
                0x08004f38       0xc0 ..\obj\tasks.o
                0x08004f38                vTaskSwitchContext
 .text.prvIdleTask
                0x08004ff8       0x24 ..\obj\tasks.o
 .text.prvInitialiseTCBVariables
                0x0800501c       0x74 ..\obj\tasks.o
 .text.prvInitialiseTaskLists
                0x08005090       0x8c ..\obj\tasks.o
 .text.prvCheckTasksWaitingTermination
                0x0800511c        0xc ..\obj\tasks.o
 .text.prvAddCurrentTaskToDelayedList
                0x08005128       0x8c ..\obj\tasks.o
 .text.prvAllocateTCBAndStack
                0x080051b4       0x70 ..\obj\tasks.o
 .text.GPIO_DeInit
                0x08005224      0x178 ..\obj\stm32f4xx_gpio.o
                0x08005224                GPIO_DeInit
 .text.GPIO_Init
                0x0800539c      0x144 ..\obj\stm32f4xx_gpio.o
                0x0800539c                GPIO_Init
 .text.GPIO_StructInit
                0x080054e0       0x3c ..\obj\stm32f4xx_gpio.o
                0x080054e0                GPIO_StructInit
 .text.GPIO_PinAFConfig
                0x0800551c       0xa8 ..\obj\stm32f4xx_gpio.o
                0x0800551c                GPIO_PinAFConfig
 .text.FLASH_Unlock
                0x080055c4       0x3c ..\obj\stm32f4xx_flash.o
                0x080055c4                FLASH_Unlock
 .text.FLASH_EraseSector
                0x08005600      0x118 ..\obj\stm32f4xx_flash.o
                0x08005600                FLASH_EraseSector
 .text.FLASH_ProgramHalfWord
                0x08005718       0x9c ..\obj\stm32f4xx_flash.o
                0x08005718                FLASH_ProgramHalfWord
 .text.FLASH_GetStatus
                0x080057b4       0x88 ..\obj\stm32f4xx_flash.o
                0x080057b4                FLASH_GetStatus
 .text.FLASH_WaitForLastOperation
                0x0800583c       0x34 ..\obj\stm32f4xx_flash.o
                0x0800583c                FLASH_WaitForLastOperation
 .text.vListInitialise
                0x08005870       0x40 ..\obj\list.o
                0x08005870                vListInitialise
 .text.vListInitialiseItem
                0x080058b0       0x1c ..\obj\list.o
                0x080058b0                vListInitialiseItem
 .text.vListInsertEnd
                0x080058cc       0x50 ..\obj\list.o
                0x080058cc                vListInsertEnd
 .text.vListInsert
                0x0800591c       0x74 ..\obj\list.o
                0x0800591c                vListInsert
 .text.uxListRemove
                0x08005990       0x58 ..\obj\list.o
                0x08005990                uxListRemove
 .text.pxPortInitialiseStack
                0x080059e8       0x70 ..\obj\port.o
                0x080059e8                pxPortInitialiseStack
 .text.SVC_Handler
                0x08005a58       0x1c ..\obj\port.o
                0x08005a58                SVC_Handler
 .text.prvPortStartFirstTask
                0x08005a74       0x14 ..\obj\port.o
 .text.xPortStartScheduler
                0x08005a88       0x70 ..\obj\port.o
                0x08005a88                xPortStartScheduler
 .text.vPortYieldFromISR
                0x08005af8       0x18 ..\obj\port.o
                0x08005af8                vPortYieldFromISR
 .text.vPortEnterCritical
                0x08005b10       0x24 ..\obj\port.o
                0x08005b10                vPortEnterCritical
 .text.vPortExitCritical
                0x08005b34       0x34 ..\obj\port.o
                0x08005b34                vPortExitCritical
 .text.ulPortSetInterruptMask
                0x08005b68       0x14 ..\obj\port.o
                0x08005b68                ulPortSetInterruptMask
 .text.vPortClearInterruptMask
                0x08005b7c        0x8 ..\obj\port.o
                0x08005b7c                vPortClearInterruptMask
 .text.PendSV_Handler
                0x08005b84       0x50 ..\obj\port.o
                0x08005b84                PendSV_Handler
 .text.SysTick_Handler
                0x08005bd4       0x24 ..\obj\port.o
                0x08005bd4                SysTick_Handler
 .text.vPortSetupTimerInterrupt
                0x08005bf8       0x2c ..\obj\port.o
                0x08005bf8                vPortSetupTimerInterrupt
 .text.vPortEnableVFP
                0x08005c24       0x14 ..\obj\port.o
 .text.nrf24init
                0x08005c38      0x2c4 ..\obj\nrf24_lib.o
                0x08005c38                nrf24init
 .text.mem_cpy  0x08005efc       0x78 ..\obj\ff.o
 .text.mem_set  0x08005f74       0x44 ..\obj\ff.o
 .text.move_window
                0x08005fb8       0xd4 ..\obj\ff.o
 .text.sync     0x0800608c       0xdc ..\obj\ff.o
 .text.clust2sect
                0x08006168       0x44 ..\obj\ff.o
                0x08006168                clust2sect
 .text.get_fat  0x080061ac      0x164 ..\obj\ff.o
                0x080061ac                get_fat
 .text.put_fat  0x08006310      0x1f0 ..\obj\ff.o
                0x08006310                put_fat
 .text.create_chain
                0x08006500      0x12c ..\obj\ff.o
 .text.clmt_clust
                0x0800662c       0x70 ..\obj\ff.o
 .text.st_clust
                0x0800669c       0x30 ..\obj\ff.o
 .text.validate
                0x080066cc       0x5c ..\obj\ff.o
 .text.f_mount  0x08006728       0x64 ..\obj\ff.o
                0x08006728                f_mount
 .text.f_write  0x0800678c      0x364 ..\obj\ff.o
                0x0800678c                f_write
 .text.f_sync   0x08006af0       0xc0 ..\obj\ff.o
                0x08006af0                f_sync
 .text.SPI_I2S_DeInit
                0x08006bb0       0x88 ..\obj\stm32f4xx_spi.o
                0x08006bb0                SPI_I2S_DeInit
 .text.SPI_Init
                0x08006c38       0x88 ..\obj\stm32f4xx_spi.o
                0x08006c38                SPI_Init
 .text.SPI_Cmd  0x08006cc0       0x40 ..\obj\stm32f4xx_spi.o
                0x08006cc0                SPI_Cmd
 .text.SPI_I2S_ITConfig
                0x08006d00       0x6c ..\obj\stm32f4xx_spi.o
                0x08006d00                SPI_I2S_ITConfig
 .text.EXTI_Init
                0x08006d6c      0x138 ..\obj\stm32f4xx_exti.o
                0x08006d6c                EXTI_Init
 .text.EXTI_ClearITPendingBit
                0x08006ea4       0x20 ..\obj\stm32f4xx_exti.o
                0x08006ea4                EXTI_ClearITPendingBit
 .text.NVIC_PriorityGroupConfig
                0x08006ec4       0x28 ..\obj\misc.o
                0x08006ec4                NVIC_PriorityGroupConfig
 .text.NVIC_Init
                0x08006eec       0xe4 ..\obj\misc.o
                0x08006eec                NVIC_Init
 .text.get_fattime
                0x08006fd0       0x10 ..\obj\ff_support.o
                0x08006fd0                get_fattime
 .text.RTC_Init
                0x08006fe0       0xc0 ..\obj\stm32f4xx_rtc.o
                0x08006fe0                RTC_Init
 .text.RTC_EnterInitMode
                0x080070a0       0x94 ..\obj\stm32f4xx_rtc.o
                0x080070a0                RTC_EnterInitMode
 .text.RTC_ExitInitMode
                0x08007134       0x24 ..\obj\stm32f4xx_rtc.o
                0x08007134                RTC_ExitInitMode
 .text.RTC_WaitForSynchro
                0x08007158       0xb0 ..\obj\stm32f4xx_rtc.o
                0x08007158                RTC_WaitForSynchro
 .text.RTC_SetTime
                0x08007208      0x144 ..\obj\stm32f4xx_rtc.o
                0x08007208                RTC_SetTime
 .text.RTC_GetTime
                0x0800734c       0xa8 ..\obj\stm32f4xx_rtc.o
                0x0800734c                RTC_GetTime
 .text.RTC_SetDate
                0x080073f4      0x140 ..\obj\stm32f4xx_rtc.o
                0x080073f4                RTC_SetDate
 .text.RTC_GetDate
                0x08007534       0xa8 ..\obj\stm32f4xx_rtc.o
                0x08007534                RTC_GetDate
 .text.RTC_WakeUpClockConfig
                0x080075dc       0x6c ..\obj\stm32f4xx_rtc.o
                0x080075dc                RTC_WakeUpClockConfig
 .text.RTC_SetWakeUpCounter
                0x08007648       0x48 ..\obj\stm32f4xx_rtc.o
                0x08007648                RTC_SetWakeUpCounter
 .text.RTC_WakeUpCmd
                0x08007690       0xd8 ..\obj\stm32f4xx_rtc.o
                0x08007690                RTC_WakeUpCmd
 .text.RTC_ITConfig
                0x08007768       0xc0 ..\obj\stm32f4xx_rtc.o
                0x08007768                RTC_ITConfig
 .text.RTC_GetITStatus
                0x08007828       0x8c ..\obj\stm32f4xx_rtc.o
                0x08007828                RTC_GetITStatus
 .text.RTC_ClearITPendingBit
                0x080078b4       0x4c ..\obj\stm32f4xx_rtc.o
                0x080078b4                RTC_ClearITPendingBit
 .text.RTC_ByteToBcd2
                0x08007900       0x44 ..\obj\stm32f4xx_rtc.o
 .text.RTC_Bcd2ToByte
                0x08007944       0x40 ..\obj\stm32f4xx_rtc.o
 .text.pvPortMalloc
                0x08007984      0x15c ..\obj\heap_2.o
                0x08007984                pvPortMalloc
 .text.vPortFree
                0x08007ae0       0x88 ..\obj\heap_2.o
                0x08007ae0                vPortFree
 .text.prvHeapInit
                0x08007b68       0x6c ..\obj\heap_2.o
 .text.TIM_Cmd  0x08007bd4       0x40 ..\obj\stm32f4xx_tim.o
                0x08007bd4                TIM_Cmd
 .text.TIM_ICInit
                0x08007c14       0xa8 ..\obj\stm32f4xx_tim.o
                0x08007c14                TIM_ICInit
 .text.TIM_ICStructInit
                0x08007cbc       0x3c ..\obj\stm32f4xx_tim.o
                0x08007cbc                TIM_ICStructInit
 .text.TIM_PWMIConfig
                0x08007cf8       0xc4 ..\obj\stm32f4xx_tim.o
                0x08007cf8                TIM_PWMIConfig
 .text.TIM_GetCapture1
                0x08007dbc       0x18 ..\obj\stm32f4xx_tim.o
                0x08007dbc                TIM_GetCapture1
 .text.TIM_GetCapture2
                0x08007dd4       0x18 ..\obj\stm32f4xx_tim.o
                0x08007dd4                TIM_GetCapture2
 .text.TIM_GetCapture4
                0x08007dec       0x18 ..\obj\stm32f4xx_tim.o
                0x08007dec                TIM_GetCapture4
 .text.TIM_SetIC1Prescaler
                0x08007e04       0x38 ..\obj\stm32f4xx_tim.o
                0x08007e04                TIM_SetIC1Prescaler
 .text.TIM_SetIC2Prescaler
                0x08007e3c       0x3c ..\obj\stm32f4xx_tim.o
                0x08007e3c                TIM_SetIC2Prescaler
 .text.TIM_SetIC3Prescaler
                0x08007e78       0x38 ..\obj\stm32f4xx_tim.o
                0x08007e78                TIM_SetIC3Prescaler
 .text.TIM_SetIC4Prescaler
                0x08007eb0       0x3c ..\obj\stm32f4xx_tim.o
                0x08007eb0                TIM_SetIC4Prescaler
 .text.TIM_ITConfig
                0x08007eec       0x48 ..\obj\stm32f4xx_tim.o
                0x08007eec                TIM_ITConfig
 .text.TIM_GetITStatus
                0x08007f34       0x60 ..\obj\stm32f4xx_tim.o
                0x08007f34                TIM_GetITStatus
 .text.TIM_ClearITPendingBit
                0x08007f94       0x24 ..\obj\stm32f4xx_tim.o
                0x08007f94                TIM_ClearITPendingBit
 .text.TIM_SelectInputTrigger
                0x08007fb8       0x38 ..\obj\stm32f4xx_tim.o
                0x08007fb8                TIM_SelectInputTrigger
 .text.TIM_SelectSlaveMode
                0x08007ff0       0x38 ..\obj\stm32f4xx_tim.o
                0x08007ff0                TIM_SelectSlaveMode
 .text.TIM_SelectMasterSlaveMode
                0x08008028       0x38 ..\obj\stm32f4xx_tim.o
                0x08008028                TIM_SelectMasterSlaveMode
 .text.TI1_Config
                0x08008060       0x80 ..\obj\stm32f4xx_tim.o
 .text.TI2_Config
                0x080080e0       0x9c ..\obj\stm32f4xx_tim.o
 .text.TI3_Config
                0x0800817c       0x8c ..\obj\stm32f4xx_tim.o
 .text.TI4_Config
                0x08008208       0xa4 ..\obj\stm32f4xx_tim.o
 .text.EE_Init  0x080082ac      0x340 ..\obj\eeprom.o
                0x080082ac                EE_Init
 .text.EE_ReadVariable
                0x080085ec       0xb8 ..\obj\eeprom.o
                0x080085ec                EE_ReadVariable
 .text.EE_WriteVariable
                0x080086a4       0x48 ..\obj\eeprom.o
                0x080086a4                EE_WriteVariable
 .text.EE_Format
                0x080086ec       0x60 ..\obj\eeprom.o
 .text.EE_FindValidPage
                0x0800874c       0xa4 ..\obj\eeprom.o
 .text.EE_VerifyPageFullWriteVariable
                0x080087f0       0xcc ..\obj\eeprom.o
 .text.EE_PageTransfer
                0x080088bc      0x174 ..\obj\eeprom.o
 .text.memset   0x08008a30      0x12c c:/coocox/toolchain47/4_7_2012q4/bin/../lib/gcc/arm-none-eabi/4.7.3/../../../../arm-none-eabi/lib/armv7e-m\libg.a(lib_a-memset.o)
                0x08008a30                memset
 .text.strncpy  0x08008b5c      0x110 c:/coocox/toolchain47/4_7_2012q4/bin/../lib/gcc/arm-none-eabi/4.7.3/../../../../arm-none-eabi/lib/armv7e-m\libg.a(lib_a-strncpy.o)
                0x08008b5c                strncpy
 *(.glue_7t)
 .glue_7t       0x00000000        0x0 linker stubs
 *(.glue_7)
 .glue_7        0x00000000        0x0 linker stubs
 *(.rodata .rodata* .gnu.linkonce.r.*)
 .rodata        0x08008c6c       0x30 ..\obj\stm32f4_discovery.o
                0x08008c6c                GPIO_PIN
                0x08008c74                GPIO_CLK
                0x08008c84                BUTTON_PIN
                0x08008c88                BUTTON_CLK
                0x08008c8c                BUTTON_EXTI_LINE
                0x08008c90                BUTTON_PORT_SOURCE
                0x08008c94                BUTTON_PIN_SOURCE
                0x08008c98                BUTTON_IRQn
 .rodata        0x08008c9c      0x560 ..\obj\main.o
                0x08008c9c                menuItemArray
                0x08008e3c                fatArray
 .rodata        0x080091fc       0x40 ..\obj\hd44780_lib.o
                0x080091fc                russian
 .rodata        0x0800923c        0x8 ..\obj\tasks.o
 .rodata        0x08009244        0x2 ..\obj\heap_2.o

.vfp11_veneer   0x08009248        0x0
 .vfp11_veneer  0x00000000        0x0 linker stubs

.v4_bx          0x08009248        0x0
 .v4_bx         0x00000000        0x0 linker stubs

.iplt           0x08009248        0x0
 .iplt          0x00000000        0x0 ..\obj\unicode.o

.rel.dyn        0x08009248        0x0
 .rel.iplt      0x00000000        0x0 ..\obj\unicode.o

.ARM.extab
 *(.ARM.extab* .gnu.linkonce.armextab.*)
                0x08009248                __exidx_start = .

.ARM.exidx
 *(.ARM.exidx* .gnu.linkonce.armexidx.*)
                0x08009248                __exidx_end = .
                0x08009248                . = ALIGN (0x4)
                0x08009248                _etext = .
                0x08009248                _sidata = .

.data           0x20000000       0x40 load address 0x08009248
                0x20000000                _sdata = .
 *(.data .data.*)
 .data          0x20000000        0x1 ..\obj\mmc_stm32f4.o
 *fill*         0x20000001        0x3 00
 .data          0x20000004       0x14 ..\obj\stm32f4_discovery.o
                0x20000004                GPIO_PORT
                0x20000014                BUTTON_PORT
 .data          0x20000018        0xc ..\obj\main.o
                0x20000018                capture_is_first
                0x2000001c                VirtAddVarTab
                0x20000020                plugSettings
 .data          0x20000024       0x10 ..\obj\stm32f4xx_rcc.o
 .data          0x20000034        0x4 ..\obj\tasks.o
 .data          0x20000038        0x4 ..\obj\port.o
 .data          0x2000003c        0x4 ..\obj\heap_2.o
                0x20000040                . = ALIGN (0x4)
                0x20000040                _edata = .

.igot.plt       0x20000040        0x0 load address 0x08009288
 .igot.plt      0x00000000        0x0 ..\obj\unicode.o

.bss            0x20000040     0x5004 load address 0x08009288
                0x20000040                _sbss = .
 *(.bss .bss.*)
 .bss           0x20000040        0xc ..\obj\mmc_stm32f4.o
 .bss           0x2000004c       0x84 ..\obj\main.o
                0x2000004c                spi_irq_counter
                0x2000004d                button_code
                0x2000004e                sonar_ccnt
                0x20000050                sonar_value
                0x20000052                dht_bit_position
                0x20000053                dht_bit_ready
                0x20000054                dht_data_ready
                0x2000005e                capture1
                0x20000060                capture2
                0x20000062                capture_is_ready
                0x20000064                systick_ms
                0x20000066                buttonReverse
                0x200000b4                logInterval
                0x200000b6                VarValue
                0x200000b8                ph_seven
                0x200000bc                ph0
                0x200000c0                ph4
                0x200000c4                cdel
                0x200000c8                lastWriteTime
                0x200000cc                blinker
 .bss           0x200000d0        0x2 ..\obj\hd44780_lib.o
                0x200000d0                lcd_pointerx
                0x200000d1                lcd_pointery
 *fill*         0x200000d2        0x2 00
 .bss           0x200000d4       0xd4 ..\obj\tasks.o
                0x200000d4                pxCurrentTCB
 .bss           0x200001a8        0xc ..\obj\nrf24_lib.o
                0x200001a8                ubRxIndex
                0x200001a9                ubTxIndex
                0x200001ac                TimeOut
                0x200001b0                nrf_rx_pointer
                0x200001b1                nrf_tx_pointer
 .bss           0x200001b4        0x8 ..\obj\ff.o
 .bss           0x200001bc     0x4814 ..\obj\heap_2.o
 .bss           0x200049d0        0x2 ..\obj\eeprom.o
                0x200049d0                DataVar
 *(COMMON)
 *fill*         0x200049d2        0x2 00
 COMMON         0x200049d4       0x10 ..\obj\mmc_stm32f4.o
                0x200049d4                csd
 COMMON         0x200049e4        0x4 ..\obj\stm32f4_discovery.o
                0x200049e4                NVIC_InitStructure
 COMMON         0x200049e8      0x4d8 ..\obj\main.o
                0x200049e8                HSEStartUpStatus
                0x200049ec                cTimerStateFlags
                0x200049f0                fs
                0x20004c24                rtc_time_now_str
                0x20004c34                phBuffer
                0x20004c48                buttonBuffer
                0x20004c5c                FlashStatus
                0x20004c5d                no_sd
                0x20004c60                IC1Value
                0x20004d08                timerStateFlags
                0x20004d0c                button_ranges
                0x20004d1c                SDHC
                0x20004d20                DHTValue
                0x20004d2c                curtime
                0x20004d30                curdate
                0x20004d34                dht_rh_str
                0x20004d38                lightSensor
                0x20004d3c                plugStateFlags
                0x20004d40                GPIO_InitStructure
                0x20004d48                logString
                0x20004d88                TIM_ICInitStructure
                0x20004d94                dht_bit_array
                0x20004df8                EXTI_InitStructure
                0x20004e00                curphstr
                0x20004e08                dht_data
                0x20004e10                dht_t_str
                0x20004e14                phAdcValue
                0x20004e16                lightRange
                0x20004e18                IC2Value
 COMMON         0x20004ec0        0x4 ..\obj\hd44780_lib.o
                0x20004ec0                del
 COMMON         0x20004ec4      0x180 ..\obj\nrf24_lib.o
                0x20004ec4                nrfRxBuff
                0x20004f44                nrfTxBuff
                0x20004fc4                aRxBuffer
                0x20005044                . = ALIGN (0x4)
                0x20005044                _ebss = .

.co_stack       0x20005044      0x804 load address 0x0800e28c
                0x20005048                . = ALIGN (0x8)
 *fill*         0x20005044        0x4 00
 *(.co_stack .co_stack.*)
 .co_stack      0x20005048      0x800 ..\obj\startup_stm32f4xx.o
                0x20005048                pulStack
                0x20005848                . = ALIGN (0x4)
                0x20005848                _end = .
LOAD ..\obj\unicode.o
LOAD ..\obj\stm32f4xx_syscfg.o
LOAD ..\obj\stm32f4xx_sdio.o
LOAD ..\obj\stm32f4xx_hash.o
LOAD ..\obj\stm32f4xx_cryp_aes.o
LOAD ..\obj\rtc_support.o
LOAD ..\obj\stm32f4xx_hash_sha1.o
LOAD ..\obj\stm32f4xx_usart.o
LOAD ..\obj\stm32f4xx_pwr.o
LOAD ..\obj\mmc_stm32f4.o
LOAD ..\obj\stm32f4xx_can.o
LOAD ..\obj\stm32f4xx_wwdg.o
LOAD ..\obj\stm32f4xx_hash_md5.o
LOAD ..\obj\stm32f4xx_dac.o
LOAD ..\obj\startup_stm32f4xx.o
LOAD ..\obj\stm32f4_discovery.o
LOAD ..\obj\stm32f4xx_crc.o
LOAD ..\obj\stm32f4xx_iwdg.o
LOAD ..\obj\main.o
LOAD ..\obj\stm32f4xx_rcc.o
LOAD ..\obj\timers.o
LOAD ..\obj\hd44780_lib.o
LOAD ..\obj\stm32f4xx_adc.o
LOAD ..\obj\stm32f4xx_dcmi.o
LOAD ..\obj\ff_rtc_if.o
LOAD ..\obj\tasks.o
LOAD ..\obj\stm32f4xx_cryp_des.o
LOAD ..\obj\stm32f4xx_cryp.o
LOAD ..\obj\stm32f4xx_fsmc.o
LOAD ..\obj\stm32f4xx_gpio.o
LOAD ..\obj\stm32f4xx_flash.o
LOAD ..\obj\list.o
LOAD ..\obj\system_stm32f4xx.o
LOAD ..\obj\syscalls.o
LOAD ..\obj\stm32f4xx_dma.o
LOAD ..\obj\queue.o
LOAD ..\obj\port.o
LOAD ..\obj\charlcd.o
LOAD ..\obj\nrf24_lib.o
LOAD ..\obj\ff.o
LOAD ..\obj\croutine.o
LOAD ..\obj\stm32f4xx_spi.o
LOAD ..\obj\stm32f4xx_i2c.o
LOAD ..\obj\stm32f4xx_rng.o
LOAD ..\obj\stm32f4xx_exti.o
LOAD ..\obj\misc.o
LOAD ..\obj\ff_support.o
LOAD ..\obj\stm32f4xx_rtc.o
LOAD ..\obj\heap_2.o
LOAD ..\obj\stm32f4xx_cryp_tdes.o
LOAD ..\obj\stm32f4xx_tim.o
LOAD ..\obj\stm32f4xx_dbgmcu.o
LOAD ..\obj\eeprom.o
START GROUP
LOAD c:/coocox/toolchain47/4_7_2012q4/bin/../lib/gcc/arm-none-eabi/4.7.3/armv7e-m\libgcc.a
LOAD c:/coocox/toolchain47/4_7_2012q4/bin/../lib/gcc/arm-none-eabi/4.7.3/../../../../arm-none-eabi/lib/armv7e-m\libg.a
LOAD c:/coocox/toolchain47/4_7_2012q4/bin/../lib/gcc/arm-none-eabi/4.7.3/../../../../arm-none-eabi/lib/armv7e-m\libc.a
END GROUP
OUTPUT(freertos.elf elf32-littlearm)

.debug_info     0x00000000     0xf2f2
 .debug_info    0x00000000      0x279 ..\obj\stm32f4xx_syscfg.o
 .debug_info    0x00000279      0x543 ..\obj\stm32f4xx_pwr.o
 .debug_info    0x000007bc      0xa13 ..\obj\mmc_stm32f4.o
 .debug_info    0x000011cf      0x103 ..\obj\startup_stm32f4xx.o
 .debug_info    0x000012d2      0x8ba ..\obj\stm32f4_discovery.o
 .debug_info    0x00001b8c     0x24a3 ..\obj\main.o
 .debug_info    0x0000402f      0xd49 ..\obj\stm32f4xx_rcc.o
 .debug_info    0x00004d78      0x579 ..\obj\hd44780_lib.o
 .debug_info    0x000052f1      0x9c2 ..\obj\tasks.o
 .debug_info    0x00005cb3      0x640 ..\obj\stm32f4xx_gpio.o
 .debug_info    0x000062f3      0x78c ..\obj\stm32f4xx_flash.o
 .debug_info    0x00006a7f      0x2b6 ..\obj\list.o
 .debug_info    0x00006d35      0x233 ..\obj\port.o
 .debug_info    0x00006f68     0x1168 ..\obj\nrf24_lib.o
 .debug_info    0x000080d0     0x1f62 ..\obj\ff.o
 .debug_info    0x0000a032      0xbde ..\obj\stm32f4xx_spi.o
 .debug_info    0x0000ac10      0x373 ..\obj\stm32f4xx_exti.o
 .debug_info    0x0000af83      0x592 ..\obj\misc.o
 .debug_info    0x0000b515      0x63c ..\obj\ff_support.o
 .debug_info    0x0000bb51     0x1255 ..\obj\stm32f4xx_rtc.o
 .debug_info    0x0000cda6      0x2ab ..\obj\heap_2.o
 .debug_info    0x0000d051     0x1e7d ..\obj\stm32f4xx_tim.o
 .debug_info    0x0000eece      0x424 ..\obj\eeprom.o

.debug_abbrev   0x00000000     0x255c
 .debug_abbrev  0x00000000      0x133 ..\obj\stm32f4xx_syscfg.o
 .debug_abbrev  0x00000133      0x181 ..\obj\stm32f4xx_pwr.o
 .debug_abbrev  0x000002b4      0x2ba ..\obj\mmc_stm32f4.o
 .debug_abbrev  0x0000056e       0xb2 ..\obj\startup_stm32f4xx.o
 .debug_abbrev  0x00000620      0x185 ..\obj\stm32f4_discovery.o
 .debug_abbrev  0x000007a5      0x311 ..\obj\main.o
 .debug_abbrev  0x00000ab6      0x1e5 ..\obj\stm32f4xx_rcc.o
 .debug_abbrev  0x00000c9b      0x19f ..\obj\hd44780_lib.o
 .debug_abbrev  0x00000e3a      0x1cb ..\obj\tasks.o
 .debug_abbrev  0x00001005      0x1a5 ..\obj\stm32f4xx_gpio.o
 .debug_abbrev  0x000011aa      0x1b0 ..\obj\stm32f4xx_flash.o
 .debug_abbrev  0x0000135a       0xbe ..\obj\list.o
 .debug_abbrev  0x00001418      0x192 ..\obj\port.o
 .debug_abbrev  0x000015aa      0x223 ..\obj\nrf24_lib.o
 .debug_abbrev  0x000017cd      0x1d2 ..\obj\ff.o
 .debug_abbrev  0x0000199f      0x169 ..\obj\stm32f4xx_spi.o
 .debug_abbrev  0x00001b08      0x1a7 ..\obj\stm32f4xx_exti.o
 .debug_abbrev  0x00001caf      0x129 ..\obj\misc.o
 .debug_abbrev  0x00001dd8      0x1af ..\obj\ff_support.o
 .debug_abbrev  0x00001f87      0x1b0 ..\obj\stm32f4xx_rtc.o
 .debug_abbrev  0x00002137      0x152 ..\obj\heap_2.o
 .debug_abbrev  0x00002289      0x189 ..\obj\stm32f4xx_tim.o
 .debug_abbrev  0x00002412      0x14a ..\obj\eeprom.o

.debug_loc      0x00000000     0x6bd0
 .debug_loc     0x00000000      0x144 ..\obj\stm32f4xx_syscfg.o
 .debug_loc     0x00000144      0x288 ..\obj\stm32f4xx_pwr.o
 .debug_loc     0x000003cc      0x430 ..\obj\mmc_stm32f4.o
 .debug_loc     0x000007fc       0x64 ..\obj\startup_stm32f4xx.o
 .debug_loc     0x00000860      0x150 ..\obj\stm32f4_discovery.o
 .debug_loc     0x000009b0      0xaaa ..\obj\main.o
 .debug_loc     0x0000145a      0x97c ..\obj\stm32f4xx_rcc.o
 .debug_loc     0x00001dd6      0x2ec ..\obj\hd44780_lib.o
 .debug_loc     0x000020c2      0x494 ..\obj\tasks.o
 .debug_loc     0x00002556      0x310 ..\obj\stm32f4xx_gpio.o
 .debug_loc     0x00002866      0x624 ..\obj\stm32f4xx_flash.o
 .debug_loc     0x00002e8a      0x118 ..\obj\list.o
 .debug_loc     0x00002fa2      0x16c ..\obj\port.o
 .debug_loc     0x0000310e      0x33e ..\obj\nrf24_lib.o
 .debug_loc     0x0000344c      0xb88 ..\obj\ff.o
 .debug_loc     0x00003fd4      0x578 ..\obj\stm32f4xx_spi.o
 .debug_loc     0x0000454c      0x1b4 ..\obj\stm32f4xx_exti.o
 .debug_loc     0x00004700      0x118 ..\obj\misc.o
 .debug_loc     0x00004818       0xc8 ..\obj\ff_support.o
 .debug_loc     0x000048e0      0xc48 ..\obj\stm32f4xx_rtc.o
 .debug_loc     0x00005528      0x100 ..\obj\heap_2.o
 .debug_loc     0x00005628     0x1420 ..\obj\stm32f4xx_tim.o
 .debug_loc     0x00006a48      0x188 ..\obj\eeprom.o

.debug_aranges  0x00000000     0x1218
 .debug_aranges
                0x00000000       0x48 ..\obj\stm32f4xx_syscfg.o
 .debug_aranges
                0x00000048       0x78 ..\obj\stm32f4xx_pwr.o
 .debug_aranges
                0x000000c0       0xb8 ..\obj\mmc_stm32f4.o
 .debug_aranges
                0x00000178       0x28 ..\obj\startup_stm32f4xx.o
 .debug_aranges
                0x000001a0       0x48 ..\obj\stm32f4_discovery.o
 .debug_aranges
                0x000001e8      0x1b0 ..\obj\main.o
 .debug_aranges
                0x00000398      0x178 ..\obj\stm32f4xx_rcc.o
 .debug_aranges
                0x00000510       0x88 ..\obj\hd44780_lib.o
 .debug_aranges
                0x00000598       0xc8 ..\obj\tasks.o
 .debug_aranges
                0x00000660       0x88 ..\obj\stm32f4xx_gpio.o
 .debug_aranges
                0x000006e8      0x108 ..\obj\stm32f4xx_flash.o
 .debug_aranges
                0x000007f0       0x40 ..\obj\list.o
 .debug_aranges
                0x00000830       0x88 ..\obj\port.o
 .debug_aranges
                0x000008b8       0x90 ..\obj\nrf24_lib.o
 .debug_aranges
                0x00000948      0x1b8 ..\obj\ff.o
 .debug_aranges
                0x00000b00       0xe0 ..\obj\stm32f4xx_spi.o
 .debug_aranges
                0x00000be0       0x58 ..\obj\stm32f4xx_exti.o
 .debug_aranges
                0x00000c38       0x40 ..\obj\misc.o
 .debug_aranges
                0x00000c78       0x38 ..\obj\ff_support.o
 .debug_aranges
                0x00000cb0      0x1e0 ..\obj\stm32f4xx_rtc.o
 .debug_aranges
                0x00000e90       0x40 ..\obj\heap_2.o
 .debug_aranges
                0x00000ed0      0x2f8 ..\obj\stm32f4xx_tim.o
 .debug_aranges
                0x000011c8       0x50 ..\obj\eeprom.o

.debug_ranges   0x00000000     0x10a8
 .debug_ranges  0x00000000       0x38 ..\obj\stm32f4xx_syscfg.o
 .debug_ranges  0x00000038       0x68 ..\obj\stm32f4xx_pwr.o
 .debug_ranges  0x000000a0       0xa8 ..\obj\mmc_stm32f4.o
 .debug_ranges  0x00000148       0x18 ..\obj\startup_stm32f4xx.o
 .debug_ranges  0x00000160       0x38 ..\obj\stm32f4_discovery.o
 .debug_ranges  0x00000198      0x1a0 ..\obj\main.o
 .debug_ranges  0x00000338      0x168 ..\obj\stm32f4xx_rcc.o
 .debug_ranges  0x000004a0       0x78 ..\obj\hd44780_lib.o
 .debug_ranges  0x00000518       0xb8 ..\obj\tasks.o
 .debug_ranges  0x000005d0       0x78 ..\obj\stm32f4xx_gpio.o
 .debug_ranges  0x00000648       0xf8 ..\obj\stm32f4xx_flash.o
 .debug_ranges  0x00000740       0x30 ..\obj\list.o
 .debug_ranges  0x00000770       0x78 ..\obj\port.o
 .debug_ranges  0x000007e8       0x80 ..\obj\nrf24_lib.o
 .debug_ranges  0x00000868      0x1a8 ..\obj\ff.o
 .debug_ranges  0x00000a10       0xd0 ..\obj\stm32f4xx_spi.o
 .debug_ranges  0x00000ae0       0x48 ..\obj\stm32f4xx_exti.o
 .debug_ranges  0x00000b28       0x30 ..\obj\misc.o
 .debug_ranges  0x00000b58       0x28 ..\obj\ff_support.o
 .debug_ranges  0x00000b80      0x1d0 ..\obj\stm32f4xx_rtc.o
 .debug_ranges  0x00000d50       0x30 ..\obj\heap_2.o
 .debug_ranges  0x00000d80      0x2e8 ..\obj\stm32f4xx_tim.o
 .debug_ranges  0x00001068       0x40 ..\obj\eeprom.o

.debug_line     0x00000000     0x66d2
 .debug_line    0x00000000      0x1c8 ..\obj\stm32f4xx_syscfg.o
 .debug_line    0x000001c8      0x265 ..\obj\stm32f4xx_pwr.o
 .debug_line    0x0000042d      0x5e3 ..\obj\mmc_stm32f4.o
 .debug_line    0x00000a10       0x95 ..\obj\startup_stm32f4xx.o
 .debug_line    0x00000aa5      0x220 ..\obj\stm32f4_discovery.o
 .debug_line    0x00000cc5      0xc42 ..\obj\main.o
 .debug_line    0x00001907      0x557 ..\obj\stm32f4xx_rcc.o
 .debug_line    0x00001e5e      0x35f ..\obj\hd44780_lib.o
 .debug_line    0x000021bd      0x42f ..\obj\tasks.o
 .debug_line    0x000025ec      0x2fb ..\obj\stm32f4xx_gpio.o
 .debug_line    0x000028e7      0x448 ..\obj\stm32f4xx_flash.o
 .debug_line    0x00002d2f      0x133 ..\obj\list.o
 .debug_line    0x00002e62      0x1a7 ..\obj\port.o
 .debug_line    0x00003009      0x4c8 ..\obj\nrf24_lib.o
 .debug_line    0x000034d1     0x11eb ..\obj\ff.o
 .debug_line    0x000046bc      0x40f ..\obj\stm32f4xx_spi.o
 .debug_line    0x00004acb      0x261 ..\obj\stm32f4xx_exti.o
 .debug_line    0x00004d2c      0x201 ..\obj\misc.o
 .debug_line    0x00004f2d      0x194 ..\obj\ff_support.o
 .debug_line    0x000050c1      0x7cc ..\obj\stm32f4xx_rtc.o
 .debug_line    0x0000588d      0x15c ..\obj\heap_2.o
 .debug_line    0x000059e9      0xa35 ..\obj\stm32f4xx_tim.o
 .debug_line    0x0000641e      0x2b4 ..\obj\eeprom.o

.debug_str      0x00000000     0x5354
 .debug_str     0x00000000      0x262 ..\obj\stm32f4xx_syscfg.o
                                0x2af (size before relaxing)
 .debug_str     0x00000262      0x202 ..\obj\stm32f4xx_pwr.o
                                0x341 (size before relaxing)
 .debug_str     0x00000464      0x433 ..\obj\mmc_stm32f4.o
                                0x57d (size before relaxing)
 .debug_str     0x00000897       0xa4 ..\obj\startup_stm32f4xx.o
                                0x108 (size before relaxing)
 .debug_str     0x0000093b      0x82b ..\obj\stm32f4_discovery.o
                                0xafd (size before relaxing)
 .debug_str     0x00001166      0xcd3 ..\obj\main.o
                               0x16e5 (size before relaxing)
 .debug_str     0x00001e39      0x51a ..\obj\stm32f4xx_rcc.o
                                0x800 (size before relaxing)
 .debug_str     0x00002353       0xec ..\obj\hd44780_lib.o
                                0x3ce (size before relaxing)
 .debug_str     0x0000243f      0x5b9 ..\obj\tasks.o
                                0x6ef (size before relaxing)
 .debug_str     0x000029f8      0x1aa ..\obj\stm32f4xx_gpio.o
                                0x453 (size before relaxing)
 .debug_str     0x00002ba2      0x345 ..\obj\stm32f4xx_flash.o
                                0x537 (size before relaxing)
 .debug_str     0x00002ee7       0xc0 ..\obj\list.o
                                0x239 (size before relaxing)
 .debug_str     0x00002fa7      0x167 ..\obj\port.o
                                0x233 (size before relaxing)
 .debug_str     0x0000310e      0x305 ..\obj\nrf24_lib.o
                                0xcc5 (size before relaxing)
 .debug_str     0x00003413      0x348 ..\obj\ff.o
                                0x6a3 (size before relaxing)
 .debug_str     0x0000375b      0x317 ..\obj\stm32f4xx_spi.o
                                0x63a (size before relaxing)
 .debug_str     0x00003a72      0x10d ..\obj\stm32f4xx_exti.o
                                0x31e (size before relaxing)
 .debug_str     0x00003b7f      0x13d ..\obj\misc.o
                                0x389 (size before relaxing)
 .debug_str     0x00003cbc       0xaf ..\obj\ff_support.o
                                0x416 (size before relaxing)
 .debug_str     0x00003d6b      0x8bf ..\obj\stm32f4xx_rtc.o
                                0xb03 (size before relaxing)
 .debug_str     0x0000462a      0x158 ..\obj\heap_2.o
                                0x245 (size before relaxing)
 .debug_str     0x00004782      0xaa2 ..\obj\stm32f4xx_tim.o
                                0xd80 (size before relaxing)
 .debug_str     0x00005224      0x130 ..\obj\eeprom.o
                                0x310 (size before relaxing)

.comment        0x00000000       0x70
 .comment       0x00000000       0x70 ..\obj\stm32f4xx_syscfg.o
                                 0x71 (size before relaxing)
 .comment       0x00000000       0x71 ..\obj\stm32f4xx_pwr.o
 .comment       0x00000000       0x71 ..\obj\mmc_stm32f4.o
 .comment       0x00000000       0x71 ..\obj\startup_stm32f4xx.o
 .comment       0x00000000       0x71 ..\obj\stm32f4_discovery.o
 .comment       0x00000000       0x71 ..\obj\main.o
 .comment       0x00000000       0x71 ..\obj\stm32f4xx_rcc.o
 .comment       0x00000000       0x71 ..\obj\hd44780_lib.o
 .comment       0x00000000       0x71 ..\obj\tasks.o
 .comment       0x00000000       0x71 ..\obj\stm32f4xx_gpio.o
 .comment       0x00000000       0x71 ..\obj\stm32f4xx_flash.o
 .comment       0x00000000       0x71 ..\obj\list.o
 .comment       0x00000000       0x71 ..\obj\port.o
 .comment       0x00000000       0x71 ..\obj\nrf24_lib.o
 .comment       0x00000000       0x71 ..\obj\ff.o
 .comment       0x00000000       0x71 ..\obj\stm32f4xx_spi.o
 .comment       0x00000000       0x71 ..\obj\stm32f4xx_exti.o
 .comment       0x00000000       0x71 ..\obj\misc.o
 .comment       0x00000000       0x71 ..\obj\ff_support.o
 .comment       0x00000000       0x71 ..\obj\stm32f4xx_rtc.o
 .comment       0x00000000       0x71 ..\obj\heap_2.o
 .comment       0x00000000       0x71 ..\obj\stm32f4xx_tim.o
 .comment       0x00000000       0x71 ..\obj\eeprom.o

.ARM.attributes
                0x00000000       0x39
 .ARM.attributes
                0x00000000       0x39 ..\obj\stm32f4xx_syscfg.o
 .ARM.attributes
                0x00000039       0x39 ..\obj\stm32f4xx_pwr.o
 .ARM.attributes
                0x00000072       0x39 ..\obj\mmc_stm32f4.o
 .ARM.attributes
                0x000000ab       0x39 ..\obj\startup_stm32f4xx.o
 .ARM.attributes
                0x000000e4       0x39 ..\obj\stm32f4_discovery.o
 .ARM.attributes
                0x0000011d       0x39 ..\obj\main.o
 .ARM.attributes
                0x00000156       0x39 ..\obj\stm32f4xx_rcc.o
 .ARM.attributes
                0x0000018f       0x39 ..\obj\hd44780_lib.o
 .ARM.attributes
                0x000001c8       0x39 ..\obj\tasks.o
 .ARM.attributes
                0x00000201       0x39 ..\obj\stm32f4xx_gpio.o
 .ARM.attributes
                0x0000023a       0x39 ..\obj\stm32f4xx_flash.o
 .ARM.attributes
                0x00000273       0x39 ..\obj\list.o
 .ARM.attributes
                0x000002ac       0x39 ..\obj\port.o
 .ARM.attributes
                0x000002e5       0x39 ..\obj\nrf24_lib.o
 .ARM.attributes
                0x0000031e       0x39 ..\obj\ff.o
 .ARM.attributes
                0x00000357       0x39 ..\obj\stm32f4xx_spi.o
 .ARM.attributes
                0x00000390       0x39 ..\obj\stm32f4xx_exti.o
 .ARM.attributes
                0x000003c9       0x39 ..\obj\misc.o
 .ARM.attributes
                0x00000402       0x39 ..\obj\ff_support.o
 .ARM.attributes
                0x0000043b       0x39 ..\obj\stm32f4xx_rtc.o
 .ARM.attributes
                0x00000474       0x39 ..\obj\heap_2.o
 .ARM.attributes
                0x000004ad       0x39 ..\obj\stm32f4xx_tim.o
 .ARM.attributes
                0x000004e6       0x39 ..\obj\eeprom.o
 .ARM.attributes
                0x0000051f       0x2e c:/coocox/toolchain47/4_7_2012q4/bin/../lib/gcc/arm-none-eabi/4.7.3/../../../../arm-none-eabi/lib/armv7e-m\libg.a(lib_a-memset.o)
 .ARM.attributes
                0x0000054d       0x2e c:/coocox/toolchain47/4_7_2012q4/bin/../lib/gcc/arm-none-eabi/4.7.3/../../../../arm-none-eabi/lib/armv7e-m\libg.a(lib_a-strncpy.o)

.debug_frame    0x00000000     0x3b68
 .debug_frame   0x00000000       0xbc ..\obj\stm32f4xx_syscfg.o
 .debug_frame   0x000000bc      0x15c ..\obj\stm32f4xx_pwr.o
 .debug_frame   0x00000218      0x268 ..\obj\mmc_stm32f4.o
 .debug_frame   0x00000480       0x48 ..\obj\startup_stm32f4xx.o
 .debug_frame   0x000004c8       0xc4 ..\obj\stm32f4_discovery.o
 .debug_frame   0x0000058c      0x618 ..\obj\main.o
 .debug_frame   0x00000ba4      0x4d8 ..\obj\stm32f4xx_rcc.o
 .debug_frame   0x0000107c      0x1b8 ..\obj\hd44780_lib.o
 .debug_frame   0x00001234      0x2a4 ..\obj\tasks.o
 .debug_frame   0x000014d8      0x19c ..\obj\stm32f4xx_gpio.o
 .debug_frame   0x00001674      0x360 ..\obj\stm32f4xx_flash.o
 .debug_frame   0x000019d4       0x9c ..\obj\list.o
 .debug_frame   0x00001a70      0x144 ..\obj\port.o
 .debug_frame   0x00001bb4      0x1e4 ..\obj\nrf24_lib.o
 .debug_frame   0x00001d98      0x66c ..\obj\ff.o
 .debug_frame   0x00002404      0x2d0 ..\obj\stm32f4xx_spi.o
 .debug_frame   0x000026d4       0xec ..\obj\stm32f4xx_exti.o
 .debug_frame   0x000027c0       0x9c ..\obj\misc.o
 .debug_frame   0x0000285c       0x80 ..\obj\ff_support.o
 .debug_frame   0x000028dc      0x670 ..\obj\stm32f4xx_rtc.o
 .debug_frame   0x00002f4c       0x9c ..\obj\heap_2.o
 .debug_frame   0x00002fe8      0xa3c ..\obj\stm32f4xx_tim.o
 .debug_frame   0x00003a24       0xec ..\obj\eeprom.o
 .debug_frame   0x00003b10       0x2c c:/coocox/toolchain47/4_7_2012q4/bin/../lib/gcc/arm-none-eabi/4.7.3/../../../../arm-none-eabi/lib/armv7e-m\libg.a(lib_a-memset.o)
 .debug_frame   0x00003b3c       0x2c c:/coocox/toolchain47/4_7_2012q4/bin/../lib/gcc/arm-none-eabi/4.7.3/../../../../arm-none-eabi/lib/armv7e-m\libg.a(lib_a-strncpy.o)
