Archive member included because of file (symbol)

c:/coocox/toolchain47/4_7_2012q4/bin/../lib/gcc/arm-none-eabi/4.7.3/../../../../arm-none-eabi/lib/armv7-m\libg.a(lib_a-memcpy.o)
                              ..\obj\queue.o (memcpy)
c:/coocox/toolchain47/4_7_2012q4/bin/../lib/gcc/arm-none-eabi/4.7.3/../../../../arm-none-eabi/lib/armv7-m\libg.a(lib_a-memset.o)
                              ..\obj\tasks.o (memset)
c:/coocox/toolchain47/4_7_2012q4/bin/../lib/gcc/arm-none-eabi/4.7.3/../../../../arm-none-eabi/lib/armv7-m\libg.a(lib_a-strncpy.o)
                              ..\obj\tasks.o (strncpy)

Allocating common symbols
Common symbol       size              file

del                 0x4               ..\obj\main.o
TxDataReady         0x1               ..\obj\main.o
ecAdcValue          0x2               ..\obj\main.o
ecWindowTop         0x2               ..\obj\main.o
HSEStartUpStatus    0x1               ..\obj\main.o
ecWindowBottom      0x2               ..\obj\main.o
cTimerStateFlags    0x4               ..\obj\main.o
dosingPumpStateFlags
                    0x1               ..\obj\main.o
wpStateFlags        0x1               ..\obj\main.o
fs                  0x230             ..\obj\main.o
TxByte              0x1               ..\obj\main.o
circulationPumpId   0x1               ..\obj\main.o
phBuffer            0x14              ..\obj\main.o
ecBuffer            0x14              ..\obj\main.o
FlashStatus         0x1               ..\obj\main.o
no_sd               0x4               ..\obj\main.o
rhWindowTop         0x2               ..\obj\main.o
RxByte              0x1               ..\obj\main.o
timerStateFlags     0x4               ..\obj\main.o
RxDataReady         0x1               ..\obj\main.o
waterSensorStateFlags
                    0x1               ..\obj\main.o
button_ranges       0x10              ..\obj\main.o
DHTValue            0x6               ..\obj\main.o
phWindowBottom      0x2               ..\obj\main.o
toAdjust            0x3               ..\obj\main.o
RxBuffer            0xa               ..\obj\main.o
dht_rh_str          0x4               ..\obj\main.o
lightSensor         0x1               ..\obj\main.o
wsl_buff            0x3               ..\obj\main.o
plugStateFlags      0x4               ..\obj\main.o
TIM_ICInitStructure
                    0xa               ..\obj\main.o
curculationPumpId   0x1               ..\obj\main.o
dht_bit_array       0x64              ..\obj\main.o
phWindowTop         0x2               ..\obj\main.o
curphstr            0x5               ..\obj\main.o
dht_data            0x5               ..\obj\main.o
dht_t_str           0x4               ..\obj\main.o
curecstr            0x5               ..\obj\main.o
phAdcValue          0x2               ..\obj\main.o
lightRange          0x2               ..\obj\main.o
rhWindowBottom      0x2               ..\obj\main.o
log_str             0x40              ..\obj\main.o

Discarded input sections

 .text          0x00000000        0x0 ..\obj\stm32f10x_tim.o
 .data          0x00000000        0x0 ..\obj\stm32f10x_tim.o
 .bss           0x00000000        0x0 ..\obj\stm32f10x_tim.o
 .text.TIM_DeInit
                0x00000000      0x2b0 ..\obj\stm32f10x_tim.o
 .text.TIM_ICInit
                0x00000000       0xa8 ..\obj\stm32f10x_tim.o
 .text.TIM_BDTRConfig
                0x00000000       0x50 ..\obj\stm32f10x_tim.o
 .text.TIM_ICStructInit
                0x00000000       0x3c ..\obj\stm32f10x_tim.o
 .text.TIM_BDTRStructInit
                0x00000000       0x4c ..\obj\stm32f10x_tim.o
 .text.TIM_CtrlPWMOutputs
                0x00000000       0x50 ..\obj\stm32f10x_tim.o
 .text.TIM_GenerateEvent
                0x00000000       0x1c ..\obj\stm32f10x_tim.o
 .text.TIM_DMAConfig
                0x00000000       0x28 ..\obj\stm32f10x_tim.o
 .text.TIM_DMACmd
                0x00000000       0x48 ..\obj\stm32f10x_tim.o
 .text.TIM_InternalClockConfig
                0x00000000       0x24 ..\obj\stm32f10x_tim.o
 .text.TIM_ITRxExternalClockConfig
                0x00000000       0x30 ..\obj\stm32f10x_tim.o
 .text.TIM_TIxExternalClockConfig
                0x00000000       0x58 ..\obj\stm32f10x_tim.o
 .text.TIM_ETRClockMode1Config
                0x00000000       0x54 ..\obj\stm32f10x_tim.o
 .text.TIM_ETRClockMode2Config
                0x00000000       0x34 ..\obj\stm32f10x_tim.o
 .text.TIM_ETRConfig
                0x00000000       0x4c ..\obj\stm32f10x_tim.o
 .text.TIM_PrescalerConfig
                0x00000000       0x28 ..\obj\stm32f10x_tim.o
 .text.TIM_CounterModeConfig
                0x00000000       0x38 ..\obj\stm32f10x_tim.o
 .text.TIM_EncoderInterfaceConfig
                0x00000000       0x94 ..\obj\stm32f10x_tim.o
 .text.TIM_ForcedOC1Config
                0x00000000       0x38 ..\obj\stm32f10x_tim.o
 .text.TIM_ForcedOC2Config
                0x00000000       0x40 ..\obj\stm32f10x_tim.o
[...]
Memory Configuration

Name             Origin             Length             Attributes
rom              0x08000000         0x00020000         xr
ram              0x20000000         0x00002000         xrw
*default*        0x00000000         0xffffffff

Linker script and memory map

                0x20002000                _eram = 0x20002000

.text           0x08000000    0x10d82
 *(.isr_vector .isr_vector.*)
 .isr_vector    0x08000000      0x124 ..\obj\startup_stm32f10x_md_vl.o
                0x08000000                g_pfnVectors
 *(.text .text.* .gnu.linkonce.t.*)
 .text.TIM_TimeBaseInit
                0x08000124      0x11c ..\obj\stm32f10x_tim.o
                0x08000124                TIM_TimeBaseInit
 .text.TIM_OC1Init
                0x08000240      0x128 ..\obj\stm32f10x_tim.o
                0x08000240                TIM_OC1Init
 .text.TIM_OC2Init
                0x08000368      0x128 ..\obj\stm32f10x_tim.o
                0x08000368                TIM_OC2Init
 .text.TIM_OC3Init
                0x08000490      0x120 ..\obj\stm32f10x_tim.o
                0x08000490                TIM_OC3Init
 .text.TIM_OC4Init
                0x080005b0       0xe0 ..\obj\stm32f10x_tim.o
                0x080005b0                TIM_OC4Init
 .text.TIM_PWMIConfig
                0x08000690       0xc4 ..\obj\stm32f10x_tim.o
                0x08000690                TIM_PWMIConfig
 .text.TIM_TimeBaseStructInit
                0x08000754       0x3c ..\obj\stm32f10x_tim.o
                0x08000754                TIM_TimeBaseStructInit
 .text.TIM_OCStructInit
                0x08000790       0x54 ..\obj\stm32f10x_tim.o
                0x08000790                TIM_OCStructInit
 .text.TIM_Cmd  0x080007e4       0x40 ..\obj\stm32f10x_tim.o
                0x080007e4                TIM_Cmd
 .text.TIM_ITConfig
                0x08000824       0x48 ..\obj\stm32f10x_tim.o
                0x08000824                TIM_ITConfig
 .text.TIM_SelectInputTrigger
                0x0800086c       0x38 ..\obj\stm32f10x_tim.o
                0x0800086c                TIM_SelectInputTrigger
 .text.TIM_SelectSlaveMode
                0x080008a4       0x38 ..\obj\stm32f10x_tim.o
                0x080008a4                TIM_SelectSlaveMode
 .text.TIM_SelectMasterSlaveMode
                0x080008dc       0x38 ..\obj\stm32f10x_tim.o
                0x080008dc                TIM_SelectMasterSlaveMode
 .text.TIM_SetIC1Prescaler
                0x08000914       0x38 ..\obj\stm32f10x_tim.o
                0x08000914                TIM_SetIC1Prescaler
 .text.TIM_SetIC2Prescaler
                0x0800094c       0x3c ..\obj\stm32f10x_tim.o
                0x0800094c                TIM_SetIC2Prescaler
 .text.TIM_GetCapture1
                0x08000988       0x1c ..\obj\stm32f10x_tim.o
                0x08000988                TIM_GetCapture1
 .text.TIM_GetCapture2
                0x080009a4       0x1c ..\obj\stm32f10x_tim.o
                0x080009a4                TIM_GetCapture2
 .text.TIM_ClearITPendingBit
                0x080009c0       0x24 ..\obj\stm32f10x_tim.o
                0x080009c0                TIM_ClearITPendingBit
 .text.TI1_Config
                0x080009e4       0xe4 ..\obj\stm32f10x_tim.o
 .text.TI2_Config
                0x08000ac8      0x104 ..\obj\stm32f10x_tim.o
 .text.Default_Reset_Handler
                0x08000bcc       0x70 ..\obj\startup_stm32f10x_md_vl.o
                0x08000bcc                Default_Reset_Handler
                0x08000bcc                Reset_Handler
 .text.Default_Handler
                0x08000c3c        0x8 ..\obj\startup_stm32f10x_md_vl.o
                0x08000c3c                DebugMon_Handler
                0x08000c3c                TIM1_CC_IRQHandler
                0x08000c3c                HardFault_Handler
                0x08000c3c                PVD_IRQHandler
                0x08000c3c                NMI_Handler
                0x08000c3c                EXTI3_IRQHandler
                0x08000c3c                I2C2_EV_IRQHandler
                0x08000c3c                TIM1_UP_TIM16_IRQHandler
                0x08000c3c                UsageFault_Handler
                0x08000c3c                SPI1_IRQHandler
                0x08000c3c                TAMPER_IRQHandler
                0x08000c3c                TIM6_DAC_IRQHandler
                0x08000c3c                ADC1_IRQHandler
                0x08000c3c                USART3_IRQHandler
                0x08000c3c                RTC_IRQHandler
                0x08000c3c                DMA1_Channel7_IRQHandler
                0x08000c3c                TIM4_IRQHandler
                0x08000c3c                I2C1_EV_IRQHandler
                0x08000c3c                DMA1_Channel6_IRQHandler
                0x08000c3c                RCC_IRQHandler
                0x08000c3c                DMA1_Channel1_IRQHandler
                0x08000c3c                CEC_IRQHandler
                0x08000c3c                TIM7_IRQHandler
                0x08000c3c                SPI2_IRQHandler
                0x08000c3c                MemManage_Handler
                0x08000c3c                EXTI4_IRQHandler
                0x08000c3c                TIM1_TRG_COM_TIM17_IRQHandler
                0x08000c3c                DMA1_Channel3_IRQHandler
                0x08000c3c                WWDG_IRQHandler
                0x08000c3c                TIM2_IRQHandler
                0x08000c3c                RTCAlarm_IRQHandler
                0x08000c3c                USART2_IRQHandler
                0x08000c3c                I2C2_ER_IRQHandler
                0x08000c3c                DMA1_Channel2_IRQHandler
                0x08000c3c                FLASH_IRQHandler
                0x08000c3c                BusFault_Handler
                0x08000c3c                I2C1_ER_IRQHandler
 .text.SystemInit
                0x08000c44       0xb8 ..\obj\system_stm32f10x.o
                0x08000c44                SystemInit
 .text.SetSysClock
                0x08000cfc        0xc ..\obj\system_stm32f10x.o
 .text.SetSysClockTo24
                0x08000d08      0x15c ..\obj\system_stm32f10x.o
 .text.interface_speed
                0x08000e64       0x4c ..\obj\diskio.o
 .text.card_power
                0x08000eb0       0x14 ..\obj\diskio.o
 .text.chk_power
                0x08000ec4       0x10 ..\obj\diskio.o
 .text.stm32_spi_rw
                0x08000ed4       0x50 ..\obj\diskio.o
 .text.rcvr_spi
                0x08000f24       0x14 ..\obj\diskio.o
 .text.wait_ready
                0x08000f38       0x40 ..\obj\diskio.o
 .text.release_spi
                0x08000f78       0x1c ..\obj\diskio.o
 .text.stm32_dma_transfer
                0x08000f94      0x174 ..\obj\diskio.o
 .text.power_on
                0x08001108      0x240 ..\obj\diskio.o
 .text.power_off
                0x08001348       0xa4 ..\obj\diskio.o
 .text.rcvr_datablock
                0x080013ec       0x64 ..\obj\diskio.o
 .text.xmit_datablock
                0x08001450       0x70 ..\obj\diskio.o
 .text.send_cmd
                0x080014c0      0x104 ..\obj\diskio.o
 .text.disk_initialize
                0x080015c4      0x21c ..\obj\diskio.o
                0x080015c4                disk_initialize
 .text.disk_status
                0x080017e0       0x30 ..\obj\diskio.o
                0x080017e0                disk_status
 .text.disk_read
                0x08001810       0xec ..\obj\diskio.o
                0x08001810                disk_read
 .text.disk_write
                0x080018fc      0x134 ..\obj\diskio.o
                0x080018fc                disk_write
 .text.disk_ioctl
                0x08001a30      0x444 ..\obj\diskio.o
                0x08001a30                disk_ioctl
 .text.GPIO_Init
                0x08001e74      0x1b0 ..\obj\stm32f10x_gpio.o
                0x08001e74                GPIO_Init
 .text.GPIO_StructInit
                0x08002024       0x2c ..\obj\stm32f10x_gpio.o
                0x08002024                GPIO_StructInit
 .text.GPIO_SetBits
                0x08002050       0x1c ..\obj\stm32f10x_gpio.o
                0x08002050                GPIO_SetBits
 .text.GPIO_ResetBits
                0x0800206c       0x1c ..\obj\stm32f10x_gpio.o
                0x0800206c                GPIO_ResetBits
 .text.GPIO_PinRemapConfig
                0x08002088      0x120 ..\obj\stm32f10x_gpio.o
                0x08002088                GPIO_PinRemapConfig
 .text.GPIO_EXTILineConfig
                0x080021a8       0xb0 ..\obj\stm32f10x_gpio.o
                0x080021a8                GPIO_EXTILineConfig
 .text.NVIC_EnableIRQ
                0x08002258       0x38 ..\obj\main.o
 .text.comm_manager
                0x08002290      0x1f4 ..\obj\main.o
                0x08002290                comm_manager
 .text.USART1_IRQHandler
                0x08002484      0x284 ..\obj\main.o
                0x08002484                USART1_IRQHandler
 .text.DMA1_Channel4_IRQHandler
                0x08002708       0x14 ..\obj\main.o
                0x08002708                DMA1_Channel4_IRQHandler
 .text.DMA1_Channel5_IRQHandler
                0x0800271c       0x14 ..\obj\main.o
                0x0800271c                DMA1_Channel5_IRQHandler
 .text.bluetooth_init
                0x08002730      0x12c ..\obj\main.o
                0x08002730                bluetooth_init
 .text.water_sensor_input_init
                0x0800285c      0x124 ..\obj\main.o
                0x0800285c                water_sensor_input_init
 .text.dosing_motor_control_init
                0x08002980       0xfc ..\obj\main.o
                0x08002980                dosing_motor_control_init
 .text.waterSensorStateTrigger
                0x08002a7c       0xe8 ..\obj\main.o
                0x08002a7c                waterSensorStateTrigger
 .text.open_valve
                0x08002b64       0x1c ..\obj\main.o
                0x08002b64                open_valve
 .text.close_valve
                0x08002b80       0x20 ..\obj\main.o
                0x08002b80                close_valve
 .text.valve_status_updater
                0x08002ba0        0xc ..\obj\main.o
 .text.EXTI9_5_IRQHandler
                0x08002bac       0x20 ..\obj\main.o
                0x08002bac                EXTI9_5_IRQHandler
 .text.EXTI0_IRQHandler
                0x08002bcc       0x10 ..\obj\main.o
                0x08002bcc                EXTI0_IRQHandler
 .text.EXTI1_IRQHandler
                0x08002bdc       0x10 ..\obj\main.o
                0x08002bdc                EXTI1_IRQHandler
 .text.EXTI2_IRQHandler
                0x08002bec       0x10 ..\obj\main.o
                0x08002bec                EXTI2_IRQHandler
 .text.EXTI15_10_IRQHandler
                0x08002bfc       0x20 ..\obj\main.o
                0x08002bfc                EXTI15_10_IRQHandler
 .text.valve_test
                0x08002c1c       0x50 ..\obj\main.o
                0x08002c1c                valve_test
 .text.water_program_setup
                0x08002c6c      0x410 ..\obj\main.o
                0x08002c6c                water_program_setup
 .text.fertilization_setup
                0x0800307c       0x40 ..\obj\main.o
                0x0800307c                fertilization_setup
 .text.watering_setup
                0x080030bc       0x40 ..\obj\main.o
                0x080030bc                watering_setup
 .text.fertilizer_mixing_program_setup
                0x080030fc      0x1f0 ..\obj\main.o
                0x080030fc                fertilizer_mixing_program_setup
 .text.startWp  0x080032ec       0xf8 ..\obj\main.o
                0x080032ec                startWp
 .text.run_watering_program
                0x080033e4      0x3f4 ..\obj\main.o
                0x080033e4                run_watering_program
 .text.run_fertilizer_mixer
                0x080037d8       0xc4 ..\obj\main.o
                0x080037d8                run_fertilizer_mixer
 .text.run_circulation_pump
                0x0800389c       0x64 ..\obj\main.o
                0x0800389c                run_circulation_pump
 .text.enable_dosing_pump
                0x08003900      0x120 ..\obj\main.o
                0x08003900                enable_dosing_pump
 .text.watering_program_trigger
                0x08003a20      0x154 ..\obj\main.o
 .text.dht_init
                0x08003b74      0x11c ..\obj\main.o
                0x08003b74                dht_init
 .text.dht_init_out
                0x08003c90       0x3c ..\obj\main.o
                0x08003c90                dht_init_out
 .text.TIM3_IRQHandler
                0x08003ccc       0xf4 ..\obj\main.o
                0x08003ccc                TIM3_IRQHandler
 .text.TIM1_BRK_TIM15_IRQHandler
                0x08003dc0       0xc8 ..\obj\main.o
                0x08003dc0                TIM1_BRK_TIM15_IRQHandler
 .text.dht_get_data
                0x08003e88       0xb8 ..\obj\main.o
                0x08003e88                dht_get_data
 .text.dht_conv_data
                0x08003f40      0x408 ..\obj\main.o
                0x08003f40                dht_conv_data
 .text.dht_arr_displayer
                0x08004348      0x128 ..\obj\main.o
                0x08004348                dht_arr_displayer
 .text.adc2ph   0x08004470       0x44 ..\obj\main.o
                0x08004470                adc2ph
 .text.ph2adc   0x080044b4       0x50 ..\obj\main.o
                0x080044b4                ph2adc
 .text.phStabSettings
                0x08004504       0xd4 ..\obj\main.o
                0x08004504                phStabSettings
 .text.readPercentVal
                0x080045d8      0x154 ..\obj\main.o
                0x080045d8                readPercentVal
 .text.hygroStatSettings
                0x0800472c       0xb4 ..\obj\main.o
                0x0800472c                hygroStatSettings
 .text.convPh2str
                0x080047e0      0x114 ..\obj\main.o
                0x080047e0                convPh2str
 .text.readPhVal
                0x080048f4       0xcc ..\obj\main.o
                0x080048f4                readPhVal
 .text.adc2str  0x080049c0      0x45c ..\obj\main.o
                0x080049c0                adc2str
 .text.Delay_us
                0x08004e1c       0x38 ..\obj\main.o
                0x08004e1c                Delay_us
 .text.get_average_adc
                0x08004e54       0x54 ..\obj\main.o
                0x08004e54                get_average_adc
 .text.buttonCalibration
                0x08004ea8      0x380 ..\obj\main.o
                0x08004ea8                buttonCalibration
 .text.displayAdcValues
                0x08005228      0x158 ..\obj\main.o
                0x08005228                displayAdcValues
 .text.display_usart_rx
                0x08005380       0x58 ..\obj\main.o
                0x08005380                display_usart_rx
 .text.saveButtonRanges
                0x080053d8       0x44 ..\obj\main.o
                0x080053d8                saveButtonRanges
 .text.readButtonRanges
                0x0800541c       0x48 ..\obj\main.o
                0x0800541c                readButtonRanges
 .text.sdLog    0x08005464      0x4ac ..\obj\main.o
 .text.string2log
                0x08005910      0x108 ..\obj\main.o
                0x08005910                string2log
 .text.calibratePh
                0x08005a18      0x214 ..\obj\main.o
                0x08005a18                calibratePh
 .text.calibrateEc
                0x08005c2c      0x254 ..\obj\main.o
                0x08005c2c                calibrateEc
 .text.getPh    0x08005e80      0x1f8 ..\obj\main.o
                0x08005e80                getPh
 .text.getEc    0x08006078      0x234 ..\obj\main.o
                0x08006078                getEc
 .text.setPlug  0x080062ac      0x124 ..\obj\main.o
                0x080062ac                setPlug
 .text.timerStateTrigger
                0x080063d0      0x238 ..\obj\main.o
 .text.plugStateTrigger
                0x08006608      0x2ec ..\obj\main.o
 .text.plugStateSet
                0x080068f4       0x90 ..\obj\main.o
                0x080068f4                plugStateSet
 .text.EE_WriteWord
                0x08006984       0x40 ..\obj\main.o
                0x08006984                EE_WriteWord
 .text.programRunner
                0x080069c4      0x14c ..\obj\main.o
                0x080069c4                programRunner
 .text.phMonSettings
                0x08006b10       0xf0 ..\obj\main.o
                0x08006b10                phMonSettings
 .text.adjust8bit
                0x08006c00       0xc0 ..\obj\main.o
                0x08006c00                adjust8bit
 .text.adjust16bit
                0x08006cc0      0x100 ..\obj\main.o
                0x08006cc0                adjust16bit
 .text.CTimerAdjust
                0x08006dc0      0x1e0 ..\obj\main.o
                0x08006dc0                CTimerAdjust
 .text.setCTimer
                0x08006fa0      0x134 ..\obj\main.o
                0x08006fa0                setCTimer
 .text.setTimer
                0x080070d4      0x130 ..\obj\main.o
                0x080070d4                setTimer
 .text.timeAdjust
                0x08007204      0x32c ..\obj\main.o
                0x08007204                timeAdjust
 .text.Lcd_write_arr
                0x08007530       0x40 ..\obj\main.o
                0x08007530                Lcd_write_arr
 .text.unix2DateTime
                0x08007570      0x3a0 ..\obj\main.o
                0x08007570                unix2DateTime
 .text.DateTime2unix
                0x08007910      0x1a8 ..\obj\main.o
                0x08007910                DateTime2unix
 .text.menuSelector
                0x08007ab8      0x1b0 ..\obj\main.o
                0x08007ab8                menuSelector
 .text.RTC_GetCounter
                0x08007c68       0x2c ..\obj\main.o
                0x08007c68                RTC_GetCounter
 .text.RTC_SetCounter
                0x08007c94       0x6c ..\obj\main.o
                0x08007c94                RTC_SetCounter
 .text.RtcInit  0x08007d00      0x144 ..\obj\main.o
                0x08007d00                RtcInit
 .text.phMonitor
                0x08007e44       0xbc ..\obj\main.o
 .text.copy_arr
                0x08007f00       0x4c ..\obj\main.o
                0x08007f00                copy_arr
 .text.displayClock
                0x08007f4c      0x28c ..\obj\main.o
 .text.readButtons
                0x080081d8       0x7c ..\obj\main.o
                0x080081d8                readButtons
 .text.AdcInit  0x08008254      0x270 ..\obj\main.o
                0x08008254                AdcInit
 .text.Lcd_write_digit
                0x080084c4      0x1a0 ..\obj\main.o
                0x080084c4                Lcd_write_digit
 .text.prvSetupHardware
                0x08008664       0xe4 ..\obj\main.o
 .text.vTaskLCDdraw
                0x08008748       0x4c ..\obj\main.o
 .text.int32str
                0x08008794      0x2ac ..\obj\main.o
                0x08008794                int32str
 .text.int10str
                0x08008a40      0x114 ..\obj\main.o
                0x08008a40                int10str
 .text.EE_ReadWord
                0x08008b54       0x4c ..\obj\main.o
                0x08008b54                EE_ReadWord
 .text.flush_lcd_buffer
                0x08008ba0       0x4c ..\obj\main.o
                0x08008ba0                flush_lcd_buffer
 .text.setPwmDc
                0x08008bec       0x5c ..\obj\main.o
                0x08008bec                setPwmDc
 .text.main     0x08008c48      0x27c ..\obj\main.o
                0x08008c48                main
 .text.loadSettings
                0x08008ec4      0xbdc ..\obj\main.o
                0x08008ec4                loadSettings
 .text.set4highBits
                0x08009aa0      0x104 ..\obj\main.o
                0x08009aa0                set4highBits
 .text.Lcd_write_str
                0x08009ba4       0xa8 ..\obj\main.o
                0x08009ba4                Lcd_write_str
 .text.Lcd_goto
                0x08009c4c       0x50 ..\obj\main.o
                0x08009c4c                Lcd_goto
 .text.Init_pin_out
                0x08009c9c       0x40 ..\obj\main.o
                0x08009c9c                Init_pin_out
 .text.Lcd_write_cmd
                0x08009cdc       0xdc ..\obj\main.o
                0x08009cdc                Lcd_write_cmd
 .text.Lcd_write_data
                0x08009db8      0x13c ..\obj\main.o
                0x08009db8                Lcd_write_data
 .text.set4lowBits
                0x08009ef4      0x104 ..\obj\main.o
                0x08009ef4                set4lowBits
 .text.Init_lcd
                0x08009ff8       0xbc ..\obj\main.o
                0x08009ff8                Init_lcd
 .text.Lcd_clear
                0x0800a0b4       0x20 ..\obj\main.o
                0x0800a0b4                Lcd_clear
 .text.xTimerCreateTimerTask
                0x0800a0d4       0x70 ..\obj\timers.o
                0x0800a0d4                xTimerCreateTimerTask
 .text.xTimerGenericCommand
                0x0800a144       0xac ..\obj\timers.o
                0x0800a144                xTimerGenericCommand
 .text.prvProcessExpiredTimer
                0x0800a1f0       0x80 ..\obj\timers.o
 .text.prvTimerTask
                0x0800a270       0x24 ..\obj\timers.o
 .text.prvProcessTimerOrBlockTask
                0x0800a294       0x74 ..\obj\timers.o
 .text.prvGetNextExpireTime
                0x0800a308       0x54 ..\obj\timers.o
 .text.prvSampleTimeNow
                0x0800a35c       0x58 ..\obj\timers.o
 .text.prvInsertTimerInActiveList
                0x0800a3b4       0x94 ..\obj\timers.o
 .text.prvProcessReceivedCommands
                0x0800a448      0x114 ..\obj\timers.o
 .text.prvSwitchTimerLists
                0x0800a55c       0xec ..\obj\timers.o
 .text.prvCheckForValidListAndQueue
                0x0800a648       0x74 ..\obj\timers.o
 .text.RCC_GetClocksFreq
                0x0800a6bc      0x1cc ..\obj\stm32f10x_rcc.o
                0x0800a6bc                RCC_GetClocksFreq
 .text.RCC_AHBPeriphClockCmd
                0x0800a888       0x54 ..\obj\stm32f10x_rcc.o
                0x0800a888                RCC_AHBPeriphClockCmd
 .text.RCC_APB2PeriphClockCmd
                0x0800a8dc       0x54 ..\obj\stm32f10x_rcc.o
                0x0800a8dc                RCC_APB2PeriphClockCmd
 .text.RCC_APB1PeriphClockCmd
                0x0800a930       0x54 ..\obj\stm32f10x_rcc.o
                0x0800a930                RCC_APB1PeriphClockCmd
 .text.RCC_APB2PeriphResetCmd
                0x0800a984       0x54 ..\obj\stm32f10x_rcc.o
                0x0800a984                RCC_APB2PeriphResetCmd
 .text.RCC_APB1PeriphResetCmd
                0x0800a9d8       0x54 ..\obj\stm32f10x_rcc.o
                0x0800a9d8                RCC_APB1PeriphResetCmd
 .text.EXTI_Init
                0x0800aa2c      0x138 ..\obj\stm32f10x_exti.o
                0x0800aa2c                EXTI_Init
 .text.EXTI_ClearITPendingBit
                0x0800ab64       0x20 ..\obj\stm32f10x_exti.o
                0x0800ab64                EXTI_ClearITPendingBit
 .text.xTaskGenericCreate
                0x0800ab84      0x1f4 ..\obj\tasks.o
                0x0800ab84                xTaskGenericCreate
 .text.vTaskDelay
                0x0800ad78       0x5c ..\obj\tasks.o
                0x0800ad78                vTaskDelay
 .text.vTaskStartScheduler
                0x0800add4       0x90 ..\obj\tasks.o
                0x0800add4                vTaskStartScheduler
 .text.vTaskSuspendAll
                0x0800ae64       0x24 ..\obj\tasks.o
                0x0800ae64                vTaskSuspendAll
 .text.xTaskResumeAll
                0x0800ae88      0x168 ..\obj\tasks.o
                0x0800ae88                xTaskResumeAll
 .text.xTaskGetTickCount
                0x0800aff0       0x28 ..\obj\tasks.o
                0x0800aff0                xTaskGetTickCount
 .text.vTaskIncrementTick
                0x0800b018      0x1d0 ..\obj\tasks.o
                0x0800b018                vTaskIncrementTick
 .text.vTaskSwitchContext
                0x0800b1e8       0xdc ..\obj\tasks.o
                0x0800b1e8                vTaskSwitchContext
 .text.vTaskPlaceOnEventList
                0x0800b2c4       0x88 ..\obj\tasks.o
                0x0800b2c4                vTaskPlaceOnEventList
 .text.vTaskPlaceOnEventListRestricted
                0x0800b34c       0x64 ..\obj\tasks.o
                0x0800b34c                vTaskPlaceOnEventListRestricted
 .text.xTaskRemoveFromEventList
                0x0800b3b0       0xd4 ..\obj\tasks.o
                0x0800b3b0                xTaskRemoveFromEventList
 .text.vTaskSetTimeOutState
                0x0800b484       0x40 ..\obj\tasks.o
                0x0800b484                vTaskSetTimeOutState
 .text.xTaskCheckForTimeOut
                0x0800b4c4       0xc4 ..\obj\tasks.o
                0x0800b4c4                xTaskCheckForTimeOut
 .text.vTaskMissedYield
                0x0800b588       0x18 ..\obj\tasks.o
                0x0800b588                vTaskMissedYield
 .text.prvIdleTask
                0x0800b5a0       0x24 ..\obj\tasks.o
 .text.prvInitialiseTCBVariables
                0x0800b5c4       0x78 ..\obj\tasks.o
 .text.prvInitialiseTaskLists
                0x0800b63c       0xa4 ..\obj\tasks.o
 .text.prvCheckTasksWaitingTermination
                0x0800b6e0       0x98 ..\obj\tasks.o
 .text.prvAddCurrentTaskToDelayedList
                0x0800b778       0x8c ..\obj\tasks.o
 .text.prvAllocateTCBAndStack
                0x0800b804       0x70 ..\obj\tasks.o
 .text.prvDeleteTCB
                0x0800b874       0x20 ..\obj\tasks.o
 .text.xTaskGetCurrentTaskHandle
                0x0800b894       0x20 ..\obj\tasks.o
                0x0800b894                xTaskGetCurrentTaskHandle
 .text.xTaskGetSchedulerState
                0x0800b8b4       0x48 ..\obj\tasks.o
                0x0800b8b4                xTaskGetSchedulerState
 .text.vTaskPriorityInherit
                0x0800b8fc       0xe4 ..\obj\tasks.o
                0x0800b8fc                vTaskPriorityInherit
 .text.vTaskPriorityDisinherit
                0x0800b9e0       0x90 ..\obj\tasks.o
                0x0800b9e0                vTaskPriorityDisinherit
 .text.USART_DeInit
                0x0800ba70       0xd8 ..\obj\stm32f10x_usart.o
                0x0800ba70                USART_DeInit
 .text.USART_Init
                0x0800bb48      0x1ac ..\obj\stm32f10x_usart.o
                0x0800bb48                USART_Init
 .text.USART_Cmd
                0x0800bcf4       0x40 ..\obj\stm32f10x_usart.o
                0x0800bcf4                USART_Cmd
 .text.USART_ITConfig
                0x0800bd34       0xa4 ..\obj\stm32f10x_usart.o
                0x0800bd34                USART_ITConfig
 .text.USART_ReceiveData
                0x0800bdd8       0x24 ..\obj\stm32f10x_usart.o
                0x0800bdd8                USART_ReceiveData
 .text.USART_ClearFlag
                0x0800bdfc       0x24 ..\obj\stm32f10x_usart.o
                0x0800bdfc                USART_ClearFlag
 .text.USART_GetITStatus
                0x0800be20       0xc4 ..\obj\stm32f10x_usart.o
                0x0800be20                USART_GetITStatus
 .text.vListInitialise
                0x0800bee4       0x40 ..\obj\list.o
                0x0800bee4                vListInitialise
 .text.vListInitialiseItem
                0x0800bf24       0x1c ..\obj\list.o
                0x0800bf24                vListInitialiseItem
 .text.vListInsertEnd
                0x0800bf40       0x50 ..\obj\list.o
                0x0800bf40                vListInsertEnd
 .text.vListInsert
                0x0800bf90       0x74 ..\obj\list.o
                0x0800bf90                vListInsert
 .text.vListRemove
                0x0800c004       0x54 ..\obj\list.o
                0x0800c004                vListRemove
 .text.FLASH_Unlock
                0x0800c058       0x30 ..\obj\stm32f10x_flash.o
                0x0800c058                FLASH_Unlock
 .text.FLASH_ErasePage
                0x0800c088       0x90 ..\obj\stm32f10x_flash.o
                0x0800c088                FLASH_ErasePage
 .text.FLASH_ProgramHalfWord
                0x0800c118       0x74 ..\obj\stm32f10x_flash.o
                0x0800c118                FLASH_ProgramHalfWord
 .text.FLASH_GetBank1Status
                0x0800c18c       0x70 ..\obj\stm32f10x_flash.o
                0x0800c18c                FLASH_GetBank1Status
 .text.FLASH_WaitForLastOperation
                0x0800c1fc       0x4c ..\obj\stm32f10x_flash.o
                0x0800c1fc                FLASH_WaitForLastOperation
 .text.xQueueGenericReset
                0x0800c248       0xbc ..\obj\queue.o
                0x0800c248                xQueueGenericReset
 .text.xQueueGenericCreate
                0x0800c304       0x8c ..\obj\queue.o
                0x0800c304                xQueueGenericCreate
 .text.xQueueGenericSend
                0x0800c390      0x154 ..\obj\queue.o
                0x0800c390                xQueueGenericSend
 .text.xQueueGenericSendFromISR
                0x0800c4e4       0xd4 ..\obj\queue.o
                0x0800c4e4                xQueueGenericSendFromISR
 .text.xQueueGenericReceive
                0x0800c5b8      0x1bc ..\obj\queue.o
                0x0800c5b8                xQueueGenericReceive
 .text.prvCopyDataToQueue
                0x0800c774       0xc4 ..\obj\queue.o
 .text.prvCopyDataFromQueue
                0x0800c838       0x50 ..\obj\queue.o
 .text.prvUnlockQueue
                0x0800c888       0xa0 ..\obj\queue.o
 .text.prvIsQueueEmpty
                0x0800c928       0x2c ..\obj\queue.o
 .text.prvIsQueueFull
                0x0800c954       0x30 ..\obj\queue.o
 .text.vQueueWaitForMessageRestricted
                0x0800c984       0x5c ..\obj\queue.o
                0x0800c984                vQueueWaitForMessageRestricted
 .text.pxPortInitialiseStack
                0x0800c9e0       0x60 ..\obj\port.o
                0x0800c9e0                pxPortInitialiseStack
 .text.SVC_Handler
                0x0800ca40       0x20 ..\obj\port.o
                0x0800ca40                SVC_Handler
 .text.prvPortStartFirstTask
                0x0800ca60       0x14 ..\obj\port.o
 .text.xPortStartScheduler
                0x0800ca74       0x54 ..\obj\port.o
                0x0800ca74                xPortStartScheduler
 .text.vPortYieldFromISR
                0x0800cac8       0x18 ..\obj\port.o
                0x0800cac8                vPortYieldFromISR
 .text.vPortEnterCritical
                0x0800cae0       0x2c ..\obj\port.o
                0x0800cae0                vPortEnterCritical
 .text.vPortExitCritical
                0x0800cb0c       0x38 ..\obj\port.o
                0x0800cb0c                vPortExitCritical
 .text.PendSV_Handler
                0x0800cb44       0x3c ..\obj\port.o
                0x0800cb44                PendSV_Handler
 .text.SysTick_Handler
                0x0800cb80       0x38 ..\obj\port.o
                0x0800cb80                SysTick_Handler
 .text.prvSetupTimerInterrupt
                0x0800cbb8       0x28 ..\obj\port.o
 .text.mem_cpy  0x0800cbe0       0x50 ..\obj\ff.o
 .text.mem_set  0x0800cc30       0x44 ..\obj\ff.o
 .text.mem_cmp  0x0800cc74       0x70 ..\obj\ff.o
 .text.chk_chr  0x0800cce4       0x38 ..\obj\ff.o
 .text.move_window
                0x0800cd1c       0xd4 ..\obj\ff.o
 .text.sync     0x0800cdf0      0x180 ..\obj\ff.o
 .text.clust2sect
                0x0800cf70       0x44 ..\obj\ff.o
                0x0800cf70                clust2sect
 .text.get_fat  0x0800cfb4      0x19c ..\obj\ff.o
                0x0800cfb4                get_fat
 .text.put_fat  0x0800d150      0x254 ..\obj\ff.o
                0x0800d150                put_fat
 .text.remove_chain
                0x0800d3a4       0xb0 ..\obj\ff.o
 .text.create_chain
                0x0800d454      0x12c ..\obj\ff.o
 .text.dir_sdi  0x0800d580      0x118 ..\obj\ff.o
 .text.dir_next
                0x0800d698      0x1dc ..\obj\ff.o
 .text.ld_clust
                0x0800d874       0x64 ..\obj\ff.o
 .text.st_clust
                0x0800d8d8       0x5c ..\obj\ff.o
 .text.dir_find
                0x0800d934       0xa4 ..\obj\ff.o
 .text.dir_register
                0x0800d9d8       0xbc ..\obj\ff.o
 .text.create_name
                0x0800da94      0x1ac ..\obj\ff.o
 .text.follow_path
                0x0800dc40       0xe4 ..\obj\ff.o
 .text.check_fs
                0x0800dd24       0xe8 ..\obj\ff.o
 .text.chk_mounted
                0x0800de0c      0x600 ..\obj\ff.o
 .text.validate
                0x0800e40c       0x5c ..\obj\ff.o
 .text.f_mount  0x0800e468       0x64 ..\obj\ff.o
                0x0800e468                f_mount
 .text.f_open   0x0800e4cc      0x2cc ..\obj\ff.o
                0x0800e4cc                f_open
 .text.f_write  0x0800e798      0x34c ..\obj\ff.o
                0x0800e798                f_write
 .text.f_sync   0x0800eae4      0x180 ..\obj\ff.o
                0x0800eae4                f_sync
 .text.f_close  0x0800ec64       0x2c ..\obj\ff.o
                0x0800ec64                f_close
 .text.f_lseek  0x0800ec90      0x2d8 ..\obj\ff.o
                0x0800ec90                f_lseek
 .text.DMA_DeInit
                0x0800ef68      0x220 ..\obj\stm32f10x_dma.o
                0x0800ef68                DMA_DeInit
 .text.DMA_Init
                0x0800f188       0x80 ..\obj\stm32f10x_dma.o
                0x0800f188                DMA_Init
 .text.DMA_Cmd  0x0800f208       0x38 ..\obj\stm32f10x_dma.o
                0x0800f208                DMA_Cmd
 .text.DMA_GetFlagStatus
                0x0800f240       0x60 ..\obj\stm32f10x_dma.o
                0x0800f240                DMA_GetFlagStatus
 .text.NVIC_Init
                0x0800f2a0       0xe8 ..\obj\misc.o
                0x0800f2a0                NVIC_Init
 .text.SPI_I2S_DeInit
                0x0800f388       0x88 ..\obj\stm32f10x_spi.o
                0x0800f388                SPI_I2S_DeInit
 .text.SPI_Cmd  0x0800f410       0x40 ..\obj\stm32f10x_spi.o
                0x0800f410                SPI_Cmd
 .text.SPI_I2S_DMACmd
                0x0800f450       0x48 ..\obj\stm32f10x_spi.o
                0x0800f450                SPI_I2S_DMACmd
 .text.SPI_I2S_SendData
                0x0800f498       0x1c ..\obj\stm32f10x_spi.o
                0x0800f498                SPI_I2S_SendData
 .text.SPI_I2S_ReceiveData
                0x0800f4b4       0x1c ..\obj\stm32f10x_spi.o
                0x0800f4b4                SPI_I2S_ReceiveData
 .text.SPI_I2S_GetFlagStatus
                0x0800f4d0       0x40 ..\obj\stm32f10x_spi.o
                0x0800f4d0                SPI_I2S_GetFlagStatus
 .text.pvPortMalloc
                0x0800f510      0x1b0 ..\obj\heap_2.o
                0x0800f510                pvPortMalloc
 .text.vPortFree
                0x0800f6c0       0x88 ..\obj\heap_2.o
                0x0800f6c0                vPortFree
 .text.EE_Init  0x0800f748      0x310 ..\obj\eeprom.o
                0x0800f748                EE_Init
 .text.EE_ReadVariable
                0x0800fa58       0xb8 ..\obj\eeprom.o
                0x0800fa58                EE_ReadVariable
 .text.EE_WriteVariable
                0x0800fb10       0x48 ..\obj\eeprom.o
                0x0800fb10                EE_WriteVariable
 .text.EE_Format
                0x0800fb58       0x60 ..\obj\eeprom.o
 .text.EE_FindValidPage
                0x0800fbb8       0xa4 ..\obj\eeprom.o
 .text.EE_VerifyPageFullWriteVariable
                0x0800fc5c       0xcc ..\obj\eeprom.o
 .text.EE_PageTransfer
                0x0800fd28      0x164 ..\obj\eeprom.o
 .text.memcpy   0x0800fe8c      0x15c c:/coocox/toolchain47/4_7_2012q4/bin/../lib/gcc/arm-none-eabi/4.7.3/../../../../arm-none-eabi/lib/armv7-m\libg.a(lib_a-memcpy.o)
                0x0800fe8c                memcpy
 .text.memset   0x0800ffe8      0x12c c:/coocox/toolchain47/4_7_2012q4/bin/../lib/gcc/arm-none-eabi/4.7.3/../../../../arm-none-eabi/lib/armv7-m\libg.a(lib_a-memset.o)
                0x0800ffe8                memset
 .text.strncpy  0x08010114      0x10c c:/coocox/toolchain47/4_7_2012q4/bin/../lib/gcc/arm-none-eabi/4.7.3/../../../../arm-none-eabi/lib/armv7-m\libg.a(lib_a-strncpy.o)
                0x08010114                strncpy
 *(.glue_7t)
 .glue_7t       0x00000000        0x0 linker stubs
 *(.glue_7)
 .glue_7        0x00000000        0x0 linker stubs
 *(.rodata .rodata* .gnu.linkonce.r.*)
 .rodata        0x08010220      0xb40 ..\obj\main.o
                0x080103ac                menuItemArray
                0x08010610                fatArray
 .rodata        0x08010d60        0x8 ..\obj\timers.o
 .rodata        0x08010d68        0x8 ..\obj\tasks.o
 .rodata        0x08010d70       0x10 ..\obj\ff.o
 .rodata        0x08010d80        0x2 ..\obj\heap_2.o

.vfp11_veneer   0x08010d84        0x0
 .vfp11_veneer  0x00000000        0x0 linker stubs

.v4_bx          0x08010d84        0x0
 .v4_bx         0x00000000        0x0 linker stubs

.iplt           0x08010d84        0x0
 .iplt          0x00000000        0x0 ..\obj\stm32f10x_tim.o

.rel.dyn        0x08010d84        0x0
 .rel.iplt      0x00000000        0x0 ..\obj\stm32f10x_tim.o

.ARM.extab
 *(.ARM.extab* .gnu.linkonce.armextab.*)
                0x08010d84                __exidx_start = .

.ARM.exidx
 *(.ARM.exidx* .gnu.linkonce.armexidx.*)
                0x08010d84                __exidx_end = .
                0x08010d84                . = ALIGN (0x4)
                0x08010d84                _etext = .
                0x08010d84                _sidata = .

.data           0x20000000       0x44 load address 0x08010d84
                0x20000000                _sdata = .
 *(.data .data.*)
 .data          0x20000000       0x14 ..\obj\system_stm32f10x.o
                0x20000000                SystemCoreClock
                0x20000004                AHBPrescTable
 .data          0x20000014        0x1 ..\obj\diskio.o
 *fill*         0x20000015        0x3 00
 .data          0x20000018        0xc ..\obj\main.o
                0x20000018                comm_state
                0x20000019                capture_is_first
                0x2000001c                plugSettings
                0x20000020                VirtAddVarTab
 .data          0x20000024       0x14 ..\obj\stm32f10x_rcc.o
 .data          0x20000038        0x4 ..\obj\tasks.o
 .data          0x2000003c        0x4 ..\obj\port.o
 .data          0x20000040        0x4 ..\obj\heap_2.o
                0x20000044                . = ALIGN (0x4)
                0x20000044                _edata = .

.igot.plt       0x20000044        0x0 load address 0x08010dc8
 .igot.plt      0x00000000        0x0 ..\obj\stm32f10x_tim.o

.bss            0x20000048     0x1b88 load address 0x08010dd0
                0x20000048                _sbss = .
 *(.bss .bss.*)
 .bss           0x20000048       0x10 ..\obj\diskio.o
 .bss           0x20000058      0x288 ..\obj\main.o
                0x20000058                TxCounter
                0x2000005a                RxCounter
                0x2000005c                log_inc
                0x2000005d                logstr_crc
                0x2000005e                IC2Value
                0x20000060                DutyCycle
                0x20000064                Frequency
                0x20000068                dht_bit_position
                0x20000069                dht_bit_ready
                0x2000006a                dht_data_ready
                0x2000006c                capture1
                0x2000006e                capture2
                0x20000070                capture_is_ready
                0x20000094                lcd_pointerx
                0x20000095                lcd_pointery
                0x20000096                logInterval
                0x20000098                VarValue
                0x2000009a                ph_seven
                0x2000009c                ph0
                0x200000a0                ph4
                0x200000a2                ec1413
                0x200000a4                ec0
                0x200000a8                cdel
                0x200000ac                currentEc
                0x200000ad                currentPh
                0x200000ae                phUnderOver
                0x200000af                ecUnderOver
                0x200000b0                rhUnderOver
                0x200000b4                lastWriteTime
                0x200000b8                buttonReverse
 .bss           0x200002e0       0x38 ..\obj\timers.o
 .bss           0x20000318      0x100 ..\obj\tasks.o
                0x20000318                pxCurrentTCB
 .bss           0x20000418        0x8 ..\obj\ff.o
 .bss           0x20000420     0x1418 ..\obj\heap_2.o
 .bss           0x20001838        0x2 ..\obj\eeprom.o
                0x20001838                DataVar
 *(COMMON)
 *fill*         0x2000183a        0x2 00
 COMMON         0x2000183c      0x394 ..\obj\main.o
                0x2000183c                del
                0x20001840                TxDataReady
                0x20001842                ecAdcValue
                0x20001844                ecWindowTop
                0x20001846                HSEStartUpStatus
                0x20001848                ecWindowBottom
                0x2000184c                cTimerStateFlags
                0x20001850                dosingPumpStateFlags
                0x20001851                wpStateFlags
                0x20001854                fs
                0x20001a84                TxByte
                0x20001a85                circulationPumpId
                0x20001a88                phBuffer
                0x20001a9c                ecBuffer
                0x20001ab0                FlashStatus
                0x20001ab4                no_sd
                0x20001ab8                rhWindowTop
                0x20001aba                RxByte
                0x20001abc                timerStateFlags
                0x20001ac0                RxDataReady
                0x20001ac1                waterSensorStateFlags
                0x20001ac4                button_ranges
                0x20001ad4                DHTValue
                0x20001ada                phWindowBottom
                0x20001adc                toAdjust
                0x20001ae0                RxBuffer
                0x20001aec                dht_rh_str
                0x20001af0                lightSensor
                0x20001af4                wsl_buff
                0x20001af8                plugStateFlags
                0x20001afc                TIM_ICInitStructure
                0x20001b06                curculationPumpId
                0x20001b08                dht_bit_array
                0x20001b6c                phWindowTop
                0x20001b70                curphstr
                0x20001b78                dht_data
                0x20001b80                dht_t_str
                0x20001b84                curecstr
                0x20001b8a                phAdcValue
                0x20001b8c                lightRange
                0x20001b8e                rhWindowBottom
                0x20001b90                log_str
                0x20001bd0                . = ALIGN (0x4)
                0x20001bd0                _ebss = .

.co_stack       0x20001bd0      0x400 load address 0x08012958
                0x20001bd0                . = ALIGN (0x8)
 *(.co_stack .co_stack.*)
 .co_stack      0x20001bd0      0x400 ..\obj\startup_stm32f10x_md_vl.o
                0x20001bd0                pulStack
                0x20001fd0                . = ALIGN (0x4)
                0x20001fd0                _end = .
LOAD ..\obj\stm32f10x_tim.o
LOAD ..\obj\startup_stm32f10x_md_vl.o
LOAD ..\obj\system_stm32f10x.o
LOAD ..\obj\stm32f10x_pwr.o
LOAD ..\obj\diskio.o
LOAD ..\obj\stm32f10x_gpio.o
LOAD ..\obj\main.o
LOAD ..\obj\timers.o
LOAD ..\obj\stm32f10x_rcc.o
LOAD ..\obj\stm32f10x_exti.o
LOAD ..\obj\tasks.o
LOAD ..\obj\stm32f10x_adc.o
LOAD ..\obj\stm32f10x_usart.o
LOAD ..\obj\list.o
LOAD ..\obj\syscalls.o
LOAD ..\obj\stm32f10x_flash.o
LOAD ..\obj\queue.o
LOAD ..\obj\port.o
LOAD ..\obj\ff.o
LOAD ..\obj\stm32f10x_dma.o
LOAD ..\obj\croutine.o
LOAD ..\obj\misc.o
LOAD ..\obj\stm32f10x_spi.o
LOAD ..\obj\heap_2.o
LOAD ..\obj\eeprom.o
START GROUP
LOAD c:/coocox/toolchain47/4_7_2012q4/bin/../lib/gcc/arm-none-eabi/4.7.3/armv7-m\libgcc.a
LOAD c:/coocox/toolchain47/4_7_2012q4/bin/../lib/gcc/arm-none-eabi/4.7.3/../../../../arm-none-eabi/lib/armv7-m\libg.a
LOAD c:/coocox/toolchain47/4_7_2012q4/bin/../lib/gcc/arm-none-eabi/4.7.3/../../../../arm-none-eabi/lib/armv7-m\libc.a
END GROUP
OUTPUT(hellow4.elf elf32-littlearm)

.debug_info     0x00000000     0xe456
 .debug_info    0x00000000     0x1e6c ..\obj\stm32f10x_tim.o
 .debug_info    0x00001e6c       0xff ..\obj\startup_stm32f10x_md_vl.o
 .debug_info    0x00001f6b      0x40c ..\obj\system_stm32f10x.o
 .debug_info    0x00002377      0xb6d ..\obj\diskio.o
 .debug_info    0x00002ee4      0x72e ..\obj\stm32f10x_gpio.o
 .debug_info    0x00003612     0x3a7a ..\obj\main.o
 .debug_info    0x0000708c      0x74a ..\obj\timers.o
 .debug_info    0x000077d6      0x990 ..\obj\stm32f10x_rcc.o
 .debug_info    0x00008166      0x362 ..\obj\stm32f10x_exti.o
 .debug_info    0x000084c8      0xe0b ..\obj\tasks.o
 .debug_info    0x000092d3      0xa82 ..\obj\stm32f10x_usart.o
 .debug_info    0x00009d55      0x2b2 ..\obj\list.o
 .debug_info    0x0000a007      0x82e ..\obj\stm32f10x_flash.o
 .debug_info    0x0000a835      0x85b ..\obj\queue.o
 .debug_info    0x0000b090      0x1e9 ..\obj\port.o
 .debug_info    0x0000b279     0x1783 ..\obj\ff.o
 .debug_info    0x0000c9fc      0x4a6 ..\obj\stm32f10x_dma.o
 .debug_info    0x0000cea2      0x544 ..\obj\misc.o
 .debug_info    0x0000d3e6      0x981 ..\obj\stm32f10x_spi.o
 .debug_info    0x0000dd67      0x2c2 ..\obj\heap_2.o
 .debug_info    0x0000e029      0x42d ..\obj\eeprom.o

.debug_abbrev   0x00000000     0x2071
 .debug_abbrev  0x00000000      0x1b2 ..\obj\stm32f10x_tim.o
 .debug_abbrev  0x000001b2       0xa9 ..\obj\startup_stm32f10x_md_vl.o
 .debug_abbrev  0x0000025b      0x179 ..\obj\system_stm32f10x.o
 .debug_abbrev  0x000003d4      0x2ae ..\obj\diskio.o
 .debug_abbrev  0x00000682      0x1ca ..\obj\stm32f10x_gpio.o
 .debug_abbrev  0x0000084c      0x358 ..\obj\main.o
 .debug_abbrev  0x00000ba4      0x175 ..\obj\timers.o
 .debug_abbrev  0x00000d19      0x1bc ..\obj\stm32f10x_rcc.o
 .debug_abbrev  0x00000ed5      0x153 ..\obj\stm32f10x_exti.o
 .debug_abbrev  0x00001028      0x1d1 ..\obj\tasks.o
 .debug_abbrev  0x000011f9      0x164 ..\obj\stm32f10x_usart.o
 .debug_abbrev  0x0000135d       0xbc ..\obj\list.o
 .debug_abbrev  0x00001419      0x18d ..\obj\stm32f10x_flash.o
 .debug_abbrev  0x000015a6      0x132 ..\obj\queue.o
 .debug_abbrev  0x000016d8      0x148 ..\obj\port.o
 .debug_abbrev  0x00001820      0x19f ..\obj\ff.o
 .debug_abbrev  0x000019bf      0x157 ..\obj\stm32f10x_dma.o
 .debug_abbrev  0x00001b16      0x138 ..\obj\misc.o
 .debug_abbrev  0x00001c4e      0x180 ..\obj\stm32f10x_spi.o
 .debug_abbrev  0x00001dce      0x168 ..\obj\heap_2.o
 .debug_abbrev  0x00001f36      0x13b ..\obj\eeprom.o

.debug_loc      0x00000000     0x7340
 .debug_loc     0x00000000     0x13e8 ..\obj\stm32f10x_tim.o
 .debug_loc     0x000013e8       0x64 ..\obj\startup_stm32f10x_md_vl.o
 .debug_loc     0x0000144c       0xc8 ..\obj\system_stm32f10x.o
 .debug_loc     0x00001514      0x4aa ..\obj\diskio.o
 .debug_loc     0x000019be      0x3e4 ..\obj\stm32f10x_gpio.o
 .debug_loc     0x00001da2     0x1b20 ..\obj\main.o
 .debug_loc     0x000038c2      0x304 ..\obj\timers.o
 .debug_loc     0x00003bc6      0x714 ..\obj\stm32f10x_rcc.o
 .debug_loc     0x000042da      0x1b4 ..\obj\stm32f10x_exti.o
 .debug_loc     0x0000448e      0x7b0 ..\obj\tasks.o
 .debug_loc     0x00004c3e      0x658 ..\obj\stm32f10x_usart.o
 .debug_loc     0x00005296      0x118 ..\obj\list.o
 .debug_loc     0x000053ae      0x5d8 ..\obj\stm32f10x_flash.o
 .debug_loc     0x00005986      0x428 ..\obj\queue.o
 .debug_loc     0x00005dae      0x178 ..\obj\port.o
 .debug_loc     0x00005f26      0x942 ..\obj\ff.o
 .debug_loc     0x00006868      0x268 ..\obj\stm32f10x_dma.o
 .debug_loc     0x00006ad0      0x118 ..\obj\misc.o
 .debug_loc     0x00006be8      0x508 ..\obj\stm32f10x_spi.o
 .debug_loc     0x000070f0       0xc8 ..\obj\heap_2.o
 .debug_loc     0x000071b8      0x188 ..\obj\eeprom.o

.debug_aranges  0x00000000     0x12e8
 .debug_aranges
                0x00000000      0x2f0 ..\obj\stm32f10x_tim.o
 .debug_aranges
                0x000002f0       0x28 ..\obj\startup_stm32f10x_md_vl.o
 .debug_aranges
                0x00000318       0x38 ..\obj\system_stm32f10x.o
 .debug_aranges
                0x00000350       0xd0 ..\obj\diskio.o
 .debug_aranges
                0x00000420       0xa8 ..\obj\stm32f10x_gpio.o
 .debug_aranges
                0x000004c8      0x420 ..\obj\main.o
 .debug_aranges
                0x000008e8       0x88 ..\obj\timers.o
 .debug_aranges
                0x00000970      0x120 ..\obj\stm32f10x_rcc.o
 .debug_aranges
                0x00000a90       0x58 ..\obj\stm32f10x_exti.o
 .debug_aranges
                0x00000ae8      0x138 ..\obj\tasks.o
 .debug_aranges
                0x00000c20      0x100 ..\obj\stm32f10x_usart.o
 .debug_aranges
                0x00000d20       0x40 ..\obj\list.o
 .debug_aranges
                0x00000d60       0xf8 ..\obj\stm32f10x_flash.o
 .debug_aranges
                0x00000e58       0xb0 ..\obj\queue.o
 .debug_aranges
                0x00000f08       0x70 ..\obj\port.o
 .debug_aranges
                0x00000f78      0x168 ..\obj\ff.o
 .debug_aranges
                0x000010e0       0x70 ..\obj\stm32f10x_dma.o
 .debug_aranges
                0x00001150       0x40 ..\obj\misc.o
 .debug_aranges
                0x00001190       0xd0 ..\obj\stm32f10x_spi.o
 .debug_aranges
                0x00001260       0x38 ..\obj\heap_2.o
 .debug_aranges
                0x00001298       0x50 ..\obj\eeprom.o

.debug_ranges   0x00000000     0x1198
 .debug_ranges  0x00000000      0x2e0 ..\obj\stm32f10x_tim.o
 .debug_ranges  0x000002e0       0x18 ..\obj\startup_stm32f10x_md_vl.o
 .debug_ranges  0x000002f8       0x28 ..\obj\system_stm32f10x.o
 .debug_ranges  0x00000320       0xc0 ..\obj\diskio.o
 .debug_ranges  0x000003e0       0x98 ..\obj\stm32f10x_gpio.o
 .debug_ranges  0x00000478      0x410 ..\obj\main.o
 .debug_ranges  0x00000888       0x78 ..\obj\timers.o
 .debug_ranges  0x00000900      0x110 ..\obj\stm32f10x_rcc.o
 .debug_ranges  0x00000a10       0x48 ..\obj\stm32f10x_exti.o
 .debug_ranges  0x00000a58      0x128 ..\obj\tasks.o
 .debug_ranges  0x00000b80       0xf0 ..\obj\stm32f10x_usart.o
 .debug_ranges  0x00000c70       0x30 ..\obj\list.o
 .debug_ranges  0x00000ca0       0xe8 ..\obj\stm32f10x_flash.o
 .debug_ranges  0x00000d88       0xa0 ..\obj\queue.o
 .debug_ranges  0x00000e28       0x60 ..\obj\port.o
 .debug_ranges  0x00000e88      0x158 ..\obj\ff.o
 .debug_ranges  0x00000fe0       0x60 ..\obj\stm32f10x_dma.o
 .debug_ranges  0x00001040       0x30 ..\obj\misc.o
 .debug_ranges  0x00001070       0xc0 ..\obj\stm32f10x_spi.o
 .debug_ranges  0x00001130       0x28 ..\obj\heap_2.o
 .debug_ranges  0x00001158       0x40 ..\obj\eeprom.o

.debug_line     0x00000000     0x6aa6
 .debug_line    0x00000000      0xa1e ..\obj\stm32f10x_tim.o
 .debug_line    0x00000a1e       0x9e ..\obj\startup_stm32f10x_md_vl.o
 .debug_line    0x00000abc      0x1af ..\obj\system_stm32f10x.o
 .debug_line    0x00000c6b      0x5a2 ..\obj\diskio.o
 .debug_line    0x0000120d      0x338 ..\obj\stm32f10x_gpio.o
 .debug_line    0x00001545     0x1bd2 ..\obj\main.o
 .debug_line    0x00003117      0x2f6 ..\obj\timers.o
 .debug_line    0x0000340d      0x456 ..\obj\stm32f10x_rcc.o
 .debug_line    0x00003863      0x22d ..\obj\stm32f10x_exti.o
 .debug_line    0x00003a90      0x7ad ..\obj\tasks.o
 .debug_line    0x0000423d      0x424 ..\obj\stm32f10x_usart.o
 .debug_line    0x00004661      0x167 ..\obj\list.o
 .debug_line    0x000047c8      0x462 ..\obj\stm32f10x_flash.o
 .debug_line    0x00004c2a      0x518 ..\obj\queue.o
 .debug_line    0x00005142      0x193 ..\obj\port.o
 .debug_line    0x000052d5      0xbe3 ..\obj\ff.o
 .debug_line    0x00005eb8      0x28c ..\obj\stm32f10x_dma.o
 .debug_line    0x00006144      0x1cd ..\obj\misc.o
 .debug_line    0x00006311      0x3ab ..\obj\stm32f10x_spi.o
 .debug_line    0x000066bc      0x147 ..\obj\heap_2.o
 .debug_line    0x00006803      0x2a3 ..\obj\eeprom.o

.debug_str      0x00000000     0x53dc
 .debug_str     0x00000000      0xcd8 ..\obj\stm32f10x_tim.o
                                0xd79 (size before relaxing)
 .debug_str     0x00000cd8       0xac ..\obj\startup_stm32f10x_md_vl.o
                                0x110 (size before relaxing)
 .debug_str     0x00000d84      0x150 ..\obj\system_stm32f10x.o
                                0x270 (size before relaxing)
 .debug_str     0x00000ed4      0x4ad ..\obj\diskio.o
                                0x672 (size before relaxing)
 .debug_str     0x00001381      0x25a ..\obj\stm32f10x_gpio.o
                                0x4b5 (size before relaxing)
 .debug_str     0x000015db     0x166a ..\obj\main.o
                               0x1c81 (size before relaxing)
 .debug_str     0x00002c45      0x42d ..\obj\timers.o
                                0x50e (size before relaxing)
 .debug_str     0x00003072      0x3fc ..\obj\stm32f10x_rcc.o
                                0x609 (size before relaxing)
 .debug_str     0x0000346e       0xfe ..\obj\stm32f10x_exti.o
                                0x2fa (size before relaxing)
 .debug_str     0x0000356c      0x754 ..\obj\tasks.o
                                0x8fc (size before relaxing)
 .debug_str     0x00003cc0      0x3a2 ..\obj\stm32f10x_usart.o
                                0x62c (size before relaxing)
 .debug_str     0x00004062       0xc8 ..\obj\list.o
                                0x241 (size before relaxing)
 .debug_str     0x0000412a      0x3d0 ..\obj\stm32f10x_flash.o
                                0x584 (size before relaxing)
 .debug_str     0x000044fa      0x31e ..\obj\queue.o
                                0x543 (size before relaxing)
 .debug_str     0x00004818      0x143 ..\obj\port.o
                                0x20f (size before relaxing)
 .debug_str     0x0000495b      0x263 ..\obj\ff.o
                                0x582 (size before relaxing)
 .debug_str     0x00004bbe      0x127 ..\obj\stm32f10x_dma.o
                                0x35d (size before relaxing)
 .debug_str     0x00004ce5      0x121 ..\obj\misc.o
                                0x35f (size before relaxing)
 .debug_str     0x00004e06      0x334 ..\obj\stm32f10x_spi.o
                                0x599 (size before relaxing)
 .debug_str     0x0000513a      0x15e ..\obj\heap_2.o
                                0x24b (size before relaxing)
 .debug_str     0x00005298      0x144 ..\obj\eeprom.o
                                0x2d1 (size before relaxing)

.comment        0x00000000       0x70
 .comment       0x00000000       0x70 ..\obj\stm32f10x_tim.o
                                 0x71 (size before relaxing)
 .comment       0x00000000       0x71 ..\obj\startup_stm32f10x_md_vl.o
 .comment       0x00000000       0x71 ..\obj\system_stm32f10x.o
 .comment       0x00000000       0x71 ..\obj\diskio.o
 .comment       0x00000000       0x71 ..\obj\stm32f10x_gpio.o
 .comment       0x00000000       0x71 ..\obj\main.o
 .comment       0x00000000       0x71 ..\obj\timers.o
 .comment       0x00000000       0x71 ..\obj\stm32f10x_rcc.o
 .comment       0x00000000       0x71 ..\obj\stm32f10x_exti.o
 .comment       0x00000000       0x71 ..\obj\tasks.o
 .comment       0x00000000       0x71 ..\obj\stm32f10x_usart.o
 .comment       0x00000000       0x71 ..\obj\list.o
 .comment       0x00000000       0x71 ..\obj\stm32f10x_flash.o
 .comment       0x00000000       0x71 ..\obj\queue.o
 .comment       0x00000000       0x71 ..\obj\port.o
 .comment       0x00000000       0x71 ..\obj\ff.o
 .comment       0x00000000       0x71 ..\obj\stm32f10x_dma.o
 .comment       0x00000000       0x71 ..\obj\misc.o
 .comment       0x00000000       0x71 ..\obj\stm32f10x_spi.o
 .comment       0x00000000       0x71 ..\obj\heap_2.o
 .comment       0x00000000       0x71 ..\obj\eeprom.o

.ARM.attributes
                0x00000000       0x33
 .ARM.attributes
                0x00000000       0x33 ..\obj\stm32f10x_tim.o
 .ARM.attributes
                0x00000033       0x33 ..\obj\startup_stm32f10x_md_vl.o
 .ARM.attributes
                0x00000066       0x33 ..\obj\system_stm32f10x.o
 .ARM.attributes
                0x00000099       0x33 ..\obj\diskio.o
 .ARM.attributes
                0x000000cc       0x33 ..\obj\stm32f10x_gpio.o
 .ARM.attributes
                0x000000ff       0x33 ..\obj\main.o
 .ARM.attributes
                0x00000132       0x33 ..\obj\timers.o
 .ARM.attributes
                0x00000165       0x33 ..\obj\stm32f10x_rcc.o
 .ARM.attributes
                0x00000198       0x33 ..\obj\stm32f10x_exti.o
 .ARM.attributes
                0x000001cb       0x33 ..\obj\tasks.o
 .ARM.attributes
                0x000001fe       0x33 ..\obj\stm32f10x_usart.o
 .ARM.attributes
                0x00000231       0x33 ..\obj\list.o
 .ARM.attributes
                0x00000264       0x33 ..\obj\stm32f10x_flash.o
 .ARM.attributes
                0x00000297       0x33 ..\obj\queue.o
 .ARM.attributes
                0x000002ca       0x33 ..\obj\port.o
 .ARM.attributes
                0x000002fd       0x33 ..\obj\ff.o
 .ARM.attributes
                0x00000330       0x33 ..\obj\stm32f10x_dma.o
 .ARM.attributes
                0x00000363       0x33 ..\obj\misc.o
 .ARM.attributes
                0x00000396       0x33 ..\obj\stm32f10x_spi.o
 .ARM.attributes
                0x000003c9       0x33 ..\obj\heap_2.o
 .ARM.attributes
                0x000003fc       0x33 ..\obj\eeprom.o
 .ARM.attributes
                0x0000042f       0x2d c:/coocox/toolchain47/4_7_2012q4/bin/../lib/gcc/arm-none-eabi/4.7.3/../../../../arm-none-eabi/lib/armv7-m\libg.a(lib_a-memcpy.o)
 .ARM.attributes
                0x0000045c       0x2d c:/coocox/toolchain47/4_7_2012q4/bin/../lib/gcc/arm-none-eabi/4.7.3/../../../../arm-none-eabi/lib/armv7-m\libg.a(lib_a-memset.o)
 .ARM.attributes
                0x00000489       0x2d c:/coocox/toolchain47/4_7_2012q4/bin/../lib/gcc/arm-none-eabi/4.7.3/../../../../arm-none-eabi/lib/armv7-m\libg.a(lib_a-strncpy.o)

.debug_frame    0x00000000     0x3fb0
 .debug_frame   0x00000000      0xa20 ..\obj\stm32f10x_tim.o
 .debug_frame   0x00000a20       0x48 ..\obj\startup_stm32f10x_md_vl.o
 .debug_frame   0x00000a68       0x80 ..\obj\system_stm32f10x.o
 .debug_frame   0x00000ae8      0x2b0 ..\obj\diskio.o
 .debug_frame   0x00000d98      0x210 ..\obj\stm32f10x_gpio.o
 .debug_frame   0x00000fa8      0xf30 ..\obj\main.o
 .debug_frame   0x00001ed8      0x1c4 ..\obj\timers.o
 .debug_frame   0x0000209c      0x3a4 ..\obj\stm32f10x_rcc.o
 .debug_frame   0x00002440       0xec ..\obj\stm32f10x_exti.o
 .debug_frame   0x0000252c      0x45c ..\obj\tasks.o
 .debug_frame   0x00002988      0x344 ..\obj\stm32f10x_usart.o
 .debug_frame   0x00002ccc       0x9c ..\obj\list.o
 .debug_frame   0x00002d68      0x338 ..\obj\stm32f10x_flash.o
 .debug_frame   0x000030a0      0x264 ..\obj\queue.o
 .debug_frame   0x00003304      0x110 ..\obj\port.o
 .debug_frame   0x00003414      0x52c ..\obj\ff.o
 .debug_frame   0x00003940      0x144 ..\obj\stm32f10x_dma.o
 .debug_frame   0x00003a84       0x9c ..\obj\misc.o
 .debug_frame   0x00003b20      0x29c ..\obj\stm32f10x_spi.o
 .debug_frame   0x00003dbc       0x80 ..\obj\heap_2.o
 .debug_frame   0x00003e3c       0xec ..\obj\eeprom.o
 .debug_frame   0x00003f28       0x30 c:/coocox/toolchain47/4_7_2012q4/bin/../lib/gcc/arm-none-eabi/4.7.3/../../../../arm-none-eabi/lib/armv7-m\libg.a(lib_a-memcpy.o)
 .debug_frame   0x00003f58       0x2c c:/coocox/toolchain47/4_7_2012q4/bin/../lib/gcc/arm-none-eabi/4.7.3/../../../../arm-none-eabi/lib/armv7-m\libg.a(lib_a-memset.o)
 .debug_frame   0x00003f84       0x2c c:/coocox/toolchain47/4_7_2012q4/bin/../lib/gcc/arm-none-eabi/4.7.3/../../../../arm-none-eabi/lib/armv7-m\libg.a(lib_a-strncpy.o)
