Archive member included because of file (symbol)

c:/coocox/toolchain48/bin/../lib/gcc/arm-none-eabi/4.8.3/../../../../arm-none-eabi/lib/armv7-m\libg.a(lib_a-memcpy.o)
                              ..\obj\queue.o (memcpy)
c:/coocox/toolchain48/bin/../lib/gcc/arm-none-eabi/4.8.3/../../../../arm-none-eabi/lib/armv7-m\libg.a(lib_a-memset.o)
                              ..\obj\tasks.o (memset)
c:/coocox/toolchain48/bin/../lib/gcc/arm-none-eabi/4.8.3/../../../../arm-none-eabi/lib/armv7-m\libg.a(lib_a-strncpy.o)
                              ..\obj\tasks.o (strncpy)

Allocating common symbols
Common symbol       size              file

del                 0x4               ..\obj\main.o
TxDataReady         0x1               ..\obj\main.o
ecAdcValue          0x2               ..\obj\main.o
ecWindowTop         0x2               ..\obj\main.o
HSEStartUpStatus    0x1               ..\obj\main.o
ecWindowBottom      0x2               ..\obj\main.o
water_counter       0x10              ..\obj\main.o
cTimerStateFlags    0x4               ..\obj\main.o
dosingPumpStateFlags
                    0x1               ..\obj\main.o
wpStateFlags        0x1               ..\obj\main.o
fs                  0x230             ..\obj\main.o
TxByte              0x1               ..\obj\main.o
packetBuff          0xa               ..\obj\main.o
sonar_mm            0x4               ..\obj\main.o
circulationPumpId   0x1               ..\obj\main.o
phBuffer            0x14              ..\obj\main.o
ecBuffer            0x14              ..\obj\main.o
FlashStatus         0x1               ..\obj\main.o
no_sd               0x4               ..\obj\main.o
rhWindowTop         0x2               ..\obj\main.o
xSemaphorePacket    0x4               ..\obj\main.o
RxByte              0x1               ..\obj\main.o
timerStateFlags     0x4               ..\obj\main.o
wfCalArray          0x8               ..\obj\main.o
RxDataReady         0x1               ..\obj\main.o
waterSensorStateFlags
                    0x1               ..\obj\main.o
button_ranges       0x10              ..\obj\main.o
DHTValue            0x6               ..\obj\main.o
phWindowBottom      0x2               ..\obj\main.o
valveFlags          0x1               ..\obj\main.o
toAdjust            0x3               ..\obj\main.o
RxBuffer            0x2               ..\obj\main.o
dht_rh_str          0x4               ..\obj\main.o
valve_failed        0x1               ..\obj\main.o
lightSensor         0x1               ..\obj\main.o
wsl_buff            0x3               ..\obj\main.o
dht_data2           0x5               ..\obj\main.o
plugStateFlags      0x4               ..\obj\main.o
tank_windows_bottom
                    0x2               ..\obj\main.o
sonar_read          0x4               ..\obj\main.o
RxBuff              0x10              ..\obj\main.o
TIM_ICInitStructure
                    0xa               ..\obj\main.o
curculationPumpId   0x1               ..\obj\main.o
phWindowTop         0x2               ..\obj\main.o
curphstr            0x5               ..\obj\main.o
dht_data            0x5               ..\obj\main.o
dht_t_str           0x4               ..\obj\main.o
curecstr            0x5               ..\obj\main.o
tank_windows_top    0x2               ..\obj\main.o
phAdcValue          0x2               ..\obj\main.o
lightRange          0x2               ..\obj\main.o
rhWindowBottom      0x2               ..\obj\main.o
log_str             0x40              ..\obj\main.o

Discarded input sections

 .text          0x00000000        0x0 ..\obj\stm32f10x_tim.o
 .data          0x00000000        0x0 ..\obj\stm32f10x_tim.o
 .bss           0x00000000        0x0 ..\obj\stm32f10x_tim.o
 .text.TIM_DeInit
                0x00000000      0x2b0 ..\obj\stm32f10x_tim.o
 .text.TIM_ICInit
                0x00000000       0xa8 ..\obj\stm32f10x_tim.o
 .text.TIM_BDTRConfig
                0x00000000       0x50 ..\obj\stm32f10x_tim.o
 .text.TIM_ICStructInit
                0x00000000       0x3c ..\obj\stm32f10x_tim.o
 .text.TIM_BDTRStructInit
                0x00000000       0x4c ..\obj\stm32f10x_tim.o
 .text.TIM_CtrlPWMOutputs
                0x00000000       0x50 ..\obj\stm32f10x_tim.o
 .text.TIM_GenerateEvent
                0x00000000       0x1c ..\obj\stm32f10x_tim.o
 .text.TIM_DMAConfig
                0x00000000       0x28 ..\obj\stm32f10x_tim.o
 .text.TIM_DMACmd
                0x00000000       0x48 ..\obj\stm32f10x_tim.o
 .text.TIM_InternalClockConfig
                0x00000000       0x24 ..\obj\stm32f10x_tim.o
 .text.TIM_ITRxExternalClockConfig
                0x00000000       0x30 ..\obj\stm32f10x_tim.o
 .text.TIM_TIxExternalClockConfig
                0x00000000       0x58 ..\obj\stm32f10x_tim.o
 .text.TIM_ETRClockMode1Config
                0x00000000       0x54 ..\obj\stm32f10x_tim.o
 .text.TIM_ETRClockMode2Config
[...]
Memory Configuration

Name             Origin             Length             Attributes
rom              0x08000000         0x00020000         xr
ram              0x20000000         0x00002000         xrw
*default*        0x00000000         0xffffffff

Linker script and memory map

                0x20002000                _eram = 0x20002000

.text           0x08000000     0xfca2
 *(.isr_vector .isr_vector.*)
 .isr_vector    0x08000000      0x124 ..\obj\startup_stm32f10x_md_vl.o
                0x08000000                g_pfnVectors
 *(.text .text.* .gnu.linkonce.t.*)
 .text.TIM_TimeBaseInit
                0x08000124      0x11c ..\obj\stm32f10x_tim.o
                0x08000124                TIM_TimeBaseInit
 .text.TIM_OC1Init
                0x08000240      0x128 ..\obj\stm32f10x_tim.o
                0x08000240                TIM_OC1Init
 .text.TIM_OC2Init
                0x08000368      0x128 ..\obj\stm32f10x_tim.o
                0x08000368                TIM_OC2Init
 .text.TIM_OC3Init
                0x08000490      0x120 ..\obj\stm32f10x_tim.o
                0x08000490                TIM_OC3Init
 .text.TIM_OC4Init
                0x080005b0       0xe0 ..\obj\stm32f10x_tim.o
                0x080005b0                TIM_OC4Init
 .text.TIM_PWMIConfig
                0x08000690       0xc4 ..\obj\stm32f10x_tim.o
                0x08000690                TIM_PWMIConfig
 .text.TIM_TimeBaseStructInit
                0x08000754       0x3c ..\obj\stm32f10x_tim.o
                0x08000754                TIM_TimeBaseStructInit
 .text.TIM_OCStructInit
                0x08000790       0x54 ..\obj\stm32f10x_tim.o
                0x08000790                TIM_OCStructInit
 .text.TIM_Cmd  0x080007e4       0x40 ..\obj\stm32f10x_tim.o
                0x080007e4                TIM_Cmd
 .text.TIM_ITConfig
                0x08000824       0x48 ..\obj\stm32f10x_tim.o
                0x08000824                TIM_ITConfig
 .text.TIM_SelectInputTrigger
                0x0800086c       0x38 ..\obj\stm32f10x_tim.o
                0x0800086c                TIM_SelectInputTrigger
 .text.TIM_SelectSlaveMode
                0x080008a4       0x38 ..\obj\stm32f10x_tim.o
                0x080008a4                TIM_SelectSlaveMode
 .text.TIM_SelectMasterSlaveMode
                0x080008dc       0x38 ..\obj\stm32f10x_tim.o
                0x080008dc                TIM_SelectMasterSlaveMode
 .text.TIM_SetIC1Prescaler
                0x08000914       0x38 ..\obj\stm32f10x_tim.o
                0x08000914                TIM_SetIC1Prescaler
 .text.TIM_SetIC2Prescaler
                0x0800094c       0x3c ..\obj\stm32f10x_tim.o
                0x0800094c                TIM_SetIC2Prescaler
 .text.TIM_GetCapture1
                0x08000988       0x1c ..\obj\stm32f10x_tim.o
                0x08000988                TIM_GetCapture1
 .text.TIM_GetCapture2
                0x080009a4       0x1c ..\obj\stm32f10x_tim.o
                0x080009a4                TIM_GetCapture2
 .text.TIM_ClearITPendingBit
                0x080009c0       0x24 ..\obj\stm32f10x_tim.o
                0x080009c0                TIM_ClearITPendingBit
 .text.TI1_Config
                0x080009e4       0xe4 ..\obj\stm32f10x_tim.o
 .text.TI2_Config
                0x08000ac8      0x104 ..\obj\stm32f10x_tim.o
 .text.Default_Reset_Handler
                0x08000bcc       0x70 ..\obj\startup_stm32f10x_md_vl.o
                0x08000bcc                Default_Reset_Handler
                0x08000bcc                Reset_Handler
 .text.Default_Handler
                0x08000c3c        0x8 ..\obj\startup_stm32f10x_md_vl.o
                0x08000c3c                DebugMon_Handler
                0x08000c3c                TIM1_CC_IRQHandler
                0x08000c3c                HardFault_Handler
                0x08000c3c                PVD_IRQHandler
                0x08000c3c                NMI_Handler
                0x08000c3c                EXTI3_IRQHandler
                0x08000c3c                I2C2_EV_IRQHandler
                0x08000c3c                UsageFault_Handler
                0x08000c3c                SPI1_IRQHandler
                0x08000c3c                TAMPER_IRQHandler
                0x08000c3c                TIM6_DAC_IRQHandler
                0x08000c3c                ADC1_IRQHandler
                0x08000c3c                USART3_IRQHandler
                0x08000c3c                RTC_IRQHandler
                0x08000c3c                DMA1_Channel7_IRQHandler
                0x08000c3c                TIM4_IRQHandler
                0x08000c3c                I2C1_EV_IRQHandler
                0x08000c3c                DMA1_Channel6_IRQHandler
                0x08000c3c                RCC_IRQHandler
                0x08000c3c                DMA1_Channel1_IRQHandler
                0x08000c3c                CEC_IRQHandler
                0x08000c3c                TIM7_IRQHandler
                0x08000c3c                SPI2_IRQHandler
                0x08000c3c                MemManage_Handler
                0x08000c3c                EXTI4_IRQHandler
                0x08000c3c                DMA1_Channel3_IRQHandler
                0x08000c3c                WWDG_IRQHandler
                0x08000c3c                TIM2_IRQHandler
                0x08000c3c                RTCAlarm_IRQHandler
                0x08000c3c                USART2_IRQHandler
                0x08000c3c                I2C2_ER_IRQHandler
                0x08000c3c                DMA1_Channel2_IRQHandler
                0x08000c3c                FLASH_IRQHandler
                0x08000c3c                BusFault_Handler
                0x08000c3c                I2C1_ER_IRQHandler
 .text.SystemInit
                0x08000c44       0xb8 ..\obj\system_stm32f10x.o
                0x08000c44                SystemInit
 .text.SetSysClock
                0x08000cfc        0xc ..\obj\system_stm32f10x.o
 .text.SetSysClockTo24
                0x08000d08      0x15c ..\obj\system_stm32f10x.o
 .text.interface_speed
                0x08000e64       0x4c ..\obj\diskio.o
 .text.card_power
                0x08000eb0       0x14 ..\obj\diskio.o
 .text.chk_power
                0x08000ec4       0x10 ..\obj\diskio.o
 .text.stm32_spi_rw
                0x08000ed4       0x50 ..\obj\diskio.o
 .text.rcvr_spi
                0x08000f24       0x14 ..\obj\diskio.o
 .text.wait_ready
                0x08000f38       0x40 ..\obj\diskio.o
 .text.release_spi
                0x08000f78       0x1c ..\obj\diskio.o
 .text.stm32_dma_transfer
                0x08000f94      0x174 ..\obj\diskio.o
 .text.power_on
                0x08001108      0x240 ..\obj\diskio.o
 .text.power_off
                0x08001348       0xa4 ..\obj\diskio.o
 .text.rcvr_datablock
                0x080013ec       0x64 ..\obj\diskio.o
 .text.xmit_datablock
                0x08001450       0x70 ..\obj\diskio.o
 .text.send_cmd
                0x080014c0      0x104 ..\obj\diskio.o
 .text.disk_initialize
                0x080015c4      0x21c ..\obj\diskio.o
                0x080015c4                disk_initialize
 .text.disk_status
                0x080017e0       0x30 ..\obj\diskio.o
                0x080017e0                disk_status
 .text.disk_read
                0x08001810       0xec ..\obj\diskio.o
                0x08001810                disk_read
 .text.disk_write
                0x080018fc      0x134 ..\obj\diskio.o
                0x080018fc                disk_write
 .text.disk_ioctl
                0x08001a30      0x444 ..\obj\diskio.o
                0x08001a30                disk_ioctl
 .text.GPIO_Init
                0x08001e74      0x1b0 ..\obj\stm32f10x_gpio.o
                0x08001e74                GPIO_Init
 .text.GPIO_StructInit
                0x08002024       0x2c ..\obj\stm32f10x_gpio.o
                0x08002024                GPIO_StructInit
 .text.GPIO_SetBits
                0x08002050       0x1c ..\obj\stm32f10x_gpio.o
                0x08002050                GPIO_SetBits
 .text.GPIO_ResetBits
                0x0800206c       0x1c ..\obj\stm32f10x_gpio.o
                0x0800206c                GPIO_ResetBits
 .text.GPIO_PinRemapConfig
                0x08002088      0x120 ..\obj\stm32f10x_gpio.o
                0x08002088                GPIO_PinRemapConfig
 .text.GPIO_EXTILineConfig
                0x080021a8       0xb0 ..\obj\stm32f10x_gpio.o
                0x080021a8                GPIO_EXTILineConfig
 .text.NVIC_EnableIRQ
                0x08002258       0x30 ..\obj\main.o
 .text.uart_task
                0x08002288       0x54 ..\obj\main.o
 .text.packet_extractor
                0x080022dc       0x70 ..\obj\main.o
 .text.calibrateFlowMeter
                0x0800234c      0x204 ..\obj\main.o
                0x0800234c                calibrateFlowMeter
 .text.get_water
                0x08002550      0x190 ..\obj\main.o
                0x08002550                get_water
 .text.Lcd_write_16b
                0x080026e0       0x70 ..\obj\main.o
                0x080026e0                Lcd_write_16b
 .text.comm_manager
                0x08002750      0x2c8 ..\obj\main.o
                0x08002750                comm_manager
 .text.USART1_IRQHandler
                0x08002a18      0x13c ..\obj\main.o
                0x08002a18                USART1_IRQHandler
 .text.DMA1_Channel4_IRQHandler
                0x08002b54       0x14 ..\obj\main.o
                0x08002b54                DMA1_Channel4_IRQHandler
 .text.DMA1_Channel5_IRQHandler
                0x08002b68       0x14 ..\obj\main.o
                0x08002b68                DMA1_Channel5_IRQHandler
 .text.bluetooth_init
                0x08002b7c       0xd0 ..\obj\main.o
                0x08002b7c                bluetooth_init
 .text.valve_motor_control_init
                0x08002c4c       0x78 ..\obj\main.o
                0x08002c4c                valve_motor_control_init
 .text.valve_feedback_init
                0x08002cc4       0x2c ..\obj\main.o
                0x08002cc4                valve_feedback_init
 .text.water_level_input_init
                0x08002cf0       0x9c ..\obj\main.o
                0x08002cf0                water_level_input_init
 .text.dosing_motor_control_init
                0x08002d8c       0xc0 ..\obj\main.o
                0x08002d8c                dosing_motor_control_init
 .text.waterSensorStateTrigger
                0x08002e4c       0xa8 ..\obj\main.o
                0x08002e4c                waterSensorStateTrigger
 .text.tankLevelStabSetup
                0x08002ef4      0x114 ..\obj\main.o
                0x08002ef4                tankLevelStabSetup
 .text.tankLevelStab
                0x08003008       0x38 ..\obj\main.o
                0x08003008                tankLevelStab
 .text.open_valve
                0x08003040      0x10c ..\obj\main.o
                0x08003040                open_valve
 .text.close_valve
                0x0800314c       0xe4 ..\obj\main.o
                0x0800314c                close_valve
 .text.run_valve_motor
                0x08003230       0x2c ..\obj\main.o
                0x08003230                run_valve_motor
 .text.stop_valve_motor
                0x0800325c       0x2c ..\obj\main.o
                0x0800325c                stop_valve_motor
 .text.EXTI0_IRQHandler
                0x08003288       0x1c ..\obj\main.o
                0x08003288                EXTI0_IRQHandler
 .text.EXTI1_IRQHandler
                0x080032a4       0x1c ..\obj\main.o
                0x080032a4                EXTI1_IRQHandler
 .text.EXTI2_IRQHandler
                0x080032c0        0xc ..\obj\main.o
                0x080032c0                EXTI2_IRQHandler
 .text.EXTI15_10_IRQHandler
                0x080032cc       0x20 ..\obj\main.o
                0x080032cc                EXTI15_10_IRQHandler
 .text.EXTI9_5_IRQHandler
                0x080032ec       0x18 ..\obj\main.o
                0x080032ec                EXTI9_5_IRQHandler
 .text.valve_test2
                0x08003304       0xfc ..\obj\main.o
                0x08003304                valve_test2
 .text.valve_test
                0x08003400      0x160 ..\obj\main.o
                0x08003400                valve_test
 .text.water_program_setup
                0x08003560      0x3b8 ..\obj\main.o
                0x08003560                water_program_setup
 .text.fertilization_setup
                0x08003918       0x38 ..\obj\main.o
                0x08003918                fertilization_setup
 .text.watering_setup
                0x08003950       0x38 ..\obj\main.o
                0x08003950                watering_setup
 .text.fertilizer_mixing_program_setup
                0x08003988      0x1d0 ..\obj\main.o
                0x08003988                fertilizer_mixing_program_setup
 .text.startWp  0x08003b58       0xdc ..\obj\main.o
                0x08003b58                startWp
 .text.run_watering_program
                0x08003c34      0x378 ..\obj\main.o
                0x08003c34                run_watering_program
 .text.run_fertilizer_mixer
                0x08003fac       0xb4 ..\obj\main.o
                0x08003fac                run_fertilizer_mixer
 .text.run_circulation_pump
                0x08004060       0x50 ..\obj\main.o
                0x08004060                run_circulation_pump
 .text.enable_dosing_pump
                0x080040b0       0xdc ..\obj\main.o
                0x080040b0                enable_dosing_pump
 .text.watering_program_trigger
                0x0800418c      0x130 ..\obj\main.o
 .text.dht_init
                0x080042bc       0xb0 ..\obj\main.o
                0x080042bc                dht_init
 .text.dht_init_out
                0x0800436c       0x28 ..\obj\main.o
                0x0800436c                dht_init_out
 .text.TIM3_IRQHandler
                0x08004394       0xec ..\obj\main.o
                0x08004394                TIM3_IRQHandler
 .text.TIM1_BRK_TIM15_IRQHandler
                0x08004480       0x6c ..\obj\main.o
                0x08004480                TIM1_BRK_TIM15_IRQHandler
 .text.TIM1_UP_TIM16_IRQHandler
                0x080044ec       0x14 ..\obj\main.o
                0x080044ec                TIM1_UP_TIM16_IRQHandler
 .text.TIM1_TRG_COM_TIM17_IRQHandler
                0x08004500       0x38 ..\obj\main.o
                0x08004500                TIM1_TRG_COM_TIM17_IRQHandler
 .text.dht_get_data
                0x08004538       0x84 ..\obj\main.o
                0x08004538                dht_get_data
 .text.dht_conv_data
                0x080045bc      0x1cc ..\obj\main.o
                0x080045bc                dht_conv_data
 .text.dht_arr_displayer
                0x08004788       0xb4 ..\obj\main.o
                0x08004788                dht_arr_displayer
 .text.adc2ph   0x0800483c       0x3c ..\obj\main.o
                0x0800483c                adc2ph
 .text.ph2adc   0x08004878       0x44 ..\obj\main.o
                0x08004878                ph2adc
 .text.phStabSettings
                0x080048bc       0xbc ..\obj\main.o
                0x080048bc                phStabSettings
 .text.readPercentVal
                0x08004978      0x128 ..\obj\main.o
                0x08004978                readPercentVal
 .text.hygroStatSettings
                0x08004aa0       0x9c ..\obj\main.o
                0x08004aa0                hygroStatSettings
 .text.convPh2str
                0x08004b3c       0xc8 ..\obj\main.o
                0x08004b3c                convPh2str
 .text.readPhVal
                0x08004c04       0xac ..\obj\main.o
                0x08004c04                readPhVal
 .text.adc2str  0x08004cb0      0x2f4 ..\obj\main.o
                0x08004cb0                adc2str
 .text.Delay_us
                0x08004fa4       0x28 ..\obj\main.o
                0x08004fa4                Delay_us
 .text.get_average_adc
                0x08004fcc       0x4c ..\obj\main.o
                0x08004fcc                get_average_adc
 .text.buttonCalibration
                0x08005018      0x288 ..\obj\main.o
                0x08005018                buttonCalibration
 .text.displayAdcValues
                0x080052a0       0xf8 ..\obj\main.o
                0x080052a0                displayAdcValues
 .text.display_usart_rx
                0x08005398       0x4c ..\obj\main.o
                0x08005398                display_usart_rx
 .text.saveButtonRanges
                0x080053e4       0x3c ..\obj\main.o
                0x080053e4                saveButtonRanges
 .text.readButtonRanges
                0x08005420       0x3c ..\obj\main.o
                0x08005420                readButtonRanges
 .text.sdLog    0x0800545c      0x3a8 ..\obj\main.o
 .text.string2log
                0x08005804       0xd0 ..\obj\main.o
                0x08005804                string2log
 .text.calibratePh
                0x080058d4      0x19c ..\obj\main.o
                0x080058d4                calibratePh
 .text.getPh    0x08005a70      0x154 ..\obj\main.o
                0x08005a70                getPh
 .text.getEc    0x08005bc4      0x17c ..\obj\main.o
                0x08005bc4                getEc
 .text.setPlug  0x08005d40       0xfc ..\obj\main.o
                0x08005d40                setPlug
 .text.timerStateTrigger
                0x08005e3c      0x1bc ..\obj\main.o
 .text.plugStateTrigger
                0x08005ff8      0x294 ..\obj\main.o
 .text.plugStateSet
                0x0800628c       0x6c ..\obj\main.o
                0x0800628c                plugStateSet
 .text.EE_WriteWord
                0x080062f8       0x38 ..\obj\main.o
                0x080062f8                EE_WriteWord
 .text.programRunner
                0x08006330      0x14c ..\obj\main.o
                0x08006330                programRunner
 .text.phMonSettings
                0x0800647c       0xd0 ..\obj\main.o
                0x0800647c                phMonSettings
 .text.adjust8bit
                0x0800654c       0xa8 ..\obj\main.o
                0x0800654c                adjust8bit
 .text.adjust16bit
                0x080065f4       0xb0 ..\obj\main.o
                0x080065f4                adjust16bit
 .text.adjust16bit_fast
                0x080066a4       0xc0 ..\obj\main.o
                0x080066a4                adjust16bit_fast
 .text.CTimerAdjust
                0x08006764      0x180 ..\obj\main.o
                0x08006764                CTimerAdjust
 .text.setCTimer
                0x080068e4      0x10c ..\obj\main.o
                0x080068e4                setCTimer
 .text.setTimer
                0x080069f0      0x10c ..\obj\main.o
                0x080069f0                setTimer
 .text.timeAdjust
                0x08006afc      0x2c0 ..\obj\main.o
                0x08006afc                timeAdjust
 .text.Lcd_write_arr
                0x08006dbc       0x38 ..\obj\main.o
                0x08006dbc                Lcd_write_arr
 .text.unix2DateTime
                0x08006df4      0x2fc ..\obj\main.o
                0x08006df4                unix2DateTime
 .text.DateTime2unix
                0x080070f0      0x164 ..\obj\main.o
                0x080070f0                DateTime2unix
 .text.menuSelector
                0x08007254      0x13c ..\obj\main.o
                0x08007254                menuSelector
 .text.RTC_GetCounter
                0x08007390       0x24 ..\obj\main.o
                0x08007390                RTC_GetCounter
 .text.RTC_SetCounter
                0x080073b4       0x48 ..\obj\main.o
                0x080073b4                RTC_SetCounter
 .text.RtcInit  0x080073fc       0xcc ..\obj\main.o
                0x080073fc                RtcInit
 .text.phMonitor
                0x080074c8       0x80 ..\obj\main.o
 .text.copy_arr
                0x08007548       0x44 ..\obj\main.o
                0x08007548                copy_arr
 .text.displayClock
                0x0800758c      0x1c0 ..\obj\main.o
 .text.readButtons
                0x0800774c       0x60 ..\obj\main.o
                0x0800774c                readButtons
 .text.AdcInit  0x080077ac      0x150 ..\obj\main.o
                0x080077ac                AdcInit
 .text.Lcd_write_digit
                0x080078fc      0x108 ..\obj\main.o
                0x080078fc                Lcd_write_digit
 .text.prvSetupHardware
                0x08007a04       0x80 ..\obj\main.o
 .text.vTaskLCDdraw
                0x08007a84       0x3c ..\obj\main.o
 .text.int32str
                0x08007ac0      0x1cc ..\obj\main.o
                0x08007ac0                int32str
 .text.int10str
                0x08007c8c       0xc0 ..\obj\main.o
                0x08007c8c                int10str
 .text.EE_ReadWord
                0x08007d4c       0x44 ..\obj\main.o
                0x08007d4c                EE_ReadWord
 .text.flush_lcd_buffer
                0x08007d90       0x40 ..\obj\main.o
                0x08007d90                flush_lcd_buffer
 .text.main     0x08007dd0      0x26c ..\obj\main.o
                0x08007dd0                main
 .text.loadSettings
                0x0800803c      0xa88 ..\obj\main.o
                0x0800803c                loadSettings
 .text.set4highBits
                0x08008ac4       0xa8 ..\obj\main.o
                0x08008ac4                set4highBits
 .text.Lcd_write_str
                0x08008b6c       0x6c ..\obj\main.o
                0x08008b6c                Lcd_write_str
 .text.Lcd_goto
                0x08008bd8       0x44 ..\obj\main.o
                0x08008bd8                Lcd_goto
 .text.Init_pin_out
                0x08008c1c       0x4c ..\obj\main.o
                0x08008c1c                Init_pin_out
 .text.Lcd_write_cmd
                0x08008c68       0x8c ..\obj\main.o
                0x08008c68                Lcd_write_cmd
 .text.Lcd_write_data
                0x08008cf4       0xc0 ..\obj\main.o
                0x08008cf4                Lcd_write_data
 .text.set4lowBits
                0x08008db4       0xa8 ..\obj\main.o
                0x08008db4                set4lowBits
 .text.Init_lcd
                0x08008e5c       0x7c ..\obj\main.o
                0x08008e5c                Init_lcd
 .text.Lcd_clear
                0x08008ed8       0x18 ..\obj\main.o
                0x08008ed8                Lcd_clear
 .text.xTimerCreateTimerTask
                0x08008ef0       0x70 ..\obj\timers.o
                0x08008ef0                xTimerCreateTimerTask
 .text.xTimerGenericCommand
                0x08008f60       0xac ..\obj\timers.o
                0x08008f60                xTimerGenericCommand
 .text.prvProcessExpiredTimer
                0x0800900c       0x80 ..\obj\timers.o
 .text.prvTimerTask
                0x0800908c       0x24 ..\obj\timers.o
 .text.prvProcessTimerOrBlockTask
                0x080090b0       0x74 ..\obj\timers.o
 .text.prvGetNextExpireTime
                0x08009124       0x54 ..\obj\timers.o
 .text.prvSampleTimeNow
                0x08009178       0x58 ..\obj\timers.o
 .text.prvInsertTimerInActiveList
                0x080091d0       0x94 ..\obj\timers.o
 .text.prvProcessReceivedCommands
                0x08009264      0x114 ..\obj\timers.o
 .text.prvSwitchTimerLists
                0x08009378       0xec ..\obj\timers.o
 .text.prvCheckForValidListAndQueue
                0x08009464       0x74 ..\obj\timers.o
 .text.RCC_GetClocksFreq
                0x080094d8      0x1cc ..\obj\stm32f10x_rcc.o
                0x080094d8                RCC_GetClocksFreq
 .text.RCC_AHBPeriphClockCmd
                0x080096a4       0x54 ..\obj\stm32f10x_rcc.o
                0x080096a4                RCC_AHBPeriphClockCmd
 .text.RCC_APB2PeriphClockCmd
                0x080096f8       0x54 ..\obj\stm32f10x_rcc.o
                0x080096f8                RCC_APB2PeriphClockCmd
 .text.RCC_APB1PeriphClockCmd
                0x0800974c       0x54 ..\obj\stm32f10x_rcc.o
                0x0800974c                RCC_APB1PeriphClockCmd
 .text.RCC_APB2PeriphResetCmd
                0x080097a0       0x54 ..\obj\stm32f10x_rcc.o
                0x080097a0                RCC_APB2PeriphResetCmd
 .text.RCC_APB1PeriphResetCmd
                0x080097f4       0x54 ..\obj\stm32f10x_rcc.o
                0x080097f4                RCC_APB1PeriphResetCmd
 .text.EXTI_Init
                0x08009848      0x138 ..\obj\stm32f10x_exti.o
                0x08009848                EXTI_Init
 .text.EXTI_ClearITPendingBit
                0x08009980       0x20 ..\obj\stm32f10x_exti.o
                0x08009980                EXTI_ClearITPendingBit
 .text.xTaskGenericCreate
                0x080099a0      0x1f4 ..\obj\tasks.o
                0x080099a0                xTaskGenericCreate
 .text.vTaskDelay
                0x08009b94       0x5c ..\obj\tasks.o
                0x08009b94                vTaskDelay
 .text.vTaskStartScheduler
                0x08009bf0       0x90 ..\obj\tasks.o
                0x08009bf0                vTaskStartScheduler
 .text.vTaskSuspendAll
                0x08009c80       0x24 ..\obj\tasks.o
                0x08009c80                vTaskSuspendAll
 .text.xTaskResumeAll
                0x08009ca4      0x168 ..\obj\tasks.o
                0x08009ca4                xTaskResumeAll
 .text.xTaskGetTickCount
                0x08009e0c       0x28 ..\obj\tasks.o
                0x08009e0c                xTaskGetTickCount
 .text.vTaskIncrementTick
                0x08009e34      0x1d0 ..\obj\tasks.o
                0x08009e34                vTaskIncrementTick
 .text.vTaskSwitchContext
                0x0800a004       0xdc ..\obj\tasks.o
                0x0800a004                vTaskSwitchContext
 .text.vTaskPlaceOnEventList
                0x0800a0e0       0x88 ..\obj\tasks.o
                0x0800a0e0                vTaskPlaceOnEventList
 .text.vTaskPlaceOnEventListRestricted
                0x0800a168       0x64 ..\obj\tasks.o
                0x0800a168                vTaskPlaceOnEventListRestricted
 .text.xTaskRemoveFromEventList
                0x0800a1cc       0xd4 ..\obj\tasks.o
                0x0800a1cc                xTaskRemoveFromEventList
 .text.vTaskSetTimeOutState
                0x0800a2a0       0x40 ..\obj\tasks.o
                0x0800a2a0                vTaskSetTimeOutState
 .text.xTaskCheckForTimeOut
                0x0800a2e0       0xc4 ..\obj\tasks.o
                0x0800a2e0                xTaskCheckForTimeOut
 .text.vTaskMissedYield
                0x0800a3a4       0x18 ..\obj\tasks.o
                0x0800a3a4                vTaskMissedYield
 .text.prvIdleTask
                0x0800a3bc       0x24 ..\obj\tasks.o
 .text.prvInitialiseTCBVariables
                0x0800a3e0       0x78 ..\obj\tasks.o
 .text.prvInitialiseTaskLists
                0x0800a458       0xa4 ..\obj\tasks.o
 .text.prvCheckTasksWaitingTermination
                0x0800a4fc       0x98 ..\obj\tasks.o
 .text.prvAddCurrentTaskToDelayedList
                0x0800a594       0x8c ..\obj\tasks.o
 .text.prvAllocateTCBAndStack
                0x0800a620       0x70 ..\obj\tasks.o
 .text.prvDeleteTCB
                0x0800a690       0x20 ..\obj\tasks.o
 .text.xTaskGetCurrentTaskHandle
                0x0800a6b0       0x20 ..\obj\tasks.o
                0x0800a6b0                xTaskGetCurrentTaskHandle
 .text.xTaskGetSchedulerState
                0x0800a6d0       0x48 ..\obj\tasks.o
                0x0800a6d0                xTaskGetSchedulerState
 .text.vTaskPriorityInherit
                0x0800a718       0xe4 ..\obj\tasks.o
                0x0800a718                vTaskPriorityInherit
 .text.vTaskPriorityDisinherit
                0x0800a7fc       0x90 ..\obj\tasks.o
                0x0800a7fc                vTaskPriorityDisinherit
 .text.USART_DeInit
                0x0800a88c       0xd8 ..\obj\stm32f10x_usart.o
                0x0800a88c                USART_DeInit
 .text.USART_Init
                0x0800a964      0x1ac ..\obj\stm32f10x_usart.o
                0x0800a964                USART_Init
 .text.USART_Cmd
                0x0800ab10       0x40 ..\obj\stm32f10x_usart.o
                0x0800ab10                USART_Cmd
 .text.USART_SendData
                0x0800ab50       0x28 ..\obj\stm32f10x_usart.o
                0x0800ab50                USART_SendData
 .text.USART_ReceiveData
                0x0800ab78       0x24 ..\obj\stm32f10x_usart.o
                0x0800ab78                USART_ReceiveData
 .text.USART_GetFlagStatus
                0x0800ab9c       0x40 ..\obj\stm32f10x_usart.o
                0x0800ab9c                USART_GetFlagStatus
 .text.USART_ClearFlag
                0x0800abdc       0x24 ..\obj\stm32f10x_usart.o
                0x0800abdc                USART_ClearFlag
 .text.USART_GetITStatus
                0x0800ac00       0xc4 ..\obj\stm32f10x_usart.o
                0x0800ac00                USART_GetITStatus
 .text.vListInitialise
                0x0800acc4       0x40 ..\obj\list.o
                0x0800acc4                vListInitialise
 .text.vListInitialiseItem
                0x0800ad04       0x1c ..\obj\list.o
                0x0800ad04                vListInitialiseItem
 .text.vListInsertEnd
                0x0800ad20       0x50 ..\obj\list.o
                0x0800ad20                vListInsertEnd
 .text.vListInsert
                0x0800ad70       0x74 ..\obj\list.o
                0x0800ad70                vListInsert
 .text.vListRemove
                0x0800ade4       0x54 ..\obj\list.o
                0x0800ade4                vListRemove
 .text.FLASH_Unlock
                0x0800ae38       0x30 ..\obj\stm32f10x_flash.o
                0x0800ae38                FLASH_Unlock
 .text.FLASH_ErasePage
                0x0800ae68       0x90 ..\obj\stm32f10x_flash.o
                0x0800ae68                FLASH_ErasePage
 .text.FLASH_ProgramHalfWord
                0x0800aef8       0x74 ..\obj\stm32f10x_flash.o
                0x0800aef8                FLASH_ProgramHalfWord
 .text.FLASH_GetBank1Status
                0x0800af6c       0x70 ..\obj\stm32f10x_flash.o
                0x0800af6c                FLASH_GetBank1Status
 .text.FLASH_WaitForLastOperation
                0x0800afdc       0x4c ..\obj\stm32f10x_flash.o
                0x0800afdc                FLASH_WaitForLastOperation
 .text.xQueueGenericReset
                0x0800b028       0xbc ..\obj\queue.o
                0x0800b028                xQueueGenericReset
 .text.xQueueGenericCreate
                0x0800b0e4       0x8c ..\obj\queue.o
                0x0800b0e4                xQueueGenericCreate
 .text.xQueueGenericSend
                0x0800b170      0x154 ..\obj\queue.o
                0x0800b170                xQueueGenericSend
 .text.xQueueGenericSendFromISR
                0x0800b2c4       0xd4 ..\obj\queue.o
                0x0800b2c4                xQueueGenericSendFromISR
 .text.xQueueGenericReceive
                0x0800b398      0x1bc ..\obj\queue.o
                0x0800b398                xQueueGenericReceive
 .text.uxQueueMessagesWaiting
                0x0800b554       0x34 ..\obj\queue.o
                0x0800b554                uxQueueMessagesWaiting
 .text.prvCopyDataToQueue
                0x0800b588       0xc4 ..\obj\queue.o
 .text.prvCopyDataFromQueue
                0x0800b64c       0x50 ..\obj\queue.o
 .text.prvUnlockQueue
                0x0800b69c       0xa0 ..\obj\queue.o
 .text.prvIsQueueEmpty
                0x0800b73c       0x2c ..\obj\queue.o
 .text.prvIsQueueFull
                0x0800b768       0x30 ..\obj\queue.o
 .text.vQueueWaitForMessageRestricted
                0x0800b798       0x5c ..\obj\queue.o
                0x0800b798                vQueueWaitForMessageRestricted
 .text.pxPortInitialiseStack
                0x0800b7f4       0x60 ..\obj\port.o
                0x0800b7f4                pxPortInitialiseStack
 .text.SVC_Handler
                0x0800b854       0x20 ..\obj\port.o
                0x0800b854                SVC_Handler
 .text.prvPortStartFirstTask
                0x0800b874       0x14 ..\obj\port.o
 .text.xPortStartScheduler
                0x0800b888       0x54 ..\obj\port.o
                0x0800b888                xPortStartScheduler
 .text.vPortYieldFromISR
                0x0800b8dc       0x18 ..\obj\port.o
                0x0800b8dc                vPortYieldFromISR
 .text.vPortEnterCritical
                0x0800b8f4       0x2c ..\obj\port.o
                0x0800b8f4                vPortEnterCritical
 .text.vPortExitCritical
                0x0800b920       0x38 ..\obj\port.o
                0x0800b920                vPortExitCritical
 .text.PendSV_Handler
                0x0800b958       0x3c ..\obj\port.o
                0x0800b958                PendSV_Handler
 .text.SysTick_Handler
                0x0800b994       0x38 ..\obj\port.o
                0x0800b994                SysTick_Handler
 .text.prvSetupTimerInterrupt
                0x0800b9cc       0x28 ..\obj\port.o
 .text.mem_cpy  0x0800b9f4       0x50 ..\obj\ff.o
 .text.mem_set  0x0800ba44       0x44 ..\obj\ff.o
 .text.mem_cmp  0x0800ba88       0x70 ..\obj\ff.o
 .text.chk_chr  0x0800baf8       0x38 ..\obj\ff.o
 .text.move_window
                0x0800bb30       0xd4 ..\obj\ff.o
 .text.sync     0x0800bc04      0x180 ..\obj\ff.o
 .text.clust2sect
                0x0800bd84       0x44 ..\obj\ff.o
                0x0800bd84                clust2sect
 .text.get_fat  0x0800bdc8      0x19c ..\obj\ff.o
                0x0800bdc8                get_fat
 .text.put_fat  0x0800bf64      0x254 ..\obj\ff.o
                0x0800bf64                put_fat
 .text.remove_chain
                0x0800c1b8       0xb0 ..\obj\ff.o
 .text.create_chain
                0x0800c268      0x12c ..\obj\ff.o
 .text.dir_sdi  0x0800c394      0x118 ..\obj\ff.o
 .text.dir_next
                0x0800c4ac      0x1dc ..\obj\ff.o
 .text.ld_clust
                0x0800c688       0x64 ..\obj\ff.o
 .text.st_clust
                0x0800c6ec       0x5c ..\obj\ff.o
 .text.dir_find
                0x0800c748       0xa4 ..\obj\ff.o
 .text.dir_register
                0x0800c7ec       0xbc ..\obj\ff.o
 .text.create_name
                0x0800c8a8      0x1ac ..\obj\ff.o
 .text.follow_path
                0x0800ca54       0xe4 ..\obj\ff.o
 .text.check_fs
                0x0800cb38       0xe8 ..\obj\ff.o
 .text.chk_mounted
                0x0800cc20      0x600 ..\obj\ff.o
 .text.validate
                0x0800d220       0x5c ..\obj\ff.o
 .text.f_mount  0x0800d27c       0x64 ..\obj\ff.o
                0x0800d27c                f_mount
 .text.f_open   0x0800d2e0      0x2cc ..\obj\ff.o
                0x0800d2e0                f_open
 .text.f_write  0x0800d5ac      0x34c ..\obj\ff.o
                0x0800d5ac                f_write
 .text.f_sync   0x0800d8f8      0x180 ..\obj\ff.o
                0x0800d8f8                f_sync
 .text.f_close  0x0800da78       0x2c ..\obj\ff.o
                0x0800da78                f_close
 .text.f_lseek  0x0800daa4      0x2d8 ..\obj\ff.o
                0x0800daa4                f_lseek
 .text.DMA_DeInit
                0x0800dd7c      0x220 ..\obj\stm32f10x_dma.o
                0x0800dd7c                DMA_DeInit
 .text.DMA_Init
                0x0800df9c       0x80 ..\obj\stm32f10x_dma.o
                0x0800df9c                DMA_Init
 .text.DMA_Cmd  0x0800e01c       0x38 ..\obj\stm32f10x_dma.o
                0x0800e01c                DMA_Cmd
 .text.DMA_GetFlagStatus
                0x0800e054       0x60 ..\obj\stm32f10x_dma.o
                0x0800e054                DMA_GetFlagStatus
 .text.NVIC_Init
                0x0800e0b4       0xe8 ..\obj\misc.o
                0x0800e0b4                NVIC_Init
 .text.SPI_I2S_DeInit
                0x0800e19c       0x88 ..\obj\stm32f10x_spi.o
                0x0800e19c                SPI_I2S_DeInit
 .text.SPI_Cmd  0x0800e224       0x40 ..\obj\stm32f10x_spi.o
                0x0800e224                SPI_Cmd
 .text.SPI_I2S_DMACmd
                0x0800e264       0x48 ..\obj\stm32f10x_spi.o
                0x0800e264                SPI_I2S_DMACmd
 .text.SPI_I2S_SendData
                0x0800e2ac       0x1c ..\obj\stm32f10x_spi.o
                0x0800e2ac                SPI_I2S_SendData
 .text.SPI_I2S_ReceiveData
                0x0800e2c8       0x1c ..\obj\stm32f10x_spi.o
                0x0800e2c8                SPI_I2S_ReceiveData
 .text.SPI_I2S_GetFlagStatus
                0x0800e2e4       0x40 ..\obj\stm32f10x_spi.o
                0x0800e2e4                SPI_I2S_GetFlagStatus
 .text.pvPortMalloc
                0x0800e324      0x1b0 ..\obj\heap_2.o
                0x0800e324                pvPortMalloc
 .text.vPortFree
                0x0800e4d4       0x88 ..\obj\heap_2.o
                0x0800e4d4                vPortFree
 .text.EE_Init  0x0800e55c      0x310 ..\obj\eeprom.o
                0x0800e55c                EE_Init
 .text.EE_ReadVariable
                0x0800e86c       0xb8 ..\obj\eeprom.o
                0x0800e86c                EE_ReadVariable
 .text.EE_WriteVariable
                0x0800e924       0x48 ..\obj\eeprom.o
                0x0800e924                EE_WriteVariable
 .text.EE_Format
                0x0800e96c       0x60 ..\obj\eeprom.o
 .text.EE_FindValidPage
                0x0800e9cc       0xa4 ..\obj\eeprom.o
 .text.EE_VerifyPageFullWriteVariable
                0x0800ea70       0xcc ..\obj\eeprom.o
 .text.EE_PageTransfer
                0x0800eb3c      0x164 ..\obj\eeprom.o
 .text.sonar_init
                0x0800eca0      0x198 ..\obj\driver_sonar.o
                0x0800eca0                sonar_init
 .text.sonar_ping
                0x0800ee38       0x38 ..\obj\driver_sonar.o
                0x0800ee38                sonar_ping
 .text          0x0800ee70       0xec c:/coocox/toolchain48/bin/../lib/gcc/arm-none-eabi/4.8.3/../../../../arm-none-eabi/lib/armv7-m\libg.a(lib_a-memcpy.o)
                0x0800ee70                memcpy
 .text.memset   0x0800ef5c       0x94 c:/coocox/toolchain48/bin/../lib/gcc/arm-none-eabi/4.8.3/../../../../arm-none-eabi/lib/armv7-m\libg.a(lib_a-memset.o)
                0x0800ef5c                memset
 .text.strncpy  0x0800eff0       0x64 c:/coocox/toolchain48/bin/../lib/gcc/arm-none-eabi/4.8.3/../../../../arm-none-eabi/lib/armv7-m\libg.a(lib_a-strncpy.o)
                0x0800eff0                strncpy
 *(.glue_7t)
 .glue_7t       0x00000000        0x0 linker stubs
 *(.glue_7)
 .glue_7        0x00000000        0x0 linker stubs
 *(.rodata .rodata* .gnu.linkonce.r.*)
 .rodata        0x0800f054      0xc2c ..\obj\main.o
                0x0800f2d8                menuItemArray
                0x0800f53c                fatArray
 .rodata        0x0800fc80        0x8 ..\obj\timers.o
 .rodata        0x0800fc88        0x8 ..\obj\tasks.o
 .rodata        0x0800fc90       0x10 ..\obj\ff.o
 .rodata        0x0800fca0        0x2 ..\obj\heap_2.o

.vfp11_veneer   0x0800fca4        0x0
 .vfp11_veneer  0x00000000        0x0 linker stubs

.v4_bx          0x0800fca4        0x0
 .v4_bx         0x00000000        0x0 linker stubs

.iplt           0x0800fca4        0x0
 .iplt          0x00000000        0x0 ..\obj\stm32f10x_tim.o

.rel.dyn        0x0800fca4        0x0
 .rel.iplt      0x00000000        0x0 ..\obj\stm32f10x_tim.o

.ARM.extab
 *(.ARM.extab* .gnu.linkonce.armextab.*)
                0x0800fca4                __exidx_start = .

.ARM.exidx
 *(.ARM.exidx* .gnu.linkonce.armexidx.*)
                0x0800fca4                __exidx_end = .
                0x0800fca4                . = ALIGN (0x4)
                0x0800fca4                _etext = .
                0x0800fca4                _sidata = .

.data           0x20000000       0x44 load address 0x0800fca4
                0x20000000                _sdata = .
 *(.data .data.*)
 .data          0x20000000       0x14 ..\obj\system_stm32f10x.o
                0x20000000                SystemCoreClock
                0x20000004                AHBPrescTable
 .data          0x20000014        0x1 ..\obj\diskio.o
 *fill*         0x20000015        0x3 
 .data          0x20000018        0xc ..\obj\main.o
                0x20000018                comm_state
                0x20000019                capture_is_first
                0x2000001c                plugSettings
                0x20000020                VirtAddVarTab
 .data          0x20000024       0x14 ..\obj\stm32f10x_rcc.o
 .data          0x20000038        0x4 ..\obj\tasks.o
 .data          0x2000003c        0x4 ..\obj\port.o
 .data          0x20000040        0x4 ..\obj\heap_2.o
                0x20000044                . = ALIGN (0x4)
                0x20000044                _edata = .

.igot.plt       0x20000044        0x0 load address 0x0800fce8
 .igot.plt      0x00000000        0x0 ..\obj\stm32f10x_tim.o

.bss            0x20000048     0x1b80 load address 0x0800fcf0
                0x20000048                _sbss = .
 *(.bss .bss.*)
 .bss           0x20000048       0x10 ..\obj\diskio.o
 .bss           0x20000058      0x290 ..\obj\main.o
                0x20000060                TxCounter
                0x20000062                RxCounter
                0x20000064                logstr_crc
                0x20000066                IC2Value
                0x20000068                DutyCycle
                0x2000006c                Frequency
                0x20000070                dht_bit_position
                0x20000071                dht_bit_ready
                0x20000072                dht_data_ready
                0x20000074                capture1
                0x20000076                capture2
                0x20000078                capture_is_ready
                0x20000079                rhUnderOver
                0x2000009c                lcd_pointerx
                0x2000009d                lcd_pointery
                0x2000009e                buttonReverse
                0x200000a0                logInterval
                0x200000a2                log_inc
                0x200000a4                VarValue
                0x200000a6                ph_seven
                0x200000a8                ph0
                0x200000ac                ph4
                0x200000ae                ec1413
                0x200000b0                ec0
                0x200000b4                cdel
                0x200000b8                currentEc
                0x200000b9                currentPh
                0x200000ba                phUnderOver
                0x200000bb                ecUnderOver
                0x200000bc                lastWriteTime
                0x200000c0                rxpointer
                0x200000c1                sepFlag
                0x200000c2                size
 .bss           0x200002e8       0x38 ..\obj\timers.o
 .bss           0x20000320      0x100 ..\obj\tasks.o
                0x20000320                pxCurrentTCB
 .bss           0x20000420        0x8 ..\obj\ff.o
 .bss           0x20000428     0x1418 ..\obj\heap_2.o
 .bss           0x20001840        0x2 ..\obj\eeprom.o
                0x20001840                DataVar
 *(COMMON)
 *fill*         0x20001842        0x2 
 COMMON         0x20001844      0x384 ..\obj\main.o
                0x20001844                del
                0x20001848                TxDataReady
                0x2000184a                ecAdcValue
                0x2000184c                ecWindowTop
                0x2000184e                HSEStartUpStatus
                0x20001850                ecWindowBottom
                0x20001854                water_counter
                0x20001864                cTimerStateFlags
                0x20001868                dosingPumpStateFlags
                0x20001869                wpStateFlags
                0x2000186c                fs
                0x20001a9c                TxByte
                0x20001aa0                packetBuff
                0x20001aac                sonar_mm
                0x20001ab0                circulationPumpId
                0x20001ab4                phBuffer
                0x20001ac8                ecBuffer
                0x20001adc                FlashStatus
                0x20001ae0                no_sd
                0x20001ae4                rhWindowTop
                0x20001ae8                xSemaphorePacket
                0x20001aec                RxByte
                0x20001af0                timerStateFlags
                0x20001af4                wfCalArray
                0x20001afc                RxDataReady
                0x20001afd                waterSensorStateFlags
                0x20001b00                button_ranges
                0x20001b10                DHTValue
                0x20001b16                phWindowBottom
                0x20001b18                valveFlags
                0x20001b1c                toAdjust
                0x20001b20                RxBuffer
                0x20001b24                dht_rh_str
                0x20001b28                valve_failed
                0x20001b29                lightSensor
                0x20001b2c                wsl_buff
                0x20001b30                dht_data2
                0x20001b38                plugStateFlags
                0x20001b3c                tank_windows_bottom
                0x20001b40                sonar_read
                0x20001b44                RxBuff
                0x20001b54                TIM_ICInitStructure
                0x20001b5e                curculationPumpId
                0x20001b60                phWindowTop
                0x20001b64                curphstr
                0x20001b6c                dht_data
                0x20001b74                dht_t_str
                0x20001b78                curecstr
                0x20001b80                tank_windows_top
                0x20001b82                phAdcValue
                0x20001b84                lightRange
                0x20001b86                rhWindowBottom
                0x20001b88                log_str
                0x20001bc8                . = ALIGN (0x4)
                0x20001bc8                _ebss = .

.co_stack       0x20001bc8      0x400 load address 0x08011870
                0x20001bc8                . = ALIGN (0x8)
 *(.co_stack .co_stack.*)
 .co_stack      0x20001bc8      0x400 ..\obj\startup_stm32f10x_md_vl.o
                0x20001bc8                pulStack
                0x20001fc8                . = ALIGN (0x4)
                0x20001fc8                _end = .
LOAD ..\obj\stm32f10x_tim.o
LOAD ..\obj\startup_stm32f10x_md_vl.o
LOAD ..\obj\system_stm32f10x.o
LOAD ..\obj\stm32f10x_pwr.o
LOAD ..\obj\diskio.o
LOAD ..\obj\stm32f10x_gpio.o
LOAD ..\obj\main.o
LOAD ..\obj\timers.o
LOAD ..\obj\stm32f10x_rcc.o
LOAD ..\obj\stm32f10x_exti.o
LOAD ..\obj\tasks.o
LOAD ..\obj\stm32f10x_adc.o
LOAD ..\obj\stm32f10x_usart.o
LOAD ..\obj\list.o
LOAD ..\obj\syscalls.o
LOAD ..\obj\stm32f10x_flash.o
LOAD ..\obj\queue.o
LOAD ..\obj\port.o
LOAD ..\obj\ff.o
LOAD ..\obj\stm32f10x_dma.o
LOAD ..\obj\croutine.o
LOAD ..\obj\misc.o
LOAD ..\obj\stm32f10x_spi.o
LOAD ..\obj\heap_2.o
LOAD ..\obj\eeprom.o
LOAD ..\obj\driver_sonar.o
START GROUP
LOAD c:/coocox/toolchain48/bin/../lib/gcc/arm-none-eabi/4.8.3/armv7-m\libgcc.a
LOAD c:/coocox/toolchain48/bin/../lib/gcc/arm-none-eabi/4.8.3/../../../../arm-none-eabi/lib/armv7-m\libg.a
LOAD c:/coocox/toolchain48/bin/../lib/gcc/arm-none-eabi/4.8.3/../../../../arm-none-eabi/lib/armv7-m\libc.a
END GROUP
OUTPUT(hellow4.elf elf32-littlearm)

.debug_info     0x00000000     0xec5d
 .debug_info    0x00000000     0x1e6c ..\obj\stm32f10x_tim.o
 .debug_info    0x00001e6c       0xff ..\obj\startup_stm32f10x_md_vl.o
 .debug_info    0x00001f6b      0x40c ..\obj\system_stm32f10x.o
 .debug_info    0x00002377      0xb6d ..\obj\diskio.o
 .debug_info    0x00002ee4      0x72e ..\obj\stm32f10x_gpio.o
 .debug_info    0x00003612     0x3b30 ..\obj\main.o
 .debug_info    0x00007142      0x74a ..\obj\timers.o
 .debug_info    0x0000788c      0x990 ..\obj\stm32f10x_rcc.o
 .debug_info    0x0000821c      0x362 ..\obj\stm32f10x_exti.o
 .debug_info    0x0000857e      0xe0b ..\obj\tasks.o
 .debug_info    0x00009389      0xa82 ..\obj\stm32f10x_usart.o
 .debug_info    0x00009e0b      0x2b2 ..\obj\list.o
 .debug_info    0x0000a0bd      0x82e ..\obj\stm32f10x_flash.o
 .debug_info    0x0000a8eb      0x85b ..\obj\queue.o
 .debug_info    0x0000b146      0x1e9 ..\obj\port.o
 .debug_info    0x0000b32f     0x1783 ..\obj\ff.o
 .debug_info    0x0000cab2      0x4a6 ..\obj\stm32f10x_dma.o
 .debug_info    0x0000cf58      0x544 ..\obj\misc.o
 .debug_info    0x0000d49c      0x981 ..\obj\stm32f10x_spi.o
 .debug_info    0x0000de1d      0x2c2 ..\obj\heap_2.o
 .debug_info    0x0000e0df      0x42d ..\obj\eeprom.o
 .debug_info    0x0000e50c      0x751 ..\obj\driver_sonar.o

.debug_abbrev   0x00000000     0x21ef
 .debug_abbrev  0x00000000      0x1b2 ..\obj\stm32f10x_tim.o
 .debug_abbrev  0x000001b2       0xa9 ..\obj\startup_stm32f10x_md_vl.o
 .debug_abbrev  0x0000025b      0x179 ..\obj\system_stm32f10x.o
 .debug_abbrev  0x000003d4      0x2ae ..\obj\diskio.o
 .debug_abbrev  0x00000682      0x1ca ..\obj\stm32f10x_gpio.o
 .debug_abbrev  0x0000084c      0x390 ..\obj\main.o
 .debug_abbrev  0x00000bdc      0x175 ..\obj\timers.o
 .debug_abbrev  0x00000d51      0x1bc ..\obj\stm32f10x_rcc.o
 .debug_abbrev  0x00000f0d      0x153 ..\obj\stm32f10x_exti.o
 .debug_abbrev  0x00001060      0x1d1 ..\obj\tasks.o
 .debug_abbrev  0x00001231      0x164 ..\obj\stm32f10x_usart.o
 .debug_abbrev  0x00001395       0xbc ..\obj\list.o
 .debug_abbrev  0x00001451      0x18d ..\obj\stm32f10x_flash.o
 .debug_abbrev  0x000015de      0x132 ..\obj\queue.o
 .debug_abbrev  0x00001710      0x148 ..\obj\port.o
 .debug_abbrev  0x00001858      0x19f ..\obj\ff.o
 .debug_abbrev  0x000019f7      0x157 ..\obj\stm32f10x_dma.o
 .debug_abbrev  0x00001b4e      0x138 ..\obj\misc.o
 .debug_abbrev  0x00001c86      0x180 ..\obj\stm32f10x_spi.o
 .debug_abbrev  0x00001e06      0x168 ..\obj\heap_2.o
 .debug_abbrev  0x00001f6e      0x13b ..\obj\eeprom.o
 .debug_abbrev  0x000020a9      0x146 ..\obj\driver_sonar.o

.debug_loc      0x00000000     0x5890
 .debug_loc     0x00000000     0x13e8 ..\obj\stm32f10x_tim.o
 .debug_loc     0x000013e8       0x64 ..\obj\startup_stm32f10x_md_vl.o
 .debug_loc     0x0000144c       0xc8 ..\obj\system_stm32f10x.o
 .debug_loc     0x00001514      0x4aa ..\obj\diskio.o
 .debug_loc     0x000019be      0x3e4 ..\obj\stm32f10x_gpio.o
 .debug_loc     0x00001da2      0x304 ..\obj\timers.o
 .debug_loc     0x000020a6      0x714 ..\obj\stm32f10x_rcc.o
 .debug_loc     0x000027ba      0x1b4 ..\obj\stm32f10x_exti.o
 .debug_loc     0x0000296e      0x7b0 ..\obj\tasks.o
 .debug_loc     0x0000311e      0x658 ..\obj\stm32f10x_usart.o
 .debug_loc     0x00003776      0x118 ..\obj\list.o
 .debug_loc     0x0000388e      0x5d8 ..\obj\stm32f10x_flash.o
 .debug_loc     0x00003e66      0x428 ..\obj\queue.o
 .debug_loc     0x0000428e      0x178 ..\obj\port.o
 .debug_loc     0x00004406      0x942 ..\obj\ff.o
 .debug_loc     0x00004d48      0x268 ..\obj\stm32f10x_dma.o
 .debug_loc     0x00004fb0      0x118 ..\obj\misc.o
 .debug_loc     0x000050c8      0x508 ..\obj\stm32f10x_spi.o
 .debug_loc     0x000055d0       0xc8 ..\obj\heap_2.o
 .debug_loc     0x00005698      0x188 ..\obj\eeprom.o
 .debug_loc     0x00005820       0x70 ..\obj\driver_sonar.o

.debug_aranges  0x00000000     0x1370
 .debug_aranges
                0x00000000      0x2f0 ..\obj\stm32f10x_tim.o
 .debug_aranges
                0x000002f0       0x28 ..\obj\startup_stm32f10x_md_vl.o
 .debug_aranges
                0x00000318       0x38 ..\obj\system_stm32f10x.o
 .debug_aranges
                0x00000350       0xd0 ..\obj\diskio.o
 .debug_aranges
                0x00000420       0xa8 ..\obj\stm32f10x_gpio.o
 .debug_aranges
                0x000004c8      0x480 ..\obj\main.o
 .debug_aranges
                0x00000948       0x88 ..\obj\timers.o
 .debug_aranges
                0x000009d0      0x120 ..\obj\stm32f10x_rcc.o
 .debug_aranges
                0x00000af0       0x58 ..\obj\stm32f10x_exti.o
 .debug_aranges
                0x00000b48      0x138 ..\obj\tasks.o
 .debug_aranges
                0x00000c80      0x100 ..\obj\stm32f10x_usart.o
 .debug_aranges
                0x00000d80       0x40 ..\obj\list.o
 .debug_aranges
                0x00000dc0       0xf8 ..\obj\stm32f10x_flash.o
 .debug_aranges
                0x00000eb8       0xb0 ..\obj\queue.o
 .debug_aranges
                0x00000f68       0x70 ..\obj\port.o
 .debug_aranges
                0x00000fd8      0x168 ..\obj\ff.o
 .debug_aranges
                0x00001140       0x70 ..\obj\stm32f10x_dma.o
 .debug_aranges
                0x000011b0       0x40 ..\obj\misc.o
 .debug_aranges
                0x000011f0       0xd0 ..\obj\stm32f10x_spi.o
 .debug_aranges
                0x000012c0       0x38 ..\obj\heap_2.o
 .debug_aranges
                0x000012f8       0x50 ..\obj\eeprom.o
 .debug_aranges
                0x00001348       0x28 ..\obj\driver_sonar.o

.debug_ranges   0x00000000     0x1210
 .debug_ranges  0x00000000      0x2e0 ..\obj\stm32f10x_tim.o
 .debug_ranges  0x000002e0       0x18 ..\obj\startup_stm32f10x_md_vl.o
 .debug_ranges  0x000002f8       0x28 ..\obj\system_stm32f10x.o
 .debug_ranges  0x00000320       0xc0 ..\obj\diskio.o
 .debug_ranges  0x000003e0       0x98 ..\obj\stm32f10x_gpio.o
 .debug_ranges  0x00000478      0x470 ..\obj\main.o
 .debug_ranges  0x000008e8       0x78 ..\obj\timers.o
 .debug_ranges  0x00000960      0x110 ..\obj\stm32f10x_rcc.o
 .debug_ranges  0x00000a70       0x48 ..\obj\stm32f10x_exti.o
 .debug_ranges  0x00000ab8      0x128 ..\obj\tasks.o
 .debug_ranges  0x00000be0       0xf0 ..\obj\stm32f10x_usart.o
 .debug_ranges  0x00000cd0       0x30 ..\obj\list.o
 .debug_ranges  0x00000d00       0xe8 ..\obj\stm32f10x_flash.o
 .debug_ranges  0x00000de8       0xa0 ..\obj\queue.o
 .debug_ranges  0x00000e88       0x60 ..\obj\port.o
 .debug_ranges  0x00000ee8      0x158 ..\obj\ff.o
 .debug_ranges  0x00001040       0x60 ..\obj\stm32f10x_dma.o
 .debug_ranges  0x000010a0       0x30 ..\obj\misc.o
 .debug_ranges  0x000010d0       0xc0 ..\obj\stm32f10x_spi.o
 .debug_ranges  0x00001190       0x28 ..\obj\heap_2.o
 .debug_ranges  0x000011b8       0x40 ..\obj\eeprom.o
 .debug_ranges  0x000011f8       0x18 ..\obj\driver_sonar.o

.debug_line     0x00000000     0x7171
 .debug_line    0x00000000      0xa36 ..\obj\stm32f10x_tim.o
 .debug_line    0x00000a36       0xa4 ..\obj\startup_stm32f10x_md_vl.o
 .debug_line    0x00000ada      0x1bb ..\obj\system_stm32f10x.o
 .debug_line    0x00000c95      0x5ba ..\obj\diskio.o
 .debug_line    0x0000124f      0x350 ..\obj\stm32f10x_gpio.o
 .debug_line    0x0000159f     0x1f0f ..\obj\main.o
 .debug_line    0x000034ae      0x308 ..\obj\timers.o
 .debug_line    0x000037b6      0x46e ..\obj\stm32f10x_rcc.o
 .debug_line    0x00003c24      0x245 ..\obj\stm32f10x_exti.o
 .debug_line    0x00003e69      0x7bf ..\obj\tasks.o
 .debug_line    0x00004628      0x43c ..\obj\stm32f10x_usart.o
 .debug_line    0x00004a64      0x179 ..\obj\list.o
 .debug_line    0x00004bdd      0x47a ..\obj\stm32f10x_flash.o
 .debug_line    0x00005057      0x52a ..\obj\queue.o
 .debug_line    0x00005581      0x19f ..\obj\port.o
 .debug_line    0x00005720      0xbe9 ..\obj\ff.o
 .debug_line    0x00006309      0x2a4 ..\obj\stm32f10x_dma.o
 .debug_line    0x000065ad      0x1e5 ..\obj\misc.o
 .debug_line    0x00006792      0x3c3 ..\obj\stm32f10x_spi.o
 .debug_line    0x00006b55      0x14d ..\obj\heap_2.o
 .debug_line    0x00006ca2      0x2b5 ..\obj\eeprom.o
 .debug_line    0x00006f57      0x21a ..\obj\driver_sonar.o

.debug_str      0x00000000     0x574d
 .debug_str     0x00000000      0xcde ..\obj\stm32f10x_tim.o
                                0xd7f (size before relaxing)
 .debug_str     0x00000cde       0xb2 ..\obj\startup_stm32f10x_md_vl.o
                                0x116 (size before relaxing)
 .debug_str     0x00000d90      0x156 ..\obj\system_stm32f10x.o
                                0x276 (size before relaxing)
 .debug_str     0x00000ee6      0x4b3 ..\obj\diskio.o
                                0x678 (size before relaxing)
 .debug_str     0x00001399      0x260 ..\obj\stm32f10x_gpio.o
                                0x4bb (size before relaxing)
 .debug_str     0x000015f9     0x1914 ..\obj\main.o
                               0x1f24 (size before relaxing)
 .debug_str     0x00002f0d      0x419 ..\obj\timers.o
                                0x514 (size before relaxing)
 .debug_str     0x00003326      0x402 ..\obj\stm32f10x_rcc.o
                                0x60f (size before relaxing)
 .debug_str     0x00003728      0x104 ..\obj\stm32f10x_exti.o
                                0x300 (size before relaxing)
 .debug_str     0x0000382c      0x76c ..\obj\tasks.o
                                0x914 (size before relaxing)
 .debug_str     0x00003f98      0x3a8 ..\obj\stm32f10x_usart.o
                                0x632 (size before relaxing)
 .debug_str     0x00004340       0xce ..\obj\list.o
                                0x247 (size before relaxing)
 .debug_str     0x0000440e      0x3d6 ..\obj\stm32f10x_flash.o
                                0x58a (size before relaxing)
 .debug_str     0x000047e4      0x324 ..\obj\queue.o
                                0x549 (size before relaxing)
 .debug_str     0x00004b08      0x149 ..\obj\port.o
                                0x215 (size before relaxing)
 .debug_str     0x00004c51      0x269 ..\obj\ff.o
                                0x588 (size before relaxing)
 .debug_str     0x00004eba      0x12d ..\obj\stm32f10x_dma.o
                                0x363 (size before relaxing)
 .debug_str     0x00004fe7      0x127 ..\obj\misc.o
                                0x365 (size before relaxing)
 .debug_str     0x0000510e      0x33a ..\obj\stm32f10x_spi.o
                                0x59f (size before relaxing)
 .debug_str     0x00005448      0x164 ..\obj\heap_2.o
                                0x251 (size before relaxing)
 .debug_str     0x000055ac      0x14a ..\obj\eeprom.o
                                0x2d7 (size before relaxing)
 .debug_str     0x000056f6       0x57 ..\obj\driver_sonar.o
                                0x749 (size before relaxing)

.comment        0x00000000       0xe0
 .comment       0x00000000       0x70 ..\obj\stm32f10x_tim.o
                                 0x71 (size before relaxing)
 .comment       0x00000000       0x71 ..\obj\startup_stm32f10x_md_vl.o
 .comment       0x00000000       0x71 ..\obj\system_stm32f10x.o
 .comment       0x00000000       0x71 ..\obj\diskio.o
 .comment       0x00000000       0x71 ..\obj\stm32f10x_gpio.o
 .comment       0x00000070       0x70 ..\obj\main.o
                                 0x71 (size before relaxing)
 .comment       0x00000000       0x71 ..\obj\timers.o
 .comment       0x00000000       0x71 ..\obj\stm32f10x_rcc.o
 .comment       0x00000000       0x71 ..\obj\stm32f10x_exti.o
 .comment       0x00000000       0x71 ..\obj\tasks.o
 .comment       0x00000000       0x71 ..\obj\stm32f10x_usart.o
 .comment       0x00000000       0x71 ..\obj\list.o
 .comment       0x00000000       0x71 ..\obj\stm32f10x_flash.o
 .comment       0x00000000       0x71 ..\obj\queue.o
 .comment       0x00000000       0x71 ..\obj\port.o
 .comment       0x00000000       0x71 ..\obj\ff.o
 .comment       0x00000000       0x71 ..\obj\stm32f10x_dma.o
 .comment       0x00000000       0x71 ..\obj\misc.o
 .comment       0x00000000       0x71 ..\obj\stm32f10x_spi.o
 .comment       0x00000000       0x71 ..\obj\heap_2.o
 .comment       0x00000000       0x71 ..\obj\eeprom.o
 .comment       0x00000000       0x71 ..\obj\driver_sonar.o

.ARM.attributes
                0x00000000       0x31
 .ARM.attributes
                0x00000000       0x33 ..\obj\stm32f10x_tim.o
 .ARM.attributes
                0x00000033       0x33 ..\obj\startup_stm32f10x_md_vl.o
 .ARM.attributes
                0x00000066       0x33 ..\obj\system_stm32f10x.o
 .ARM.attributes
                0x00000099       0x33 ..\obj\diskio.o
 .ARM.attributes
                0x000000cc       0x33 ..\obj\stm32f10x_gpio.o
 .ARM.attributes
                0x000000ff       0x33 ..\obj\main.o
 .ARM.attributes
                0x00000132       0x33 ..\obj\timers.o
 .ARM.attributes
                0x00000165       0x33 ..\obj\stm32f10x_rcc.o
 .ARM.attributes
                0x00000198       0x33 ..\obj\stm32f10x_exti.o
 .ARM.attributes
                0x000001cb       0x33 ..\obj\tasks.o
 .ARM.attributes
                0x000001fe       0x33 ..\obj\stm32f10x_usart.o
 .ARM.attributes
                0x00000231       0x33 ..\obj\list.o
 .ARM.attributes
                0x00000264       0x33 ..\obj\stm32f10x_flash.o
 .ARM.attributes
                0x00000297       0x33 ..\obj\queue.o
 .ARM.attributes
                0x000002ca       0x33 ..\obj\port.o
 .ARM.attributes
                0x000002fd       0x33 ..\obj\ff.o
 .ARM.attributes
                0x00000330       0x33 ..\obj\stm32f10x_dma.o
 .ARM.attributes
                0x00000363       0x33 ..\obj\misc.o
 .ARM.attributes
                0x00000396       0x33 ..\obj\stm32f10x_spi.o
 .ARM.attributes
                0x000003c9       0x33 ..\obj\heap_2.o
 .ARM.attributes
                0x000003fc       0x33 ..\obj\eeprom.o
 .ARM.attributes
                0x0000042f       0x33 ..\obj\driver_sonar.o
 .ARM.attributes
                0x00000462       0x1b c:/coocox/toolchain48/bin/../lib/gcc/arm-none-eabi/4.8.3/../../../../arm-none-eabi/lib/armv7-m\libg.a(lib_a-memcpy.o)
 .ARM.attributes
                0x0000047d       0x2d c:/coocox/toolchain48/bin/../lib/gcc/arm-none-eabi/4.8.3/../../../../arm-none-eabi/lib/armv7-m\libg.a(lib_a-memset.o)
 .ARM.attributes
                0x000004aa       0x2d c:/coocox/toolchain48/bin/../lib/gcc/arm-none-eabi/4.8.3/../../../../arm-none-eabi/lib/armv7-m\libg.a(lib_a-strncpy.o)

.debug_frame    0x00000000     0x4150
 .debug_frame   0x00000000      0xa20 ..\obj\stm32f10x_tim.o
 .debug_frame   0x00000a20       0x48 ..\obj\startup_stm32f10x_md_vl.o
 .debug_frame   0x00000a68       0x80 ..\obj\system_stm32f10x.o
 .debug_frame   0x00000ae8      0x2b0 ..\obj\diskio.o
 .debug_frame   0x00000d98      0x210 ..\obj\stm32f10x_gpio.o
 .debug_frame   0x00000fa8     0x10b0 ..\obj\main.o
 .debug_frame   0x00002058      0x1c4 ..\obj\timers.o
 .debug_frame   0x0000221c      0x3a4 ..\obj\stm32f10x_rcc.o
 .debug_frame   0x000025c0       0xec ..\obj\stm32f10x_exti.o
 .debug_frame   0x000026ac      0x45c ..\obj\tasks.o
 .debug_frame   0x00002b08      0x344 ..\obj\stm32f10x_usart.o
 .debug_frame   0x00002e4c       0x9c ..\obj\list.o
 .debug_frame   0x00002ee8      0x338 ..\obj\stm32f10x_flash.o
 .debug_frame   0x00003220      0x264 ..\obj\queue.o
 .debug_frame   0x00003484      0x110 ..\obj\port.o
 .debug_frame   0x00003594      0x52c ..\obj\ff.o
 .debug_frame   0x00003ac0      0x144 ..\obj\stm32f10x_dma.o
 .debug_frame   0x00003c04       0x9c ..\obj\misc.o
 .debug_frame   0x00003ca0      0x29c ..\obj\stm32f10x_spi.o
 .debug_frame   0x00003f3c       0x80 ..\obj\heap_2.o
 .debug_frame   0x00003fbc       0xec ..\obj\eeprom.o
 .debug_frame   0x000040a8       0x50 ..\obj\driver_sonar.o
 .debug_frame   0x000040f8       0x2c c:/coocox/toolchain48/bin/../lib/gcc/arm-none-eabi/4.8.3/../../../../arm-none-eabi/lib/armv7-m\libg.a(lib_a-memset.o)
 .debug_frame   0x00004124       0x2c c:/coocox/toolchain48/bin/../lib/gcc/arm-none-eabi/4.8.3/../../../../arm-none-eabi/lib/armv7-m\libg.a(lib_a-strncpy.o)
