Archive member included because of file (symbol)

c:/coocox/toolchain48/bin/../lib/gcc/arm-none-eabi/4.8.3/../../../../arm-none-eabi/lib/armv7-m\libg.a(lib_a-memcpy.o)
                              ..\obj\queue.o (memcpy)
c:/coocox/toolchain48/bin/../lib/gcc/arm-none-eabi/4.8.3/../../../../arm-none-eabi/lib/armv7-m\libg.a(lib_a-memset.o)
                              ..\obj\tasks.o (memset)
c:/coocox/toolchain48/bin/../lib/gcc/arm-none-eabi/4.8.3/../../../../arm-none-eabi/lib/armv7-m\libg.a(lib_a-strncpy.o)
                              ..\obj\tasks.o (strncpy)

Allocating common symbols
Common symbol       size              file

jdrBuff3            0x14              ..\obj\main.o
del                 0x4               ..\obj\main.o
TxDataReady         0x1               ..\obj\main.o
ecWindowTop         0x2               ..\obj\main.o
HSEStartUpStatus    0x1               ..\obj\main.o
jdrBuff4            0x14              ..\obj\main.o
ecWindowBottom      0x2               ..\obj\main.o
water_counter       0x10              ..\obj\main.o
cTimerStateFlags    0x4               ..\obj\main.o
cmdbuf              0x10              ..\obj\main.o
dosingPumpStateFlags
                    0x1               ..\obj\main.o
wpStateFlags        0x1               ..\obj\main.o
fs                  0x230             ..\obj\main.o
TxByte              0x1               ..\obj\main.o
sonar_mm            0x4               ..\obj\main.o
circulationPumpId   0x1               ..\obj\main.o
jdrBuff2            0x14              ..\obj\main.o
FlashStatus         0x1               ..\obj\main.o
no_sd               0x4               ..\obj\main.o
rhWindowTop         0x2               ..\obj\main.o
RxByte              0x1               ..\obj\main.o
timerStateFlags     0x4               ..\obj\main.o
wfCalArray          0x8               ..\obj\main.o
RxDataReady         0x1               ..\obj\main.o
waterSensorStateFlags
                    0x1               ..\obj\main.o
button_ranges       0x10              ..\obj\main.o
DHTValue            0x6               ..\obj\main.o
phWindowBottom      0x2               ..\obj\main.o
valveFlags          0x1               ..\obj\main.o
toAdjust            0x3               ..\obj\main.o
RxBuffer            0xa               ..\obj\main.o
dht_rh_str          0x4               ..\obj\main.o
valve_failed        0x1               ..\obj\main.o
dht_data2           0x5               ..\obj\main.o
plugStateFlags      0x4               ..\obj\main.o
tank_windows_bottom
                    0x2               ..\obj\main.o
TxBuffer            0x10              ..\obj\main.o
sonar_read          0x4               ..\obj\main.o
jdrBuff1            0x14              ..\obj\main.o
adcAverage          0x8               ..\obj\main.o
TIM_ICInitStructure
                    0xa               ..\obj\main.o
phWindowTop         0x2               ..\obj\main.o
dht_bit_pointer     0x1               ..\obj\main.o
curphstr            0x5               ..\obj\main.o
dht_data            0x5               ..\obj\main.o
dht_t_str           0x4               ..\obj\main.o
curecstr            0x5               ..\obj\main.o
tank_windows_top    0x2               ..\obj\main.o
dht_byte_pointer    0x1               ..\obj\main.o
rhWindowBottom      0x2               ..\obj\main.o
log_str             0x40              ..\obj\main.o

Discarded input sections

 .text          0x00000000        0x0 ..\obj\stm32f10x_tim.o
 .data          0x00000000        0x0 ..\obj\stm32f10x_tim.o
 .bss           0x00000000        0x0 ..\obj\stm32f10x_tim.o
 .text.TIM_DeInit
                0x00000000      0x22c ..\obj\stm32f10x_tim.o
 .text.TIM_ICInit
                0x00000000       0xa8 ..\obj\stm32f10x_tim.o
 .text.TIM_BDTRConfig
                0x00000000       0x50 ..\obj\stm32f10x_tim.o
 .text.TIM_ICStructInit
                0x00000000       0x30 ..\obj\stm32f10x_tim.o
 .text.TIM_BDTRStructInit
                0x00000000       0x3c ..\obj\stm32f10x_tim.o
 .text.TIM_CtrlPWMOutputs
                0x00000000       0x4c ..\obj\stm32f10x_tim.o
 .text.TIM_GenerateEvent
                0x00000000       0x1c ..\obj\stm32f10x_tim.o
 .text.TIM_DMAConfig
                0x00000000       0x28 ..\obj\stm32f10x_tim.o
 .text.TIM_DMACmd
                0x00000000       0x48 ..\obj\stm32f10x_tim.o
 .text.TIM_InternalClockConfig
                0x00000000       0x24 ..\obj\stm32f10x_tim.o
 .text.TIM_ITRxExternalClockConfig
                0x00000000       0x2c ..\obj\stm32f10x_tim.o
 .text.TIM_TIxExternalClockConfig
                0x00000000       0x54 ..\obj\stm32f10x_tim.o
 .text.TIM_ETRClockMode1Config
                0x00000000       0x50 ..\obj\stm32f10x_tim.o
 .text.TIM_ETRClockMode2Config
                0x00000000       0x30 ..\obj\stm32f10x_tim.o
 .text.TIM_ETRConfig
                0x00000000       0x48 ..\obj\stm32f10x_tim.o
[...]
Memory Configuration

Name             Origin             Length             Attributes
rom              0x08000000         0x00020000         xr
ram              0x20000000         0x00002000         xrw
*default*        0x00000000         0xffffffff

Linker script and memory map

                0x20002000                _eram = 0x20002000

.text           0x08000000     0xee60
 *(.isr_vector .isr_vector.*)
 .isr_vector    0x08000000      0x124 ..\obj\startup_stm32f10x_md_vl.o
                0x08000000                g_pfnVectors
 *(.text .text.* .gnu.linkonce.t.*)
 .text.TIM_TimeBaseInit
                0x08000124       0xf8 ..\obj\stm32f10x_tim.o
                0x08000124                TIM_TimeBaseInit
 .text.TIM_OC1Init
                0x0800021c      0x118 ..\obj\stm32f10x_tim.o
                0x0800021c                TIM_OC1Init
 .text.TIM_OC2Init
                0x08000334      0x110 ..\obj\stm32f10x_tim.o
                0x08000334                TIM_OC2Init
 .text.TIM_OC3Init
                0x08000444      0x10c ..\obj\stm32f10x_tim.o
                0x08000444                TIM_OC3Init
 .text.TIM_OC4Init
                0x08000550       0xd0 ..\obj\stm32f10x_tim.o
                0x08000550                TIM_OC4Init
 .text.TIM_PWMIConfig
                0x08000620       0xb8 ..\obj\stm32f10x_tim.o
                0x08000620                TIM_PWMIConfig
 .text.TIM_TimeBaseStructInit
                0x080006d8       0x34 ..\obj\stm32f10x_tim.o
                0x080006d8                TIM_TimeBaseStructInit
 .text.TIM_OCStructInit
                0x0800070c       0x44 ..\obj\stm32f10x_tim.o
                0x0800070c                TIM_OCStructInit
 .text.TIM_Cmd  0x08000750       0x40 ..\obj\stm32f10x_tim.o
                0x08000750                TIM_Cmd
 .text.TIM_ITConfig
                0x08000790       0x48 ..\obj\stm32f10x_tim.o
                0x08000790                TIM_ITConfig
 .text.TIM_SelectInputTrigger
                0x080007d8       0x38 ..\obj\stm32f10x_tim.o
                0x080007d8                TIM_SelectInputTrigger
 .text.TIM_SelectSlaveMode
                0x08000810       0x38 ..\obj\stm32f10x_tim.o
                0x08000810                TIM_SelectSlaveMode
 .text.TIM_SelectMasterSlaveMode
                0x08000848       0x38 ..\obj\stm32f10x_tim.o
                0x08000848                TIM_SelectMasterSlaveMode
 .text.TIM_SetIC1Prescaler
                0x08000880       0x38 ..\obj\stm32f10x_tim.o
                0x08000880                TIM_SetIC1Prescaler
 .text.TIM_SetIC2Prescaler
                0x080008b8       0x3c ..\obj\stm32f10x_tim.o
                0x080008b8                TIM_SetIC2Prescaler
 .text.TIM_GetCapture1
                0x080008f4       0x1c ..\obj\stm32f10x_tim.o
                0x080008f4                TIM_GetCapture1
 .text.TIM_GetCapture2
                0x08000910       0x1c ..\obj\stm32f10x_tim.o
                0x08000910                TIM_GetCapture2
 .text.TIM_ClearITPendingBit
                0x0800092c       0x20 ..\obj\stm32f10x_tim.o
                0x0800092c                TIM_ClearITPendingBit
 .text.TI1_Config
                0x0800094c       0xd4 ..\obj\stm32f10x_tim.o
 .text.TI2_Config
                0x08000a20       0xe8 ..\obj\stm32f10x_tim.o
 .text.Default_Reset_Handler
                0x08000b08       0x60 ..\obj\startup_stm32f10x_md_vl.o
                0x08000b08                Default_Reset_Handler
                0x08000b08                Reset_Handler
 .text.Default_Handler
                0x08000b68        0x8 ..\obj\startup_stm32f10x_md_vl.o
                0x08000b68                DebugMon_Handler
                0x08000b68                TIM1_CC_IRQHandler
                0x08000b68                HardFault_Handler
                0x08000b68                PVD_IRQHandler
                0x08000b68                NMI_Handler
                0x08000b68                EXTI3_IRQHandler
                0x08000b68                I2C2_EV_IRQHandler
                0x08000b68                UsageFault_Handler
                0x08000b68                SPI1_IRQHandler
                0x08000b68                TAMPER_IRQHandler
                0x08000b68                TIM6_DAC_IRQHandler
                0x08000b68                ADC1_IRQHandler
                0x08000b68                USART3_IRQHandler
                0x08000b68                RTC_IRQHandler
                0x08000b68                DMA1_Channel7_IRQHandler
                0x08000b68                TIM4_IRQHandler
                0x08000b68                I2C1_EV_IRQHandler
                0x08000b68                DMA1_Channel6_IRQHandler
                0x08000b68                RCC_IRQHandler
                0x08000b68                DMA1_Channel1_IRQHandler
                0x08000b68                CEC_IRQHandler
                0x08000b68                TIM7_IRQHandler
                0x08000b68                SPI2_IRQHandler
                0x08000b68                MemManage_Handler
                0x08000b68                EXTI4_IRQHandler
                0x08000b68                DMA1_Channel3_IRQHandler
                0x08000b68                WWDG_IRQHandler
                0x08000b68                TIM2_IRQHandler
                0x08000b68                RTCAlarm_IRQHandler
                0x08000b68                USART2_IRQHandler
                0x08000b68                I2C2_ER_IRQHandler
                0x08000b68                DMA1_Channel2_IRQHandler
                0x08000b68                FLASH_IRQHandler
                0x08000b68                BusFault_Handler
                0x08000b68                I2C1_ER_IRQHandler
 .text.SystemInit
                0x08000b70       0x6c ..\obj\system_stm32f10x.o
                0x08000b70                SystemInit
 .text.SetSysClock
                0x08000bdc        0xc ..\obj\system_stm32f10x.o
 .text.SetSysClockTo24
                0x08000be8       0xd4 ..\obj\system_stm32f10x.o
 .text.interface_speed
                0x08000cbc       0x44 ..\obj\diskio.o
 .text.card_power
                0x08000d00       0x14 ..\obj\diskio.o
 .text.chk_power
                0x08000d14       0x10 ..\obj\diskio.o
 .text.stm32_spi_rw
                0x08000d24       0x3c ..\obj\diskio.o
 .text.rcvr_spi
                0x08000d60       0x10 ..\obj\diskio.o
 .text.wait_ready
                0x08000d70       0x34 ..\obj\diskio.o
 .text.release_spi
                0x08000da4       0x18 ..\obj\diskio.o
 .text.stm32_dma_transfer
                0x08000dbc      0x108 ..\obj\diskio.o
 .text.power_on
                0x08000ec4      0x140 ..\obj\diskio.o
 .text.power_off
                0x08001004       0x7c ..\obj\diskio.o
 .text.rcvr_datablock
                0x08001080       0x50 ..\obj\diskio.o
 .text.xmit_datablock
                0x080010d0       0x60 ..\obj\diskio.o
 .text.send_cmd
                0x08001130       0xe4 ..\obj\diskio.o
 .text.disk_initialize
                0x08001214      0x1ac ..\obj\diskio.o
                0x08001214                disk_initialize
 .text.disk_status
                0x080013c0       0x2c ..\obj\diskio.o
                0x080013c0                disk_status
 .text.disk_read
                0x080013ec       0xd0 ..\obj\diskio.o
                0x080013ec                disk_read
 .text.disk_write
                0x080014bc      0x104 ..\obj\diskio.o
                0x080014bc                disk_write
 .text.disk_ioctl
                0x080015c0      0x384 ..\obj\diskio.o
                0x080015c0                disk_ioctl
 .text.GPIO_Init
                0x08001944      0x178 ..\obj\stm32f10x_gpio.o
                0x08001944                GPIO_Init
 .text.GPIO_StructInit
                0x08001abc       0x28 ..\obj\stm32f10x_gpio.o
                0x08001abc                GPIO_StructInit
 .text.GPIO_SetBits
                0x08001ae4       0x1c ..\obj\stm32f10x_gpio.o
                0x08001ae4                GPIO_SetBits
 .text.GPIO_ResetBits
                0x08001b00       0x1c ..\obj\stm32f10x_gpio.o
                0x08001b00                GPIO_ResetBits
 .text.GPIO_PinRemapConfig
                0x08001b1c       0xe0 ..\obj\stm32f10x_gpio.o
                0x08001b1c                GPIO_PinRemapConfig
 .text.NVIC_EnableIRQ
                0x08001bfc       0x30 ..\obj\main.o
 .text.Lcd_write_8b
                0x08001c2c       0x88 ..\obj\main.o
                0x08001c2c                Lcd_write_8b
 .text.calibrateFlowMeter
                0x08001cb4      0x204 ..\obj\main.o
                0x08001cb4                calibrateFlowMeter
 .text.get_water_cl
                0x08001eb8       0x68 ..\obj\main.o
                0x08001eb8                get_water_cl
 .text.get_water
                0x08001f20      0x190 ..\obj\main.o
                0x08001f20                get_water
 .text.Lcd_write_16b
                0x080020b0       0x70 ..\obj\main.o
                0x080020b0                Lcd_write_16b
 .text.crc_block
                0x08002120       0x44 ..\obj\main.o
                0x08002120                crc_block
 .text.USART1_IRQHandler
                0x08002164      0x1b4 ..\obj\main.o
                0x08002164                USART1_IRQHandler
 .text.uart_task
                0x08002318       0x3c ..\obj\main.o
 .text.send_packet
                0x08002354       0x40 ..\obj\main.o
                0x08002354                send_packet
 .text.rx_flush
                0x08002394       0x34 ..\obj\main.o
                0x08002394                rx_flush
 .text.run_uart_cmd
                0x080023c8       0xb8 ..\obj\main.o
                0x080023c8                run_uart_cmd
 .text.get_status_block
                0x08002480      0x290 ..\obj\main.o
                0x08002480                get_status_block
 .text.get_settings_block
                0x08002710       0x90 ..\obj\main.o
                0x08002710                get_settings_block
 .text.DMA1_Channel4_IRQHandler
                0x080027a0       0x14 ..\obj\main.o
                0x080027a0                DMA1_Channel4_IRQHandler
 .text.DMA1_Channel5_IRQHandler
                0x080027b4       0x14 ..\obj\main.o
                0x080027b4                DMA1_Channel5_IRQHandler
 .text.bluetooth_init
                0x080027c8       0xd0 ..\obj\main.o
                0x080027c8                bluetooth_init
 .text.valve_motor_control_init
                0x08002898       0x94 ..\obj\main.o
                0x08002898                valve_motor_control_init
 .text.valve_feedback_init
                0x0800292c       0x30 ..\obj\main.o
                0x0800292c                valve_feedback_init
 .text.dosing_motor_control_init
                0x0800295c       0xc0 ..\obj\main.o
                0x0800295c                dosing_motor_control_init
 .text.tankLevelStabSetup
                0x08002a1c      0x104 ..\obj\main.o
                0x08002a1c                tankLevelStabSetup
 .text.tankLevelStab
                0x08002b20       0x38 ..\obj\main.o
                0x08002b20                tankLevelStab
 .text.psiStab  0x08002b58       0x48 ..\obj\main.o
                0x08002b58                psiStab
 .text.open_valve
                0x08002ba0      0x128 ..\obj\main.o
                0x08002ba0                open_valve
 .text.close_valve
                0x08002cc8       0xe8 ..\obj\main.o
                0x08002cc8                close_valve
 .text.run_valve_motor
                0x08002db0       0x2c ..\obj\main.o
                0x08002db0                run_valve_motor
 .text.stop_valve_motor
                0x08002ddc       0x2c ..\obj\main.o
                0x08002ddc                stop_valve_motor
 .text.EXTI0_IRQHandler
                0x08002e08       0x1c ..\obj\main.o
                0x08002e08                EXTI0_IRQHandler
 .text.EXTI1_IRQHandler
                0x08002e24       0x1c ..\obj\main.o
                0x08002e24                EXTI1_IRQHandler
 .text.EXTI2_IRQHandler
                0x08002e40        0xc ..\obj\main.o
                0x08002e40                EXTI2_IRQHandler
 .text.EXTI15_10_IRQHandler
                0x08002e4c       0x20 ..\obj\main.o
                0x08002e4c                EXTI15_10_IRQHandler
 .text.EXTI9_5_IRQHandler
                0x08002e6c       0x18 ..\obj\main.o
                0x08002e6c                EXTI9_5_IRQHandler
 .text.valve_test2
                0x08002e84      0x130 ..\obj\main.o
                0x08002e84                valve_test2
 .text.valve_test
                0x08002fb4      0x160 ..\obj\main.o
                0x08002fb4                valve_test
 .text.water_program_setup
                0x08003114      0x3b8 ..\obj\main.o
                0x08003114                water_program_setup
 .text.fertilization_setup
                0x080034cc       0x38 ..\obj\main.o
                0x080034cc                fertilization_setup
 .text.watering_setup
                0x08003504       0x38 ..\obj\main.o
                0x08003504                watering_setup
 .text.fertilizer_mixing_program_setup
                0x0800353c      0x1d0 ..\obj\main.o
                0x0800353c                fertilizer_mixing_program_setup
 .text.startWp  0x0800370c       0xdc ..\obj\main.o
                0x0800370c                startWp
 .text.run_watering_program
                0x080037e8      0x378 ..\obj\main.o
                0x080037e8                run_watering_program
 .text.run_fertilizer_mixer
                0x08003b60       0xb4 ..\obj\main.o
                0x08003b60                run_fertilizer_mixer
 .text.run_circulation_pump
                0x08003c14       0x50 ..\obj\main.o
                0x08003c14                run_circulation_pump
 .text.enable_dosing_pump
                0x08003c64       0xdc ..\obj\main.o
                0x08003c64                enable_dosing_pump
 .text.watering_program_trigger
                0x08003d40      0x130 ..\obj\main.o
 .text.dht_init
                0x08003e70       0xb0 ..\obj\main.o
                0x08003e70                dht_init
 .text.dht_init_out
                0x08003f20       0x28 ..\obj\main.o
                0x08003f20                dht_init_out
 .text.TIM3_IRQHandler
                0x08003f48      0x154 ..\obj\main.o
                0x08003f48                TIM3_IRQHandler
 .text.TIM1_BRK_TIM15_IRQHandler
                0x0800409c      0x138 ..\obj\main.o
                0x0800409c                TIM1_BRK_TIM15_IRQHandler
 .text.TIM1_UP_TIM16_IRQHandler
                0x080041d4       0x14 ..\obj\main.o
                0x080041d4                TIM1_UP_TIM16_IRQHandler
 .text.TIM1_TRG_COM_TIM17_IRQHandler
                0x080041e8       0x38 ..\obj\main.o
                0x080041e8                TIM1_TRG_COM_TIM17_IRQHandler
 .text.dht_get_data
                0x08004220       0x78 ..\obj\main.o
                0x08004220                dht_get_data
 .text.dht_conv_data
                0x08004298      0x1c8 ..\obj\main.o
                0x08004298                dht_conv_data
 .text.dht_arr_displayer
                0x08004460       0xbc ..\obj\main.o
                0x08004460                dht_arr_displayer
 .text.adc2ph   0x0800451c       0x3c ..\obj\main.o
                0x0800451c                adc2ph
 .text.ph2adc   0x08004558       0x44 ..\obj\main.o
                0x08004558                ph2adc
 .text.phStabSettings
                0x0800459c       0xbc ..\obj\main.o
                0x0800459c                phStabSettings
 .text.readPercentVal
                0x08004658      0x128 ..\obj\main.o
                0x08004658                readPercentVal
 .text.hygroStatSettings
                0x08004780       0x9c ..\obj\main.o
                0x08004780                hygroStatSettings
 .text.convPh2str
                0x0800481c       0xc8 ..\obj\main.o
                0x0800481c                convPh2str
 .text.readPhVal
                0x080048e4       0xac ..\obj\main.o
                0x080048e4                readPhVal
 .text.adc2str  0x08004990      0x2f4 ..\obj\main.o
                0x08004990                adc2str
 .text.Delay_us
                0x08004c84       0x28 ..\obj\main.o
                0x08004c84                Delay_us
 .text.buttonCalibration
                0x08004cac      0x28c ..\obj\main.o
                0x08004cac                buttonCalibration
 .text.displayAdcValues
                0x08004f38      0x100 ..\obj\main.o
                0x08004f38                displayAdcValues
 .text.display_usart_rx
                0x08005038       0xb4 ..\obj\main.o
                0x08005038                display_usart_rx
 .text.display_usart_tx
                0x080050ec       0xb4 ..\obj\main.o
                0x080050ec                display_usart_tx
 .text.saveButtonRanges
                0x080051a0       0x3c ..\obj\main.o
                0x080051a0                saveButtonRanges
 .text.readButtonRanges
                0x080051dc       0x3c ..\obj\main.o
                0x080051dc                readButtonRanges
 .text.sdLog    0x08005218      0x3ac ..\obj\main.o
 .text.string2log
                0x080055c4       0xd0 ..\obj\main.o
                0x080055c4                string2log
 .text.calibratePh
                0x08005694      0x198 ..\obj\main.o
                0x08005694                calibratePh
 .text.adcAverager
                0x0800582c      0x140 ..\obj\main.o
                0x0800582c                adcAverager
 .text.getPh    0x0800596c      0x160 ..\obj\main.o
                0x0800596c                getPh
 .text.getEc    0x08005acc      0x148 ..\obj\main.o
                0x08005acc                getEc
 .text.setPlug  0x08005c14       0xa0 ..\obj\main.o
                0x08005c14                setPlug
 .text.printOk  0x08005cb4       0x20 ..\obj\main.o
                0x08005cb4                printOk
 .text.timerStateTrigger
                0x08005cd4      0x1b4 ..\obj\main.o
 .text.plugStateTrigger
                0x08005e88      0x2ac ..\obj\main.o
 .text.psiSetup
                0x08006134      0x1d0 ..\obj\main.o
                0x08006134                psiSetup
 .text.plugTest
                0x08006304       0x8c ..\obj\main.o
                0x08006304                plugTest
 .text.plugStateSet
                0x08006390       0x6c ..\obj\main.o
                0x08006390                plugStateSet
 .text.EE_WriteWord
                0x080063fc       0x38 ..\obj\main.o
                0x080063fc                EE_WriteWord
 .text.programRunner
                0x08006434      0x190 ..\obj\main.o
                0x08006434                programRunner
 .text.phMonSettings
                0x080065c4       0xd0 ..\obj\main.o
                0x080065c4                phMonSettings
 .text.adjust8bit
                0x08006694       0x94 ..\obj\main.o
                0x08006694                adjust8bit
 .text.adjust16bit
                0x08006728       0xa0 ..\obj\main.o
                0x08006728                adjust16bit
 .text.adjust16bit_fast
                0x080067c8       0xb0 ..\obj\main.o
                0x080067c8                adjust16bit_fast
 .text.CTimerAdjust
                0x08006878      0x184 ..\obj\main.o
                0x08006878                CTimerAdjust
 .text.setCTimer
                0x080069fc       0xec ..\obj\main.o
                0x080069fc                setCTimer
 .text.idSelector
                0x08006ae8       0x78 ..\obj\main.o
                0x08006ae8                idSelector
 .text.setTimer
                0x08006b60       0xf4 ..\obj\main.o
                0x08006b60                setTimer
 .text.timeAdjust
                0x08006c54      0x2b4 ..\obj\main.o
                0x08006c54                timeAdjust
 .text.Lcd_write_arr
                0x08006f08       0x38 ..\obj\main.o
                0x08006f08                Lcd_write_arr
 .text.unix2DateTime
                0x08006f40      0x2fc ..\obj\main.o
                0x08006f40                unix2DateTime
 .text.DateTime2unix
                0x0800723c      0x164 ..\obj\main.o
                0x0800723c                DateTime2unix
 .text.menuSelector
                0x080073a0      0x13c ..\obj\main.o
                0x080073a0                menuSelector
 .text.RTC_GetCounter
                0x080074dc       0x24 ..\obj\main.o
                0x080074dc                RTC_GetCounter
 .text.RTC_SetCounter
                0x08007500       0x48 ..\obj\main.o
                0x08007500                RTC_SetCounter
 .text.RtcInit  0x08007548       0xcc ..\obj\main.o
                0x08007548                RtcInit
 .text.phMonitor
                0x08007614       0x14 ..\obj\main.o
 .text.copy_arr
                0x08007628       0x44 ..\obj\main.o
                0x08007628                copy_arr
 .text.displayClock
                0x0800766c      0x1c0 ..\obj\main.o
 .text.readButtons
                0x0800782c       0x68 ..\obj\main.o
                0x0800782c                readButtons
 .text.AdcInit  0x08007894      0x150 ..\obj\main.o
                0x08007894                AdcInit
 .text.Lcd_write_digit
                0x080079e4      0x108 ..\obj\main.o
                0x080079e4                Lcd_write_digit
 .text.prvSetupHardware
                0x08007aec       0x80 ..\obj\main.o
 .text.vTaskLCDdraw
                0x08007b6c       0x3c ..\obj\main.o
 .text.int32str
                0x08007ba8      0x1cc ..\obj\main.o
                0x08007ba8                int32str
 .text.int10str
                0x08007d74       0xc0 ..\obj\main.o
                0x08007d74                int10str
 .text.EE_ReadWord
                0x08007e34       0x44 ..\obj\main.o
                0x08007e34                EE_ReadWord
 .text.flush_lcd_buffer
                0x08007e78       0x40 ..\obj\main.o
                0x08007e78                flush_lcd_buffer
 .text.main     0x08007eb8      0x1f0 ..\obj\main.o
                0x08007eb8                main
 .text.loadSettings
                0x080080a8      0xab4 ..\obj\main.o
                0x080080a8                loadSettings
 .text.Lcd_write_str
                0x08008b5c       0x6c ..\obj\main.o
                0x08008b5c                Lcd_write_str
 .text.Lcd_goto
                0x08008bc8       0x44 ..\obj\main.o
                0x08008bc8                Lcd_goto
 .text.Init_pin_out
                0x08008c0c       0xa0 ..\obj\main.o
                0x08008c0c                Init_pin_out
 .text.Lcd_write_cmd
                0x08008cac       0x90 ..\obj\main.o
                0x08008cac                Lcd_write_cmd
 .text.Lcd_write_data
                0x08008d3c       0xc4 ..\obj\main.o
                0x08008d3c                Lcd_write_data
 .text.set4highBits
                0x08008e00       0xac ..\obj\main.o
                0x08008e00                set4highBits
 .text.set4lowBits
                0x08008eac       0xac ..\obj\main.o
                0x08008eac                set4lowBits
 .text.Init_lcd
                0x08008f58       0x88 ..\obj\main.o
                0x08008f58                Init_lcd
 .text.Lcd_clear
                0x08008fe0       0x18 ..\obj\main.o
                0x08008fe0                Lcd_clear
 .text.xTimerCreateTimerTask
                0x08008ff8       0x5c ..\obj\timers.o
                0x08008ff8                xTimerCreateTimerTask
 .text.xTimerGenericCommand
                0x08009054       0x8c ..\obj\timers.o
                0x08009054                xTimerGenericCommand
 .text.prvProcessExpiredTimer
                0x080090e0       0x74 ..\obj\timers.o
 .text.prvTimerTask
                0x08009154       0x24 ..\obj\timers.o
 .text.prvProcessTimerOrBlockTask
                0x08009178       0x6c ..\obj\timers.o
 .text.prvGetNextExpireTime
                0x080091e4       0x48 ..\obj\timers.o
 .text.prvSampleTimeNow
                0x0800922c       0x44 ..\obj\timers.o
 .text.prvInsertTimerInActiveList
                0x08009270       0x84 ..\obj\timers.o
 .text.prvProcessReceivedCommands
                0x080092f4      0x100 ..\obj\timers.o
 .text.prvSwitchTimerLists
                0x080093f4       0xb8 ..\obj\timers.o
 .text.prvCheckForValidListAndQueue
                0x080094ac       0x54 ..\obj\timers.o
 .text.RCC_GetClocksFreq
                0x08009500      0x15c ..\obj\stm32f10x_rcc.o
                0x08009500                RCC_GetClocksFreq
 .text.RCC_AHBPeriphClockCmd
                0x0800965c       0x3c ..\obj\stm32f10x_rcc.o
                0x0800965c                RCC_AHBPeriphClockCmd
 .text.RCC_APB2PeriphClockCmd
                0x08009698       0x3c ..\obj\stm32f10x_rcc.o
                0x08009698                RCC_APB2PeriphClockCmd
 .text.RCC_APB1PeriphClockCmd
                0x080096d4       0x3c ..\obj\stm32f10x_rcc.o
                0x080096d4                RCC_APB1PeriphClockCmd
 .text.RCC_APB2PeriphResetCmd
                0x08009710       0x3c ..\obj\stm32f10x_rcc.o
                0x08009710                RCC_APB2PeriphResetCmd
 .text.RCC_APB1PeriphResetCmd
                0x0800974c       0x3c ..\obj\stm32f10x_rcc.o
                0x0800974c                RCC_APB1PeriphResetCmd
 .text.EXTI_ClearITPendingBit
                0x08009788       0x1c ..\obj\stm32f10x_exti.o
                0x08009788                EXTI_ClearITPendingBit
 .text.xTaskGenericCreate
                0x080097a4      0x19c ..\obj\tasks.o
                0x080097a4                xTaskGenericCreate
 .text.vTaskDelay
                0x08009940       0x50 ..\obj\tasks.o
                0x08009940                vTaskDelay
 .text.vTaskStartScheduler
                0x08009990       0x74 ..\obj\tasks.o
                0x08009990                vTaskStartScheduler
 .text.vTaskSuspendAll
                0x08009a04       0x1c ..\obj\tasks.o
                0x08009a04                vTaskSuspendAll
 .text.xTaskResumeAll
                0x08009a20      0x108 ..\obj\tasks.o
                0x08009a20                xTaskResumeAll
 .text.xTaskGetTickCount
                0x08009b28       0x24 ..\obj\tasks.o
                0x08009b28                xTaskGetTickCount
 .text.vTaskIncrementTick
                0x08009b4c      0x140 ..\obj\tasks.o
                0x08009b4c                vTaskIncrementTick
 .text.vTaskSwitchContext
                0x08009c8c       0xa4 ..\obj\tasks.o
                0x08009c8c                vTaskSwitchContext
 .text.vTaskPlaceOnEventList
                0x08009d30       0x70 ..\obj\tasks.o
                0x08009d30                vTaskPlaceOnEventList
 .text.vTaskPlaceOnEventListRestricted
                0x08009da0       0x54 ..\obj\tasks.o
                0x08009da0                vTaskPlaceOnEventListRestricted
 .text.xTaskRemoveFromEventList
                0x08009df4       0xb0 ..\obj\tasks.o
                0x08009df4                xTaskRemoveFromEventList
 .text.vTaskSetTimeOutState
                0x08009ea4       0x3c ..\obj\tasks.o
                0x08009ea4                vTaskSetTimeOutState
 .text.xTaskCheckForTimeOut
                0x08009ee0       0xa8 ..\obj\tasks.o
                0x08009ee0                xTaskCheckForTimeOut
 .text.vTaskMissedYield
                0x08009f88       0x18 ..\obj\tasks.o
                0x08009f88                vTaskMissedYield
 .text.prvIdleTask
                0x08009fa0       0x20 ..\obj\tasks.o
 .text.prvInitialiseTCBVariables
                0x08009fc0       0x6c ..\obj\tasks.o
 .text.prvInitialiseTaskLists
                0x0800a02c       0x7c ..\obj\tasks.o
 .text.prvCheckTasksWaitingTermination
                0x0800a0a8       0x74 ..\obj\tasks.o
 .text.prvAddCurrentTaskToDelayedList
                0x0800a11c       0x6c ..\obj\tasks.o
 .text.prvAllocateTCBAndStack
                0x0800a188       0x64 ..\obj\tasks.o
 .text.prvDeleteTCB
                0x0800a1ec       0x20 ..\obj\tasks.o
 .text.xTaskGetCurrentTaskHandle
                0x0800a20c       0x20 ..\obj\tasks.o
                0x0800a20c                xTaskGetCurrentTaskHandle
 .text.xTaskGetSchedulerState
                0x0800a22c       0x3c ..\obj\tasks.o
                0x0800a22c                xTaskGetSchedulerState
 .text.vTaskPriorityInherit
                0x0800a268       0xb4 ..\obj\tasks.o
                0x0800a268                vTaskPriorityInherit
 .text.vTaskPriorityDisinherit
                0x0800a31c       0x7c ..\obj\tasks.o
                0x0800a31c                vTaskPriorityDisinherit
 .text.USART_DeInit
                0x0800a398       0xb8 ..\obj\stm32f10x_usart.o
                0x0800a398                USART_DeInit
 .text.USART_Init
                0x0800a450      0x174 ..\obj\stm32f10x_usart.o
                0x0800a450                USART_Init
 .text.USART_Cmd
                0x0800a5c4       0x40 ..\obj\stm32f10x_usart.o
                0x0800a5c4                USART_Cmd
 .text.USART_ReceiveData
                0x0800a604       0x20 ..\obj\stm32f10x_usart.o
                0x0800a604                USART_ReceiveData
 .text.USART_ClearFlag
                0x0800a624       0x20 ..\obj\stm32f10x_usart.o
                0x0800a624                USART_ClearFlag
 .text.USART_GetITStatus
                0x0800a644       0xb0 ..\obj\stm32f10x_usart.o
                0x0800a644                USART_GetITStatus
 .text.vListInitialise
                0x0800a6f4       0x40 ..\obj\list.o
                0x0800a6f4                vListInitialise
 .text.vListInitialiseItem
                0x0800a734       0x18 ..\obj\list.o
                0x0800a734                vListInitialiseItem
 .text.vListInsertEnd
                0x0800a74c       0x50 ..\obj\list.o
                0x0800a74c                vListInsertEnd
 .text.vListInsert
                0x0800a79c       0x70 ..\obj\list.o
                0x0800a79c                vListInsert
 .text.vListRemove
                0x0800a80c       0x50 ..\obj\list.o
                0x0800a80c                vListRemove
 .text.FLASH_Unlock
                0x0800a85c       0x24 ..\obj\stm32f10x_flash.o
                0x0800a85c                FLASH_Unlock
 .text.FLASH_ErasePage
                0x0800a880       0x64 ..\obj\stm32f10x_flash.o
                0x0800a880                FLASH_ErasePage
 .text.FLASH_ProgramHalfWord
                0x0800a8e4       0x5c ..\obj\stm32f10x_flash.o
                0x0800a8e4                FLASH_ProgramHalfWord
 .text.FLASH_GetBank1Status
                0x0800a940       0x58 ..\obj\stm32f10x_flash.o
                0x0800a940                FLASH_GetBank1Status
 .text.FLASH_WaitForLastOperation
                0x0800a998       0x44 ..\obj\stm32f10x_flash.o
                0x0800a998                FLASH_WaitForLastOperation
 .text.xQueueGenericReset
                0x0800a9dc       0xac ..\obj\queue.o
                0x0800a9dc                xQueueGenericReset
 .text.xQueueGenericCreate
                0x0800aa88       0x80 ..\obj\queue.o
                0x0800aa88                xQueueGenericCreate
 .text.xQueueGenericSend
                0x0800ab08      0x140 ..\obj\queue.o
                0x0800ab08                xQueueGenericSend
 .text.xQueueGenericSendFromISR
                0x0800ac48       0xc4 ..\obj\queue.o
                0x0800ac48                xQueueGenericSendFromISR
 .text.xQueueGenericReceive
                0x0800ad0c      0x1a0 ..\obj\queue.o
                0x0800ad0c                xQueueGenericReceive
 .text.prvCopyDataToQueue
                0x0800aeac       0xb8 ..\obj\queue.o
 .text.prvCopyDataFromQueue
                0x0800af64       0x4c ..\obj\queue.o
 .text.prvUnlockQueue
                0x0800afb0       0x98 ..\obj\queue.o
 .text.prvIsQueueEmpty
                0x0800b048       0x2c ..\obj\queue.o
 .text.prvIsQueueFull
                0x0800b074       0x30 ..\obj\queue.o
 .text.vQueueWaitForMessageRestricted
                0x0800b0a4       0x54 ..\obj\queue.o
                0x0800b0a4                vQueueWaitForMessageRestricted
 .text.pxPortInitialiseStack
                0x0800b0f8       0x54 ..\obj\port.o
                0x0800b0f8                pxPortInitialiseStack
 .text.SVC_Handler
                0x0800b14c       0x20 ..\obj\port.o
                0x0800b14c                SVC_Handler
 .text.prvPortStartFirstTask
                0x0800b16c       0x14 ..\obj\port.o
 .text.xPortStartScheduler
                0x0800b180       0x38 ..\obj\port.o
                0x0800b180                xPortStartScheduler
 .text.vPortYieldFromISR
                0x0800b1b8       0x18 ..\obj\port.o
                0x0800b1b8                vPortYieldFromISR
 .text.vPortEnterCritical
                0x0800b1d0       0x24 ..\obj\port.o
                0x0800b1d0                vPortEnterCritical
 .text.vPortExitCritical
                0x0800b1f4       0x2c ..\obj\port.o
                0x0800b1f4                vPortExitCritical
 .text.PendSV_Handler
                0x0800b220       0x3c ..\obj\port.o
                0x0800b220                PendSV_Handler
 .text.SysTick_Handler
                0x0800b25c       0x30 ..\obj\port.o
                0x0800b25c                SysTick_Handler
 .text.prvSetupTimerInterrupt
                0x0800b28c       0x24 ..\obj\port.o
 .text.mem_cpy  0x0800b2b0       0x3c ..\obj\ff.o
 .text.mem_set  0x0800b2ec       0x34 ..\obj\ff.o
 .text.mem_cmp  0x0800b320       0x50 ..\obj\ff.o
 .text.chk_chr  0x0800b370       0x38 ..\obj\ff.o
 .text.move_window
                0x0800b3a8       0xbc ..\obj\ff.o
 .text.sync     0x0800b464      0x14c ..\obj\ff.o
 .text.clust2sect
                0x0800b5b0       0x3c ..\obj\ff.o
                0x0800b5b0                clust2sect
 .text.get_fat  0x0800b5ec      0x154 ..\obj\ff.o
                0x0800b5ec                get_fat
 .text.put_fat  0x0800b740      0x1f4 ..\obj\ff.o
                0x0800b740                put_fat
 .text.remove_chain
                0x0800b934       0x9c ..\obj\ff.o
 .text.create_chain
                0x0800b9d0      0x118 ..\obj\ff.o
 .text.dir_sdi  0x0800bae8      0x100 ..\obj\ff.o
 .text.dir_next
                0x0800bbe8      0x1a8 ..\obj\ff.o
 .text.ld_clust
                0x0800bd90       0x58 ..\obj\ff.o
 .text.st_clust
                0x0800bde8       0x4c ..\obj\ff.o
 .text.dir_find
                0x0800be34       0x94 ..\obj\ff.o
 .text.dir_register
                0x0800bec8       0xac ..\obj\ff.o
 .text.create_name
                0x0800bf74      0x178 ..\obj\ff.o
 .text.follow_path
                0x0800c0ec       0xd0 ..\obj\ff.o
 .text.check_fs
                0x0800c1bc       0xc0 ..\obj\ff.o
 .text.chk_mounted
                0x0800c27c      0x544 ..\obj\ff.o
 .text.validate
                0x0800c7c0       0x54 ..\obj\ff.o
 .text.f_mount  0x0800c814       0x54 ..\obj\ff.o
                0x0800c814                f_mount
 .text.f_open   0x0800c868      0x278 ..\obj\ff.o
                0x0800c868                f_open
 .text.f_write  0x0800cae0      0x30c ..\obj\ff.o
                0x0800cae0                f_write
 .text.f_sync   0x0800cdec      0x150 ..\obj\ff.o
                0x0800cdec                f_sync
 .text.f_close  0x0800cf3c       0x28 ..\obj\ff.o
                0x0800cf3c                f_close
 .text.f_lseek  0x0800cf64      0x2a8 ..\obj\ff.o
                0x0800cf64                f_lseek
 .text.DMA_DeInit
                0x0800d20c      0x178 ..\obj\stm32f10x_dma.o
                0x0800d20c                DMA_DeInit
 .text.DMA_Init
                0x0800d384       0x7c ..\obj\stm32f10x_dma.o
                0x0800d384                DMA_Init
 .text.DMA_Cmd  0x0800d400       0x38 ..\obj\stm32f10x_dma.o
                0x0800d400                DMA_Cmd
 .text.DMA_GetFlagStatus
                0x0800d438       0x54 ..\obj\stm32f10x_dma.o
                0x0800d438                DMA_GetFlagStatus
 .text.NVIC_Init
                0x0800d48c       0xc0 ..\obj\misc.o
                0x0800d48c                NVIC_Init
 .text.SPI_I2S_DeInit
                0x0800d54c       0x74 ..\obj\stm32f10x_spi.o
                0x0800d54c                SPI_I2S_DeInit
 .text.SPI_Cmd  0x0800d5c0       0x40 ..\obj\stm32f10x_spi.o
                0x0800d5c0                SPI_Cmd
 .text.SPI_I2S_DMACmd
                0x0800d600       0x48 ..\obj\stm32f10x_spi.o
                0x0800d600                SPI_I2S_DMACmd
 .text.SPI_I2S_SendData
                0x0800d648       0x1c ..\obj\stm32f10x_spi.o
                0x0800d648                SPI_I2S_SendData
 .text.SPI_I2S_ReceiveData
                0x0800d664       0x1c ..\obj\stm32f10x_spi.o
                0x0800d664                SPI_I2S_ReceiveData
 .text.SPI_I2S_GetFlagStatus
                0x0800d680       0x38 ..\obj\stm32f10x_spi.o
                0x0800d680                SPI_I2S_GetFlagStatus
 .text.pvPortMalloc
                0x0800d6b8      0x144 ..\obj\heap_2.o
                0x0800d6b8                pvPortMalloc
 .text.vPortFree
                0x0800d7fc       0x70 ..\obj\heap_2.o
                0x0800d7fc                vPortFree
 .text.EE_Init  0x0800d86c      0x288 ..\obj\eeprom.o
                0x0800d86c                EE_Init
 .text.EE_ReadVariable
                0x0800daf4       0x98 ..\obj\eeprom.o
                0x0800daf4                EE_ReadVariable
 .text.EE_WriteVariable
                0x0800db8c       0x44 ..\obj\eeprom.o
                0x0800db8c                EE_WriteVariable
 .text.EE_Format
                0x0800dbd0       0x50 ..\obj\eeprom.o
 .text.EE_FindValidPage
                0x0800dc20       0x8c ..\obj\eeprom.o
 .text.EE_VerifyPageFullWriteVariable
                0x0800dcac       0xb0 ..\obj\eeprom.o
 .text.EE_PageTransfer
                0x0800dd5c      0x130 ..\obj\eeprom.o
 .text.sonar_init
                0x0800de8c      0x100 ..\obj\driver_sonar.o
                0x0800de8c                sonar_init
 .text.sonar_ping
                0x0800df8c       0x28 ..\obj\driver_sonar.o
                0x0800df8c                sonar_ping
 .text          0x0800dfb4       0xec c:/coocox/toolchain48/bin/../lib/gcc/arm-none-eabi/4.8.3/../../../../arm-none-eabi/lib/armv7-m\libg.a(lib_a-memcpy.o)
                0x0800dfb4                memcpy
 .text.memset   0x0800e0a0       0x94 c:/coocox/toolchain48/bin/../lib/gcc/arm-none-eabi/4.8.3/../../../../arm-none-eabi/lib/armv7-m\libg.a(lib_a-memset.o)
                0x0800e0a0                memset
 .text.strncpy  0x0800e134       0x64 c:/coocox/toolchain48/bin/../lib/gcc/arm-none-eabi/4.8.3/../../../../arm-none-eabi/lib/armv7-m\libg.a(lib_a-strncpy.o)
                0x0800e134                strncpy
 *(.glue_7t)
 .glue_7t       0x00000000        0x0 linker stubs
 *(.glue_7)
 .glue_7        0x00000000        0x0 linker stubs
 *(.rodata .rodata* .gnu.linkonce.r.*)
 .rodata        0x0800e198      0xca8 ..\obj\main.o
                0x0800e418                menuItemArray
                0x0800e67c                fatArray
 .rodata        0x0800ee40        0x8 ..\obj\timers.o
 .rodata        0x0800ee48        0x8 ..\obj\tasks.o
 .rodata        0x0800ee50       0x10 ..\obj\ff.o

.vfp11_veneer   0x0800ee60        0x0
 .vfp11_veneer  0x00000000        0x0 linker stubs

.v4_bx          0x0800ee60        0x0
 .v4_bx         0x00000000        0x0 linker stubs

.iplt           0x0800ee60        0x0
 .iplt          0x00000000        0x0 ..\obj\stm32f10x_tim.o

.rel.dyn        0x0800ee60        0x0
 .rel.iplt      0x00000000        0x0 ..\obj\stm32f10x_tim.o

.ARM.extab
 *(.ARM.extab* .gnu.linkonce.armextab.*)
                0x0800ee60                __exidx_start = .

.ARM.exidx
 *(.ARM.exidx* .gnu.linkonce.armexidx.*)
                0x0800ee60                __exidx_end = .
                0x0800ee60                . = ALIGN (0x4)
                0x0800ee60                _etext = .
                0x0800ee60                _sidata = .

.data           0x20000000       0x44 load address 0x0800ee60
                0x20000000                _sdata = .
 *(.data .data.*)
 .data          0x20000000       0x14 ..\obj\system_stm32f10x.o
                0x20000000                SystemCoreClock
                0x20000004                AHBPrescTable
 .data          0x20000014        0x1 ..\obj\diskio.o
 *fill*         0x20000015        0x3 
 .data          0x20000018        0xc ..\obj\main.o
                0x20000018                comm_state
                0x20000019                NbrOfDataToTransfer
                0x2000001a                dht_shifter
                0x2000001b                capture_is_first
                0x2000001c                plugSettings
                0x20000020                VirtAddVarTab
 .data          0x20000024       0x14 ..\obj\stm32f10x_rcc.o
 .data          0x20000038        0x4 ..\obj\tasks.o
 .data          0x2000003c        0x4 ..\obj\port.o
 .data          0x20000040        0x4 ..\obj\heap_2.o
                0x20000044                . = ALIGN (0x4)
                0x20000044                _edata = .

.igot.plt       0x20000044        0x0 load address 0x0800eea4
 .igot.plt      0x00000000        0x0 ..\obj\stm32f10x_tim.o

.bss            0x20000048     0x1bb8 load address 0x0800eea8
                0x20000048                _sbss = .
 *(.bss .bss.*)
 .bss           0x20000048       0x10 ..\obj\diskio.o
 .bss           0x20000058      0x294 ..\obj\main.o
                0x20000058                txbuff_ne
                0x20000059                TxCounter
                0x2000005a                RxCounter
                0x2000005c                logstr_crc
                0x2000005e                IC2Value
                0x20000060                DutyCycle
                0x20000064                Frequency
                0x20000068                dht_bit_position
                0x20000069                dht_bit_ready
                0x2000006a                dht_data_ready
                0x2000006c                capture1
                0x2000006e                capture2
                0x20000070                capture_is_ready
                0x20000071                rhUnderOver
                0x20000094                lcd_pointerx
                0x20000095                lcd_pointery
                0x20000096                buttonReverse
                0x20000098                logInterval
                0x2000009a                psi_pump_load_id
                0x2000009b                psi_underOver
                0x2000009c                psi_pump_top_level
                0x2000009e                psi_pump_btm_level
                0x200000a0                psi_cur_adc_value
                0x200000a2                log_inc
                0x200000a4                ph_seven
                0x200000a8                ph0
                0x200000ac                ph4
                0x200000ae                ec1413
                0x200000b0                ec0
                0x200000b4                cdel
                0x200000b8                currentEc
                0x200000b9                currentPh
                0x200000ba                phUnderOver
                0x200000bb                ecUnderOver
                0x200000bc                lastWriteTime
                0x200000c0                cmdbufp
                0x200000c1                prefixDetectionIdx
                0x200000c2                pb_pntr
                0x200000c3                packet_length
                0x200000c4                rxm_state
                0x200000c5                packet_ready
                0x200000c6                rx_packet_crc
 .bss           0x200002ec       0x38 ..\obj\timers.o
 .bss           0x20000324      0x100 ..\obj\tasks.o
                0x20000324                pxCurrentTCB
 .bss           0x20000424        0x8 ..\obj\ff.o
 *fill*         0x2000042c        0x4 
 .bss           0x20000430     0x1418 ..\obj\heap_2.o
 .bss           0x20001848        0x2 ..\obj\eeprom.o
                0x20001848                DataVar
 *(COMMON)
 *fill*         0x2000184a        0x2 
 COMMON         0x2000184c      0x3b4 ..\obj\main.o
                0x2000184c                jdrBuff3
                0x20001860                del
                0x20001864                TxDataReady
                0x20001866                ecWindowTop
                0x20001868                HSEStartUpStatus
                0x2000186c                jdrBuff4
                0x20001880                ecWindowBottom
                0x20001884                water_counter
                0x20001894                cTimerStateFlags
                0x20001898                cmdbuf
                0x200018a8                dosingPumpStateFlags
                0x200018a9                wpStateFlags
                0x200018ac                fs
                0x20001adc                TxByte
                0x20001ae0                sonar_mm
                0x20001ae4                circulationPumpId
                0x20001ae8                jdrBuff2
                0x20001afc                FlashStatus
                0x20001b00                no_sd
                0x20001b04                rhWindowTop
                0x20001b06                RxByte
                0x20001b08                timerStateFlags
                0x20001b0c                wfCalArray
                0x20001b14                RxDataReady
                0x20001b15                waterSensorStateFlags
                0x20001b18                button_ranges
                0x20001b28                DHTValue
                0x20001b2e                phWindowBottom
                0x20001b30                valveFlags
                0x20001b34                toAdjust
                0x20001b38                RxBuffer
                0x20001b44                dht_rh_str
                0x20001b48                valve_failed
                0x20001b4c                dht_data2
                0x20001b54                plugStateFlags
                0x20001b58                tank_windows_bottom
                0x20001b5c                TxBuffer
                0x20001b6c                sonar_read
                0x20001b70                jdrBuff1
                0x20001b84                adcAverage
                0x20001b8c                TIM_ICInitStructure
                0x20001b96                phWindowTop
                0x20001b98                dht_bit_pointer
                0x20001b9c                curphstr
                0x20001ba4                dht_data
                0x20001bac                dht_t_str
                0x20001bb0                curecstr
                0x20001bb8                tank_windows_top
                0x20001bba                dht_byte_pointer
                0x20001bbc                rhWindowBottom
                0x20001bc0                log_str
                0x20001c00                . = ALIGN (0x4)
                0x20001c00                _ebss = .

.co_stack       0x20001c00      0x400 load address 0x08010a60
                0x20001c00                . = ALIGN (0x8)
 *(.co_stack .co_stack.*)
 .co_stack      0x20001c00      0x400 ..\obj\startup_stm32f10x_md_vl.o
                0x20001c00                pulStack
                0x20002000                . = ALIGN (0x4)
                0x20002000                _end = .
LOAD ..\obj\stm32f10x_tim.o
LOAD ..\obj\startup_stm32f10x_md_vl.o
LOAD ..\obj\system_stm32f10x.o
LOAD ..\obj\stm32f10x_pwr.o
LOAD ..\obj\diskio.o
LOAD ..\obj\stm32f10x_gpio.o
LOAD ..\obj\main.o
LOAD ..\obj\timers.o
LOAD ..\obj\stm32f10x_rcc.o
LOAD ..\obj\stm32f10x_exti.o
LOAD ..\obj\tasks.o
LOAD ..\obj\stm32f10x_adc.o
LOAD ..\obj\stm32f10x_usart.o
LOAD ..\obj\list.o
LOAD ..\obj\syscalls.o
LOAD ..\obj\stm32f10x_flash.o
LOAD ..\obj\queue.o
LOAD ..\obj\port.o
LOAD ..\obj\ff.o
LOAD ..\obj\stm32f10x_dma.o
LOAD ..\obj\croutine.o
LOAD ..\obj\misc.o
LOAD ..\obj\stm32f10x_spi.o
LOAD ..\obj\heap_2.o
LOAD ..\obj\eeprom.o
LOAD ..\obj\driver_sonar.o
START GROUP
LOAD c:/coocox/toolchain48/bin/../lib/gcc/arm-none-eabi/4.8.3/armv7-m\libgcc.a
LOAD c:/coocox/toolchain48/bin/../lib/gcc/arm-none-eabi/4.8.3/../../../../arm-none-eabi/lib/armv7-m\libg.a
LOAD c:/coocox/toolchain48/bin/../lib/gcc/arm-none-eabi/4.8.3/../../../../arm-none-eabi/lib/armv7-m\libc.a
END GROUP
OUTPUT(hellow4.elf elf32-littlearm)

.debug_info     0x00000000     0xe3e7
 .debug_info    0x00000000     0x1c21 ..\obj\stm32f10x_tim.o
 .debug_info    0x00001c21       0xe9 ..\obj\startup_stm32f10x_md_vl.o
 .debug_info    0x00001d0a      0x3b4 ..\obj\system_stm32f10x.o
 .debug_info    0x000020be      0xa97 ..\obj\diskio.o
 .debug_info    0x00002b55      0x6b0 ..\obj\stm32f10x_gpio.o
 .debug_info    0x00003205     0x3f24 ..\obj\main.o
 .debug_info    0x00007129      0x6e0 ..\obj\timers.o
 .debug_info    0x00007809      0x8c3 ..\obj\stm32f10x_rcc.o
 .debug_info    0x000080cc      0x320 ..\obj\stm32f10x_exti.o
 .debug_info    0x000083ec      0xd2a ..\obj\tasks.o
 .debug_info    0x00009116      0x9b1 ..\obj\stm32f10x_usart.o
 .debug_info    0x00009ac7      0x27f ..\obj\list.o
 .debug_info    0x00009d46      0x77a ..\obj\stm32f10x_flash.o
 .debug_info    0x0000a4c0      0x7cd ..\obj\queue.o
 .debug_info    0x0000ac8d      0x1b1 ..\obj\port.o
 .debug_info    0x0000ae3e     0x166d ..\obj\ff.o
 .debug_info    0x0000c4ab      0x447 ..\obj\stm32f10x_dma.o
 .debug_info    0x0000c8f2      0x4d3 ..\obj\misc.o
 .debug_info    0x0000cdc5      0x8bc ..\obj\stm32f10x_spi.o
 .debug_info    0x0000d681      0x2a6 ..\obj\heap_2.o
 .debug_info    0x0000d927      0x407 ..\obj\eeprom.o
 .debug_info    0x0000dd2e      0x6b9 ..\obj\driver_sonar.o

.debug_abbrev   0x00000000     0x21f9
 .debug_abbrev  0x00000000      0x1b0 ..\obj\stm32f10x_tim.o
 .debug_abbrev  0x000001b0       0xa7 ..\obj\startup_stm32f10x_md_vl.o
 .debug_abbrev  0x00000257      0x177 ..\obj\system_stm32f10x.o
 .debug_abbrev  0x000003ce      0x2ac ..\obj\diskio.o
 .debug_abbrev  0x0000067a      0x1c8 ..\obj\stm32f10x_gpio.o
 .debug_abbrev  0x00000842      0x3be ..\obj\main.o
 .debug_abbrev  0x00000c00      0x173 ..\obj\timers.o
 .debug_abbrev  0x00000d73      0x1ba ..\obj\stm32f10x_rcc.o
 .debug_abbrev  0x00000f2d      0x151 ..\obj\stm32f10x_exti.o
 .debug_abbrev  0x0000107e      0x1cf ..\obj\tasks.o
 .debug_abbrev  0x0000124d      0x162 ..\obj\stm32f10x_usart.o
 .debug_abbrev  0x000013af       0xba ..\obj\list.o
 .debug_abbrev  0x00001469      0x18b ..\obj\stm32f10x_flash.o
 .debug_abbrev  0x000015f4      0x130 ..\obj\queue.o
 .debug_abbrev  0x00001724      0x12e ..\obj\port.o
 .debug_abbrev  0x00001852      0x19d ..\obj\ff.o
 .debug_abbrev  0x000019ef      0x155 ..\obj\stm32f10x_dma.o
 .debug_abbrev  0x00001b44      0x154 ..\obj\misc.o
 .debug_abbrev  0x00001c98      0x17e ..\obj\stm32f10x_spi.o
 .debug_abbrev  0x00001e16      0x166 ..\obj\heap_2.o
 .debug_abbrev  0x00001f7c      0x139 ..\obj\eeprom.o
 .debug_abbrev  0x000020b5      0x144 ..\obj\driver_sonar.o

.debug_aranges  0x00000000     0x13e8
 .debug_aranges
                0x00000000      0x2f0 ..\obj\stm32f10x_tim.o
 .debug_aranges
                0x000002f0       0x28 ..\obj\startup_stm32f10x_md_vl.o
 .debug_aranges
                0x00000318       0x38 ..\obj\system_stm32f10x.o
 .debug_aranges
                0x00000350       0xd0 ..\obj\diskio.o
 .debug_aranges
                0x00000420       0xa8 ..\obj\stm32f10x_gpio.o
 .debug_aranges
                0x000004c8      0x4f8 ..\obj\main.o
 .debug_aranges
                0x000009c0       0x88 ..\obj\timers.o
 .debug_aranges
                0x00000a48      0x120 ..\obj\stm32f10x_rcc.o
 .debug_aranges
                0x00000b68       0x58 ..\obj\stm32f10x_exti.o
 .debug_aranges
                0x00000bc0      0x138 ..\obj\tasks.o
 .debug_aranges
                0x00000cf8      0x100 ..\obj\stm32f10x_usart.o
 .debug_aranges
                0x00000df8       0x40 ..\obj\list.o
 .debug_aranges
                0x00000e38       0xf8 ..\obj\stm32f10x_flash.o
 .debug_aranges
                0x00000f30       0xb0 ..\obj\queue.o
 .debug_aranges
                0x00000fe0       0x70 ..\obj\port.o
 .debug_aranges
                0x00001050      0x168 ..\obj\ff.o
 .debug_aranges
                0x000011b8       0x70 ..\obj\stm32f10x_dma.o
 .debug_aranges
                0x00001228       0x40 ..\obj\misc.o
 .debug_aranges
                0x00001268       0xd0 ..\obj\stm32f10x_spi.o
 .debug_aranges
                0x00001338       0x38 ..\obj\heap_2.o
 .debug_aranges
                0x00001370       0x50 ..\obj\eeprom.o
 .debug_aranges
                0x000013c0       0x28 ..\obj\driver_sonar.o

.debug_ranges   0x00000000     0x1288
 .debug_ranges  0x00000000      0x2e0 ..\obj\stm32f10x_tim.o
 .debug_ranges  0x000002e0       0x18 ..\obj\startup_stm32f10x_md_vl.o
 .debug_ranges  0x000002f8       0x28 ..\obj\system_stm32f10x.o
 .debug_ranges  0x00000320       0xc0 ..\obj\diskio.o
 .debug_ranges  0x000003e0       0x98 ..\obj\stm32f10x_gpio.o
 .debug_ranges  0x00000478      0x4e8 ..\obj\main.o
 .debug_ranges  0x00000960       0x78 ..\obj\timers.o
 .debug_ranges  0x000009d8      0x110 ..\obj\stm32f10x_rcc.o
 .debug_ranges  0x00000ae8       0x48 ..\obj\stm32f10x_exti.o
 .debug_ranges  0x00000b30      0x128 ..\obj\tasks.o
 .debug_ranges  0x00000c58       0xf0 ..\obj\stm32f10x_usart.o
 .debug_ranges  0x00000d48       0x30 ..\obj\list.o
 .debug_ranges  0x00000d78       0xe8 ..\obj\stm32f10x_flash.o
 .debug_ranges  0x00000e60       0xa0 ..\obj\queue.o
 .debug_ranges  0x00000f00       0x60 ..\obj\port.o
 .debug_ranges  0x00000f60      0x158 ..\obj\ff.o
 .debug_ranges  0x000010b8       0x60 ..\obj\stm32f10x_dma.o
 .debug_ranges  0x00001118       0x30 ..\obj\misc.o
 .debug_ranges  0x00001148       0xc0 ..\obj\stm32f10x_spi.o
 .debug_ranges  0x00001208       0x28 ..\obj\heap_2.o
 .debug_ranges  0x00001230       0x40 ..\obj\eeprom.o
 .debug_ranges  0x00001270       0x18 ..\obj\driver_sonar.o

.debug_line     0x00000000     0x6eb2
 .debug_line    0x00000000      0x9e1 ..\obj\stm32f10x_tim.o
 .debug_line    0x000009e1       0xa4 ..\obj\startup_stm32f10x_md_vl.o
 .debug_line    0x00000a85      0x181 ..\obj\system_stm32f10x.o
 .debug_line    0x00000c06      0x576 ..\obj\diskio.o
 .debug_line    0x0000117c      0x315 ..\obj\stm32f10x_gpio.o
 .debug_line    0x00001491     0x204c ..\obj\main.o
 .debug_line    0x000034dd      0x2de ..\obj\timers.o
 .debug_line    0x000037bb      0x43b ..\obj\stm32f10x_rcc.o
 .debug_line    0x00003bf6      0x20b ..\obj\stm32f10x_exti.o
 .debug_line    0x00003e01      0x72a ..\obj\tasks.o
 .debug_line    0x0000452b      0x400 ..\obj\stm32f10x_usart.o
 .debug_line    0x0000492b      0x179 ..\obj\list.o
 .debug_line    0x00004aa4      0x440 ..\obj\stm32f10x_flash.o
 .debug_line    0x00004ee4      0x4b0 ..\obj\queue.o
 .debug_line    0x00005394      0x19f ..\obj\port.o
 .debug_line    0x00005533      0xc58 ..\obj\ff.o
 .debug_line    0x0000618b      0x26a ..\obj\stm32f10x_dma.o
 .debug_line    0x000063f5      0x1ab ..\obj\misc.o
 .debug_line    0x000065a0      0x388 ..\obj\stm32f10x_spi.o
 .debug_line    0x00006928      0x13a ..\obj\heap_2.o
 .debug_line    0x00006a62      0x270 ..\obj\eeprom.o
 .debug_line    0x00006cd2      0x1e0 ..\obj\driver_sonar.o

.debug_str      0x00000000     0x5895
 .debug_str     0x00000000      0xd11 ..\obj\stm32f10x_tim.o
                                0xdb2 (size before relaxing)
 .debug_str     0x00000d11       0xb2 ..\obj\startup_stm32f10x_md_vl.o
                                0x149 (size before relaxing)
 .debug_str     0x00000dc3      0x156 ..\obj\system_stm32f10x.o
                                0x2a9 (size before relaxing)
 .debug_str     0x00000f19      0x4b3 ..\obj\diskio.o
                                0x6ab (size before relaxing)
 .debug_str     0x000013cc      0x260 ..\obj\stm32f10x_gpio.o
                                0x4ee (size before relaxing)
 .debug_str     0x0000162c     0x1a0f ..\obj\main.o
                               0x20ce (size before relaxing)
 .debug_str     0x0000303b      0x433 ..\obj\timers.o
                                0x547 (size before relaxing)
 .debug_str     0x0000346e      0x402 ..\obj\stm32f10x_rcc.o
                                0x642 (size before relaxing)
 .debug_str     0x00003870      0x104 ..\obj\stm32f10x_exti.o
                                0x333 (size before relaxing)
 .debug_str     0x00003974      0x76c ..\obj\tasks.o
                                0x947 (size before relaxing)
 .debug_str     0x000040e0      0x3a8 ..\obj\stm32f10x_usart.o
                                0x665 (size before relaxing)
 .debug_str     0x00004488       0xce ..\obj\list.o
                                0x27a (size before relaxing)
 .debug_str     0x00004556      0x3d6 ..\obj\stm32f10x_flash.o
                                0x5bd (size before relaxing)
 .debug_str     0x0000492c      0x324 ..\obj\queue.o
                                0x57c (size before relaxing)
 .debug_str     0x00004c50      0x149 ..\obj\port.o
                                0x248 (size before relaxing)
 .debug_str     0x00004d99      0x269 ..\obj\ff.o
                                0x5bb (size before relaxing)
 .debug_str     0x00005002      0x12d ..\obj\stm32f10x_dma.o
                                0x396 (size before relaxing)
 .debug_str     0x0000512f      0x127 ..\obj\misc.o
                                0x398 (size before relaxing)
 .debug_str     0x00005256      0x33a ..\obj\stm32f10x_spi.o
                                0x5d2 (size before relaxing)
 .debug_str     0x00005590      0x164 ..\obj\heap_2.o
                                0x284 (size before relaxing)
 .debug_str     0x000056f4      0x14a ..\obj\eeprom.o
                                0x30a (size before relaxing)
 .debug_str     0x0000583e       0x57 ..\obj\driver_sonar.o
                                0x77c (size before relaxing)

.comment        0x00000000       0x70
 .comment       0x00000000       0x70 ..\obj\stm32f10x_tim.o
                                 0x71 (size before relaxing)
 .comment       0x00000000       0x71 ..\obj\startup_stm32f10x_md_vl.o
 .comment       0x00000000       0x71 ..\obj\system_stm32f10x.o
 .comment       0x00000000       0x71 ..\obj\diskio.o
 .comment       0x00000000       0x71 ..\obj\stm32f10x_gpio.o
 .comment       0x00000000       0x71 ..\obj\main.o
 .comment       0x00000000       0x71 ..\obj\timers.o
 .comment       0x00000000       0x71 ..\obj\stm32f10x_rcc.o
 .comment       0x00000000       0x71 ..\obj\stm32f10x_exti.o
 .comment       0x00000000       0x71 ..\obj\tasks.o
 .comment       0x00000000       0x71 ..\obj\stm32f10x_usart.o
 .comment       0x00000000       0x71 ..\obj\list.o
 .comment       0x00000000       0x71 ..\obj\stm32f10x_flash.o
 .comment       0x00000000       0x71 ..\obj\queue.o
 .comment       0x00000000       0x71 ..\obj\port.o
 .comment       0x00000000       0x71 ..\obj\ff.o
 .comment       0x00000000       0x71 ..\obj\stm32f10x_dma.o
 .comment       0x00000000       0x71 ..\obj\misc.o
 .comment       0x00000000       0x71 ..\obj\stm32f10x_spi.o
 .comment       0x00000000       0x71 ..\obj\heap_2.o
 .comment       0x00000000       0x71 ..\obj\eeprom.o
 .comment       0x00000000       0x71 ..\obj\driver_sonar.o

.ARM.attributes
                0x00000000       0x31
 .ARM.attributes
                0x00000000       0x33 ..\obj\stm32f10x_tim.o
 .ARM.attributes
                0x00000033       0x33 ..\obj\startup_stm32f10x_md_vl.o
 .ARM.attributes
                0x00000066       0x33 ..\obj\system_stm32f10x.o
 .ARM.attributes
                0x00000099       0x33 ..\obj\diskio.o
 .ARM.attributes
                0x000000cc       0x33 ..\obj\stm32f10x_gpio.o
 .ARM.attributes
                0x000000ff       0x33 ..\obj\main.o
 .ARM.attributes
                0x00000132       0x33 ..\obj\timers.o
 .ARM.attributes
                0x00000165       0x33 ..\obj\stm32f10x_rcc.o
 .ARM.attributes
                0x00000198       0x33 ..\obj\stm32f10x_exti.o
 .ARM.attributes
                0x000001cb       0x33 ..\obj\tasks.o
 .ARM.attributes
                0x000001fe       0x33 ..\obj\stm32f10x_usart.o
 .ARM.attributes
                0x00000231       0x33 ..\obj\list.o
 .ARM.attributes
                0x00000264       0x33 ..\obj\stm32f10x_flash.o
 .ARM.attributes
                0x00000297       0x33 ..\obj\queue.o
 .ARM.attributes
                0x000002ca       0x33 ..\obj\port.o
 .ARM.attributes
                0x000002fd       0x33 ..\obj\ff.o
 .ARM.attributes
                0x00000330       0x33 ..\obj\stm32f10x_dma.o
 .ARM.attributes
                0x00000363       0x33 ..\obj\misc.o
 .ARM.attributes
                0x00000396       0x33 ..\obj\stm32f10x_spi.o
 .ARM.attributes
                0x000003c9       0x33 ..\obj\heap_2.o
 .ARM.attributes
                0x000003fc       0x33 ..\obj\eeprom.o
 .ARM.attributes
                0x0000042f       0x33 ..\obj\driver_sonar.o
 .ARM.attributes
                0x00000462       0x1b c:/coocox/toolchain48/bin/../lib/gcc/arm-none-eabi/4.8.3/../../../../arm-none-eabi/lib/armv7-m\libg.a(lib_a-memcpy.o)
 .ARM.attributes
                0x0000047d       0x2d c:/coocox/toolchain48/bin/../lib/gcc/arm-none-eabi/4.8.3/../../../../arm-none-eabi/lib/armv7-m\libg.a(lib_a-memset.o)
 .ARM.attributes
                0x000004aa       0x2d c:/coocox/toolchain48/bin/../lib/gcc/arm-none-eabi/4.8.3/../../../../arm-none-eabi/lib/armv7-m\libg.a(lib_a-strncpy.o)

.debug_frame    0x00000000     0x431c
 .debug_frame   0x00000000      0xa20 ..\obj\stm32f10x_tim.o
 .debug_frame   0x00000a20       0x48 ..\obj\startup_stm32f10x_md_vl.o
 .debug_frame   0x00000a68       0x80 ..\obj\system_stm32f10x.o
 .debug_frame   0x00000ae8      0x2b0 ..\obj\diskio.o
 .debug_frame   0x00000d98      0x210 ..\obj\stm32f10x_gpio.o
 .debug_frame   0x00000fa8     0x127c ..\obj\main.o
 .debug_frame   0x00002224      0x1c4 ..\obj\timers.o
 .debug_frame   0x000023e8      0x3a4 ..\obj\stm32f10x_rcc.o
 .debug_frame   0x0000278c       0xec ..\obj\stm32f10x_exti.o
 .debug_frame   0x00002878      0x45c ..\obj\tasks.o
 .debug_frame   0x00002cd4      0x344 ..\obj\stm32f10x_usart.o
 .debug_frame   0x00003018       0x9c ..\obj\list.o
 .debug_frame   0x000030b4      0x338 ..\obj\stm32f10x_flash.o
 .debug_frame   0x000033ec      0x264 ..\obj\queue.o
 .debug_frame   0x00003650      0x110 ..\obj\port.o
 .debug_frame   0x00003760      0x52c ..\obj\ff.o
 .debug_frame   0x00003c8c      0x144 ..\obj\stm32f10x_dma.o
 .debug_frame   0x00003dd0       0x9c ..\obj\misc.o
 .debug_frame   0x00003e6c      0x29c ..\obj\stm32f10x_spi.o
 .debug_frame   0x00004108       0x80 ..\obj\heap_2.o
 .debug_frame   0x00004188       0xec ..\obj\eeprom.o
 .debug_frame   0x00004274       0x50 ..\obj\driver_sonar.o
 .debug_frame   0x000042c4       0x2c c:/coocox/toolchain48/bin/../lib/gcc/arm-none-eabi/4.8.3/../../../../arm-none-eabi/lib/armv7-m\libg.a(lib_a-memset.o)
 .debug_frame   0x000042f0       0x2c c:/coocox/toolchain48/bin/../lib/gcc/arm-none-eabi/4.8.3/../../../../arm-none-eabi/lib/armv7-m\libg.a(lib_a-strncpy.o)
