Archive member included because of file (symbol)

c:/coocox/toolchain48/bin/../lib/gcc/arm-none-eabi/4.8.3/../../../../arm-none-eabi/lib/armv7-m\libg.a(lib_a-memcpy.o)
                              ..\obj\queue.o (memcpy)
c:/coocox/toolchain48/bin/../lib/gcc/arm-none-eabi/4.8.3/../../../../arm-none-eabi/lib/armv7-m\libg.a(lib_a-memset.o)
                              ..\obj\tasks.o (memset)
c:/coocox/toolchain48/bin/../lib/gcc/arm-none-eabi/4.8.3/../../../../arm-none-eabi/lib/armv7-m\libg.a(lib_a-strncpy.o)
                              ..\obj\tasks.o (strncpy)

Allocating common symbols
Common symbol       size              file

jdrBuff3            0x14              ..\obj\main.o
del                 0x4               ..\obj\main.o
TxDataReady         0x1               ..\obj\main.o
ecWindowTop         0x2               ..\obj\main.o
HSEStartUpStatus    0x1               ..\obj\main.o
jdrBuff4            0x14              ..\obj\main.o
ecWindowBottom      0x2               ..\obj\main.o
water_counter       0x10              ..\obj\main.o
cTimerStateFlags    0x4               ..\obj\main.o
cmdbuf              0xa               ..\obj\main.o
dosingPumpStateFlags
                    0x1               ..\obj\main.o
wpStateFlags        0x1               ..\obj\main.o
fs                  0x230             ..\obj\main.o
TxByte              0x1               ..\obj\main.o
sonar_mm            0x4               ..\obj\main.o
circulationPumpId   0x1               ..\obj\main.o
jdrBuff2            0x14              ..\obj\main.o
FlashStatus         0x1               ..\obj\main.o
no_sd               0x4               ..\obj\main.o
rhWindowTop         0x2               ..\obj\main.o
RxByte              0x1               ..\obj\main.o
timerStateFlags     0x4               ..\obj\main.o
wfCalArray          0x8               ..\obj\main.o
RxDataReady         0x1               ..\obj\main.o
waterSensorStateFlags
                    0x1               ..\obj\main.o
button_ranges       0x10              ..\obj\main.o
DHTValue            0x6               ..\obj\main.o
phWindowBottom      0x2               ..\obj\main.o
valveFlags          0x1               ..\obj\main.o
toAdjust            0x3               ..\obj\main.o
RxBuffer            0xa               ..\obj\main.o
dht_rh_str          0x4               ..\obj\main.o
valve_failed        0x1               ..\obj\main.o
dht_data2           0x5               ..\obj\main.o
plugStateFlags      0x4               ..\obj\main.o
tank_windows_bottom
                    0x2               ..\obj\main.o
TxBuffer            0x10              ..\obj\main.o
sonar_read          0x4               ..\obj\main.o
jdrBuff1            0x14              ..\obj\main.o
adcAverage          0x8               ..\obj\main.o
TIM_ICInitStructure
                    0xa               ..\obj\main.o
curculationPumpId   0x1               ..\obj\main.o
phWindowTop         0x2               ..\obj\main.o
dht_bit_pointer     0x1               ..\obj\main.o
curphstr            0x5               ..\obj\main.o
dht_data            0x5               ..\obj\main.o
dht_t_str           0x4               ..\obj\main.o
curecstr            0x5               ..\obj\main.o
tank_windows_top    0x2               ..\obj\main.o
dht_byte_pointer    0x1               ..\obj\main.o
rhWindowBottom      0x2               ..\obj\main.o
log_str             0x40              ..\obj\main.o

Discarded input sections

 .text          0x00000000        0x0 ..\obj\stm32f10x_tim.o
 .data          0x00000000        0x0 ..\obj\stm32f10x_tim.o
 .bss           0x00000000        0x0 ..\obj\stm32f10x_tim.o
 .text.TIM_DeInit
                0x00000000      0x22c ..\obj\stm32f10x_tim.o
 .text.TIM_ICInit
                0x00000000       0xa8 ..\obj\stm32f10x_tim.o
 .text.TIM_BDTRConfig
                0x00000000       0x50 ..\obj\stm32f10x_tim.o
 .text.TIM_ICStructInit
                0x00000000       0x30 ..\obj\stm32f10x_tim.o
 .text.TIM_BDTRStructInit
                0x00000000       0x3c ..\obj\stm32f10x_tim.o
 .text.TIM_CtrlPWMOutputs
                0x00000000       0x4c ..\obj\stm32f10x_tim.o
 .text.TIM_GenerateEvent
                0x00000000       0x1c ..\obj\stm32f10x_tim.o
 .text.TIM_DMAConfig
                0x00000000       0x28 ..\obj\stm32f10x_tim.o
 .text.TIM_DMACmd
                0x00000000       0x48 ..\obj\stm32f10x_tim.o
 .text.TIM_InternalClockConfig
                0x00000000       0x24 ..\obj\stm32f10x_tim.o
 .text.TIM_ITRxExternalClockConfig
                0x00000000       0x2c ..\obj\stm32f10x_tim.o
 .text.TIM_TIxExternalClockConfig
                0x00000000       0x54 ..\obj\stm32f10x_tim.o
 .text.TIM_ETRClockMode1Config
                0x00000000       0x50 ..\obj\stm32f10x_tim.o
 .text.TIM_ETRClockMode2Config
                0x00000000       0x30 ..\obj\stm32f10x_tim.o
 .text.TIM_ETRConfig
[...]
Memory Configuration

Name             Origin             Length             Attributes
rom              0x08000000         0x00020000         xr
ram              0x20000000         0x00002000         xrw
*default*        0x00000000         0xffffffff

Linker script and memory map

                0x20002000                _eram = 0x20002000

.text           0x08000000     0xeb14
 *(.isr_vector .isr_vector.*)
 .isr_vector    0x08000000      0x124 ..\obj\startup_stm32f10x_md_vl.o
                0x08000000                g_pfnVectors
 *(.text .text.* .gnu.linkonce.t.*)
 .text.TIM_TimeBaseInit
                0x08000124       0xf8 ..\obj\stm32f10x_tim.o
                0x08000124                TIM_TimeBaseInit
 .text.TIM_OC1Init
                0x0800021c      0x118 ..\obj\stm32f10x_tim.o
                0x0800021c                TIM_OC1Init
 .text.TIM_OC2Init
                0x08000334      0x110 ..\obj\stm32f10x_tim.o
                0x08000334                TIM_OC2Init
 .text.TIM_OC3Init
                0x08000444      0x10c ..\obj\stm32f10x_tim.o
                0x08000444                TIM_OC3Init
 .text.TIM_OC4Init
                0x08000550       0xd0 ..\obj\stm32f10x_tim.o
                0x08000550                TIM_OC4Init
 .text.TIM_PWMIConfig
                0x08000620       0xb8 ..\obj\stm32f10x_tim.o
                0x08000620                TIM_PWMIConfig
 .text.TIM_TimeBaseStructInit
                0x080006d8       0x34 ..\obj\stm32f10x_tim.o
                0x080006d8                TIM_TimeBaseStructInit
 .text.TIM_OCStructInit
                0x0800070c       0x44 ..\obj\stm32f10x_tim.o
                0x0800070c                TIM_OCStructInit
 .text.TIM_Cmd  0x08000750       0x40 ..\obj\stm32f10x_tim.o
                0x08000750                TIM_Cmd
 .text.TIM_ITConfig
                0x08000790       0x48 ..\obj\stm32f10x_tim.o
                0x08000790                TIM_ITConfig
 .text.TIM_SelectInputTrigger
                0x080007d8       0x38 ..\obj\stm32f10x_tim.o
                0x080007d8                TIM_SelectInputTrigger
 .text.TIM_SelectSlaveMode
                0x08000810       0x38 ..\obj\stm32f10x_tim.o
                0x08000810                TIM_SelectSlaveMode
 .text.TIM_SelectMasterSlaveMode
                0x08000848       0x38 ..\obj\stm32f10x_tim.o
                0x08000848                TIM_SelectMasterSlaveMode
 .text.TIM_SetIC1Prescaler
                0x08000880       0x38 ..\obj\stm32f10x_tim.o
                0x08000880                TIM_SetIC1Prescaler
 .text.TIM_SetIC2Prescaler
                0x080008b8       0x3c ..\obj\stm32f10x_tim.o
                0x080008b8                TIM_SetIC2Prescaler
 .text.TIM_GetCapture1
                0x080008f4       0x1c ..\obj\stm32f10x_tim.o
                0x080008f4                TIM_GetCapture1
 .text.TIM_GetCapture2
                0x08000910       0x1c ..\obj\stm32f10x_tim.o
                0x08000910                TIM_GetCapture2
 .text.TIM_ClearITPendingBit
                0x0800092c       0x20 ..\obj\stm32f10x_tim.o
                0x0800092c                TIM_ClearITPendingBit
 .text.TI1_Config
                0x0800094c       0xd4 ..\obj\stm32f10x_tim.o
 .text.TI2_Config
                0x08000a20       0xe8 ..\obj\stm32f10x_tim.o
 .text.Default_Reset_Handler
                0x08000b08       0x60 ..\obj\startup_stm32f10x_md_vl.o
                0x08000b08                Default_Reset_Handler
                0x08000b08                Reset_Handler
 .text.Default_Handler
                0x08000b68        0x8 ..\obj\startup_stm32f10x_md_vl.o
                0x08000b68                DebugMon_Handler
                0x08000b68                TIM1_CC_IRQHandler
                0x08000b68                HardFault_Handler
                0x08000b68                PVD_IRQHandler
                0x08000b68                NMI_Handler
                0x08000b68                EXTI3_IRQHandler
                0x08000b68                I2C2_EV_IRQHandler
                0x08000b68                UsageFault_Handler
                0x08000b68                SPI1_IRQHandler
                0x08000b68                TAMPER_IRQHandler
                0x08000b68                TIM6_DAC_IRQHandler
                0x08000b68                ADC1_IRQHandler
                0x08000b68                USART3_IRQHandler
                0x08000b68                RTC_IRQHandler
                0x08000b68                DMA1_Channel7_IRQHandler
                0x08000b68                TIM4_IRQHandler
                0x08000b68                I2C1_EV_IRQHandler
                0x08000b68                DMA1_Channel6_IRQHandler
                0x08000b68                RCC_IRQHandler
                0x08000b68                DMA1_Channel1_IRQHandler
                0x08000b68                CEC_IRQHandler
                0x08000b68                TIM7_IRQHandler
                0x08000b68                SPI2_IRQHandler
                0x08000b68                MemManage_Handler
                0x08000b68                EXTI4_IRQHandler
                0x08000b68                DMA1_Channel3_IRQHandler
                0x08000b68                WWDG_IRQHandler
                0x08000b68                TIM2_IRQHandler
                0x08000b68                RTCAlarm_IRQHandler
                0x08000b68                USART2_IRQHandler
                0x08000b68                I2C2_ER_IRQHandler
                0x08000b68                DMA1_Channel2_IRQHandler
                0x08000b68                FLASH_IRQHandler
                0x08000b68                BusFault_Handler
                0x08000b68                I2C1_ER_IRQHandler
 .text.SystemInit
                0x08000b70       0x6c ..\obj\system_stm32f10x.o
                0x08000b70                SystemInit
 .text.SetSysClock
                0x08000bdc        0xc ..\obj\system_stm32f10x.o
 .text.SetSysClockTo24
                0x08000be8       0xd4 ..\obj\system_stm32f10x.o
 .text.interface_speed
                0x08000cbc       0x44 ..\obj\diskio.o
 .text.card_power
                0x08000d00       0x14 ..\obj\diskio.o
 .text.chk_power
                0x08000d14       0x10 ..\obj\diskio.o
 .text.stm32_spi_rw
                0x08000d24       0x3c ..\obj\diskio.o
 .text.rcvr_spi
                0x08000d60       0x10 ..\obj\diskio.o
 .text.wait_ready
                0x08000d70       0x34 ..\obj\diskio.o
 .text.release_spi
                0x08000da4       0x18 ..\obj\diskio.o
 .text.stm32_dma_transfer
                0x08000dbc      0x108 ..\obj\diskio.o
 .text.power_on
                0x08000ec4      0x140 ..\obj\diskio.o
 .text.power_off
                0x08001004       0x7c ..\obj\diskio.o
 .text.rcvr_datablock
                0x08001080       0x50 ..\obj\diskio.o
 .text.xmit_datablock
                0x080010d0       0x60 ..\obj\diskio.o
 .text.send_cmd
                0x08001130       0xe4 ..\obj\diskio.o
 .text.disk_initialize
                0x08001214      0x1ac ..\obj\diskio.o
                0x08001214                disk_initialize
 .text.disk_status
                0x080013c0       0x2c ..\obj\diskio.o
                0x080013c0                disk_status
 .text.disk_read
                0x080013ec       0xd0 ..\obj\diskio.o
                0x080013ec                disk_read
 .text.disk_write
                0x080014bc      0x104 ..\obj\diskio.o
                0x080014bc                disk_write
 .text.disk_ioctl
                0x080015c0      0x384 ..\obj\diskio.o
                0x080015c0                disk_ioctl
 .text.GPIO_Init
                0x08001944      0x178 ..\obj\stm32f10x_gpio.o
                0x08001944                GPIO_Init
 .text.GPIO_StructInit
                0x08001abc       0x28 ..\obj\stm32f10x_gpio.o
                0x08001abc                GPIO_StructInit
 .text.GPIO_SetBits
                0x08001ae4       0x1c ..\obj\stm32f10x_gpio.o
                0x08001ae4                GPIO_SetBits
 .text.GPIO_ResetBits
                0x08001b00       0x1c ..\obj\stm32f10x_gpio.o
                0x08001b00                GPIO_ResetBits
 .text.GPIO_PinRemapConfig
                0x08001b1c       0xe0 ..\obj\stm32f10x_gpio.o
                0x08001b1c                GPIO_PinRemapConfig
 .text.NVIC_EnableIRQ
                0x08001bfc       0x30 ..\obj\main.o
 .text.Lcd_write_8b
                0x08001c2c       0x88 ..\obj\main.o
                0x08001c2c                Lcd_write_8b
 .text.calibrateFlowMeter
                0x08001cb4      0x204 ..\obj\main.o
                0x08001cb4                calibrateFlowMeter
 .text.get_water_cl
                0x08001eb8       0x68 ..\obj\main.o
                0x08001eb8                get_water_cl
 .text.get_water
                0x08001f20      0x190 ..\obj\main.o
                0x08001f20                get_water
 .text.Lcd_write_16b
                0x080020b0       0x70 ..\obj\main.o
                0x080020b0                Lcd_write_16b
 .text.USART1_IRQHandler
                0x08002120      0x18c ..\obj\main.o
                0x08002120                USART1_IRQHandler
 .text.uart_task
                0x080022ac       0x44 ..\obj\main.o
 .text.send_packet
                0x080022f0       0x34 ..\obj\main.o
                0x080022f0                send_packet
 .text.rx_flush
                0x08002324       0x34 ..\obj\main.o
                0x08002324                rx_flush
 .text.run_uart_cmd
                0x08002358       0xa8 ..\obj\main.o
                0x08002358                run_uart_cmd
 .text.get_settings_block
                0x08002400       0x90 ..\obj\main.o
                0x08002400                get_settings_block
 .text.DMA1_Channel4_IRQHandler
                0x08002490       0x14 ..\obj\main.o
                0x08002490                DMA1_Channel4_IRQHandler
 .text.DMA1_Channel5_IRQHandler
                0x080024a4       0x14 ..\obj\main.o
                0x080024a4                DMA1_Channel5_IRQHandler
 .text.bluetooth_init
                0x080024b8       0xd0 ..\obj\main.o
                0x080024b8                bluetooth_init
 .text.valve_motor_control_init
                0x08002588       0x94 ..\obj\main.o
                0x08002588                valve_motor_control_init
 .text.valve_feedback_init
                0x0800261c       0x44 ..\obj\main.o
                0x0800261c                valve_feedback_init
 .text.dosing_motor_control_init
                0x08002660       0xc0 ..\obj\main.o
                0x08002660                dosing_motor_control_init
 .text.tankLevelStabSetup
                0x08002720      0x114 ..\obj\main.o
                0x08002720                tankLevelStabSetup
 .text.tankLevelStab
                0x08002834       0x38 ..\obj\main.o
                0x08002834                tankLevelStab
 .text.psiStab  0x0800286c       0x48 ..\obj\main.o
                0x0800286c                psiStab
 .text.open_valve
                0x080028b4      0x128 ..\obj\main.o
                0x080028b4                open_valve
 .text.close_valve
                0x080029dc       0xe4 ..\obj\main.o
                0x080029dc                close_valve
 .text.run_valve_motor
                0x08002ac0       0x2c ..\obj\main.o
                0x08002ac0                run_valve_motor
 .text.stop_valve_motor
                0x08002aec       0x2c ..\obj\main.o
                0x08002aec                stop_valve_motor
 .text.EXTI0_IRQHandler
                0x08002b18       0x1c ..\obj\main.o
                0x08002b18                EXTI0_IRQHandler
 .text.EXTI1_IRQHandler
                0x08002b34       0x1c ..\obj\main.o
                0x08002b34                EXTI1_IRQHandler
 .text.EXTI2_IRQHandler
                0x08002b50        0xc ..\obj\main.o
                0x08002b50                EXTI2_IRQHandler
 .text.EXTI15_10_IRQHandler
                0x08002b5c       0x20 ..\obj\main.o
                0x08002b5c                EXTI15_10_IRQHandler
 .text.EXTI9_5_IRQHandler
                0x08002b7c       0x18 ..\obj\main.o
                0x08002b7c                EXTI9_5_IRQHandler
 .text.valve_test2
                0x08002b94       0xfc ..\obj\main.o
                0x08002b94                valve_test2
 .text.valve_test
                0x08002c90      0x160 ..\obj\main.o
                0x08002c90                valve_test
 .text.water_program_setup
                0x08002df0      0x3b8 ..\obj\main.o
                0x08002df0                water_program_setup
 .text.fertilization_setup
                0x080031a8       0x38 ..\obj\main.o
                0x080031a8                fertilization_setup
 .text.watering_setup
                0x080031e0       0x38 ..\obj\main.o
                0x080031e0                watering_setup
 .text.fertilizer_mixing_program_setup
                0x08003218      0x1d0 ..\obj\main.o
                0x08003218                fertilizer_mixing_program_setup
 .text.startWp  0x080033e8       0xdc ..\obj\main.o
                0x080033e8                startWp
 .text.run_watering_program
                0x080034c4      0x378 ..\obj\main.o
                0x080034c4                run_watering_program
 .text.run_fertilizer_mixer
                0x0800383c       0xb4 ..\obj\main.o
                0x0800383c                run_fertilizer_mixer
 .text.run_circulation_pump
                0x080038f0       0x50 ..\obj\main.o
                0x080038f0                run_circulation_pump
 .text.enable_dosing_pump
                0x08003940       0xdc ..\obj\main.o
                0x08003940                enable_dosing_pump
 .text.watering_program_trigger
                0x08003a1c      0x130 ..\obj\main.o
 .text.dht_init
                0x08003b4c       0xb0 ..\obj\main.o
                0x08003b4c                dht_init
 .text.dht_init_out
                0x08003bfc       0x28 ..\obj\main.o
                0x08003bfc                dht_init_out
 .text.TIM3_IRQHandler
                0x08003c24      0x154 ..\obj\main.o
                0x08003c24                TIM3_IRQHandler
 .text.TIM1_BRK_TIM15_IRQHandler
                0x08003d78      0x138 ..\obj\main.o
                0x08003d78                TIM1_BRK_TIM15_IRQHandler
 .text.TIM1_UP_TIM16_IRQHandler
                0x08003eb0       0x14 ..\obj\main.o
                0x08003eb0                TIM1_UP_TIM16_IRQHandler
 .text.TIM1_TRG_COM_TIM17_IRQHandler
                0x08003ec4       0x38 ..\obj\main.o
                0x08003ec4                TIM1_TRG_COM_TIM17_IRQHandler
 .text.dht_get_data
                0x08003efc       0x78 ..\obj\main.o
                0x08003efc                dht_get_data
 .text.dht_conv_data
                0x08003f74      0x1c8 ..\obj\main.o
                0x08003f74                dht_conv_data
 .text.dht_arr_displayer
                0x0800413c       0xbc ..\obj\main.o
                0x0800413c                dht_arr_displayer
 .text.adc2ph   0x080041f8       0x3c ..\obj\main.o
                0x080041f8                adc2ph
 .text.ph2adc   0x08004234       0x44 ..\obj\main.o
                0x08004234                ph2adc
 .text.phStabSettings
                0x08004278       0xbc ..\obj\main.o
                0x08004278                phStabSettings
 .text.readPercentVal
                0x08004334      0x128 ..\obj\main.o
                0x08004334                readPercentVal
 .text.hygroStatSettings
                0x0800445c       0x9c ..\obj\main.o
                0x0800445c                hygroStatSettings
 .text.convPh2str
                0x080044f8       0xc8 ..\obj\main.o
                0x080044f8                convPh2str
 .text.readPhVal
                0x080045c0       0xac ..\obj\main.o
                0x080045c0                readPhVal
 .text.adc2str  0x0800466c      0x2f4 ..\obj\main.o
                0x0800466c                adc2str
 .text.Delay_us
                0x08004960       0x28 ..\obj\main.o
                0x08004960                Delay_us
 .text.buttonCalibration
                0x08004988      0x28c ..\obj\main.o
                0x08004988                buttonCalibration
 .text.displayAdcValues
                0x08004c14      0x100 ..\obj\main.o
                0x08004c14                displayAdcValues
 .text.display_usart_rx
                0x08004d14       0xb8 ..\obj\main.o
                0x08004d14                display_usart_rx
 .text.saveButtonRanges
                0x08004dcc       0x3c ..\obj\main.o
                0x08004dcc                saveButtonRanges
 .text.readButtonRanges
                0x08004e08       0x3c ..\obj\main.o
                0x08004e08                readButtonRanges
 .text.sdLog    0x08004e44      0x3ac ..\obj\main.o
 .text.string2log
                0x080051f0       0xd0 ..\obj\main.o
                0x080051f0                string2log
 .text.calibratePh
                0x080052c0      0x198 ..\obj\main.o
                0x080052c0                calibratePh
 .text.adcAverager
                0x08005458      0x140 ..\obj\main.o
                0x08005458                adcAverager
 .text.getPh    0x08005598      0x160 ..\obj\main.o
                0x08005598                getPh
 .text.getEc    0x080056f8      0x148 ..\obj\main.o
                0x080056f8                getEc
 .text.setPlug  0x08005840       0xfc ..\obj\main.o
                0x08005840                setPlug
 .text.timerStateTrigger
                0x0800593c      0x1b4 ..\obj\main.o
 .text.plugStateTrigger
                0x08005af0      0x2ac ..\obj\main.o
 .text.psiSetup
                0x08005d9c      0x1ec ..\obj\main.o
                0x08005d9c                psiSetup
 .text.plugTest
                0x08005f88       0x8c ..\obj\main.o
                0x08005f88                plugTest
 .text.plugStateSet
                0x08006014       0x6c ..\obj\main.o
                0x08006014                plugStateSet
 .text.EE_WriteWord
                0x08006080       0x38 ..\obj\main.o
                0x08006080                EE_WriteWord
 .text.programRunner
                0x080060b8      0x174 ..\obj\main.o
                0x080060b8                programRunner
 .text.phMonSettings
                0x0800622c       0xd0 ..\obj\main.o
                0x0800622c                phMonSettings
 .text.adjust8bit
                0x080062fc       0xa8 ..\obj\main.o
                0x080062fc                adjust8bit
 .text.adjust16bit
                0x080063a4       0xb0 ..\obj\main.o
                0x080063a4                adjust16bit
 .text.adjust16bit_fast
                0x08006454       0xc0 ..\obj\main.o
                0x08006454                adjust16bit_fast
 .text.CTimerAdjust
                0x08006514      0x180 ..\obj\main.o
                0x08006514                CTimerAdjust
 .text.setCTimer
                0x08006694      0x10c ..\obj\main.o
                0x08006694                setCTimer
 .text.idSelector
                0x080067a0       0x74 ..\obj\main.o
                0x080067a0                idSelector
 .text.setTimer
                0x08006814      0x10c ..\obj\main.o
                0x08006814                setTimer
 .text.timeAdjust
                0x08006920      0x2c0 ..\obj\main.o
                0x08006920                timeAdjust
 .text.Lcd_write_arr
                0x08006be0       0x38 ..\obj\main.o
                0x08006be0                Lcd_write_arr
 .text.unix2DateTime
                0x08006c18      0x2fc ..\obj\main.o
                0x08006c18                unix2DateTime
 .text.DateTime2unix
                0x08006f14      0x164 ..\obj\main.o
                0x08006f14                DateTime2unix
 .text.menuSelector
                0x08007078      0x13c ..\obj\main.o
                0x08007078                menuSelector
 .text.RTC_GetCounter
                0x080071b4       0x24 ..\obj\main.o
                0x080071b4                RTC_GetCounter
 .text.RTC_SetCounter
                0x080071d8       0x48 ..\obj\main.o
                0x080071d8                RTC_SetCounter
 .text.RtcInit  0x08007220       0xcc ..\obj\main.o
                0x08007220                RtcInit
 .text.phMonitor
                0x080072ec       0x14 ..\obj\main.o
 .text.copy_arr
                0x08007300       0x44 ..\obj\main.o
                0x08007300                copy_arr
 .text.displayClock
                0x08007344      0x1c0 ..\obj\main.o
 .text.readButtons
                0x08007504       0x68 ..\obj\main.o
                0x08007504                readButtons
 .text.AdcInit  0x0800756c      0x150 ..\obj\main.o
                0x0800756c                AdcInit
 .text.Lcd_write_digit
                0x080076bc      0x108 ..\obj\main.o
                0x080076bc                Lcd_write_digit
 .text.prvSetupHardware
                0x080077c4       0x80 ..\obj\main.o
 .text.vTaskLCDdraw
                0x08007844       0x3c ..\obj\main.o
 .text.int32str
                0x08007880      0x1cc ..\obj\main.o
                0x08007880                int32str
 .text.int10str
                0x08007a4c       0xc0 ..\obj\main.o
                0x08007a4c                int10str
 .text.EE_ReadWord
                0x08007b0c       0x44 ..\obj\main.o
                0x08007b0c                EE_ReadWord
 .text.flush_lcd_buffer
                0x08007b50       0x40 ..\obj\main.o
                0x08007b50                flush_lcd_buffer
 .text.main     0x08007b90      0x1f0 ..\obj\main.o
                0x08007b90                main
 .text.loadSettings
                0x08007d80      0xab4 ..\obj\main.o
                0x08007d80                loadSettings
 .text.Lcd_write_str
                0x08008834       0x6c ..\obj\main.o
                0x08008834                Lcd_write_str
 .text.Lcd_goto
                0x080088a0       0x44 ..\obj\main.o
                0x080088a0                Lcd_goto
 .text.Init_pin_out
                0x080088e4       0xa0 ..\obj\main.o
                0x080088e4                Init_pin_out
 .text.Lcd_write_cmd
                0x08008984       0x90 ..\obj\main.o
                0x08008984                Lcd_write_cmd
 .text.Lcd_write_data
                0x08008a14       0xc4 ..\obj\main.o
                0x08008a14                Lcd_write_data
 .text.set4highBits
                0x08008ad8       0xac ..\obj\main.o
                0x08008ad8                set4highBits
 .text.set4lowBits
                0x08008b84       0xac ..\obj\main.o
                0x08008b84                set4lowBits
 .text.Init_lcd
                0x08008c30       0x88 ..\obj\main.o
                0x08008c30                Init_lcd
 .text.Lcd_clear
                0x08008cb8       0x18 ..\obj\main.o
                0x08008cb8                Lcd_clear
 .text.xTimerCreateTimerTask
                0x08008cd0       0x5c ..\obj\timers.o
                0x08008cd0                xTimerCreateTimerTask
 .text.xTimerGenericCommand
                0x08008d2c       0x8c ..\obj\timers.o
                0x08008d2c                xTimerGenericCommand
 .text.prvProcessExpiredTimer
                0x08008db8       0x74 ..\obj\timers.o
 .text.prvTimerTask
                0x08008e2c       0x24 ..\obj\timers.o
 .text.prvProcessTimerOrBlockTask
                0x08008e50       0x6c ..\obj\timers.o
 .text.prvGetNextExpireTime
                0x08008ebc       0x48 ..\obj\timers.o
 .text.prvSampleTimeNow
                0x08008f04       0x44 ..\obj\timers.o
 .text.prvInsertTimerInActiveList
                0x08008f48       0x84 ..\obj\timers.o
 .text.prvProcessReceivedCommands
                0x08008fcc      0x100 ..\obj\timers.o
 .text.prvSwitchTimerLists
                0x080090cc       0xb8 ..\obj\timers.o
 .text.prvCheckForValidListAndQueue
                0x08009184       0x54 ..\obj\timers.o
 .text.RCC_GetClocksFreq
                0x080091d8      0x15c ..\obj\stm32f10x_rcc.o
                0x080091d8                RCC_GetClocksFreq
 .text.RCC_AHBPeriphClockCmd
                0x08009334       0x3c ..\obj\stm32f10x_rcc.o
                0x08009334                RCC_AHBPeriphClockCmd
 .text.RCC_APB2PeriphClockCmd
                0x08009370       0x3c ..\obj\stm32f10x_rcc.o
                0x08009370                RCC_APB2PeriphClockCmd
 .text.RCC_APB1PeriphClockCmd
                0x080093ac       0x3c ..\obj\stm32f10x_rcc.o
                0x080093ac                RCC_APB1PeriphClockCmd
 .text.RCC_APB2PeriphResetCmd
                0x080093e8       0x3c ..\obj\stm32f10x_rcc.o
                0x080093e8                RCC_APB2PeriphResetCmd
 .text.RCC_APB1PeriphResetCmd
                0x08009424       0x3c ..\obj\stm32f10x_rcc.o
                0x08009424                RCC_APB1PeriphResetCmd
 .text.EXTI_ClearITPendingBit
                0x08009460       0x1c ..\obj\stm32f10x_exti.o
                0x08009460                EXTI_ClearITPendingBit
 .text.xTaskGenericCreate
                0x0800947c      0x19c ..\obj\tasks.o
                0x0800947c                xTaskGenericCreate
 .text.vTaskDelay
                0x08009618       0x50 ..\obj\tasks.o
                0x08009618                vTaskDelay
 .text.vTaskStartScheduler
                0x08009668       0x74 ..\obj\tasks.o
                0x08009668                vTaskStartScheduler
 .text.vTaskSuspendAll
                0x080096dc       0x1c ..\obj\tasks.o
                0x080096dc                vTaskSuspendAll
 .text.xTaskResumeAll
                0x080096f8      0x108 ..\obj\tasks.o
                0x080096f8                xTaskResumeAll
 .text.xTaskGetTickCount
                0x08009800       0x24 ..\obj\tasks.o
                0x08009800                xTaskGetTickCount
 .text.vTaskIncrementTick
                0x08009824      0x140 ..\obj\tasks.o
                0x08009824                vTaskIncrementTick
 .text.vTaskSwitchContext
                0x08009964       0xa4 ..\obj\tasks.o
                0x08009964                vTaskSwitchContext
 .text.vTaskPlaceOnEventList
                0x08009a08       0x70 ..\obj\tasks.o
                0x08009a08                vTaskPlaceOnEventList
 .text.vTaskPlaceOnEventListRestricted
                0x08009a78       0x54 ..\obj\tasks.o
                0x08009a78                vTaskPlaceOnEventListRestricted
 .text.xTaskRemoveFromEventList
                0x08009acc       0xb0 ..\obj\tasks.o
                0x08009acc                xTaskRemoveFromEventList
 .text.vTaskSetTimeOutState
                0x08009b7c       0x3c ..\obj\tasks.o
                0x08009b7c                vTaskSetTimeOutState
 .text.xTaskCheckForTimeOut
                0x08009bb8       0xa8 ..\obj\tasks.o
                0x08009bb8                xTaskCheckForTimeOut
 .text.vTaskMissedYield
                0x08009c60       0x18 ..\obj\tasks.o
                0x08009c60                vTaskMissedYield
 .text.prvIdleTask
                0x08009c78       0x20 ..\obj\tasks.o
 .text.prvInitialiseTCBVariables
                0x08009c98       0x6c ..\obj\tasks.o
 .text.prvInitialiseTaskLists
                0x08009d04       0x7c ..\obj\tasks.o
 .text.prvCheckTasksWaitingTermination
                0x08009d80       0x74 ..\obj\tasks.o
 .text.prvAddCurrentTaskToDelayedList
                0x08009df4       0x6c ..\obj\tasks.o
 .text.prvAllocateTCBAndStack
                0x08009e60       0x64 ..\obj\tasks.o
 .text.prvDeleteTCB
                0x08009ec4       0x20 ..\obj\tasks.o
 .text.xTaskGetCurrentTaskHandle
                0x08009ee4       0x20 ..\obj\tasks.o
                0x08009ee4                xTaskGetCurrentTaskHandle
 .text.xTaskGetSchedulerState
                0x08009f04       0x3c ..\obj\tasks.o
                0x08009f04                xTaskGetSchedulerState
 .text.vTaskPriorityInherit
                0x08009f40       0xb4 ..\obj\tasks.o
                0x08009f40                vTaskPriorityInherit
 .text.vTaskPriorityDisinherit
                0x08009ff4       0x7c ..\obj\tasks.o
                0x08009ff4                vTaskPriorityDisinherit
 .text.USART_DeInit
                0x0800a070       0xb8 ..\obj\stm32f10x_usart.o
                0x0800a070                USART_DeInit
 .text.USART_Init
                0x0800a128      0x174 ..\obj\stm32f10x_usart.o
                0x0800a128                USART_Init
 .text.USART_Cmd
                0x0800a29c       0x40 ..\obj\stm32f10x_usart.o
                0x0800a29c                USART_Cmd
 .text.USART_ReceiveData
                0x0800a2dc       0x20 ..\obj\stm32f10x_usart.o
                0x0800a2dc                USART_ReceiveData
 .text.USART_ClearFlag
                0x0800a2fc       0x20 ..\obj\stm32f10x_usart.o
                0x0800a2fc                USART_ClearFlag
 .text.USART_GetITStatus
                0x0800a31c       0xb0 ..\obj\stm32f10x_usart.o
                0x0800a31c                USART_GetITStatus
 .text.vListInitialise
                0x0800a3cc       0x40 ..\obj\list.o
                0x0800a3cc                vListInitialise
 .text.vListInitialiseItem
                0x0800a40c       0x18 ..\obj\list.o
                0x0800a40c                vListInitialiseItem
 .text.vListInsertEnd
                0x0800a424       0x50 ..\obj\list.o
                0x0800a424                vListInsertEnd
 .text.vListInsert
                0x0800a474       0x70 ..\obj\list.o
                0x0800a474                vListInsert
 .text.vListRemove
                0x0800a4e4       0x50 ..\obj\list.o
                0x0800a4e4                vListRemove
 .text.FLASH_Unlock
                0x0800a534       0x24 ..\obj\stm32f10x_flash.o
                0x0800a534                FLASH_Unlock
 .text.FLASH_ErasePage
                0x0800a558       0x64 ..\obj\stm32f10x_flash.o
                0x0800a558                FLASH_ErasePage
 .text.FLASH_ProgramHalfWord
                0x0800a5bc       0x5c ..\obj\stm32f10x_flash.o
                0x0800a5bc                FLASH_ProgramHalfWord
 .text.FLASH_GetBank1Status
                0x0800a618       0x58 ..\obj\stm32f10x_flash.o
                0x0800a618                FLASH_GetBank1Status
 .text.FLASH_WaitForLastOperation
                0x0800a670       0x44 ..\obj\stm32f10x_flash.o
                0x0800a670                FLASH_WaitForLastOperation
 .text.xQueueGenericReset
                0x0800a6b4       0xac ..\obj\queue.o
                0x0800a6b4                xQueueGenericReset
 .text.xQueueGenericCreate
                0x0800a760       0x80 ..\obj\queue.o
                0x0800a760                xQueueGenericCreate
 .text.xQueueGenericSend
                0x0800a7e0      0x140 ..\obj\queue.o
                0x0800a7e0                xQueueGenericSend
 .text.xQueueGenericSendFromISR
                0x0800a920       0xc4 ..\obj\queue.o
                0x0800a920                xQueueGenericSendFromISR
 .text.xQueueGenericReceive
                0x0800a9e4      0x1a0 ..\obj\queue.o
                0x0800a9e4                xQueueGenericReceive
 .text.prvCopyDataToQueue
                0x0800ab84       0xb8 ..\obj\queue.o
 .text.prvCopyDataFromQueue
                0x0800ac3c       0x4c ..\obj\queue.o
 .text.prvUnlockQueue
                0x0800ac88       0x98 ..\obj\queue.o
 .text.prvIsQueueEmpty
                0x0800ad20       0x2c ..\obj\queue.o
 .text.prvIsQueueFull
                0x0800ad4c       0x30 ..\obj\queue.o
 .text.vQueueWaitForMessageRestricted
                0x0800ad7c       0x54 ..\obj\queue.o
                0x0800ad7c                vQueueWaitForMessageRestricted
 .text.pxPortInitialiseStack
                0x0800add0       0x54 ..\obj\port.o
                0x0800add0                pxPortInitialiseStack
 .text.SVC_Handler
                0x0800ae24       0x20 ..\obj\port.o
                0x0800ae24                SVC_Handler
 .text.prvPortStartFirstTask
                0x0800ae44       0x14 ..\obj\port.o
 .text.xPortStartScheduler
                0x0800ae58       0x38 ..\obj\port.o
                0x0800ae58                xPortStartScheduler
 .text.vPortYieldFromISR
                0x0800ae90       0x18 ..\obj\port.o
                0x0800ae90                vPortYieldFromISR
 .text.vPortEnterCritical
                0x0800aea8       0x24 ..\obj\port.o
                0x0800aea8                vPortEnterCritical
 .text.vPortExitCritical
                0x0800aecc       0x2c ..\obj\port.o
                0x0800aecc                vPortExitCritical
 .text.PendSV_Handler
                0x0800aef8       0x3c ..\obj\port.o
                0x0800aef8                PendSV_Handler
 .text.SysTick_Handler
                0x0800af34       0x30 ..\obj\port.o
                0x0800af34                SysTick_Handler
 .text.prvSetupTimerInterrupt
                0x0800af64       0x24 ..\obj\port.o
 .text.mem_cpy  0x0800af88       0x3c ..\obj\ff.o
 .text.mem_set  0x0800afc4       0x34 ..\obj\ff.o
 .text.mem_cmp  0x0800aff8       0x50 ..\obj\ff.o
 .text.chk_chr  0x0800b048       0x38 ..\obj\ff.o
 .text.move_window
                0x0800b080       0xbc ..\obj\ff.o
 .text.sync     0x0800b13c      0x14c ..\obj\ff.o
 .text.clust2sect
                0x0800b288       0x3c ..\obj\ff.o
                0x0800b288                clust2sect
 .text.get_fat  0x0800b2c4      0x154 ..\obj\ff.o
                0x0800b2c4                get_fat
 .text.put_fat  0x0800b418      0x1f4 ..\obj\ff.o
                0x0800b418                put_fat
 .text.remove_chain
                0x0800b60c       0x9c ..\obj\ff.o
 .text.create_chain
                0x0800b6a8      0x118 ..\obj\ff.o
 .text.dir_sdi  0x0800b7c0      0x100 ..\obj\ff.o
 .text.dir_next
                0x0800b8c0      0x1a8 ..\obj\ff.o
 .text.ld_clust
                0x0800ba68       0x58 ..\obj\ff.o
 .text.st_clust
                0x0800bac0       0x4c ..\obj\ff.o
 .text.dir_find
                0x0800bb0c       0x94 ..\obj\ff.o
 .text.dir_register
                0x0800bba0       0xac ..\obj\ff.o
 .text.create_name
                0x0800bc4c      0x178 ..\obj\ff.o
 .text.follow_path
                0x0800bdc4       0xd0 ..\obj\ff.o
 .text.check_fs
                0x0800be94       0xc0 ..\obj\ff.o
 .text.chk_mounted
                0x0800bf54      0x544 ..\obj\ff.o
 .text.validate
                0x0800c498       0x54 ..\obj\ff.o
 .text.f_mount  0x0800c4ec       0x54 ..\obj\ff.o
                0x0800c4ec                f_mount
 .text.f_open   0x0800c540      0x278 ..\obj\ff.o
                0x0800c540                f_open
 .text.f_write  0x0800c7b8      0x30c ..\obj\ff.o
                0x0800c7b8                f_write
 .text.f_sync   0x0800cac4      0x150 ..\obj\ff.o
                0x0800cac4                f_sync
 .text.f_close  0x0800cc14       0x28 ..\obj\ff.o
                0x0800cc14                f_close
 .text.f_lseek  0x0800cc3c      0x2a8 ..\obj\ff.o
                0x0800cc3c                f_lseek
 .text.DMA_DeInit
                0x0800cee4      0x178 ..\obj\stm32f10x_dma.o
                0x0800cee4                DMA_DeInit
 .text.DMA_Init
                0x0800d05c       0x7c ..\obj\stm32f10x_dma.o
                0x0800d05c                DMA_Init
 .text.DMA_Cmd  0x0800d0d8       0x38 ..\obj\stm32f10x_dma.o
                0x0800d0d8                DMA_Cmd
 .text.DMA_GetFlagStatus
                0x0800d110       0x54 ..\obj\stm32f10x_dma.o
                0x0800d110                DMA_GetFlagStatus
 .text.NVIC_Init
                0x0800d164       0xc0 ..\obj\misc.o
                0x0800d164                NVIC_Init
 .text.SPI_I2S_DeInit
                0x0800d224       0x74 ..\obj\stm32f10x_spi.o
                0x0800d224                SPI_I2S_DeInit
 .text.SPI_Cmd  0x0800d298       0x40 ..\obj\stm32f10x_spi.o
                0x0800d298                SPI_Cmd
 .text.SPI_I2S_DMACmd
                0x0800d2d8       0x48 ..\obj\stm32f10x_spi.o
                0x0800d2d8                SPI_I2S_DMACmd
 .text.SPI_I2S_SendData
                0x0800d320       0x1c ..\obj\stm32f10x_spi.o
                0x0800d320                SPI_I2S_SendData
 .text.SPI_I2S_ReceiveData
                0x0800d33c       0x1c ..\obj\stm32f10x_spi.o
                0x0800d33c                SPI_I2S_ReceiveData
 .text.SPI_I2S_GetFlagStatus
                0x0800d358       0x38 ..\obj\stm32f10x_spi.o
                0x0800d358                SPI_I2S_GetFlagStatus
 .text.pvPortMalloc
                0x0800d390      0x144 ..\obj\heap_2.o
                0x0800d390                pvPortMalloc
 .text.vPortFree
                0x0800d4d4       0x70 ..\obj\heap_2.o
                0x0800d4d4                vPortFree
 .text.EE_Init  0x0800d544      0x288 ..\obj\eeprom.o
                0x0800d544                EE_Init
 .text.EE_ReadVariable
                0x0800d7cc       0x98 ..\obj\eeprom.o
                0x0800d7cc                EE_ReadVariable
 .text.EE_WriteVariable
                0x0800d864       0x44 ..\obj\eeprom.o
                0x0800d864                EE_WriteVariable
 .text.EE_Format
                0x0800d8a8       0x50 ..\obj\eeprom.o
 .text.EE_FindValidPage
                0x0800d8f8       0x8c ..\obj\eeprom.o
 .text.EE_VerifyPageFullWriteVariable
                0x0800d984       0xb0 ..\obj\eeprom.o
 .text.EE_PageTransfer
                0x0800da34      0x130 ..\obj\eeprom.o
 .text.sonar_init
                0x0800db64      0x100 ..\obj\driver_sonar.o
                0x0800db64                sonar_init
 .text.sonar_ping
                0x0800dc64       0x28 ..\obj\driver_sonar.o
                0x0800dc64                sonar_ping
 .text          0x0800dc8c       0xec c:/coocox/toolchain48/bin/../lib/gcc/arm-none-eabi/4.8.3/../../../../arm-none-eabi/lib/armv7-m\libg.a(lib_a-memcpy.o)
                0x0800dc8c                memcpy
 .text.memset   0x0800dd78       0x94 c:/coocox/toolchain48/bin/../lib/gcc/arm-none-eabi/4.8.3/../../../../arm-none-eabi/lib/armv7-m\libg.a(lib_a-memset.o)
                0x0800dd78                memset
 .text.strncpy  0x0800de0c       0x64 c:/coocox/toolchain48/bin/../lib/gcc/arm-none-eabi/4.8.3/../../../../arm-none-eabi/lib/armv7-m\libg.a(lib_a-strncpy.o)
                0x0800de0c                strncpy
 *(.glue_7t)
 .glue_7t       0x00000000        0x0 linker stubs
 *(.glue_7)
 .glue_7        0x00000000        0x0 linker stubs
 *(.rodata .rodata* .gnu.linkonce.r.*)
 .rodata        0x0800de70      0xc84 ..\obj\main.o
                0x0800e0f4                menuItemArray
                0x0800e358                fatArray
 .rodata        0x0800eaf4        0x8 ..\obj\timers.o
 .rodata        0x0800eafc        0x8 ..\obj\tasks.o
 .rodata        0x0800eb04       0x10 ..\obj\ff.o

.vfp11_veneer   0x0800eb14        0x0
 .vfp11_veneer  0x00000000        0x0 linker stubs

.v4_bx          0x0800eb14        0x0
 .v4_bx         0x00000000        0x0 linker stubs

.iplt           0x0800eb14        0x0
 .iplt          0x00000000        0x0 ..\obj\stm32f10x_tim.o

.rel.dyn        0x0800eb14        0x0
 .rel.iplt      0x00000000        0x0 ..\obj\stm32f10x_tim.o

.ARM.extab
 *(.ARM.extab* .gnu.linkonce.armextab.*)
                0x0800eb14                __exidx_start = .

.ARM.exidx
 *(.ARM.exidx* .gnu.linkonce.armexidx.*)
                0x0800eb14                __exidx_end = .
                0x0800eb14                . = ALIGN (0x4)
                0x0800eb14                _etext = .
                0x0800eb14                _sidata = .

.data           0x20000000       0x44 load address 0x0800eb14
                0x20000000                _sdata = .
 *(.data .data.*)
 .data          0x20000000       0x14 ..\obj\system_stm32f10x.o
                0x20000000                SystemCoreClock
                0x20000004                AHBPrescTable
 .data          0x20000014        0x1 ..\obj\diskio.o
 *fill*         0x20000015        0x3 
 .data          0x20000018        0xc ..\obj\main.o
                0x20000018                comm_state
                0x20000019                NbrOfDataToTransfer
                0x2000001a                dht_shifter
                0x2000001b                capture_is_first
                0x2000001c                plugSettings
                0x20000020                VirtAddVarTab
 .data          0x20000024       0x14 ..\obj\stm32f10x_rcc.o
 .data          0x20000038        0x4 ..\obj\tasks.o
 .data          0x2000003c        0x4 ..\obj\port.o
 .data          0x20000040        0x4 ..\obj\heap_2.o
                0x20000044                . = ALIGN (0x4)
                0x20000044                _edata = .

.igot.plt       0x20000044        0x0 load address 0x0800eb58
 .igot.plt      0x00000000        0x0 ..\obj\stm32f10x_tim.o

.bss            0x20000048     0x1bb0 load address 0x0800eb60
                0x20000048                _sbss = .
 *(.bss .bss.*)
 .bss           0x20000048       0x10 ..\obj\diskio.o
 .bss           0x20000058      0x294 ..\obj\main.o
                0x20000058                txbuff_ne
                0x20000059                TxCounter
                0x2000005a                RxCounter
                0x2000005c                logstr_crc
                0x2000005e                IC2Value
                0x20000060                DutyCycle
                0x20000064                Frequency
                0x20000068                dht_bit_position
                0x20000069                dht_bit_ready
                0x2000006a                dht_data_ready
                0x2000006c                capture1
                0x2000006e                capture2
                0x20000070                capture_is_ready
                0x20000071                rhUnderOver
                0x20000094                lcd_pointerx
                0x20000095                lcd_pointery
                0x20000096                buttonReverse
                0x20000098                logInterval
                0x2000009a                psi_pump_load_id
                0x2000009b                psi_underOver
                0x2000009c                psi_pump_top_level
                0x2000009e                psi_pump_btm_level
                0x200000a0                psi_cur_adc_value
                0x200000a2                log_inc
                0x200000a4                ph_seven
                0x200000a8                ph0
                0x200000ac                ph4
                0x200000ae                ec1413
                0x200000b0                ec0
                0x200000b4                cdel
                0x200000b8                currentEc
                0x200000b9                currentPh
                0x200000ba                phUnderOver
                0x200000bb                ecUnderOver
                0x200000bc                lastWriteTime
                0x200000c0                cmdbufp
                0x200000c1                prefixDetectionIdx
                0x200000c2                pb_pntr
                0x200000c3                packet_length
                0x200000c4                rxm_state
                0x200000c5                packet_ready
 .bss           0x200002ec       0x38 ..\obj\timers.o
 .bss           0x20000324      0x100 ..\obj\tasks.o
                0x20000324                pxCurrentTCB
 .bss           0x20000424        0x8 ..\obj\ff.o
 *fill*         0x2000042c        0x4 
 .bss           0x20000430     0x1418 ..\obj\heap_2.o
 .bss           0x20001848        0x2 ..\obj\eeprom.o
                0x20001848                DataVar
 *(COMMON)
 *fill*         0x2000184a        0x2 
 COMMON         0x2000184c      0x3ac ..\obj\main.o
                0x2000184c                jdrBuff3
                0x20001860                del
                0x20001864                TxDataReady
                0x20001866                ecWindowTop
                0x20001868                HSEStartUpStatus
                0x2000186c                jdrBuff4
                0x20001880                ecWindowBottom
                0x20001884                water_counter
                0x20001894                cTimerStateFlags
                0x20001898                cmdbuf
                0x200018a2                dosingPumpStateFlags
                0x200018a3                wpStateFlags
                0x200018a4                fs
                0x20001ad4                TxByte
                0x20001ad8                sonar_mm
                0x20001adc                circulationPumpId
                0x20001ae0                jdrBuff2
                0x20001af4                FlashStatus
                0x20001af8                no_sd
                0x20001afc                rhWindowTop
                0x20001afe                RxByte
                0x20001b00                timerStateFlags
                0x20001b04                wfCalArray
                0x20001b0c                RxDataReady
                0x20001b0d                waterSensorStateFlags
                0x20001b10                button_ranges
                0x20001b20                DHTValue
                0x20001b26                phWindowBottom
                0x20001b28                valveFlags
                0x20001b2c                toAdjust
                0x20001b30                RxBuffer
                0x20001b3c                dht_rh_str
                0x20001b40                valve_failed
                0x20001b44                dht_data2
                0x20001b4c                plugStateFlags
                0x20001b50                tank_windows_bottom
                0x20001b54                TxBuffer
                0x20001b64                sonar_read
                0x20001b68                jdrBuff1
                0x20001b7c                adcAverage
                0x20001b84                TIM_ICInitStructure
                0x20001b8e                curculationPumpId
                0x20001b90                phWindowTop
                0x20001b92                dht_bit_pointer
                0x20001b94                curphstr
                0x20001b9c                dht_data
                0x20001ba4                dht_t_str
                0x20001ba8                curecstr
                0x20001bb0                tank_windows_top
                0x20001bb2                dht_byte_pointer
                0x20001bb4                rhWindowBottom
                0x20001bb8                log_str
                0x20001bf8                . = ALIGN (0x4)
                0x20001bf8                _ebss = .

.co_stack       0x20001bf8      0x400 load address 0x08010710
                0x20001bf8                . = ALIGN (0x8)
 *(.co_stack .co_stack.*)
 .co_stack      0x20001bf8      0x400 ..\obj\startup_stm32f10x_md_vl.o
                0x20001bf8                pulStack
                0x20001ff8                . = ALIGN (0x4)
                0x20001ff8                _end = .
LOAD ..\obj\stm32f10x_tim.o
LOAD ..\obj\startup_stm32f10x_md_vl.o
LOAD ..\obj\system_stm32f10x.o
LOAD ..\obj\stm32f10x_pwr.o
LOAD ..\obj\diskio.o
LOAD ..\obj\stm32f10x_gpio.o
LOAD ..\obj\main.o
LOAD ..\obj\timers.o
LOAD ..\obj\stm32f10x_rcc.o
LOAD ..\obj\stm32f10x_exti.o
LOAD ..\obj\tasks.o
LOAD ..\obj\stm32f10x_adc.o
LOAD ..\obj\stm32f10x_usart.o
LOAD ..\obj\list.o
LOAD ..\obj\syscalls.o
LOAD ..\obj\stm32f10x_flash.o
LOAD ..\obj\queue.o
LOAD ..\obj\port.o
LOAD ..\obj\ff.o
LOAD ..\obj\stm32f10x_dma.o
LOAD ..\obj\croutine.o
LOAD ..\obj\misc.o
LOAD ..\obj\stm32f10x_spi.o
LOAD ..\obj\heap_2.o
LOAD ..\obj\eeprom.o
LOAD ..\obj\driver_sonar.o
START GROUP
LOAD c:/coocox/toolchain48/bin/../lib/gcc/arm-none-eabi/4.8.3/armv7-m\libgcc.a
LOAD c:/coocox/toolchain48/bin/../lib/gcc/arm-none-eabi/4.8.3/../../../../arm-none-eabi/lib/armv7-m\libg.a
LOAD c:/coocox/toolchain48/bin/../lib/gcc/arm-none-eabi/4.8.3/../../../../arm-none-eabi/lib/armv7-m\libc.a
END GROUP
OUTPUT(hellow4.elf elf32-littlearm)

.debug_info     0x00000000     0xe314
 .debug_info    0x00000000     0x1c21 ..\obj\stm32f10x_tim.o
 .debug_info    0x00001c21       0xe9 ..\obj\startup_stm32f10x_md_vl.o
 .debug_info    0x00001d0a      0x3b4 ..\obj\system_stm32f10x.o
 .debug_info    0x000020be      0xa97 ..\obj\diskio.o
 .debug_info    0x00002b55      0x6b0 ..\obj\stm32f10x_gpio.o
 .debug_info    0x00003205     0x3e51 ..\obj\main.o
 .debug_info    0x00007056      0x6e0 ..\obj\timers.o
 .debug_info    0x00007736      0x8c3 ..\obj\stm32f10x_rcc.o
 .debug_info    0x00007ff9      0x320 ..\obj\stm32f10x_exti.o
 .debug_info    0x00008319      0xd2a ..\obj\tasks.o
 .debug_info    0x00009043      0x9b1 ..\obj\stm32f10x_usart.o
 .debug_info    0x000099f4      0x27f ..\obj\list.o
 .debug_info    0x00009c73      0x77a ..\obj\stm32f10x_flash.o
 .debug_info    0x0000a3ed      0x7cd ..\obj\queue.o
 .debug_info    0x0000abba      0x1b1 ..\obj\port.o
 .debug_info    0x0000ad6b     0x166d ..\obj\ff.o
 .debug_info    0x0000c3d8      0x447 ..\obj\stm32f10x_dma.o
 .debug_info    0x0000c81f      0x4d3 ..\obj\misc.o
 .debug_info    0x0000ccf2      0x8bc ..\obj\stm32f10x_spi.o
 .debug_info    0x0000d5ae      0x2a6 ..\obj\heap_2.o
 .debug_info    0x0000d854      0x407 ..\obj\eeprom.o
 .debug_info    0x0000dc5b      0x6b9 ..\obj\driver_sonar.o

.debug_abbrev   0x00000000     0x21f9
 .debug_abbrev  0x00000000      0x1b0 ..\obj\stm32f10x_tim.o
 .debug_abbrev  0x000001b0       0xa7 ..\obj\startup_stm32f10x_md_vl.o
 .debug_abbrev  0x00000257      0x177 ..\obj\system_stm32f10x.o
 .debug_abbrev  0x000003ce      0x2ac ..\obj\diskio.o
 .debug_abbrev  0x0000067a      0x1c8 ..\obj\stm32f10x_gpio.o
 .debug_abbrev  0x00000842      0x3be ..\obj\main.o
 .debug_abbrev  0x00000c00      0x173 ..\obj\timers.o
 .debug_abbrev  0x00000d73      0x1ba ..\obj\stm32f10x_rcc.o
 .debug_abbrev  0x00000f2d      0x151 ..\obj\stm32f10x_exti.o
 .debug_abbrev  0x0000107e      0x1cf ..\obj\tasks.o
 .debug_abbrev  0x0000124d      0x162 ..\obj\stm32f10x_usart.o
 .debug_abbrev  0x000013af       0xba ..\obj\list.o
 .debug_abbrev  0x00001469      0x18b ..\obj\stm32f10x_flash.o
 .debug_abbrev  0x000015f4      0x130 ..\obj\queue.o
 .debug_abbrev  0x00001724      0x12e ..\obj\port.o
 .debug_abbrev  0x00001852      0x19d ..\obj\ff.o
 .debug_abbrev  0x000019ef      0x155 ..\obj\stm32f10x_dma.o
 .debug_abbrev  0x00001b44      0x154 ..\obj\misc.o
 .debug_abbrev  0x00001c98      0x17e ..\obj\stm32f10x_spi.o
 .debug_abbrev  0x00001e16      0x166 ..\obj\heap_2.o
 .debug_abbrev  0x00001f7c      0x139 ..\obj\eeprom.o
 .debug_abbrev  0x000020b5      0x144 ..\obj\driver_sonar.o

.debug_aranges  0x00000000     0x13d0
 .debug_aranges
                0x00000000      0x2f0 ..\obj\stm32f10x_tim.o
 .debug_aranges
                0x000002f0       0x28 ..\obj\startup_stm32f10x_md_vl.o
 .debug_aranges
                0x00000318       0x38 ..\obj\system_stm32f10x.o
 .debug_aranges
                0x00000350       0xd0 ..\obj\diskio.o
 .debug_aranges
                0x00000420       0xa8 ..\obj\stm32f10x_gpio.o
 .debug_aranges
                0x000004c8      0x4e0 ..\obj\main.o
 .debug_aranges
                0x000009a8       0x88 ..\obj\timers.o
 .debug_aranges
                0x00000a30      0x120 ..\obj\stm32f10x_rcc.o
 .debug_aranges
                0x00000b50       0x58 ..\obj\stm32f10x_exti.o
 .debug_aranges
                0x00000ba8      0x138 ..\obj\tasks.o
 .debug_aranges
                0x00000ce0      0x100 ..\obj\stm32f10x_usart.o
 .debug_aranges
                0x00000de0       0x40 ..\obj\list.o
 .debug_aranges
                0x00000e20       0xf8 ..\obj\stm32f10x_flash.o
 .debug_aranges
                0x00000f18       0xb0 ..\obj\queue.o
 .debug_aranges
                0x00000fc8       0x70 ..\obj\port.o
 .debug_aranges
                0x00001038      0x168 ..\obj\ff.o
 .debug_aranges
                0x000011a0       0x70 ..\obj\stm32f10x_dma.o
 .debug_aranges
                0x00001210       0x40 ..\obj\misc.o
 .debug_aranges
                0x00001250       0xd0 ..\obj\stm32f10x_spi.o
 .debug_aranges
                0x00001320       0x38 ..\obj\heap_2.o
 .debug_aranges
                0x00001358       0x50 ..\obj\eeprom.o
 .debug_aranges
                0x000013a8       0x28 ..\obj\driver_sonar.o

.debug_ranges   0x00000000     0x1270
 .debug_ranges  0x00000000      0x2e0 ..\obj\stm32f10x_tim.o
 .debug_ranges  0x000002e0       0x18 ..\obj\startup_stm32f10x_md_vl.o
 .debug_ranges  0x000002f8       0x28 ..\obj\system_stm32f10x.o
 .debug_ranges  0x00000320       0xc0 ..\obj\diskio.o
 .debug_ranges  0x000003e0       0x98 ..\obj\stm32f10x_gpio.o
 .debug_ranges  0x00000478      0x4d0 ..\obj\main.o
 .debug_ranges  0x00000948       0x78 ..\obj\timers.o
 .debug_ranges  0x000009c0      0x110 ..\obj\stm32f10x_rcc.o
 .debug_ranges  0x00000ad0       0x48 ..\obj\stm32f10x_exti.o
 .debug_ranges  0x00000b18      0x128 ..\obj\tasks.o
 .debug_ranges  0x00000c40       0xf0 ..\obj\stm32f10x_usart.o
 .debug_ranges  0x00000d30       0x30 ..\obj\list.o
 .debug_ranges  0x00000d60       0xe8 ..\obj\stm32f10x_flash.o
 .debug_ranges  0x00000e48       0xa0 ..\obj\queue.o
 .debug_ranges  0x00000ee8       0x60 ..\obj\port.o
 .debug_ranges  0x00000f48      0x158 ..\obj\ff.o
 .debug_ranges  0x000010a0       0x60 ..\obj\stm32f10x_dma.o
 .debug_ranges  0x00001100       0x30 ..\obj\misc.o
 .debug_ranges  0x00001130       0xc0 ..\obj\stm32f10x_spi.o
 .debug_ranges  0x000011f0       0x28 ..\obj\heap_2.o
 .debug_ranges  0x00001218       0x40 ..\obj\eeprom.o
 .debug_ranges  0x00001258       0x18 ..\obj\driver_sonar.o

.debug_line     0x00000000     0x6e8f
 .debug_line    0x00000000      0x9e1 ..\obj\stm32f10x_tim.o
 .debug_line    0x000009e1       0xa4 ..\obj\startup_stm32f10x_md_vl.o
 .debug_line    0x00000a85      0x181 ..\obj\system_stm32f10x.o
 .debug_line    0x00000c06      0x576 ..\obj\diskio.o
 .debug_line    0x0000117c      0x315 ..\obj\stm32f10x_gpio.o
 .debug_line    0x00001491     0x2029 ..\obj\main.o
 .debug_line    0x000034ba      0x2de ..\obj\timers.o
 .debug_line    0x00003798      0x43b ..\obj\stm32f10x_rcc.o
 .debug_line    0x00003bd3      0x20b ..\obj\stm32f10x_exti.o
 .debug_line    0x00003dde      0x72a ..\obj\tasks.o
 .debug_line    0x00004508      0x400 ..\obj\stm32f10x_usart.o
 .debug_line    0x00004908      0x179 ..\obj\list.o
 .debug_line    0x00004a81      0x440 ..\obj\stm32f10x_flash.o
 .debug_line    0x00004ec1      0x4b0 ..\obj\queue.o
 .debug_line    0x00005371      0x19f ..\obj\port.o
 .debug_line    0x00005510      0xc58 ..\obj\ff.o
 .debug_line    0x00006168      0x26a ..\obj\stm32f10x_dma.o
 .debug_line    0x000063d2      0x1ab ..\obj\misc.o
 .debug_line    0x0000657d      0x388 ..\obj\stm32f10x_spi.o
 .debug_line    0x00006905      0x13a ..\obj\heap_2.o
 .debug_line    0x00006a3f      0x270 ..\obj\eeprom.o
 .debug_line    0x00006caf      0x1e0 ..\obj\driver_sonar.o

.debug_str      0x00000000     0x5865
 .debug_str     0x00000000      0xd11 ..\obj\stm32f10x_tim.o
                                0xdb2 (size before relaxing)
 .debug_str     0x00000d11       0xb2 ..\obj\startup_stm32f10x_md_vl.o
                                0x149 (size before relaxing)
 .debug_str     0x00000dc3      0x156 ..\obj\system_stm32f10x.o
                                0x2a9 (size before relaxing)
 .debug_str     0x00000f19      0x4b3 ..\obj\diskio.o
                                0x6ab (size before relaxing)
 .debug_str     0x000013cc      0x260 ..\obj\stm32f10x_gpio.o
                                0x4ee (size before relaxing)
 .debug_str     0x0000162c     0x19df ..\obj\main.o
                               0x209c (size before relaxing)
 .debug_str     0x0000300b      0x433 ..\obj\timers.o
                                0x547 (size before relaxing)
 .debug_str     0x0000343e      0x402 ..\obj\stm32f10x_rcc.o
                                0x642 (size before relaxing)
 .debug_str     0x00003840      0x104 ..\obj\stm32f10x_exti.o
                                0x333 (size before relaxing)
 .debug_str     0x00003944      0x76c ..\obj\tasks.o
                                0x947 (size before relaxing)
 .debug_str     0x000040b0      0x3a8 ..\obj\stm32f10x_usart.o
                                0x665 (size before relaxing)
 .debug_str     0x00004458       0xce ..\obj\list.o
                                0x27a (size before relaxing)
 .debug_str     0x00004526      0x3d6 ..\obj\stm32f10x_flash.o
                                0x5bd (size before relaxing)
 .debug_str     0x000048fc      0x324 ..\obj\queue.o
                                0x57c (size before relaxing)
 .debug_str     0x00004c20      0x149 ..\obj\port.o
                                0x248 (size before relaxing)
 .debug_str     0x00004d69      0x269 ..\obj\ff.o
                                0x5bb (size before relaxing)
 .debug_str     0x00004fd2      0x12d ..\obj\stm32f10x_dma.o
                                0x396 (size before relaxing)
 .debug_str     0x000050ff      0x127 ..\obj\misc.o
                                0x398 (size before relaxing)
 .debug_str     0x00005226      0x33a ..\obj\stm32f10x_spi.o
                                0x5d2 (size before relaxing)
 .debug_str     0x00005560      0x164 ..\obj\heap_2.o
                                0x284 (size before relaxing)
 .debug_str     0x000056c4      0x14a ..\obj\eeprom.o
                                0x30a (size before relaxing)
 .debug_str     0x0000580e       0x57 ..\obj\driver_sonar.o
                                0x77c (size before relaxing)

.comment        0x00000000       0x70
 .comment       0x00000000       0x70 ..\obj\stm32f10x_tim.o
                                 0x71 (size before relaxing)
 .comment       0x00000000       0x71 ..\obj\startup_stm32f10x_md_vl.o
 .comment       0x00000000       0x71 ..\obj\system_stm32f10x.o
 .comment       0x00000000       0x71 ..\obj\diskio.o
 .comment       0x00000000       0x71 ..\obj\stm32f10x_gpio.o
 .comment       0x00000000       0x71 ..\obj\main.o
 .comment       0x00000000       0x71 ..\obj\timers.o
 .comment       0x00000000       0x71 ..\obj\stm32f10x_rcc.o
 .comment       0x00000000       0x71 ..\obj\stm32f10x_exti.o
 .comment       0x00000000       0x71 ..\obj\tasks.o
 .comment       0x00000000       0x71 ..\obj\stm32f10x_usart.o
 .comment       0x00000000       0x71 ..\obj\list.o
 .comment       0x00000000       0x71 ..\obj\stm32f10x_flash.o
 .comment       0x00000000       0x71 ..\obj\queue.o
 .comment       0x00000000       0x71 ..\obj\port.o
 .comment       0x00000000       0x71 ..\obj\ff.o
 .comment       0x00000000       0x71 ..\obj\stm32f10x_dma.o
 .comment       0x00000000       0x71 ..\obj\misc.o
 .comment       0x00000000       0x71 ..\obj\stm32f10x_spi.o
 .comment       0x00000000       0x71 ..\obj\heap_2.o
 .comment       0x00000000       0x71 ..\obj\eeprom.o
 .comment       0x00000000       0x71 ..\obj\driver_sonar.o

.ARM.attributes
                0x00000000       0x31
 .ARM.attributes
                0x00000000       0x33 ..\obj\stm32f10x_tim.o
 .ARM.attributes
                0x00000033       0x33 ..\obj\startup_stm32f10x_md_vl.o
 .ARM.attributes
                0x00000066       0x33 ..\obj\system_stm32f10x.o
 .ARM.attributes
                0x00000099       0x33 ..\obj\diskio.o
 .ARM.attributes
                0x000000cc       0x33 ..\obj\stm32f10x_gpio.o
 .ARM.attributes
                0x000000ff       0x33 ..\obj\main.o
 .ARM.attributes
                0x00000132       0x33 ..\obj\timers.o
 .ARM.attributes
                0x00000165       0x33 ..\obj\stm32f10x_rcc.o
 .ARM.attributes
                0x00000198       0x33 ..\obj\stm32f10x_exti.o
 .ARM.attributes
                0x000001cb       0x33 ..\obj\tasks.o
 .ARM.attributes
                0x000001fe       0x33 ..\obj\stm32f10x_usart.o
 .ARM.attributes
                0x00000231       0x33 ..\obj\list.o
 .ARM.attributes
                0x00000264       0x33 ..\obj\stm32f10x_flash.o
 .ARM.attributes
                0x00000297       0x33 ..\obj\queue.o
 .ARM.attributes
                0x000002ca       0x33 ..\obj\port.o
 .ARM.attributes
                0x000002fd       0x33 ..\obj\ff.o
 .ARM.attributes
                0x00000330       0x33 ..\obj\stm32f10x_dma.o
 .ARM.attributes
                0x00000363       0x33 ..\obj\misc.o
 .ARM.attributes
                0x00000396       0x33 ..\obj\stm32f10x_spi.o
 .ARM.attributes
                0x000003c9       0x33 ..\obj\heap_2.o
 .ARM.attributes
                0x000003fc       0x33 ..\obj\eeprom.o
 .ARM.attributes
                0x0000042f       0x33 ..\obj\driver_sonar.o
 .ARM.attributes
                0x00000462       0x1b c:/coocox/toolchain48/bin/../lib/gcc/arm-none-eabi/4.8.3/../../../../arm-none-eabi/lib/armv7-m\libg.a(lib_a-memcpy.o)
 .ARM.attributes
                0x0000047d       0x2d c:/coocox/toolchain48/bin/../lib/gcc/arm-none-eabi/4.8.3/../../../../arm-none-eabi/lib/armv7-m\libg.a(lib_a-memset.o)
 .ARM.attributes
                0x000004aa       0x2d c:/coocox/toolchain48/bin/../lib/gcc/arm-none-eabi/4.8.3/../../../../arm-none-eabi/lib/armv7-m\libg.a(lib_a-strncpy.o)

.debug_frame    0x00000000     0x42c4
 .debug_frame   0x00000000      0xa20 ..\obj\stm32f10x_tim.o
 .debug_frame   0x00000a20       0x48 ..\obj\startup_stm32f10x_md_vl.o
 .debug_frame   0x00000a68       0x80 ..\obj\system_stm32f10x.o
 .debug_frame   0x00000ae8      0x2b0 ..\obj\diskio.o
 .debug_frame   0x00000d98      0x210 ..\obj\stm32f10x_gpio.o
 .debug_frame   0x00000fa8     0x1224 ..\obj\main.o
 .debug_frame   0x000021cc      0x1c4 ..\obj\timers.o
 .debug_frame   0x00002390      0x3a4 ..\obj\stm32f10x_rcc.o
 .debug_frame   0x00002734       0xec ..\obj\stm32f10x_exti.o
 .debug_frame   0x00002820      0x45c ..\obj\tasks.o
 .debug_frame   0x00002c7c      0x344 ..\obj\stm32f10x_usart.o
 .debug_frame   0x00002fc0       0x9c ..\obj\list.o
 .debug_frame   0x0000305c      0x338 ..\obj\stm32f10x_flash.o
 .debug_frame   0x00003394      0x264 ..\obj\queue.o
 .debug_frame   0x000035f8      0x110 ..\obj\port.o
 .debug_frame   0x00003708      0x52c ..\obj\ff.o
 .debug_frame   0x00003c34      0x144 ..\obj\stm32f10x_dma.o
 .debug_frame   0x00003d78       0x9c ..\obj\misc.o
 .debug_frame   0x00003e14      0x29c ..\obj\stm32f10x_spi.o
 .debug_frame   0x000040b0       0x80 ..\obj\heap_2.o
 .debug_frame   0x00004130       0xec ..\obj\eeprom.o
 .debug_frame   0x0000421c       0x50 ..\obj\driver_sonar.o
 .debug_frame   0x0000426c       0x2c c:/coocox/toolchain48/bin/../lib/gcc/arm-none-eabi/4.8.3/../../../../arm-none-eabi/lib/armv7-m\libg.a(lib_a-memset.o)
 .debug_frame   0x00004298       0x2c c:/coocox/toolchain48/bin/../lib/gcc/arm-none-eabi/4.8.3/../../../../arm-none-eabi/lib/armv7-m\libg.a(lib_a-strncpy.o)
