Archive member included because of file (symbol)

c:/coocox/toolchain48/bin/../lib/gcc/arm-none-eabi/4.8.3/../../../../arm-none-eabi/lib/armv7-m\libg.a(lib_a-memcpy.o)
                              ..\obj\queue.o (memcpy)
c:/coocox/toolchain48/bin/../lib/gcc/arm-none-eabi/4.8.3/../../../../arm-none-eabi/lib/armv7-m\libg.a(lib_a-memset.o)
                              ..\obj\tasks.o (memset)
c:/coocox/toolchain48/bin/../lib/gcc/arm-none-eabi/4.8.3/../../../../arm-none-eabi/lib/armv7-m\libg.a(lib_a-strncpy.o)
                              ..\obj\tasks.o (strncpy)

Allocating common symbols
Common symbol       size              file

jdrBuff3            0x14              ..\obj\main.o
del                 0x4               ..\obj\main.o
ecWindowTop         0x2               ..\obj\main.o
HSEStartUpStatus    0x1               ..\obj\main.o
jdrBuff4            0x14              ..\obj\main.o
ecWindowBottom      0x2               ..\obj\main.o
water_counter       0x10              ..\obj\main.o
cTimerStateFlags    0x4               ..\obj\main.o
cmdbuf              0x10              ..\obj\main.o
dosingPumpStateFlags
                    0x1               ..\obj\main.o
wpStateFlags        0x1               ..\obj\main.o
fs                  0x230             ..\obj\main.o
dosingPumpStateFlags2
                    0x1               ..\obj\main.o
sonar_mm            0x4               ..\obj\main.o
circulationPumpId   0x1               ..\obj\main.o
jdrBuff2            0x14              ..\obj\main.o
FlashStatus         0x1               ..\obj\main.o
rhWindowTop         0x2               ..\obj\main.o
RxByte              0x1               ..\obj\main.o
timerStateFlags     0x4               ..\obj\main.o
wfCalArray          0x8               ..\obj\main.o
waterSensorStateFlags
                    0x1               ..\obj\main.o
button_ranges       0x10              ..\obj\main.o
DHTValue            0x6               ..\obj\main.o
phWindowBottom      0x2               ..\obj\main.o
valveFlags          0x1               ..\obj\main.o
toAdjust            0x3               ..\obj\main.o
dht_rh_str          0x4               ..\obj\main.o
valve_failed        0x1               ..\obj\main.o
dht_data2           0x5               ..\obj\main.o
plugStateFlags      0x4               ..\obj\main.o
tank_windows_bottom
                    0x2               ..\obj\main.o
TxBuffer            0x28              ..\obj\main.o
sonar_read          0x4               ..\obj\main.o
jdrBuff1            0x14              ..\obj\main.o
adcAverage          0x8               ..\obj\main.o
TIM_ICInitStructure
                    0xa               ..\obj\main.o
phWindowTop         0x2               ..\obj\main.o
dht_bit_pointer     0x1               ..\obj\main.o
curphstr            0x5               ..\obj\main.o
dht_data            0x5               ..\obj\main.o
dht_t_str           0x4               ..\obj\main.o
curecstr            0x5               ..\obj\main.o
tank_windows_top    0x2               ..\obj\main.o
dht_byte_pointer    0x1               ..\obj\main.o
rhWindowBottom      0x2               ..\obj\main.o
log_str             0x40              ..\obj\main.o

Discarded input sections

 .text          0x00000000        0x0 ..\obj\stm32f10x_tim.o
 .data          0x00000000        0x0 ..\obj\stm32f10x_tim.o
 .bss           0x00000000        0x0 ..\obj\stm32f10x_tim.o
 .text.TIM_DeInit
                0x00000000      0x22c ..\obj\stm32f10x_tim.o
 .text.TIM_ICInit
                0x00000000       0xa8 ..\obj\stm32f10x_tim.o
 .text.TIM_PWMIConfig
                0x00000000       0xb8 ..\obj\stm32f10x_tim.o
 .text.TIM_BDTRConfig
                0x00000000       0x50 ..\obj\stm32f10x_tim.o
 .text.TIM_ICStructInit
                0x00000000       0x30 ..\obj\stm32f10x_tim.o
 .text.TIM_BDTRStructInit
                0x00000000       0x3c ..\obj\stm32f10x_tim.o
 .text.TIM_CtrlPWMOutputs
                0x00000000       0x4c ..\obj\stm32f10x_tim.o
 .text.TIM_ITConfig
                0x00000000       0x48 ..\obj\stm32f10x_tim.o
 .text.TIM_GenerateEvent
                0x00000000       0x1c ..\obj\stm32f10x_tim.o
 .text.TIM_DMAConfig
                0x00000000       0x28 ..\obj\stm32f10x_tim.o
 .text.TIM_DMACmd
                0x00000000       0x48 ..\obj\stm32f10x_tim.o
 .text.TIM_InternalClockConfig
                0x00000000       0x24 ..\obj\stm32f10x_tim.o
 .text.TIM_ITRxExternalClockConfig
                0x00000000       0x2c ..\obj\stm32f10x_tim.o
 .text.TIM_TIxExternalClockConfig
                0x00000000       0x54 ..\obj\stm32f10x_tim.o
 .text.TIM_ETRClockMode1Config
                0x00000000       0x50 ..\obj\stm32f10x_tim.o
 .text.TIM_ETRClockMode2Config
                0x00000000       0x30 ..\obj\stm32f10x_tim.o
 .text.TIM_ETRConfig
                0x00000000       0x48 ..\obj\stm32f10x_tim.o
 .text.TIM_PrescalerConfig
[...]
Memory Configuration

Name             Origin             Length             Attributes
rom              0x08000000         0x00020000         xr
ram              0x20000000         0x00002000         xrw
*default*        0x00000000         0xffffffff

Linker script and memory map

                0x20002000                _eram = 0x20002000

.text           0x08000000     0xdeb4
 *(.isr_vector .isr_vector.*)
 .isr_vector    0x08000000      0x124 ..\obj\startup_stm32f10x_md_vl.o
                0x08000000                g_pfnVectors
 *(.text .text.* .gnu.linkonce.t.*)
 .text.TIM_TimeBaseInit
                0x08000124       0xf8 ..\obj\stm32f10x_tim.o
                0x08000124                TIM_TimeBaseInit
 .text.TIM_OC1Init
                0x0800021c      0x118 ..\obj\stm32f10x_tim.o
                0x0800021c                TIM_OC1Init
 .text.TIM_OC2Init
                0x08000334      0x110 ..\obj\stm32f10x_tim.o
                0x08000334                TIM_OC2Init
 .text.TIM_OC3Init
                0x08000444      0x10c ..\obj\stm32f10x_tim.o
                0x08000444                TIM_OC3Init
 .text.TIM_OC4Init
                0x08000550       0xd0 ..\obj\stm32f10x_tim.o
                0x08000550                TIM_OC4Init
 .text.TIM_TimeBaseStructInit
                0x08000620       0x34 ..\obj\stm32f10x_tim.o
                0x08000620                TIM_TimeBaseStructInit
 .text.TIM_OCStructInit
                0x08000654       0x44 ..\obj\stm32f10x_tim.o
                0x08000654                TIM_OCStructInit
 .text.TIM_Cmd  0x08000698       0x40 ..\obj\stm32f10x_tim.o
                0x08000698                TIM_Cmd
 .text.TIM_GetCapture1
                0x080006d8       0x1c ..\obj\stm32f10x_tim.o
                0x080006d8                TIM_GetCapture1
 .text.TIM_GetCapture2
                0x080006f4       0x1c ..\obj\stm32f10x_tim.o
                0x080006f4                TIM_GetCapture2
 .text.TIM_ClearITPendingBit
                0x08000710       0x20 ..\obj\stm32f10x_tim.o
                0x08000710                TIM_ClearITPendingBit
 .text.Default_Reset_Handler
                0x08000730       0x60 ..\obj\startup_stm32f10x_md_vl.o
                0x08000730                Default_Reset_Handler
                0x08000730                Reset_Handler
 .text.Default_Handler
                0x08000790        0x8 ..\obj\startup_stm32f10x_md_vl.o
                0x08000790                DebugMon_Handler
                0x08000790                TIM1_CC_IRQHandler
                0x08000790                HardFault_Handler
                0x08000790                PVD_IRQHandler
                0x08000790                NMI_Handler
                0x08000790                EXTI3_IRQHandler
                0x08000790                I2C2_EV_IRQHandler
                0x08000790                UsageFault_Handler
                0x08000790                SPI1_IRQHandler
                0x08000790                TAMPER_IRQHandler
                0x08000790                TIM6_DAC_IRQHandler
                0x08000790                ADC1_IRQHandler
                0x08000790                USART3_IRQHandler
                0x08000790                RTC_IRQHandler
                0x08000790                DMA1_Channel7_IRQHandler
                0x08000790                TIM4_IRQHandler
                0x08000790                I2C1_EV_IRQHandler
                0x08000790                DMA1_Channel6_IRQHandler
                0x08000790                RCC_IRQHandler
                0x08000790                DMA1_Channel1_IRQHandler
                0x08000790                CEC_IRQHandler
                0x08000790                TIM7_IRQHandler
                0x08000790                SPI2_IRQHandler
                0x08000790                MemManage_Handler
                0x08000790                EXTI4_IRQHandler
                0x08000790                DMA1_Channel3_IRQHandler
                0x08000790                WWDG_IRQHandler
                0x08000790                TIM2_IRQHandler
                0x08000790                RTCAlarm_IRQHandler
                0x08000790                USART2_IRQHandler
                0x08000790                I2C2_ER_IRQHandler
                0x08000790                DMA1_Channel2_IRQHandler
                0x08000790                FLASH_IRQHandler
                0x08000790                BusFault_Handler
                0x08000790                I2C1_ER_IRQHandler
 .text.SystemInit
                0x08000798       0x6c ..\obj\system_stm32f10x.o
                0x08000798                SystemInit
 .text.SetSysClock
                0x08000804        0xc ..\obj\system_stm32f10x.o
 .text.SetSysClockTo24
                0x08000810       0xd4 ..\obj\system_stm32f10x.o
 .text.interface_speed
                0x080008e4       0x44 ..\obj\diskio.o
 .text.card_power
                0x08000928       0x14 ..\obj\diskio.o
 .text.chk_power
                0x0800093c       0x10 ..\obj\diskio.o
 .text.stm32_spi_rw
                0x0800094c       0x3c ..\obj\diskio.o
 .text.rcvr_spi
                0x08000988       0x10 ..\obj\diskio.o
 .text.wait_ready
                0x08000998       0x34 ..\obj\diskio.o
 .text.release_spi
                0x080009cc       0x18 ..\obj\diskio.o
 .text.power_on
                0x080009e4      0x128 ..\obj\diskio.o
 .text.power_off
                0x08000b0c       0x7c ..\obj\diskio.o
 .text.rcvr_datablock
                0x08000b88       0x94 ..\obj\diskio.o
 .text.xmit_datablock
                0x08000c1c       0x80 ..\obj\diskio.o
 .text.send_cmd
                0x08000c9c       0xe4 ..\obj\diskio.o
 .text.disk_initialize
                0x08000d80      0x1ac ..\obj\diskio.o
                0x08000d80                disk_initialize
 .text.disk_status
                0x08000f2c       0x2c ..\obj\diskio.o
                0x08000f2c                disk_status
 .text.disk_read
                0x08000f58       0xd0 ..\obj\diskio.o
                0x08000f58                disk_read
 .text.disk_write
                0x08001028      0x104 ..\obj\diskio.o
                0x08001028                disk_write
 .text.disk_ioctl
                0x0800112c      0x384 ..\obj\diskio.o
                0x0800112c                disk_ioctl
 .text.GPIO_Init
                0x080014b0      0x178 ..\obj\stm32f10x_gpio.o
                0x080014b0                GPIO_Init
 .text.GPIO_StructInit
                0x08001628       0x28 ..\obj\stm32f10x_gpio.o
                0x08001628                GPIO_StructInit
 .text.GPIO_SetBits
                0x08001650       0x1c ..\obj\stm32f10x_gpio.o
                0x08001650                GPIO_SetBits
 .text.GPIO_ResetBits
                0x0800166c       0x1c ..\obj\stm32f10x_gpio.o
                0x0800166c                GPIO_ResetBits
 .text.GPIO_PinRemapConfig
                0x08001688       0xe0 ..\obj\stm32f10x_gpio.o
                0x08001688                GPIO_PinRemapConfig
 .text.__DSB    0x08001768       0x10 ..\obj\main.o
 .text.NVIC_EnableIRQ
                0x08001778       0x30 ..\obj\main.o
 .text.NVIC_SystemReset
                0x080017a8       0x24 ..\obj\main.o
 .text.autoSafe
                0x080017cc      0x104 ..\obj\main.o
                0x080017cc                autoSafe
 .text.Lcd_write_8b
                0x080018d0       0x88 ..\obj\main.o
                0x080018d0                Lcd_write_8b
 .text.calibrateFlowMeter
                0x08001958      0x204 ..\obj\main.o
                0x08001958                calibrateFlowMeter
 .text.get_water_cl
                0x08001b5c       0x64 ..\obj\main.o
                0x08001b5c                get_water_cl
 .text.get_water
                0x08001bc0      0x188 ..\obj\main.o
                0x08001bc0                get_water
 .text.Lcd_write_16b
                0x08001d48       0x70 ..\obj\main.o
                0x08001d48                Lcd_write_16b
 .text.crc_block
                0x08001db8       0x44 ..\obj\main.o
                0x08001db8                crc_block
 .text.USART1_IRQHandler
                0x08001dfc      0x19c ..\obj\main.o
                0x08001dfc                USART1_IRQHandler
 .text.uart_task
                0x08001f98       0x3c ..\obj\main.o
 .text.send_packet
                0x08001fd4       0x40 ..\obj\main.o
                0x08001fd4                send_packet
 .text.rx_flush
                0x08002014       0x34 ..\obj\main.o
                0x08002014                rx_flush
 .text.run_uart_cmd
                0x08002048      0x240 ..\obj\main.o
                0x08002048                run_uart_cmd
 .text.run_doser_for
                0x08002288       0x60 ..\obj\main.o
                0x08002288                run_doser_for
 .text.rx_ee    0x080022e8       0x78 ..\obj\main.o
                0x080022e8                rx_ee
 .text.send_ee_addr
                0x08002360      0x134 ..\obj\main.o
                0x08002360                send_ee_addr
 .text.get_status_block
                0x08002494      0x4e0 ..\obj\main.o
                0x08002494                get_status_block
 .text.get_settings_block
                0x08002974       0xac ..\obj\main.o
                0x08002974                get_settings_block
 .text.DMA1_Channel4_IRQHandler
                0x08002a20       0x14 ..\obj\main.o
                0x08002a20                DMA1_Channel4_IRQHandler
 .text.DMA1_Channel5_IRQHandler
                0x08002a34       0x14 ..\obj\main.o
                0x08002a34                DMA1_Channel5_IRQHandler
 .text.bluetooth_init
                0x08002a48       0xdc ..\obj\main.o
                0x08002a48                bluetooth_init
 .text.dosing_motor_control_init
                0x08002b24       0xc0 ..\obj\main.o
                0x08002b24                dosing_motor_control_init
 .text.tankLevelStabSetup
                0x08002be4       0xb4 ..\obj\main.o
                0x08002be4                tankLevelStabSetup
 .text.tankLevelStab
                0x08002c98       0x64 ..\obj\main.o
                0x08002c98                tankLevelStab
 .text.open_valve
                0x08002cfc       0x60 ..\obj\main.o
                0x08002cfc                open_valve
 .text.close_valve
                0x08002d5c       0x64 ..\obj\main.o
                0x08002d5c                close_valve
 .text.EXTI0_IRQHandler
                0x08002dc0       0x1c ..\obj\main.o
                0x08002dc0                EXTI0_IRQHandler
 .text.EXTI1_IRQHandler
                0x08002ddc       0x1c ..\obj\main.o
                0x08002ddc                EXTI1_IRQHandler
 .text.EXTI2_IRQHandler
                0x08002df8        0xc ..\obj\main.o
                0x08002df8                EXTI2_IRQHandler
 .text.EXTI15_10_IRQHandler
                0x08002e04       0x20 ..\obj\main.o
                0x08002e04                EXTI15_10_IRQHandler
 .text.EXTI9_5_IRQHandler
                0x08002e24       0x18 ..\obj\main.o
                0x08002e24                EXTI9_5_IRQHandler
 .text.valve_test2
                0x08002e3c      0x12c ..\obj\main.o
                0x08002e3c                valve_test2
 .text.valve_test3
                0x08002f68      0x110 ..\obj\main.o
                0x08002f68                valve_test3
 .text.valve_test
                0x08003078      0x150 ..\obj\main.o
                0x08003078                valve_test
 .text.water_program_setup
                0x080031c8       0x14 ..\obj\main.o
                0x080031c8                water_program_setup
 .text.fertilization_setup
                0x080031dc       0x38 ..\obj\main.o
                0x080031dc                fertilization_setup
 .text.watering_setup
                0x08003214       0x38 ..\obj\main.o
                0x08003214                watering_setup
 .text.fertilizer_mixing_program_setup
                0x0800324c      0x1d0 ..\obj\main.o
                0x0800324c                fertilizer_mixing_program_setup
 .text.startWp  0x0800341c       0xf4 ..\obj\main.o
                0x0800341c                startWp
 .text.run_watering_program
                0x08003510      0x25c ..\obj\main.o
                0x08003510                run_watering_program
 .text.run_fertilizer_mixer
                0x0800376c       0xb4 ..\obj\main.o
                0x0800376c                run_fertilizer_mixer
 .text.run_circulation_pump
                0x08003820       0x4c ..\obj\main.o
                0x08003820                run_circulation_pump
 .text.enable_dosing_pump
                0x0800386c       0xd8 ..\obj\main.o
                0x0800386c                enable_dosing_pump
 .text.get_fertilizer
                0x08003944       0x6c ..\obj\main.o
                0x08003944                get_fertilizer
 .text.valve_init
                0x080039b0       0x20 ..\obj\main.o
                0x080039b0                valve_init
 .text.watering_program_trigger
                0x080039d0      0x13c ..\obj\main.o
 .text.TIM3_IRQHandler
                0x08003b0c      0x154 ..\obj\main.o
                0x08003b0c                TIM3_IRQHandler
 .text.TIM1_BRK_TIM15_IRQHandler
                0x08003c60      0x138 ..\obj\main.o
                0x08003c60                TIM1_BRK_TIM15_IRQHandler
 .text.TIM1_UP_TIM16_IRQHandler
                0x08003d98       0x34 ..\obj\main.o
                0x08003d98                TIM1_UP_TIM16_IRQHandler
 .text.TIM1_TRG_COM_TIM17_IRQHandler
                0x08003dcc       0x44 ..\obj\main.o
                0x08003dcc                TIM1_TRG_COM_TIM17_IRQHandler
 .text.dht_arr_displayer
                0x08003e10       0xb8 ..\obj\main.o
                0x08003e10                dht_arr_displayer
 .text.adc2ph   0x08003ec8       0x3c ..\obj\main.o
                0x08003ec8                adc2ph
 .text.ph2adc   0x08003f04       0x44 ..\obj\main.o
                0x08003f04                ph2adc
 .text.phStabSettings
                0x08003f48       0xbc ..\obj\main.o
                0x08003f48                phStabSettings
 .text.readPercentVal
                0x08004004      0x128 ..\obj\main.o
                0x08004004                readPercentVal
 .text.hygroStatSettings
                0x0800412c       0x9c ..\obj\main.o
                0x0800412c                hygroStatSettings
 .text.convPh2str
                0x080041c8       0xc8 ..\obj\main.o
                0x080041c8                convPh2str
 .text.readPhVal
                0x08004290       0xac ..\obj\main.o
                0x08004290                readPhVal
 .text.adc2str  0x0800433c      0x2f4 ..\obj\main.o
                0x0800433c                adc2str
 .text.Delay_us
                0x08004630       0x28 ..\obj\main.o
                0x08004630                Delay_us
 .text.buttonCalibration
                0x08004658      0x2b4 ..\obj\main.o
                0x08004658                buttonCalibration
 .text.displayAdcValues
                0x0800490c      0x100 ..\obj\main.o
                0x0800490c                displayAdcValues
 .text.display_usart_rx
                0x08004a0c       0x60 ..\obj\main.o
                0x08004a0c                display_usart_rx
 .text.display_usart_tx
                0x08004a6c       0xb4 ..\obj\main.o
                0x08004a6c                display_usart_tx
 .text.saveButtonRanges
                0x08004b20       0x3c ..\obj\main.o
                0x08004b20                saveButtonRanges
 .text.readButtonRanges
                0x08004b5c       0x3c ..\obj\main.o
                0x08004b5c                readButtonRanges
 .text.string2log
                0x08004b98       0xcc ..\obj\main.o
                0x08004b98                string2log
 .text.calibratePh
                0x08004c64      0x198 ..\obj\main.o
                0x08004c64                calibratePh
 .text.adcAverager
                0x08004dfc      0x140 ..\obj\main.o
                0x08004dfc                adcAverager
 .text.getPh    0x08004f3c      0x158 ..\obj\main.o
                0x08004f3c                getPh
 .text.getEc    0x08005094      0x148 ..\obj\main.o
                0x08005094                getEc
 .text.setPlug  0x080051dc       0xa0 ..\obj\main.o
                0x080051dc                setPlug
 .text.printOk  0x0800527c       0x20 ..\obj\main.o
                0x0800527c                printOk
 .text.timerStateTrigger
                0x0800529c      0x1b4 ..\obj\main.o
 .text.plugStateTrigger
                0x08005450      0x26c ..\obj\main.o
 .text.psiSetup
                0x080056bc      0x180 ..\obj\main.o
                0x080056bc                psiSetup
 .text.plugTest
                0x0800583c       0x8c ..\obj\main.o
                0x0800583c                plugTest
 .text.plugStateSet
                0x080058c8       0x78 ..\obj\main.o
                0x080058c8                plugStateSet
 .text.EE_WriteWord
                0x08005940       0x38 ..\obj\main.o
                0x08005940                EE_WriteWord
 .text.programRunner
                0x08005978      0x190 ..\obj\main.o
                0x08005978                programRunner
 .text.phMonSettings
                0x08005b08       0xd0 ..\obj\main.o
                0x08005b08                phMonSettings
 .text.adjust8bit
                0x08005bd8       0x94 ..\obj\main.o
                0x08005bd8                adjust8bit
 .text.adjust16bit
                0x08005c6c       0xa0 ..\obj\main.o
                0x08005c6c                adjust16bit
 .text.adjust16bit_fast
                0x08005d0c       0xb0 ..\obj\main.o
                0x08005d0c                adjust16bit_fast
 .text.CTimerAdjust
                0x08005dbc      0x184 ..\obj\main.o
                0x08005dbc                CTimerAdjust
 .text.setCTimer
                0x08005f40       0xec ..\obj\main.o
                0x08005f40                setCTimer
 .text.idSelector
                0x0800602c       0x78 ..\obj\main.o
                0x0800602c                idSelector
 .text.setTimer
                0x080060a4       0xf4 ..\obj\main.o
                0x080060a4                setTimer
 .text.timeAdjust
                0x08006198      0x2b4 ..\obj\main.o
                0x08006198                timeAdjust
 .text.Lcd_write_arr
                0x0800644c       0x38 ..\obj\main.o
                0x0800644c                Lcd_write_arr
 .text.unix2DateTime
                0x08006484      0x2fc ..\obj\main.o
                0x08006484                unix2DateTime
 .text.DateTime2unix
                0x08006780      0x164 ..\obj\main.o
                0x08006780                DateTime2unix
 .text.menuSelector
                0x080068e4      0x13c ..\obj\main.o
                0x080068e4                menuSelector
 .text.RTC_GetCounter
                0x08006a20       0x24 ..\obj\main.o
                0x08006a20                RTC_GetCounter
 .text.RTC_SetCounter
                0x08006a44       0x48 ..\obj\main.o
                0x08006a44                RTC_SetCounter
 .text.RtcInit  0x08006a8c       0xcc ..\obj\main.o
                0x08006a8c                RtcInit
 .text.phMonitor
                0x08006b58       0x14 ..\obj\main.o
 .text.copy_arr
                0x08006b6c       0x44 ..\obj\main.o
                0x08006b6c                copy_arr
 .text.displayClock
                0x08006bb0      0x1c0 ..\obj\main.o
 .text.readButtons
                0x08006d70       0x68 ..\obj\main.o
                0x08006d70                readButtons
 .text.AdcInit  0x08006dd8      0x184 ..\obj\main.o
                0x08006dd8                AdcInit
 .text.Lcd_write_digit
                0x08006f5c      0x108 ..\obj\main.o
                0x08006f5c                Lcd_write_digit
 .text.prvSetupHardware
                0x08007064       0x80 ..\obj\main.o
 .text.vTaskLCDdraw
                0x080070e4       0x3c ..\obj\main.o
 .text.int32str
                0x08007120      0x1cc ..\obj\main.o
                0x08007120                int32str
 .text.int10str
                0x080072ec       0xc0 ..\obj\main.o
                0x080072ec                int10str
 .text.EE_ReadWord
                0x080073ac       0x44 ..\obj\main.o
                0x080073ac                EE_ReadWord
 .text.flush_lcd_buffer
                0x080073f0       0x40 ..\obj\main.o
                0x080073f0                flush_lcd_buffer
 .text.test_grolly_hw
                0x08007430      0x170 ..\obj\main.o
                0x08007430                test_grolly_hw
 .text.main     0x080075a0      0x1ec ..\obj\main.o
                0x080075a0                main
 .text.loadSettings
                0x0800778c      0x800 ..\obj\main.o
                0x0800778c                loadSettings
 .text.Lcd_write_str
                0x08007f8c       0x6c ..\obj\main.o
                0x08007f8c                Lcd_write_str
 .text.Lcd_goto
                0x08007ff8       0x44 ..\obj\main.o
                0x08007ff8                Lcd_goto
 .text.Init_pin_out
                0x0800803c       0x80 ..\obj\main.o
                0x0800803c                Init_pin_out
 .text.Lcd_write_cmd
                0x080080bc       0x90 ..\obj\main.o
                0x080080bc                Lcd_write_cmd
 .text.Lcd_write_data
                0x0800814c       0xc4 ..\obj\main.o
                0x0800814c                Lcd_write_data
 .text.set4highBits
                0x08008210       0xac ..\obj\main.o
                0x08008210                set4highBits
 .text.set4lowBits
                0x080082bc       0xac ..\obj\main.o
                0x080082bc                set4lowBits
 .text.Init_lcd
                0x08008368       0x88 ..\obj\main.o
                0x08008368                Init_lcd
 .text.Lcd_clear
                0x080083f0       0x18 ..\obj\main.o
                0x080083f0                Lcd_clear
 .text.xTimerCreateTimerTask
                0x08008408       0x5c ..\obj\timers.o
                0x08008408                xTimerCreateTimerTask
 .text.xTimerGenericCommand
                0x08008464       0x8c ..\obj\timers.o
                0x08008464                xTimerGenericCommand
 .text.prvProcessExpiredTimer
                0x080084f0       0x74 ..\obj\timers.o
 .text.prvTimerTask
                0x08008564       0x24 ..\obj\timers.o
 .text.prvProcessTimerOrBlockTask
                0x08008588       0x6c ..\obj\timers.o
 .text.prvGetNextExpireTime
                0x080085f4       0x48 ..\obj\timers.o
 .text.prvSampleTimeNow
                0x0800863c       0x44 ..\obj\timers.o
 .text.prvInsertTimerInActiveList
                0x08008680       0x84 ..\obj\timers.o
 .text.prvProcessReceivedCommands
                0x08008704      0x100 ..\obj\timers.o
 .text.prvSwitchTimerLists
                0x08008804       0xb8 ..\obj\timers.o
 .text.prvCheckForValidListAndQueue
                0x080088bc       0x54 ..\obj\timers.o
 .text.RCC_GetClocksFreq
                0x08008910      0x15c ..\obj\stm32f10x_rcc.o
                0x08008910                RCC_GetClocksFreq
 .text.RCC_AHBPeriphClockCmd
                0x08008a6c       0x3c ..\obj\stm32f10x_rcc.o
                0x08008a6c                RCC_AHBPeriphClockCmd
 .text.RCC_APB2PeriphClockCmd
                0x08008aa8       0x3c ..\obj\stm32f10x_rcc.o
                0x08008aa8                RCC_APB2PeriphClockCmd
 .text.RCC_APB1PeriphClockCmd
                0x08008ae4       0x3c ..\obj\stm32f10x_rcc.o
                0x08008ae4                RCC_APB1PeriphClockCmd
 .text.RCC_APB2PeriphResetCmd
                0x08008b20       0x3c ..\obj\stm32f10x_rcc.o
                0x08008b20                RCC_APB2PeriphResetCmd
 .text.RCC_APB1PeriphResetCmd
                0x08008b5c       0x3c ..\obj\stm32f10x_rcc.o
                0x08008b5c                RCC_APB1PeriphResetCmd
 .text.EXTI_ClearITPendingBit
                0x08008b98       0x1c ..\obj\stm32f10x_exti.o
                0x08008b98                EXTI_ClearITPendingBit
 .text.xTaskGenericCreate
                0x08008bb4      0x19c ..\obj\tasks.o
                0x08008bb4                xTaskGenericCreate
 .text.vTaskDelay
                0x08008d50       0x50 ..\obj\tasks.o
                0x08008d50                vTaskDelay
 .text.vTaskStartScheduler
                0x08008da0       0x74 ..\obj\tasks.o
                0x08008da0                vTaskStartScheduler
 .text.vTaskSuspendAll
                0x08008e14       0x1c ..\obj\tasks.o
                0x08008e14                vTaskSuspendAll
 .text.xTaskResumeAll
                0x08008e30      0x108 ..\obj\tasks.o
                0x08008e30                xTaskResumeAll
 .text.xTaskGetTickCount
                0x08008f38       0x24 ..\obj\tasks.o
                0x08008f38                xTaskGetTickCount
 .text.vTaskIncrementTick
                0x08008f5c      0x140 ..\obj\tasks.o
                0x08008f5c                vTaskIncrementTick
 .text.vTaskSwitchContext
                0x0800909c       0xa4 ..\obj\tasks.o
                0x0800909c                vTaskSwitchContext
 .text.vTaskPlaceOnEventList
                0x08009140       0x70 ..\obj\tasks.o
                0x08009140                vTaskPlaceOnEventList
 .text.vTaskPlaceOnEventListRestricted
                0x080091b0       0x54 ..\obj\tasks.o
                0x080091b0                vTaskPlaceOnEventListRestricted
 .text.xTaskRemoveFromEventList
                0x08009204       0xb0 ..\obj\tasks.o
                0x08009204                xTaskRemoveFromEventList
 .text.vTaskSetTimeOutState
                0x080092b4       0x3c ..\obj\tasks.o
                0x080092b4                vTaskSetTimeOutState
 .text.xTaskCheckForTimeOut
                0x080092f0       0xa8 ..\obj\tasks.o
                0x080092f0                xTaskCheckForTimeOut
 .text.vTaskMissedYield
                0x08009398       0x18 ..\obj\tasks.o
                0x08009398                vTaskMissedYield
 .text.prvIdleTask
                0x080093b0       0x20 ..\obj\tasks.o
 .text.prvInitialiseTCBVariables
                0x080093d0       0x6c ..\obj\tasks.o
 .text.prvInitialiseTaskLists
                0x0800943c       0x7c ..\obj\tasks.o
 .text.prvCheckTasksWaitingTermination
                0x080094b8       0x74 ..\obj\tasks.o
 .text.prvAddCurrentTaskToDelayedList
                0x0800952c       0x6c ..\obj\tasks.o
 .text.prvAllocateTCBAndStack
                0x08009598       0x64 ..\obj\tasks.o
 .text.prvDeleteTCB
                0x080095fc       0x20 ..\obj\tasks.o
 .text.xTaskGetCurrentTaskHandle
                0x0800961c       0x20 ..\obj\tasks.o
                0x0800961c                xTaskGetCurrentTaskHandle
 .text.xTaskGetSchedulerState
                0x0800963c       0x3c ..\obj\tasks.o
                0x0800963c                xTaskGetSchedulerState
 .text.vTaskPriorityInherit
                0x08009678       0xb4 ..\obj\tasks.o
                0x08009678                vTaskPriorityInherit
 .text.vTaskPriorityDisinherit
                0x0800972c       0x7c ..\obj\tasks.o
                0x0800972c                vTaskPriorityDisinherit
 .text.USART_DeInit
                0x080097a8       0xb8 ..\obj\stm32f10x_usart.o
                0x080097a8                USART_DeInit
 .text.USART_Init
                0x08009860      0x174 ..\obj\stm32f10x_usart.o
                0x08009860                USART_Init
 .text.USART_Cmd
                0x080099d4       0x40 ..\obj\stm32f10x_usart.o
                0x080099d4                USART_Cmd
 .text.USART_ReceiveData
                0x08009a14       0x20 ..\obj\stm32f10x_usart.o
                0x08009a14                USART_ReceiveData
 .text.USART_ClearFlag
                0x08009a34       0x20 ..\obj\stm32f10x_usart.o
                0x08009a34                USART_ClearFlag
 .text.USART_GetITStatus
                0x08009a54       0xb0 ..\obj\stm32f10x_usart.o
                0x08009a54                USART_GetITStatus
 .text.vListInitialise
                0x08009b04       0x40 ..\obj\list.o
                0x08009b04                vListInitialise
 .text.vListInitialiseItem
                0x08009b44       0x18 ..\obj\list.o
                0x08009b44                vListInitialiseItem
 .text.vListInsertEnd
                0x08009b5c       0x50 ..\obj\list.o
                0x08009b5c                vListInsertEnd
 .text.vListInsert
                0x08009bac       0x70 ..\obj\list.o
                0x08009bac                vListInsert
 .text.vListRemove
                0x08009c1c       0x50 ..\obj\list.o
                0x08009c1c                vListRemove
 .text.FLASH_Unlock
                0x08009c6c       0x24 ..\obj\stm32f10x_flash.o
                0x08009c6c                FLASH_Unlock
 .text.FLASH_ErasePage
                0x08009c90       0x64 ..\obj\stm32f10x_flash.o
                0x08009c90                FLASH_ErasePage
 .text.FLASH_ProgramHalfWord
                0x08009cf4       0x5c ..\obj\stm32f10x_flash.o
                0x08009cf4                FLASH_ProgramHalfWord
 .text.FLASH_GetBank1Status
                0x08009d50       0x58 ..\obj\stm32f10x_flash.o
                0x08009d50                FLASH_GetBank1Status
 .text.FLASH_WaitForLastOperation
                0x08009da8       0x44 ..\obj\stm32f10x_flash.o
                0x08009da8                FLASH_WaitForLastOperation
 .text.xQueueGenericReset
                0x08009dec       0xac ..\obj\queue.o
                0x08009dec                xQueueGenericReset
 .text.xQueueGenericCreate
                0x08009e98       0x80 ..\obj\queue.o
                0x08009e98                xQueueGenericCreate
 .text.xQueueGenericSend
                0x08009f18      0x140 ..\obj\queue.o
                0x08009f18                xQueueGenericSend
 .text.xQueueGenericSendFromISR
                0x0800a058       0xc4 ..\obj\queue.o
                0x0800a058                xQueueGenericSendFromISR
 .text.xQueueGenericReceive
                0x0800a11c      0x1a0 ..\obj\queue.o
                0x0800a11c                xQueueGenericReceive
 .text.prvCopyDataToQueue
                0x0800a2bc       0xb8 ..\obj\queue.o
 .text.prvCopyDataFromQueue
                0x0800a374       0x4c ..\obj\queue.o
 .text.prvUnlockQueue
                0x0800a3c0       0x98 ..\obj\queue.o
 .text.prvIsQueueEmpty
                0x0800a458       0x2c ..\obj\queue.o
 .text.prvIsQueueFull
                0x0800a484       0x30 ..\obj\queue.o
 .text.vQueueWaitForMessageRestricted
                0x0800a4b4       0x54 ..\obj\queue.o
                0x0800a4b4                vQueueWaitForMessageRestricted
 .text.pxPortInitialiseStack
                0x0800a508       0x54 ..\obj\port.o
                0x0800a508                pxPortInitialiseStack
 .text.SVC_Handler
                0x0800a55c       0x20 ..\obj\port.o
                0x0800a55c                SVC_Handler
 .text.prvPortStartFirstTask
                0x0800a57c       0x14 ..\obj\port.o
 .text.xPortStartScheduler
                0x0800a590       0x38 ..\obj\port.o
                0x0800a590                xPortStartScheduler
 .text.vPortYieldFromISR
                0x0800a5c8       0x18 ..\obj\port.o
                0x0800a5c8                vPortYieldFromISR
 .text.vPortEnterCritical
                0x0800a5e0       0x24 ..\obj\port.o
                0x0800a5e0                vPortEnterCritical
 .text.vPortExitCritical
                0x0800a604       0x2c ..\obj\port.o
                0x0800a604                vPortExitCritical
 .text.PendSV_Handler
                0x0800a630       0x3c ..\obj\port.o
                0x0800a630                PendSV_Handler
 .text.SysTick_Handler
                0x0800a66c       0x30 ..\obj\port.o
                0x0800a66c                SysTick_Handler
 .text.prvSetupTimerInterrupt
                0x0800a69c       0x24 ..\obj\port.o
 .text.mem_cpy  0x0800a6c0       0x3c ..\obj\ff.o
 .text.mem_set  0x0800a6fc       0x34 ..\obj\ff.o
 .text.mem_cmp  0x0800a730       0x50 ..\obj\ff.o
 .text.chk_chr  0x0800a780       0x38 ..\obj\ff.o
 .text.move_window
                0x0800a7b8       0xbc ..\obj\ff.o
 .text.sync     0x0800a874      0x14c ..\obj\ff.o
 .text.clust2sect
                0x0800a9c0       0x3c ..\obj\ff.o
                0x0800a9c0                clust2sect
 .text.get_fat  0x0800a9fc      0x154 ..\obj\ff.o
                0x0800a9fc                get_fat
 .text.put_fat  0x0800ab50      0x1f4 ..\obj\ff.o
                0x0800ab50                put_fat
 .text.remove_chain
                0x0800ad44       0x9c ..\obj\ff.o
 .text.create_chain
                0x0800ade0      0x118 ..\obj\ff.o
 .text.dir_sdi  0x0800aef8      0x100 ..\obj\ff.o
 .text.dir_next
                0x0800aff8      0x1a8 ..\obj\ff.o
 .text.ld_clust
                0x0800b1a0       0x58 ..\obj\ff.o
 .text.st_clust
                0x0800b1f8       0x4c ..\obj\ff.o
 .text.dir_find
                0x0800b244       0x94 ..\obj\ff.o
 .text.dir_register
                0x0800b2d8       0xac ..\obj\ff.o
 .text.create_name
                0x0800b384      0x178 ..\obj\ff.o
 .text.follow_path
                0x0800b4fc       0xd0 ..\obj\ff.o
 .text.check_fs
                0x0800b5cc       0xc0 ..\obj\ff.o
 .text.chk_mounted
                0x0800b68c      0x544 ..\obj\ff.o
 .text.validate
                0x0800bbd0       0x54 ..\obj\ff.o
 .text.f_open   0x0800bc24      0x278 ..\obj\ff.o
                0x0800bc24                f_open
 .text.f_write  0x0800be9c      0x30c ..\obj\ff.o
                0x0800be9c                f_write
 .text.f_sync   0x0800c1a8      0x150 ..\obj\ff.o
                0x0800c1a8                f_sync
 .text.f_close  0x0800c2f8       0x28 ..\obj\ff.o
                0x0800c2f8                f_close
 .text.f_lseek  0x0800c320      0x2a8 ..\obj\ff.o
                0x0800c320                f_lseek
 .text.NVIC_Init
                0x0800c5c8       0xc0 ..\obj\misc.o
                0x0800c5c8                NVIC_Init
 .text.SPI_I2S_DeInit
                0x0800c688       0x74 ..\obj\stm32f10x_spi.o
                0x0800c688                SPI_I2S_DeInit
 .text.SPI_Cmd  0x0800c6fc       0x40 ..\obj\stm32f10x_spi.o
                0x0800c6fc                SPI_Cmd
 .text.SPI_I2S_SendData
                0x0800c73c       0x1c ..\obj\stm32f10x_spi.o
                0x0800c73c                SPI_I2S_SendData
 .text.SPI_I2S_ReceiveData
                0x0800c758       0x1c ..\obj\stm32f10x_spi.o
                0x0800c758                SPI_I2S_ReceiveData
 .text.SPI_I2S_GetFlagStatus
                0x0800c774       0x38 ..\obj\stm32f10x_spi.o
                0x0800c774                SPI_I2S_GetFlagStatus
 .text.pvPortMalloc
                0x0800c7ac      0x144 ..\obj\heap_2.o
                0x0800c7ac                pvPortMalloc
 .text.vPortFree
                0x0800c8f0       0x70 ..\obj\heap_2.o
                0x0800c8f0                vPortFree
 .text.EE_Init  0x0800c960      0x288 ..\obj\eeprom.o
                0x0800c960                EE_Init
 .text.EE_ReadVariable
                0x0800cbe8       0x98 ..\obj\eeprom.o
                0x0800cbe8                EE_ReadVariable
 .text.EE_WriteVariable
                0x0800cc80       0x44 ..\obj\eeprom.o
                0x0800cc80                EE_WriteVariable
 .text.EE_Format
                0x0800ccc4       0x50 ..\obj\eeprom.o
 .text.EE_FindValidPage
                0x0800cd14       0x8c ..\obj\eeprom.o
 .text.EE_VerifyPageFullWriteVariable
                0x0800cda0       0xb0 ..\obj\eeprom.o
 .text.EE_PageTransfer
                0x0800ce50      0x130 ..\obj\eeprom.o
 .text.sonar_init
                0x0800cf80      0x1a8 ..\obj\driver_sonar.o
                0x0800cf80                sonar_init
 .text.sonar_ping
                0x0800d128       0x3c ..\obj\driver_sonar.o
                0x0800d128                sonar_ping
 .text          0x0800d164       0xec c:/coocox/toolchain48/bin/../lib/gcc/arm-none-eabi/4.8.3/../../../../arm-none-eabi/lib/armv7-m\libg.a(lib_a-memcpy.o)
                0x0800d164                memcpy
 .text.memset   0x0800d250       0x94 c:/coocox/toolchain48/bin/../lib/gcc/arm-none-eabi/4.8.3/../../../../arm-none-eabi/lib/armv7-m\libg.a(lib_a-memset.o)
                0x0800d250                memset
 .text.strncpy  0x0800d2e4       0x64 c:/coocox/toolchain48/bin/../lib/gcc/arm-none-eabi/4.8.3/../../../../arm-none-eabi/lib/armv7-m\libg.a(lib_a-strncpy.o)
                0x0800d2e4                strncpy
 *(.glue_7t)
 .glue_7t       0x00000000        0x0 linker stubs
 *(.glue_7)
 .glue_7        0x00000000        0x0 linker stubs
 *(.rodata .rodata* .gnu.linkonce.r.*)
 .rodata        0x0800d348      0xb4c ..\obj\main.o
                0x0800d504                menuItemArray
                0x0800d768                fatArray
 .rodata        0x0800de94        0x8 ..\obj\timers.o
 .rodata        0x0800de9c        0x8 ..\obj\tasks.o
 .rodata        0x0800dea4       0x10 ..\obj\ff.o

.vfp11_veneer   0x0800deb4        0x0
 .vfp11_veneer  0x00000000        0x0 linker stubs

.v4_bx          0x0800deb4        0x0
 .v4_bx         0x00000000        0x0 linker stubs

.iplt           0x0800deb4        0x0
 .iplt          0x00000000        0x0 ..\obj\stm32f10x_tim.o

.rel.dyn        0x0800deb4        0x0
 .rel.iplt      0x00000000        0x0 ..\obj\stm32f10x_tim.o

.ARM.extab
 *(.ARM.extab* .gnu.linkonce.armextab.*)
                0x0800deb4                __exidx_start = .

.ARM.exidx
 *(.ARM.exidx* .gnu.linkonce.armexidx.*)
                0x0800deb4                __exidx_end = .
                0x0800deb4                . = ALIGN (0x4)
                0x0800deb4                _etext = .
                0x0800deb4                _sidata = .

.data           0x20000000       0x48 load address 0x0800deb4
                0x20000000                _sdata = .
 *(.data .data.*)
 .data          0x20000000       0x14 ..\obj\system_stm32f10x.o
                0x20000000                SystemCoreClock
                0x20000004                AHBPrescTable
 .data          0x20000014        0x1 ..\obj\diskio.o
 *fill*         0x20000015        0x3 
 .data          0x20000018       0x10 ..\obj\main.o
                0x20000018                comm_state
                0x20000019                NbrOfDataToTransfer
                0x2000001a                dht_shifter
                0x2000001c                plugSettings
                0x20000020                no_sd
                0x20000024                VirtAddVarTab
 .data          0x20000028       0x14 ..\obj\stm32f10x_rcc.o
 .data          0x2000003c        0x4 ..\obj\tasks.o
 .data          0x20000040        0x4 ..\obj\port.o
 .data          0x20000044        0x4 ..\obj\heap_2.o
                0x20000048                . = ALIGN (0x4)
                0x20000048                _edata = .

.igot.plt       0x20000048        0x0 load address 0x0800defc
 .igot.plt      0x00000000        0x0 ..\obj\stm32f10x_tim.o

.bss            0x20000048     0x1bb4 load address 0x0800df00
                0x20000048                _sbss = .
 *(.bss .bss.*)
 .bss           0x20000048       0x10 ..\obj\diskio.o
 .bss           0x20000058      0x290 ..\obj\main.o
                0x20000058                valve_busy
                0x20000059                txbuff_ne
                0x2000005a                TxCounter
                0x2000005b                RxCounter
                0x2000005c                logstr_crc
                0x2000005e                IC2Value
                0x20000060                DutyCycle
                0x20000064                Frequency
                0x20000068                dht_bit_position
                0x20000069                dht_bit_ready
                0x2000006a                dht_data_ready
                0x2000006b                rhUnderOver
                0x2000008c                lcd_pointerx
                0x2000008d                lcd_pointery
                0x2000008e                buttonReverse
                0x2000008f                auto_flags
                0x20000090                auto_failures
                0x20000092                logInterval
                0x20000094                psi_pump_load_id
                0x20000095                psi_underOver
                0x20000096                psi_pump_top_level
                0x20000098                psi_pump_btm_level
                0x2000009a                psi_cur_adc_value
                0x2000009c                ph_seven
                0x200000a0                ph0
                0x200000a4                ph4
                0x200000a6                ec1413
                0x200000a8                ec0
                0x200000ac                cdel
                0x200000b0                currentEc
                0x200000b1                currentPh
                0x200000b2                phUnderOver
                0x200000b3                ecUnderOver
                0x200000b4                lastWriteTime
                0x200000b8                cmdbufp
                0x200000b9                prefixDetectionIdx
                0x200000ba                pb_pntr
                0x200000bb                packet_length
                0x200000bc                rxm_state
                0x200000bd                packet_ready
                0x200000be                rx_packet_crc
                0x200000c0                fup_time
 .bss           0x200002e8       0x38 ..\obj\timers.o
 .bss           0x20000320      0x100 ..\obj\tasks.o
                0x20000320                pxCurrentTCB
 .bss           0x20000420        0x8 ..\obj\ff.o
 .bss           0x20000428     0x1418 ..\obj\heap_2.o
 .bss           0x20001840        0x2 ..\obj\eeprom.o
                0x20001840                DataVar
 *(COMMON)
 *fill*         0x20001842        0x2 
 COMMON         0x20001844      0x3b8 ..\obj\main.o
                0x20001844                jdrBuff3
                0x20001858                del
                0x2000185c                ecWindowTop
                0x2000185e                HSEStartUpStatus
                0x20001860                jdrBuff4
                0x20001874                ecWindowBottom
                0x20001878                water_counter
                0x20001888                cTimerStateFlags
                0x2000188c                cmdbuf
                0x2000189c                dosingPumpStateFlags
                0x2000189d                wpStateFlags
                0x200018a0                fs
                0x20001ad0                dosingPumpStateFlags2
                0x20001ad4                sonar_mm
                0x20001ad8                circulationPumpId
                0x20001adc                jdrBuff2
                0x20001af0                FlashStatus
                0x20001af2                rhWindowTop
                0x20001af4                RxByte
                0x20001af8                timerStateFlags
                0x20001afc                wfCalArray
                0x20001b04                waterSensorStateFlags
                0x20001b08                button_ranges
                0x20001b18                DHTValue
                0x20001b1e                phWindowBottom
                0x20001b20                valveFlags
                0x20001b24                toAdjust
                0x20001b28                dht_rh_str
                0x20001b2c                valve_failed
                0x20001b30                dht_data2
                0x20001b38                plugStateFlags
                0x20001b3c                tank_windows_bottom
                0x20001b40                TxBuffer
                0x20001b68                sonar_read
                0x20001b6c                jdrBuff1
                0x20001b80                adcAverage
                0x20001b88                TIM_ICInitStructure
                0x20001b92                phWindowTop
                0x20001b94                dht_bit_pointer
                0x20001b98                curphstr
                0x20001ba0                dht_data
                0x20001ba8                dht_t_str
                0x20001bac                curecstr
                0x20001bb4                tank_windows_top
                0x20001bb6                dht_byte_pointer
                0x20001bb8                rhWindowBottom
                0x20001bbc                log_str
                0x20001bfc                . = ALIGN (0x4)
                0x20001bfc                _ebss = .

.co_stack       0x20001bfc      0x404 load address 0x0800fab4
                0x20001c00                . = ALIGN (0x8)
 *fill*         0x20001bfc        0x4 
 *(.co_stack .co_stack.*)
 .co_stack      0x20001c00      0x400 ..\obj\startup_stm32f10x_md_vl.o
                0x20001c00                pulStack
                0x20002000                . = ALIGN (0x4)
                0x20002000                _end = .
LOAD ..\obj\stm32f10x_tim.o
LOAD ..\obj\startup_stm32f10x_md_vl.o
LOAD ..\obj\system_stm32f10x.o
LOAD ..\obj\stm32f10x_pwr.o
LOAD ..\obj\diskio.o
LOAD ..\obj\stm32f10x_gpio.o
LOAD ..\obj\main.o
LOAD ..\obj\timers.o
LOAD ..\obj\stm32f10x_rcc.o
LOAD ..\obj\stm32f10x_exti.o
LOAD ..\obj\tasks.o
LOAD ..\obj\stm32f10x_adc.o
LOAD ..\obj\stm32f10x_usart.o
LOAD ..\obj\list.o
LOAD ..\obj\syscalls.o
LOAD ..\obj\stm32f10x_flash.o
LOAD ..\obj\queue.o
LOAD ..\obj\port.o
LOAD ..\obj\ff.o
LOAD ..\obj\stm32f10x_dma.o
LOAD ..\obj\croutine.o
LOAD ..\obj\misc.o
LOAD ..\obj\stm32f10x_spi.o
LOAD ..\obj\heap_2.o
LOAD ..\obj\eeprom.o
LOAD ..\obj\driver_sonar.o
START GROUP
LOAD c:/coocox/toolchain48/bin/../lib/gcc/arm-none-eabi/4.8.3/armv7-m\libgcc.a
LOAD c:/coocox/toolchain48/bin/../lib/gcc/arm-none-eabi/4.8.3/../../../../arm-none-eabi/lib/armv7-m\libg.a
LOAD c:/coocox/toolchain48/bin/../lib/gcc/arm-none-eabi/4.8.3/../../../../arm-none-eabi/lib/armv7-m\libc.a
END GROUP
OUTPUT(hellow4.elf elf32-littlearm)

.debug_info     0x00000000     0xe0eb
 .debug_info    0x00000000     0x1c21 ..\obj\stm32f10x_tim.o
 .debug_info    0x00001c21       0xe9 ..\obj\startup_stm32f10x_md_vl.o
 .debug_info    0x00001d0a      0x3b4 ..\obj\system_stm32f10x.o
 .debug_info    0x000020be      0xc70 ..\obj\diskio.o
 .debug_info    0x00002d2e      0x6b0 ..\obj\stm32f10x_gpio.o
 .debug_info    0x000033de     0x3e96 ..\obj\main.o
 .debug_info    0x00007274      0x6e0 ..\obj\timers.o
 .debug_info    0x00007954      0x8c3 ..\obj\stm32f10x_rcc.o
 .debug_info    0x00008217      0x320 ..\obj\stm32f10x_exti.o
 .debug_info    0x00008537      0xd2a ..\obj\tasks.o
 .debug_info    0x00009261      0x9b1 ..\obj\stm32f10x_usart.o
 .debug_info    0x00009c12      0x27f ..\obj\list.o
 .debug_info    0x00009e91      0x77a ..\obj\stm32f10x_flash.o
 .debug_info    0x0000a60b      0x7cd ..\obj\queue.o
 .debug_info    0x0000add8      0x1b1 ..\obj\port.o
 .debug_info    0x0000af89     0x166d ..\obj\ff.o
 .debug_info    0x0000c5f6      0x4d3 ..\obj\misc.o
 .debug_info    0x0000cac9      0x8bc ..\obj\stm32f10x_spi.o
 .debug_info    0x0000d385      0x2a6 ..\obj\heap_2.o
 .debug_info    0x0000d62b      0x407 ..\obj\eeprom.o
 .debug_info    0x0000da32      0x6b9 ..\obj\driver_sonar.o

.debug_abbrev   0x00000000     0x208d
 .debug_abbrev  0x00000000      0x1b0 ..\obj\stm32f10x_tim.o
 .debug_abbrev  0x000001b0       0xa7 ..\obj\startup_stm32f10x_md_vl.o
 .debug_abbrev  0x00000257      0x177 ..\obj\system_stm32f10x.o
 .debug_abbrev  0x000003ce      0x296 ..\obj\diskio.o
 .debug_abbrev  0x00000664      0x1c8 ..\obj\stm32f10x_gpio.o
 .debug_abbrev  0x0000082c      0x3bd ..\obj\main.o
 .debug_abbrev  0x00000be9      0x173 ..\obj\timers.o
 .debug_abbrev  0x00000d5c      0x1ba ..\obj\stm32f10x_rcc.o
 .debug_abbrev  0x00000f16      0x151 ..\obj\stm32f10x_exti.o
 .debug_abbrev  0x00001067      0x1cf ..\obj\tasks.o
 .debug_abbrev  0x00001236      0x162 ..\obj\stm32f10x_usart.o
 .debug_abbrev  0x00001398       0xba ..\obj\list.o
 .debug_abbrev  0x00001452      0x18b ..\obj\stm32f10x_flash.o
 .debug_abbrev  0x000015dd      0x130 ..\obj\queue.o
 .debug_abbrev  0x0000170d      0x12e ..\obj\port.o
 .debug_abbrev  0x0000183b      0x19d ..\obj\ff.o
 .debug_abbrev  0x000019d8      0x154 ..\obj\misc.o
 .debug_abbrev  0x00001b2c      0x17e ..\obj\stm32f10x_spi.o
 .debug_abbrev  0x00001caa      0x166 ..\obj\heap_2.o
 .debug_abbrev  0x00001e10      0x139 ..\obj\eeprom.o
 .debug_abbrev  0x00001f49      0x144 ..\obj\driver_sonar.o

.debug_aranges  0x00000000     0x13a8
 .debug_aranges
                0x00000000      0x2f0 ..\obj\stm32f10x_tim.o
 .debug_aranges
                0x000002f0       0x28 ..\obj\startup_stm32f10x_md_vl.o
 .debug_aranges
                0x00000318       0x38 ..\obj\system_stm32f10x.o
 .debug_aranges
                0x00000350       0xd8 ..\obj\diskio.o
 .debug_aranges
                0x00000428       0xa8 ..\obj\stm32f10x_gpio.o
 .debug_aranges
                0x000004d0      0x520 ..\obj\main.o
 .debug_aranges
                0x000009f0       0x88 ..\obj\timers.o
 .debug_aranges
                0x00000a78      0x120 ..\obj\stm32f10x_rcc.o
 .debug_aranges
                0x00000b98       0x58 ..\obj\stm32f10x_exti.o
 .debug_aranges
                0x00000bf0      0x138 ..\obj\tasks.o
 .debug_aranges
                0x00000d28      0x100 ..\obj\stm32f10x_usart.o
 .debug_aranges
                0x00000e28       0x40 ..\obj\list.o
 .debug_aranges
                0x00000e68       0xf8 ..\obj\stm32f10x_flash.o
 .debug_aranges
                0x00000f60       0xb0 ..\obj\queue.o
 .debug_aranges
                0x00001010       0x70 ..\obj\port.o
 .debug_aranges
                0x00001080      0x168 ..\obj\ff.o
 .debug_aranges
                0x000011e8       0x40 ..\obj\misc.o
 .debug_aranges
                0x00001228       0xd0 ..\obj\stm32f10x_spi.o
 .debug_aranges
                0x000012f8       0x38 ..\obj\heap_2.o
 .debug_aranges
                0x00001330       0x50 ..\obj\eeprom.o
 .debug_aranges
                0x00001380       0x28 ..\obj\driver_sonar.o

.debug_ranges   0x00000000     0x1258
 .debug_ranges  0x00000000      0x2e0 ..\obj\stm32f10x_tim.o
 .debug_ranges  0x000002e0       0x18 ..\obj\startup_stm32f10x_md_vl.o
 .debug_ranges  0x000002f8       0x28 ..\obj\system_stm32f10x.o
 .debug_ranges  0x00000320       0xc8 ..\obj\diskio.o
 .debug_ranges  0x000003e8       0x98 ..\obj\stm32f10x_gpio.o
 .debug_ranges  0x00000480      0x510 ..\obj\main.o
 .debug_ranges  0x00000990       0x78 ..\obj\timers.o
 .debug_ranges  0x00000a08      0x110 ..\obj\stm32f10x_rcc.o
 .debug_ranges  0x00000b18       0x48 ..\obj\stm32f10x_exti.o
 .debug_ranges  0x00000b60      0x128 ..\obj\tasks.o
 .debug_ranges  0x00000c88       0xf0 ..\obj\stm32f10x_usart.o
 .debug_ranges  0x00000d78       0x30 ..\obj\list.o
 .debug_ranges  0x00000da8       0xe8 ..\obj\stm32f10x_flash.o
 .debug_ranges  0x00000e90       0xa0 ..\obj\queue.o
 .debug_ranges  0x00000f30       0x60 ..\obj\port.o
 .debug_ranges  0x00000f90      0x158 ..\obj\ff.o
 .debug_ranges  0x000010e8       0x30 ..\obj\misc.o
 .debug_ranges  0x00001118       0xc0 ..\obj\stm32f10x_spi.o
 .debug_ranges  0x000011d8       0x28 ..\obj\heap_2.o
 .debug_ranges  0x00001200       0x40 ..\obj\eeprom.o
 .debug_ranges  0x00001240       0x18 ..\obj\driver_sonar.o

.debug_line     0x00000000     0x6c81
 .debug_line    0x00000000      0x9d5 ..\obj\stm32f10x_tim.o
 .debug_line    0x000009d5       0xa1 ..\obj\startup_stm32f10x_md_vl.o
 .debug_line    0x00000a76      0x17b ..\obj\system_stm32f10x.o
 .debug_line    0x00000bf1      0x5e6 ..\obj\diskio.o
 .debug_line    0x000011d7      0x309 ..\obj\stm32f10x_gpio.o
 .debug_line    0x000014e0     0x20b3 ..\obj\main.o
 .debug_line    0x00003593      0x2d5 ..\obj\timers.o
 .debug_line    0x00003868      0x42f ..\obj\stm32f10x_rcc.o
 .debug_line    0x00003c97      0x1ff ..\obj\stm32f10x_exti.o
 .debug_line    0x00003e96      0x721 ..\obj\tasks.o
 .debug_line    0x000045b7      0x3f4 ..\obj\stm32f10x_usart.o
 .debug_line    0x000049ab      0x170 ..\obj\list.o
 .debug_line    0x00004b1b      0x434 ..\obj\stm32f10x_flash.o
 .debug_line    0x00004f4f      0x4a7 ..\obj\queue.o
 .debug_line    0x000053f6      0x199 ..\obj\port.o
 .debug_line    0x0000558f      0xc55 ..\obj\ff.o
 .debug_line    0x000061e4      0x19f ..\obj\misc.o
 .debug_line    0x00006383      0x37c ..\obj\stm32f10x_spi.o
 .debug_line    0x000066ff      0x137 ..\obj\heap_2.o
 .debug_line    0x00006836      0x267 ..\obj\eeprom.o
 .debug_line    0x00006a9d      0x1e4 ..\obj\driver_sonar.o

.debug_str      0x00000000     0x5622
 .debug_str     0x00000000      0xd0e ..\obj\stm32f10x_tim.o
                                0xdaf (size before relaxing)
 .debug_str     0x00000d0e       0xaf ..\obj\startup_stm32f10x_md_vl.o
                                0x146 (size before relaxing)
 .debug_str     0x00000dbd      0x153 ..\obj\system_stm32f10x.o
                                0x2a6 (size before relaxing)
 .debug_str     0x00000f10      0x450 ..\obj\diskio.o
                                0x705 (size before relaxing)
 .debug_str     0x00001360      0x25d ..\obj\stm32f10x_gpio.o
                                0x4eb (size before relaxing)
 .debug_str     0x000015bd     0x19eb ..\obj\main.o
                               0x206e (size before relaxing)
 .debug_str     0x00002fa8      0x430 ..\obj\timers.o
                                0x544 (size before relaxing)
 .debug_str     0x000033d8      0x3ff ..\obj\stm32f10x_rcc.o
                                0x63f (size before relaxing)
 .debug_str     0x000037d7      0x101 ..\obj\stm32f10x_exti.o
                                0x330 (size before relaxing)
 .debug_str     0x000038d8      0x766 ..\obj\tasks.o
                                0x941 (size before relaxing)
 .debug_str     0x0000403e      0x3a5 ..\obj\stm32f10x_usart.o
                                0x662 (size before relaxing)
 .debug_str     0x000043e3       0xcb ..\obj\list.o
                                0x277 (size before relaxing)
 .debug_str     0x000044ae      0x3d3 ..\obj\stm32f10x_flash.o
                                0x5ba (size before relaxing)
 .debug_str     0x00004881      0x321 ..\obj\queue.o
                                0x579 (size before relaxing)
 .debug_str     0x00004ba2      0x146 ..\obj\port.o
                                0x245 (size before relaxing)
 .debug_str     0x00004ce8      0x266 ..\obj\ff.o
                                0x5b8 (size before relaxing)
 .debug_str     0x00004f4e      0x124 ..\obj\misc.o
                                0x395 (size before relaxing)
 .debug_str     0x00005072      0x2b4 ..\obj\stm32f10x_spi.o
                                0x5cf (size before relaxing)
 .debug_str     0x00005326      0x161 ..\obj\heap_2.o
                                0x281 (size before relaxing)
 .debug_str     0x00005487      0x147 ..\obj\eeprom.o
                                0x307 (size before relaxing)
 .debug_str     0x000055ce       0x54 ..\obj\driver_sonar.o
                                0x779 (size before relaxing)

.comment        0x00000000       0x70
 .comment       0x00000000       0x70 ..\obj\stm32f10x_tim.o
                                 0x71 (size before relaxing)
 .comment       0x00000000       0x71 ..\obj\startup_stm32f10x_md_vl.o
 .comment       0x00000000       0x71 ..\obj\system_stm32f10x.o
 .comment       0x00000000       0x71 ..\obj\diskio.o
 .comment       0x00000000       0x71 ..\obj\stm32f10x_gpio.o
 .comment       0x00000000       0x71 ..\obj\main.o
 .comment       0x00000000       0x71 ..\obj\timers.o
 .comment       0x00000000       0x71 ..\obj\stm32f10x_rcc.o
 .comment       0x00000000       0x71 ..\obj\stm32f10x_exti.o
 .comment       0x00000000       0x71 ..\obj\tasks.o
 .comment       0x00000000       0x71 ..\obj\stm32f10x_usart.o
 .comment       0x00000000       0x71 ..\obj\list.o
 .comment       0x00000000       0x71 ..\obj\stm32f10x_flash.o
 .comment       0x00000000       0x71 ..\obj\queue.o
 .comment       0x00000000       0x71 ..\obj\port.o
 .comment       0x00000000       0x71 ..\obj\ff.o
 .comment       0x00000000       0x71 ..\obj\misc.o
 .comment       0x00000000       0x71 ..\obj\stm32f10x_spi.o
 .comment       0x00000000       0x71 ..\obj\heap_2.o
 .comment       0x00000000       0x71 ..\obj\eeprom.o
 .comment       0x00000000       0x71 ..\obj\driver_sonar.o

.ARM.attributes
                0x00000000       0x31
 .ARM.attributes
                0x00000000       0x33 ..\obj\stm32f10x_tim.o
 .ARM.attributes
                0x00000033       0x33 ..\obj\startup_stm32f10x_md_vl.o
 .ARM.attributes
                0x00000066       0x33 ..\obj\system_stm32f10x.o
 .ARM.attributes
                0x00000099       0x33 ..\obj\diskio.o
 .ARM.attributes
                0x000000cc       0x33 ..\obj\stm32f10x_gpio.o
 .ARM.attributes
                0x000000ff       0x33 ..\obj\main.o
 .ARM.attributes
                0x00000132       0x33 ..\obj\timers.o
 .ARM.attributes
                0x00000165       0x33 ..\obj\stm32f10x_rcc.o
 .ARM.attributes
                0x00000198       0x33 ..\obj\stm32f10x_exti.o
 .ARM.attributes
                0x000001cb       0x33 ..\obj\tasks.o
 .ARM.attributes
                0x000001fe       0x33 ..\obj\stm32f10x_usart.o
 .ARM.attributes
                0x00000231       0x33 ..\obj\list.o
 .ARM.attributes
                0x00000264       0x33 ..\obj\stm32f10x_flash.o
 .ARM.attributes
                0x00000297       0x33 ..\obj\queue.o
 .ARM.attributes
                0x000002ca       0x33 ..\obj\port.o
 .ARM.attributes
                0x000002fd       0x33 ..\obj\ff.o
 .ARM.attributes
                0x00000330       0x33 ..\obj\misc.o
 .ARM.attributes
                0x00000363       0x33 ..\obj\stm32f10x_spi.o
 .ARM.attributes
                0x00000396       0x33 ..\obj\heap_2.o
 .ARM.attributes
                0x000003c9       0x33 ..\obj\eeprom.o
 .ARM.attributes
                0x000003fc       0x33 ..\obj\driver_sonar.o
 .ARM.attributes
                0x0000042f       0x1b c:/coocox/toolchain48/bin/../lib/gcc/arm-none-eabi/4.8.3/../../../../arm-none-eabi/lib/armv7-m\libg.a(lib_a-memcpy.o)
 .ARM.attributes
                0x0000044a       0x2d c:/coocox/toolchain48/bin/../lib/gcc/arm-none-eabi/4.8.3/../../../../arm-none-eabi/lib/armv7-m\libg.a(lib_a-memset.o)
 .ARM.attributes
                0x00000477       0x2d c:/coocox/toolchain48/bin/../lib/gcc/arm-none-eabi/4.8.3/../../../../arm-none-eabi/lib/armv7-m\libg.a(lib_a-strncpy.o)

.debug_frame    0x00000000     0x4294
 .debug_frame   0x00000000      0xa20 ..\obj\stm32f10x_tim.o
 .debug_frame   0x00000a20       0x48 ..\obj\startup_stm32f10x_md_vl.o
 .debug_frame   0x00000a68       0x80 ..\obj\system_stm32f10x.o
 .debug_frame   0x00000ae8      0x2e0 ..\obj\diskio.o
 .debug_frame   0x00000dc8      0x210 ..\obj\stm32f10x_gpio.o
 .debug_frame   0x00000fd8     0x1308 ..\obj\main.o
 .debug_frame   0x000022e0      0x1c4 ..\obj\timers.o
 .debug_frame   0x000024a4      0x3a4 ..\obj\stm32f10x_rcc.o
 .debug_frame   0x00002848       0xec ..\obj\stm32f10x_exti.o
 .debug_frame   0x00002934      0x45c ..\obj\tasks.o
 .debug_frame   0x00002d90      0x344 ..\obj\stm32f10x_usart.o
 .debug_frame   0x000030d4       0x9c ..\obj\list.o
 .debug_frame   0x00003170      0x338 ..\obj\stm32f10x_flash.o
 .debug_frame   0x000034a8      0x264 ..\obj\queue.o
 .debug_frame   0x0000370c      0x110 ..\obj\port.o
 .debug_frame   0x0000381c      0x52c ..\obj\ff.o
 .debug_frame   0x00003d48       0x9c ..\obj\misc.o
 .debug_frame   0x00003de4      0x29c ..\obj\stm32f10x_spi.o
 .debug_frame   0x00004080       0x80 ..\obj\heap_2.o
 .debug_frame   0x00004100       0xec ..\obj\eeprom.o
 .debug_frame   0x000041ec       0x50 ..\obj\driver_sonar.o
 .debug_frame   0x0000423c       0x2c c:/coocox/toolchain48/bin/../lib/gcc/arm-none-eabi/4.8.3/../../../../arm-none-eabi/lib/armv7-m\libg.a(lib_a-memset.o)
 .debug_frame   0x00004268       0x2c c:/coocox/toolchain48/bin/../lib/gcc/arm-none-eabi/4.8.3/../../../../arm-none-eabi/lib/armv7-m\libg.a(lib_a-strncpy.o)
