Archive member included because of file (symbol)

c:/coocox/toolchain48_2/bin/../lib/gcc/arm-none-eabi/4.8.4/../../../../arm-none-eabi/lib/armv7-m\libg.a(lib_a-memcpy.o)
                              ..\obj\queue.o (memcpy)
c:/coocox/toolchain48_2/bin/../lib/gcc/arm-none-eabi/4.8.4/../../../../arm-none-eabi/lib/armv7-m\libg.a(lib_a-memset.o)
                              ..\obj\tasks.o (memset)
c:/coocox/toolchain48_2/bin/../lib/gcc/arm-none-eabi/4.8.4/../../../../arm-none-eabi/lib/armv7-m\libg.a(lib_a-strncpy.o)
                              ..\obj\tasks.o (strncpy)

Allocating common symbols
Common symbol       size              file

jdrBuff3            0x14              ..\obj\main.o
del                 0x4               ..\obj\main.o
ecWindowTop         0x2               ..\obj\main.o
HSEStartUpStatus    0x1               ..\obj\main.o
jdrBuff4            0x14              ..\obj\main.o
ecWindowBottom      0x2               ..\obj\main.o
water_counter       0x10              ..\obj\main.o
dosingPumpStateFlags
                    0x1               ..\obj\main.o
wpStateFlags        0x1               ..\obj\main.o
fs                  0x230             ..\obj\main.o
dosingPumpStateFlags2
                    0x1               ..\obj\main.o
circulationPumpId   0x1               ..\obj\main.o
jdrBuff2            0x14              ..\obj\main.o
FlashStatus         0x1               ..\obj\main.o
RxByte              0x1               ..\obj\main.o
wfCalArray          0x8               ..\obj\main.o
waterSensorStateFlags
                    0x1               ..\obj\main.o
button_ranges       0x10              ..\obj\main.o
DHTValue            0x6               ..\obj\main.o
phWindowBottom      0x2               ..\obj\main.o
toAdjust            0x3               ..\obj\main.o
RxBuffer            0x2a              ..\obj\main.o
valve_failed        0x1               ..\obj\main.o
TxBuffer            0x2a              ..\obj\main.o
jdrBuff1            0x14              ..\obj\main.o
adcAverage          0x8               ..\obj\main.o
TIM_ICInitStructure
                    0xa               ..\obj\main.o
phWindowTop         0x2               ..\obj\main.o
curphstr            0x5               ..\obj\main.o
curecstr            0x5               ..\obj\main.o

Discarded input sections

 .text          0x00000000        0x0 ..\obj\stm32f10x_tim.o
 .data          0x00000000        0x0 ..\obj\stm32f10x_tim.o
 .bss           0x00000000        0x0 ..\obj\stm32f10x_tim.o
 .text.TIM_DeInit
                0x00000000      0x22c ..\obj\stm32f10x_tim.o
 .text.TIM_ICInit
                0x00000000       0xa8 ..\obj\stm32f10x_tim.o
 .text.TIM_PWMIConfig
                0x00000000       0xb8 ..\obj\stm32f10x_tim.o
 .text.TIM_BDTRConfig
                0x00000000       0x50 ..\obj\stm32f10x_tim.o
 .text.TIM_ICStructInit
                0x00000000       0x30 ..\obj\stm32f10x_tim.o
 .text.TIM_BDTRStructInit
                0x00000000       0x3c ..\obj\stm32f10x_tim.o
 .text.TIM_CtrlPWMOutputs
                0x00000000       0x4c ..\obj\stm32f10x_tim.o
 .text.TIM_ITConfig
                0x00000000       0x48 ..\obj\stm32f10x_tim.o
 .text.TIM_GenerateEvent
                0x00000000       0x1c ..\obj\stm32f10x_tim.o
 .text.TIM_DMAConfig
                0x00000000       0x28 ..\obj\stm32f10x_tim.o
 .text.TIM_DMACmd
                0x00000000       0x48 ..\obj\stm32f10x_tim.o
 .text.TIM_InternalClockConfig
                0x00000000       0x24 ..\obj\stm32f10x_tim.o
 .text.TIM_ITRxExternalClockConfig
                0x00000000       0x2c ..\obj\stm32f10x_tim.o
 .text.TIM_TIxExternalClockConfig
                0x00000000       0x54 ..\obj\stm32f10x_tim.o
 .text.TIM_ETRClockMode1Config
                0x00000000       0x50 ..\obj\stm32f10x_tim.o
 .text.TIM_ETRClockMode2Config
                0x00000000       0x30 ..\obj\stm32f10x_tim.o
 .text.TIM_ETRConfig
                0x00000000       0x48 ..\obj\stm32f10x_tim.o
 .text.TIM_PrescalerConfig
                0x00000000       0x28 ..\obj\stm32f10x_tim.o
 .text.TIM_CounterModeConfig
                0x00000000       0x38 ..\obj\stm32f10x_tim.o
 .text.TIM_SelectInputTrigger
                0x00000000       0x38 ..\obj\stm32f10x_tim.o
 .text.TIM_EncoderInterfaceConfig
                0x00000000       0x8c ..\obj\stm32f10x_tim.o
 .text.TIM_ForcedOC1Config
                0x00000000       0x38 ..\obj\stm32f10x_tim.o
 .text.TIM_ForcedOC2Config
                0x00000000       0x3c ..\obj\stm32f10x_tim.o
 .text.TIM_ForcedOC3Config
                0x00000000       0x38 ..\obj\stm32f10x_tim.o
 .text.TIM_ForcedOC4Config
                0x00000000       0x3c ..\obj\stm32f10x_tim.o
 .text.TIM_ARRPreloadConfig
                0x00000000       0x40 ..\obj\stm32f10x_tim.o
 .text.TIM_SelectCOM
                0x00000000       0x40 ..\obj\stm32f10x_tim.o
 .text.TIM_SelectCCDMA
[...]
Memory Configuration

Name             Origin             Length             Attributes
rom              0x08000000         0x00020000         xr
ram              0x20000000         0x00002000         xrw
*default*        0x00000000         0xffffffff

Linker script and memory map

                0x20002000                _eram = 0x20002000

.text           0x08000000     0xe48c
 *(.isr_vector .isr_vector.*)
 .isr_vector    0x08000000      0x124 ..\obj\startup_stm32f10x_md_vl.o
                0x08000000                g_pfnVectors
 *(.text .text.* .gnu.linkonce.t.*)
 .text.TIM_TimeBaseInit
                0x08000124       0xf8 ..\obj\stm32f10x_tim.o
                0x08000124                TIM_TimeBaseInit
 .text.TIM_OC1Init
                0x0800021c      0x118 ..\obj\stm32f10x_tim.o
                0x0800021c                TIM_OC1Init
 .text.TIM_OC2Init
                0x08000334      0x110 ..\obj\stm32f10x_tim.o
                0x08000334                TIM_OC2Init
 .text.TIM_OC3Init
                0x08000444      0x10c ..\obj\stm32f10x_tim.o
                0x08000444                TIM_OC3Init
 .text.TIM_OC4Init
                0x08000550       0xd0 ..\obj\stm32f10x_tim.o
                0x08000550                TIM_OC4Init
 .text.TIM_TimeBaseStructInit
                0x08000620       0x34 ..\obj\stm32f10x_tim.o
                0x08000620                TIM_TimeBaseStructInit
 .text.TIM_OCStructInit
                0x08000654       0x44 ..\obj\stm32f10x_tim.o
                0x08000654                TIM_OCStructInit
 .text.TIM_Cmd  0x08000698       0x40 ..\obj\stm32f10x_tim.o
                0x08000698                TIM_Cmd
 .text.TIM_GetCapture1
                0x080006d8       0x1c ..\obj\stm32f10x_tim.o
                0x080006d8                TIM_GetCapture1
 .text.TIM_GetCapture2
                0x080006f4       0x1c ..\obj\stm32f10x_tim.o
                0x080006f4                TIM_GetCapture2
 .text.TIM_ClearITPendingBit
                0x08000710       0x20 ..\obj\stm32f10x_tim.o
                0x08000710                TIM_ClearITPendingBit
 .text.Default_Reset_Handler
                0x08000730       0x60 ..\obj\startup_stm32f10x_md_vl.o
                0x08000730                Default_Reset_Handler
                0x08000730                Reset_Handler
 .text.Default_Handler
                0x08000790        0x8 ..\obj\startup_stm32f10x_md_vl.o
                0x08000790                DebugMon_Handler
                0x08000790                TIM1_CC_IRQHandler
                0x08000790                HardFault_Handler
                0x08000790                PVD_IRQHandler
                0x08000790                NMI_Handler
                0x08000790                EXTI3_IRQHandler
                0x08000790                I2C2_EV_IRQHandler
                0x08000790                UsageFault_Handler
                0x08000790                SPI1_IRQHandler
                0x08000790                TAMPER_IRQHandler
                0x08000790                TIM6_DAC_IRQHandler
                0x08000790                ADC1_IRQHandler
                0x08000790                USART3_IRQHandler
                0x08000790                RTC_IRQHandler
                0x08000790                DMA1_Channel7_IRQHandler
                0x08000790                TIM4_IRQHandler
                0x08000790                I2C1_EV_IRQHandler
                0x08000790                DMA1_Channel6_IRQHandler
                0x08000790                RCC_IRQHandler
                0x08000790                DMA1_Channel1_IRQHandler
                0x08000790                CEC_IRQHandler
                0x08000790                TIM7_IRQHandler
                0x08000790                SPI2_IRQHandler
                0x08000790                MemManage_Handler
                0x08000790                EXTI4_IRQHandler
                0x08000790                DMA1_Channel3_IRQHandler
                0x08000790                WWDG_IRQHandler
                0x08000790                TIM2_IRQHandler
                0x08000790                RTCAlarm_IRQHandler
                0x08000790                USART2_IRQHandler
                0x08000790                I2C2_ER_IRQHandler
                0x08000790                DMA1_Channel2_IRQHandler
                0x08000790                FLASH_IRQHandler
                0x08000790                BusFault_Handler
                0x08000790                I2C1_ER_IRQHandler
 .text.SystemInit
                0x08000798       0x6c ..\obj\system_stm32f10x.o
                0x08000798                SystemInit
 .text.SetSysClock
                0x08000804        0xc ..\obj\system_stm32f10x.o
 .text.SetSysClockTo24
                0x08000810       0xd4 ..\obj\system_stm32f10x.o
 .text.interface_speed
                0x080008e4       0x44 ..\obj\diskio.o
 .text.card_power
                0x08000928       0x14 ..\obj\diskio.o
 .text.chk_power
                0x0800093c       0x10 ..\obj\diskio.o
 .text.stm32_spi_rw
                0x0800094c       0x3c ..\obj\diskio.o
 .text.rcvr_spi
                0x08000988       0x10 ..\obj\diskio.o
 .text.wait_ready
                0x08000998       0x34 ..\obj\diskio.o
 .text.release_spi
                0x080009cc       0x18 ..\obj\diskio.o
 .text.power_on
                0x080009e4      0x128 ..\obj\diskio.o
 .text.power_off
                0x08000b0c       0x7c ..\obj\diskio.o
 .text.rcvr_datablock
                0x08000b88       0x94 ..\obj\diskio.o
 .text.xmit_datablock
                0x08000c1c       0x80 ..\obj\diskio.o
 .text.send_cmd
                0x08000c9c       0xe4 ..\obj\diskio.o
 .text.disk_initialize
                0x08000d80      0x1ac ..\obj\diskio.o
                0x08000d80                disk_initialize
 .text.disk_status
                0x08000f2c       0x2c ..\obj\diskio.o
                0x08000f2c                disk_status
 .text.disk_read
                0x08000f58       0xd0 ..\obj\diskio.o
                0x08000f58                disk_read
 .text.disk_write
                0x08001028      0x104 ..\obj\diskio.o
                0x08001028                disk_write
 .text.disk_ioctl
                0x0800112c      0x384 ..\obj\diskio.o
                0x0800112c                disk_ioctl
 .text.GPIO_Init
                0x080014b0      0x178 ..\obj\stm32f10x_gpio.o
                0x080014b0                GPIO_Init
 .text.GPIO_StructInit
                0x08001628       0x28 ..\obj\stm32f10x_gpio.o
                0x08001628                GPIO_StructInit
 .text.GPIO_SetBits
                0x08001650       0x1c ..\obj\stm32f10x_gpio.o
                0x08001650                GPIO_SetBits
 .text.GPIO_ResetBits
                0x0800166c       0x1c ..\obj\stm32f10x_gpio.o
                0x0800166c                GPIO_ResetBits
 .text.GPIO_PinRemapConfig
                0x08001688       0xe0 ..\obj\stm32f10x_gpio.o
                0x08001688                GPIO_PinRemapConfig
 .text.__DSB    0x08001768       0x10 ..\obj\main.o
 .text.NVIC_EnableIRQ
                0x08001778       0x30 ..\obj\main.o
 .text.NVIC_SystemReset
                0x080017a8       0x24 ..\obj\main.o
 .text.autoSafe
                0x080017cc      0x104 ..\obj\main.o
                0x080017cc                autoSafe
 .text.Lcd_write_8b
                0x080018d0       0x88 ..\obj\main.o
                0x080018d0                Lcd_write_8b
 .text.calibrateFlowMeter
                0x08001958      0x204 ..\obj\main.o
                0x08001958                calibrateFlowMeter
 .text.get_water_cl
                0x08001b5c       0x64 ..\obj\main.o
                0x08001b5c                get_water_cl
 .text.get_water
                0x08001bc0      0x188 ..\obj\main.o
                0x08001bc0                get_water
 .text.Lcd_write_16b
                0x08001d48       0x70 ..\obj\main.o
                0x08001d48                Lcd_write_16b
 .text.crc_block
                0x08001db8       0x44 ..\obj\main.o
                0x08001db8                crc_block
 .text.USART1_IRQHandler
                0x08001dfc      0x1b0 ..\obj\main.o
                0x08001dfc                USART1_IRQHandler
 .text.uart_task
                0x08001fac       0x50 ..\obj\main.o
 .text.rx_flush
                0x08001ffc       0x34 ..\obj\main.o
                0x08001ffc                rx_flush
 .text.tx_flush
                0x08002030       0x40 ..\obj\main.o
                0x08002030                tx_flush
 .text.send_resp
                0x08002070       0x90 ..\obj\main.o
                0x08002070                send_resp
 .text.run_uart_cmd
                0x08002100      0x33c ..\obj\main.o
                0x08002100                run_uart_cmd
 .text.run_doser_for
                0x0800243c       0x68 ..\obj\main.o
                0x0800243c                run_doser_for
 .text.rx_ee    0x080024a4       0xd4 ..\obj\main.o
                0x080024a4                rx_ee
 .text.send_ee_addr
                0x08002578      0x114 ..\obj\main.o
                0x08002578                send_ee_addr
 .text.send_ee_block
                0x0800268c      0x10c ..\obj\main.o
                0x0800268c                send_ee_block
 .text.get_settings_block
                0x08002798       0xac ..\obj\main.o
                0x08002798                get_settings_block
 .text.get_status_block
                0x08002844      0x51c ..\obj\main.o
                0x08002844                get_status_block
 .text.DMA1_Channel4_IRQHandler
                0x08002d60       0x14 ..\obj\main.o
                0x08002d60                DMA1_Channel4_IRQHandler
 .text.DMA1_Channel5_IRQHandler
                0x08002d74       0x14 ..\obj\main.o
                0x08002d74                DMA1_Channel5_IRQHandler
 .text.bluetooth_init
                0x08002d88       0xdc ..\obj\main.o
                0x08002d88                bluetooth_init
 .text.dosing_motor_control_init
                0x08002e64       0xc0 ..\obj\main.o
                0x08002e64                dosing_motor_control_init
 .text.tankLevelStabSetup
                0x08002f24       0xb4 ..\obj\main.o
                0x08002f24                tankLevelStabSetup
 .text.tankLevelStab
                0x08002fd8       0x64 ..\obj\main.o
                0x08002fd8                tankLevelStab
 .text.open_valve
                0x0800303c       0x60 ..\obj\main.o
                0x0800303c                open_valve
 .text.close_valve
                0x0800309c       0x64 ..\obj\main.o
                0x0800309c                close_valve
 .text.EXTI0_IRQHandler
                0x08003100       0x1c ..\obj\main.o
                0x08003100                EXTI0_IRQHandler
 .text.EXTI1_IRQHandler
                0x0800311c       0x1c ..\obj\main.o
                0x0800311c                EXTI1_IRQHandler
 .text.EXTI2_IRQHandler
                0x08003138        0xc ..\obj\main.o
                0x08003138                EXTI2_IRQHandler
 .text.EXTI15_10_IRQHandler
                0x08003144       0x20 ..\obj\main.o
                0x08003144                EXTI15_10_IRQHandler
 .text.EXTI9_5_IRQHandler
                0x08003164       0x18 ..\obj\main.o
                0x08003164                EXTI9_5_IRQHandler
 .text.eeprom_test
                0x0800317c       0xb0 ..\obj\main.o
                0x0800317c                eeprom_test
 .text.valve_test2
                0x0800322c      0x12c ..\obj\main.o
                0x0800322c                valve_test2
 .text.valve_test3
                0x08003358      0x110 ..\obj\main.o
                0x08003358                valve_test3
 .text.valve_test
                0x08003468      0x154 ..\obj\main.o
                0x08003468                valve_test
 .text.adjustFlags
                0x080035bc      0x16c ..\obj\main.o
                0x080035bc                adjustFlags
 .text.water_program_setup
                0x08003728      0x1c8 ..\obj\main.o
                0x08003728                water_program_setup
 .text.fertilization_setup
                0x080038f0       0x38 ..\obj\main.o
                0x080038f0                fertilization_setup
 .text.watering_setup
                0x08003928       0x38 ..\obj\main.o
                0x08003928                watering_setup
 .text.fertilizer_mixing_program_setup
                0x08003960      0x1d0 ..\obj\main.o
                0x08003960                fertilizer_mixing_program_setup
 .text.startWp  0x08003b30       0xf4 ..\obj\main.o
                0x08003b30                startWp
 .text.run_watering_program
                0x08003c24      0x320 ..\obj\main.o
                0x08003c24                run_watering_program
 .text.run_fertilizer_mixer
                0x08003f44       0xb4 ..\obj\main.o
                0x08003f44                run_fertilizer_mixer
 .text.run_circulation_pump
                0x08003ff8       0x44 ..\obj\main.o
                0x08003ff8                run_circulation_pump
 .text.enable_dosing_pump
                0x0800403c       0xd8 ..\obj\main.o
                0x0800403c                enable_dosing_pump
 .text.get_fertilizer
                0x08004114       0x6c ..\obj\main.o
                0x08004114                get_fertilizer
 .text.valve_init
                0x08004180       0x20 ..\obj\main.o
                0x08004180                valve_init
 .text.watering_program_trigger
                0x080041a0      0x134 ..\obj\main.o
 .text.TIM3_IRQHandler
                0x080042d4      0x154 ..\obj\main.o
                0x080042d4                TIM3_IRQHandler
 .text.TIM1_BRK_TIM15_IRQHandler
                0x08004428      0x138 ..\obj\main.o
                0x08004428                TIM1_BRK_TIM15_IRQHandler
 .text.TIM1_UP_TIM16_IRQHandler
                0x08004560       0x34 ..\obj\main.o
                0x08004560                TIM1_UP_TIM16_IRQHandler
 .text.TIM1_TRG_COM_TIM17_IRQHandler
                0x08004594       0x44 ..\obj\main.o
                0x08004594                TIM1_TRG_COM_TIM17_IRQHandler
 .text.dht_arr_displayer
                0x080045d8       0xb8 ..\obj\main.o
                0x080045d8                dht_arr_displayer
 .text.adc2ph   0x08004690       0x3c ..\obj\main.o
                0x08004690                adc2ph
 .text.ph2adc   0x080046cc       0x44 ..\obj\main.o
                0x080046cc                ph2adc
 .text.phStabSettings
                0x08004710       0xbc ..\obj\main.o
                0x08004710                phStabSettings
 .text.readPercentVal
                0x080047cc      0x128 ..\obj\main.o
                0x080047cc                readPercentVal
 .text.hygroStatSettings
                0x080048f4       0x9c ..\obj\main.o
                0x080048f4                hygroStatSettings
 .text.convPh2str
                0x08004990       0xc8 ..\obj\main.o
                0x08004990                convPh2str
 .text.readPhVal
                0x08004a58       0xac ..\obj\main.o
                0x08004a58                readPhVal
 .text.adc2str  0x08004b04      0x2f4 ..\obj\main.o
                0x08004b04                adc2str
 .text.Delay_us
                0x08004df8       0x28 ..\obj\main.o
                0x08004df8                Delay_us
 .text.buttonCalibration
                0x08004e20      0x2b4 ..\obj\main.o
                0x08004e20                buttonCalibration
 .text.displayAdcValues
                0x080050d4      0x100 ..\obj\main.o
                0x080050d4                displayAdcValues
 .text.display_usart_rx
                0x080051d4       0xb4 ..\obj\main.o
                0x080051d4                display_usart_rx
 .text.display_usart_tx
                0x08005288       0xb4 ..\obj\main.o
                0x08005288                display_usart_tx
 .text.saveButtonRanges
                0x0800533c       0x3c ..\obj\main.o
                0x0800533c                saveButtonRanges
 .text.readButtonRanges
                0x08005378       0x3c ..\obj\main.o
                0x08005378                readButtonRanges
 .text.string2log
                0x080053b4       0xcc ..\obj\main.o
                0x080053b4                string2log
 .text.calibratePh
                0x08005480      0x198 ..\obj\main.o
                0x08005480                calibratePh
 .text.adcAverager
                0x08005618      0x140 ..\obj\main.o
                0x08005618                adcAverager
 .text.getPh    0x08005758      0x158 ..\obj\main.o
                0x08005758                getPh
 .text.setPlug  0x080058b0       0xa0 ..\obj\main.o
                0x080058b0                setPlug
 .text.printOk  0x08005950       0x2c ..\obj\main.o
                0x08005950                printOk
 .text.timerStateTrigger
                0x0800597c      0x1b4 ..\obj\main.o
 .text.psiStab  0x08005b30        0xc ..\obj\main.o
                0x08005b30                psiStab
 .text.plugStateTrigger
                0x08005b3c      0x2e4 ..\obj\main.o
 .text.psiSetup
                0x08005e20      0x180 ..\obj\main.o
                0x08005e20                psiSetup
 .text.plugTest
                0x08005fa0       0x8c ..\obj\main.o
                0x08005fa0                plugTest
 .text.plugStateSet
                0x0800602c       0x88 ..\obj\main.o
                0x0800602c                plugStateSet
 .text.EE_WriteWord
                0x080060b4       0x38 ..\obj\main.o
                0x080060b4                EE_WriteWord
 .text.programRunner
                0x080060ec      0x190 ..\obj\main.o
                0x080060ec                programRunner
 .text.phMonSettings
                0x0800627c       0xd0 ..\obj\main.o
                0x0800627c                phMonSettings
 .text.adjust8bit
                0x0800634c       0x94 ..\obj\main.o
                0x0800634c                adjust8bit
 .text.adjust16bit
                0x080063e0       0xa0 ..\obj\main.o
                0x080063e0                adjust16bit
 .text.adjust16bit_fast
                0x08006480       0xb0 ..\obj\main.o
                0x08006480                adjust16bit_fast
 .text.CTimerAdjust
                0x08006530      0x184 ..\obj\main.o
                0x08006530                CTimerAdjust
 .text.setCTimer
                0x080066b4       0xf0 ..\obj\main.o
                0x080066b4                setCTimer
 .text.idSelector
                0x080067a4       0x78 ..\obj\main.o
                0x080067a4                idSelector
 .text.setTimer
                0x0800681c       0xf4 ..\obj\main.o
                0x0800681c                setTimer
 .text.timeAdjust
                0x08006910      0x2b4 ..\obj\main.o
                0x08006910                timeAdjust
 .text.Lcd_write_arr
                0x08006bc4       0x38 ..\obj\main.o
                0x08006bc4                Lcd_write_arr
 .text.unix2DateTime
                0x08006bfc      0x2fc ..\obj\main.o
                0x08006bfc                unix2DateTime
 .text.DateTime2unix
                0x08006ef8      0x164 ..\obj\main.o
                0x08006ef8                DateTime2unix
 .text.menuSelector
                0x0800705c      0x13c ..\obj\main.o
                0x0800705c                menuSelector
 .text.RTC_GetCounter
                0x08007198       0x24 ..\obj\main.o
                0x08007198                RTC_GetCounter
 .text.RTC_SetCounter
                0x080071bc       0x48 ..\obj\main.o
                0x080071bc                RTC_SetCounter
 .text.RtcInit  0x08007204       0xcc ..\obj\main.o
                0x08007204                RtcInit
 .text.phMonitor
                0x080072d0       0x14 ..\obj\main.o
 .text.copy_arr
                0x080072e4       0x44 ..\obj\main.o
                0x080072e4                copy_arr
 .text.displayClock
                0x08007328      0x15c ..\obj\main.o
 .text.readButtons
                0x08007484       0x68 ..\obj\main.o
                0x08007484                readButtons
 .text.AdcInit  0x080074ec      0x184 ..\obj\main.o
                0x080074ec                AdcInit
 .text.Lcd_write_digit
                0x08007670      0x108 ..\obj\main.o
                0x08007670                Lcd_write_digit
 .text.prvSetupHardware
                0x08007778       0x80 ..\obj\main.o
 .text.vTaskLCDdraw
                0x080077f8       0x3c ..\obj\main.o
 .text.int32str
                0x08007834      0x1cc ..\obj\main.o
                0x08007834                int32str
 .text.int10str
                0x08007a00       0xc0 ..\obj\main.o
                0x08007a00                int10str
 .text.EE_ReadWord
                0x08007ac0       0x4c ..\obj\main.o
                0x08007ac0                EE_ReadWord
 .text.flush_lcd_buffer
                0x08007b0c       0x40 ..\obj\main.o
                0x08007b0c                flush_lcd_buffer
 .text.main     0x08007b4c      0x200 ..\obj\main.o
                0x08007b4c                main
 .text.loadSettings
                0x08007d4c      0x800 ..\obj\main.o
                0x08007d4c                loadSettings
 .text.Lcd_write_str
                0x0800854c       0x6c ..\obj\main.o
                0x0800854c                Lcd_write_str
 .text.Lcd_goto
                0x080085b8       0x44 ..\obj\main.o
                0x080085b8                Lcd_goto
 .text.Init_pin_out
                0x080085fc       0x80 ..\obj\main.o
                0x080085fc                Init_pin_out
 .text.Lcd_write_cmd
                0x0800867c       0x90 ..\obj\main.o
                0x0800867c                Lcd_write_cmd
 .text.Lcd_write_data
                0x0800870c       0xc4 ..\obj\main.o
                0x0800870c                Lcd_write_data
 .text.set4highBits
                0x080087d0       0xac ..\obj\main.o
                0x080087d0                set4highBits
 .text.set4lowBits
                0x0800887c       0xac ..\obj\main.o
                0x0800887c                set4lowBits
 .text.Init_lcd
                0x08008928       0x88 ..\obj\main.o
                0x08008928                Init_lcd
 .text.Lcd_clear
                0x080089b0       0x18 ..\obj\main.o
                0x080089b0                Lcd_clear
 .text.xTimerCreateTimerTask
                0x080089c8       0x5c ..\obj\timers.o
                0x080089c8                xTimerCreateTimerTask
 .text.xTimerGenericCommand
                0x08008a24       0x8c ..\obj\timers.o
                0x08008a24                xTimerGenericCommand
 .text.prvProcessExpiredTimer
                0x08008ab0       0x74 ..\obj\timers.o
 .text.prvTimerTask
                0x08008b24       0x24 ..\obj\timers.o
 .text.prvProcessTimerOrBlockTask
                0x08008b48       0x6c ..\obj\timers.o
 .text.prvGetNextExpireTime
                0x08008bb4       0x48 ..\obj\timers.o
 .text.prvSampleTimeNow
                0x08008bfc       0x44 ..\obj\timers.o
 .text.prvInsertTimerInActiveList
                0x08008c40       0x84 ..\obj\timers.o
 .text.prvProcessReceivedCommands
                0x08008cc4      0x100 ..\obj\timers.o
 .text.prvSwitchTimerLists
                0x08008dc4       0xb8 ..\obj\timers.o
 .text.prvCheckForValidListAndQueue
                0x08008e7c       0x54 ..\obj\timers.o
 .text.RCC_GetClocksFreq
                0x08008ed0      0x15c ..\obj\stm32f10x_rcc.o
                0x08008ed0                RCC_GetClocksFreq
 .text.RCC_AHBPeriphClockCmd
                0x0800902c       0x3c ..\obj\stm32f10x_rcc.o
                0x0800902c                RCC_AHBPeriphClockCmd
 .text.RCC_APB2PeriphClockCmd
                0x08009068       0x3c ..\obj\stm32f10x_rcc.o
                0x08009068                RCC_APB2PeriphClockCmd
 .text.RCC_APB1PeriphClockCmd
                0x080090a4       0x3c ..\obj\stm32f10x_rcc.o
                0x080090a4                RCC_APB1PeriphClockCmd
 .text.RCC_APB2PeriphResetCmd
                0x080090e0       0x3c ..\obj\stm32f10x_rcc.o
                0x080090e0                RCC_APB2PeriphResetCmd
 .text.RCC_APB1PeriphResetCmd
                0x0800911c       0x3c ..\obj\stm32f10x_rcc.o
                0x0800911c                RCC_APB1PeriphResetCmd
 .text.EXTI_ClearITPendingBit
                0x08009158       0x1c ..\obj\stm32f10x_exti.o
                0x08009158                EXTI_ClearITPendingBit
 .text.xTaskGenericCreate
                0x08009174      0x19c ..\obj\tasks.o
                0x08009174                xTaskGenericCreate
 .text.vTaskDelay
                0x08009310       0x50 ..\obj\tasks.o
                0x08009310                vTaskDelay
 .text.vTaskStartScheduler
                0x08009360       0x74 ..\obj\tasks.o
                0x08009360                vTaskStartScheduler
 .text.vTaskSuspendAll
                0x080093d4       0x1c ..\obj\tasks.o
                0x080093d4                vTaskSuspendAll
 .text.xTaskResumeAll
                0x080093f0      0x108 ..\obj\tasks.o
                0x080093f0                xTaskResumeAll
 .text.xTaskGetTickCount
                0x080094f8       0x24 ..\obj\tasks.o
                0x080094f8                xTaskGetTickCount
 .text.vTaskIncrementTick
                0x0800951c      0x140 ..\obj\tasks.o
                0x0800951c                vTaskIncrementTick
 .text.vTaskSwitchContext
                0x0800965c       0xa4 ..\obj\tasks.o
                0x0800965c                vTaskSwitchContext
 .text.vTaskPlaceOnEventList
                0x08009700       0x70 ..\obj\tasks.o
                0x08009700                vTaskPlaceOnEventList
 .text.vTaskPlaceOnEventListRestricted
                0x08009770       0x54 ..\obj\tasks.o
                0x08009770                vTaskPlaceOnEventListRestricted
 .text.xTaskRemoveFromEventList
                0x080097c4       0xb0 ..\obj\tasks.o
                0x080097c4                xTaskRemoveFromEventList
 .text.vTaskSetTimeOutState
                0x08009874       0x3c ..\obj\tasks.o
                0x08009874                vTaskSetTimeOutState
 .text.xTaskCheckForTimeOut
                0x080098b0       0xa8 ..\obj\tasks.o
                0x080098b0                xTaskCheckForTimeOut
 .text.vTaskMissedYield
                0x08009958       0x18 ..\obj\tasks.o
                0x08009958                vTaskMissedYield
 .text.prvIdleTask
                0x08009970       0x20 ..\obj\tasks.o
 .text.prvInitialiseTCBVariables
                0x08009990       0x6c ..\obj\tasks.o
 .text.prvInitialiseTaskLists
                0x080099fc       0x7c ..\obj\tasks.o
 .text.prvCheckTasksWaitingTermination
                0x08009a78       0x74 ..\obj\tasks.o
 .text.prvAddCurrentTaskToDelayedList
                0x08009aec       0x6c ..\obj\tasks.o
 .text.prvAllocateTCBAndStack
                0x08009b58       0x64 ..\obj\tasks.o
 .text.prvDeleteTCB
                0x08009bbc       0x20 ..\obj\tasks.o
 .text.xTaskGetCurrentTaskHandle
                0x08009bdc       0x20 ..\obj\tasks.o
                0x08009bdc                xTaskGetCurrentTaskHandle
 .text.xTaskGetSchedulerState
                0x08009bfc       0x3c ..\obj\tasks.o
                0x08009bfc                xTaskGetSchedulerState
 .text.vTaskPriorityInherit
                0x08009c38       0xb4 ..\obj\tasks.o
                0x08009c38                vTaskPriorityInherit
 .text.vTaskPriorityDisinherit
                0x08009cec       0x7c ..\obj\tasks.o
                0x08009cec                vTaskPriorityDisinherit
 .text.USART_DeInit
                0x08009d68       0xb8 ..\obj\stm32f10x_usart.o
                0x08009d68                USART_DeInit
 .text.USART_Init
                0x08009e20      0x174 ..\obj\stm32f10x_usart.o
                0x08009e20                USART_Init
 .text.USART_Cmd
                0x08009f94       0x40 ..\obj\stm32f10x_usart.o
                0x08009f94                USART_Cmd
 .text.USART_ReceiveData
                0x08009fd4       0x20 ..\obj\stm32f10x_usart.o
                0x08009fd4                USART_ReceiveData
 .text.USART_ClearFlag
                0x08009ff4       0x20 ..\obj\stm32f10x_usart.o
                0x08009ff4                USART_ClearFlag
 .text.USART_GetITStatus
                0x0800a014       0xb0 ..\obj\stm32f10x_usart.o
                0x0800a014                USART_GetITStatus
 .text.vListInitialise
                0x0800a0c4       0x40 ..\obj\list.o
                0x0800a0c4                vListInitialise
 .text.vListInitialiseItem
                0x0800a104       0x18 ..\obj\list.o
                0x0800a104                vListInitialiseItem
 .text.vListInsertEnd
                0x0800a11c       0x50 ..\obj\list.o
                0x0800a11c                vListInsertEnd
 .text.vListInsert
                0x0800a16c       0x70 ..\obj\list.o
                0x0800a16c                vListInsert
 .text.vListRemove
                0x0800a1dc       0x50 ..\obj\list.o
                0x0800a1dc                vListRemove
 .text.FLASH_Unlock
                0x0800a22c       0x24 ..\obj\stm32f10x_flash.o
                0x0800a22c                FLASH_Unlock
 .text.FLASH_ErasePage
                0x0800a250       0x64 ..\obj\stm32f10x_flash.o
                0x0800a250                FLASH_ErasePage
 .text.FLASH_ProgramHalfWord
                0x0800a2b4       0x5c ..\obj\stm32f10x_flash.o
                0x0800a2b4                FLASH_ProgramHalfWord
 .text.FLASH_GetBank1Status
                0x0800a310       0x58 ..\obj\stm32f10x_flash.o
                0x0800a310                FLASH_GetBank1Status
 .text.FLASH_WaitForLastOperation
                0x0800a368       0x44 ..\obj\stm32f10x_flash.o
                0x0800a368                FLASH_WaitForLastOperation
 .text.xQueueGenericReset
                0x0800a3ac       0xac ..\obj\queue.o
                0x0800a3ac                xQueueGenericReset
 .text.xQueueGenericCreate
                0x0800a458       0x80 ..\obj\queue.o
                0x0800a458                xQueueGenericCreate
 .text.xQueueGenericSend
                0x0800a4d8      0x140 ..\obj\queue.o
                0x0800a4d8                xQueueGenericSend
 .text.xQueueGenericSendFromISR
                0x0800a618       0xc4 ..\obj\queue.o
                0x0800a618                xQueueGenericSendFromISR
 .text.xQueueGenericReceive
                0x0800a6dc      0x1a0 ..\obj\queue.o
                0x0800a6dc                xQueueGenericReceive
 .text.prvCopyDataToQueue
                0x0800a87c       0xb8 ..\obj\queue.o
 .text.prvCopyDataFromQueue
                0x0800a934       0x4c ..\obj\queue.o
 .text.prvUnlockQueue
                0x0800a980       0x98 ..\obj\queue.o
 .text.prvIsQueueEmpty
                0x0800aa18       0x2c ..\obj\queue.o
 .text.prvIsQueueFull
                0x0800aa44       0x30 ..\obj\queue.o
 .text.vQueueWaitForMessageRestricted
                0x0800aa74       0x54 ..\obj\queue.o
                0x0800aa74                vQueueWaitForMessageRestricted
 .text.pxPortInitialiseStack
                0x0800aac8       0x54 ..\obj\port.o
                0x0800aac8                pxPortInitialiseStack
 .text.SVC_Handler
                0x0800ab1c       0x20 ..\obj\port.o
                0x0800ab1c                SVC_Handler
 .text.prvPortStartFirstTask
                0x0800ab3c       0x14 ..\obj\port.o
 .text.xPortStartScheduler
                0x0800ab50       0x38 ..\obj\port.o
                0x0800ab50                xPortStartScheduler
 .text.vPortYieldFromISR
                0x0800ab88       0x18 ..\obj\port.o
                0x0800ab88                vPortYieldFromISR
 .text.vPortEnterCritical
                0x0800aba0       0x24 ..\obj\port.o
                0x0800aba0                vPortEnterCritical
 .text.vPortExitCritical
                0x0800abc4       0x2c ..\obj\port.o
                0x0800abc4                vPortExitCritical
 .text.PendSV_Handler
                0x0800abf0       0x3c ..\obj\port.o
                0x0800abf0                PendSV_Handler
 .text.SysTick_Handler
                0x0800ac2c       0x30 ..\obj\port.o
                0x0800ac2c                SysTick_Handler
 .text.prvSetupTimerInterrupt
                0x0800ac5c       0x24 ..\obj\port.o
 .text.mem_cpy  0x0800ac80       0x3c ..\obj\ff.o
 .text.mem_set  0x0800acbc       0x34 ..\obj\ff.o
 .text.mem_cmp  0x0800acf0       0x50 ..\obj\ff.o
 .text.chk_chr  0x0800ad40       0x38 ..\obj\ff.o
 .text.move_window
                0x0800ad78       0xbc ..\obj\ff.o
 .text.sync     0x0800ae34      0x14c ..\obj\ff.o
 .text.clust2sect
                0x0800af80       0x3c ..\obj\ff.o
                0x0800af80                clust2sect
 .text.get_fat  0x0800afbc      0x154 ..\obj\ff.o
                0x0800afbc                get_fat
 .text.put_fat  0x0800b110      0x1f4 ..\obj\ff.o
                0x0800b110                put_fat
 .text.remove_chain
                0x0800b304       0x9c ..\obj\ff.o
 .text.create_chain
                0x0800b3a0      0x118 ..\obj\ff.o
 .text.dir_sdi  0x0800b4b8      0x100 ..\obj\ff.o
 .text.dir_next
                0x0800b5b8      0x1a8 ..\obj\ff.o
 .text.ld_clust
                0x0800b760       0x58 ..\obj\ff.o
 .text.st_clust
                0x0800b7b8       0x4c ..\obj\ff.o
 .text.dir_find
                0x0800b804       0x94 ..\obj\ff.o
 .text.dir_register
                0x0800b898       0xac ..\obj\ff.o
 .text.create_name
                0x0800b944      0x178 ..\obj\ff.o
 .text.follow_path
                0x0800babc       0xd0 ..\obj\ff.o
 .text.check_fs
                0x0800bb8c       0xc0 ..\obj\ff.o
 .text.chk_mounted
                0x0800bc4c      0x544 ..\obj\ff.o
 .text.validate
                0x0800c190       0x54 ..\obj\ff.o
 .text.f_open   0x0800c1e4      0x278 ..\obj\ff.o
                0x0800c1e4                f_open
 .text.f_write  0x0800c45c      0x30c ..\obj\ff.o
                0x0800c45c                f_write
 .text.f_sync   0x0800c768      0x150 ..\obj\ff.o
                0x0800c768                f_sync
 .text.f_close  0x0800c8b8       0x28 ..\obj\ff.o
                0x0800c8b8                f_close
 .text.f_lseek  0x0800c8e0      0x2a8 ..\obj\ff.o
                0x0800c8e0                f_lseek
 .text.NVIC_Init
                0x0800cb88       0xc0 ..\obj\misc.o
                0x0800cb88                NVIC_Init
 .text.SPI_I2S_DeInit
                0x0800cc48       0x74 ..\obj\stm32f10x_spi.o
                0x0800cc48                SPI_I2S_DeInit
 .text.SPI_Cmd  0x0800ccbc       0x40 ..\obj\stm32f10x_spi.o
                0x0800ccbc                SPI_Cmd
 .text.SPI_I2S_SendData
                0x0800ccfc       0x1c ..\obj\stm32f10x_spi.o
                0x0800ccfc                SPI_I2S_SendData
 .text.SPI_I2S_ReceiveData
                0x0800cd18       0x1c ..\obj\stm32f10x_spi.o
                0x0800cd18                SPI_I2S_ReceiveData
 .text.SPI_I2S_GetFlagStatus
                0x0800cd34       0x38 ..\obj\stm32f10x_spi.o
                0x0800cd34                SPI_I2S_GetFlagStatus
 .text.pvPortMalloc
                0x0800cd6c      0x144 ..\obj\heap_2.o
                0x0800cd6c                pvPortMalloc
 .text.vPortFree
                0x0800ceb0       0x70 ..\obj\heap_2.o
                0x0800ceb0                vPortFree
 .text.EE_Init  0x0800cf20      0x288 ..\obj\eeprom.o
                0x0800cf20                EE_Init
 .text.EE_ReadVariable
                0x0800d1a8       0x98 ..\obj\eeprom.o
                0x0800d1a8                EE_ReadVariable
 .text.EE_WriteVariable
                0x0800d240       0x44 ..\obj\eeprom.o
                0x0800d240                EE_WriteVariable
 .text.EE_Format
                0x0800d284       0x50 ..\obj\eeprom.o
 .text.EE_FindValidPage
                0x0800d2d4       0x8c ..\obj\eeprom.o
 .text.EE_VerifyPageFullWriteVariable
                0x0800d360       0xb0 ..\obj\eeprom.o
 .text.EE_PageTransfer
                0x0800d410      0x130 ..\obj\eeprom.o
 .text.sonar_init
                0x0800d540      0x1a8 ..\obj\driver_sonar.o
                0x0800d540                sonar_init
 .text.sonar_ping
                0x0800d6e8       0x3c ..\obj\driver_sonar.o
                0x0800d6e8                sonar_ping
 .text          0x0800d724       0xec c:/coocox/toolchain48_2/bin/../lib/gcc/arm-none-eabi/4.8.4/../../../../arm-none-eabi/lib/armv7-m\libg.a(lib_a-memcpy.o)
                0x0800d724                memcpy
 .text.memset   0x0800d810       0x94 c:/coocox/toolchain48_2/bin/../lib/gcc/arm-none-eabi/4.8.4/../../../../arm-none-eabi/lib/armv7-m\libg.a(lib_a-memset.o)
                0x0800d810                memset
 .text.strncpy  0x0800d8a4       0x64 c:/coocox/toolchain48_2/bin/../lib/gcc/arm-none-eabi/4.8.4/../../../../arm-none-eabi/lib/armv7-m\libg.a(lib_a-strncpy.o)
                0x0800d8a4                strncpy
 *(.glue_7t)
 .glue_7t       0x00000000        0x0 linker stubs
 *(.glue_7)
 .glue_7        0x00000000        0x0 linker stubs
 *(.rodata .rodata* .gnu.linkonce.r.*)
 .rodata        0x0800d908      0xb64 ..\obj\main.o
                0x0800dae4                menuItemArray
                0x0800dd48                fatArray
 .rodata        0x0800e46c        0x8 ..\obj\timers.o
 .rodata        0x0800e474        0x8 ..\obj\tasks.o
 .rodata        0x0800e47c       0x10 ..\obj\ff.o

.vfp11_veneer   0x0800e48c        0x0
 .vfp11_veneer  0x00000000        0x0 linker stubs

.v4_bx          0x0800e48c        0x0
 .v4_bx         0x00000000        0x0 linker stubs

.iplt           0x0800e48c        0x0
 .iplt          0x00000000        0x0 ..\obj\stm32f10x_tim.o

.rel.dyn        0x0800e48c        0x0
 .rel.iplt      0x00000000        0x0 ..\obj\stm32f10x_tim.o

.ARM.extab
 *(.ARM.extab* .gnu.linkonce.armextab.*)
                0x0800e48c                __exidx_start = .

.ARM.exidx
 *(.ARM.exidx* .gnu.linkonce.armexidx.*)
                0x0800e48c                __exidx_end = .
                0x0800e48c                . = ALIGN (0x4)
                0x0800e48c                _etext = .
                0x0800e48c                _sidata = .

.data           0x20000000       0x48 load address 0x0800e48c
                0x20000000                _sdata = .
 *(.data .data.*)
 .data          0x20000000       0x14 ..\obj\system_stm32f10x.o
                0x20000000                SystemCoreClock
                0x20000004                AHBPrescTable
 .data          0x20000014        0x1 ..\obj\diskio.o
 *fill*         0x20000015        0x3 
 .data          0x20000018       0x10 ..\obj\main.o
                0x20000018                comm_state
                0x20000019                NbrOfDataToTransfer
                0x2000001a                dht_shifter
                0x20000020                no_sd
                0x20000024                VirtAddVarTab
 .data          0x20000028       0x14 ..\obj\stm32f10x_rcc.o
 .data          0x2000003c        0x4 ..\obj\tasks.o
 .data          0x20000040        0x4 ..\obj\port.o
 .data          0x20000044        0x4 ..\obj\heap_2.o
                0x20000048                . = ALIGN (0x4)
                0x20000048                _edata = .

.igot.plt       0x20000048        0x0 load address 0x0800e4d4
 .igot.plt      0x00000000        0x0 ..\obj\stm32f10x_tim.o

.bss            0x20000048     0x1b88 load address 0x0800e4d8
                0x20000048                _sbss = .
 *(.bss .bss.*)
 .bss           0x20000048       0x10 ..\obj\diskio.o
 .bss           0x20000058      0x2cc ..\obj\main.o
                0x20000061                valve_busy
                0x20000062                txbuff_ne
                0x20000065                logstr_crc
                0x20000066                IC2Value
                0x20000068                DutyCycle
                0x2000006c                Frequency
                0x200000b4                lcd_pointerx
                0x200000b5                lcd_pointery
                0x200000b6                buttonReverse
                0x200000ca                logInterval
                0x200000da                ph_seven
                0x200000dc                ph0
                0x200000e0                ph4
                0x200000e2                ec1413
                0x200000e4                ec0
                0x200000e8                cdel
                0x200000ec                currentEc
                0x200000ed                currentPh
                0x200000ee                phUnderOver
                0x200000ef                ecUnderOver
                0x200000f0                lastWriteTime
                0x200000f4                RxBufferp
                0x200000f5                prefixDetectionIdx
                0x200000f7                packet_length
                0x200000f8                rxm_state
                0x200000f9                packet_ready
                0x200000fa                rx_packet_crc
 .bss           0x20000324       0x38 ..\obj\timers.o
 .bss           0x2000035c      0x100 ..\obj\tasks.o
                0x2000035c                pxCurrentTCB
 .bss           0x2000045c        0x8 ..\obj\ff.o
 *fill*         0x20000464        0x4 
 .bss           0x20000468     0x1418 ..\obj\heap_2.o
 .bss           0x20001880        0x2 ..\obj\eeprom.o
                0x20001880                DataVar
 *(COMMON)
 *fill*         0x20001882        0x2 
 COMMON         0x20001884      0x349 ..\obj\main.o
                0x20001884                jdrBuff3
                0x20001898                del
                0x2000189c                ecWindowTop
                0x2000189e                HSEStartUpStatus
                0x200018a0                jdrBuff4
                0x200018b4                ecWindowBottom
                0x200018b8                water_counter
                0x200018c8                dosingPumpStateFlags
                0x200018c9                wpStateFlags
                0x200018cc                fs
                0x20001afc                dosingPumpStateFlags2
                0x20001afd                circulationPumpId
                0x20001b00                jdrBuff2
                0x20001b14                FlashStatus
                0x20001b15                RxByte
                0x20001b18                wfCalArray
                0x20001b20                waterSensorStateFlags
                0x20001b24                button_ranges
                0x20001b34                DHTValue
                0x20001b3a                phWindowBottom
                0x20001b3c                toAdjust
                0x20001b40                RxBuffer
                0x20001b6a                valve_failed
                0x20001b6c                TxBuffer
                0x20001b98                jdrBuff1
                0x20001bac                adcAverage
                0x20001bb4                TIM_ICInitStructure
                0x20001bbe                phWindowTop
                0x20001bc0                curphstr
                0x20001bc8                curecstr
                0x20001bd0                . = ALIGN (0x4)
 *fill*         0x20001bcd        0x3 
                0x20001bd0                _ebss = .

.co_stack       0x20001bd0      0x400 load address 0x08010060
                0x20001bd0                . = ALIGN (0x8)
 *(.co_stack .co_stack.*)
 .co_stack      0x20001bd0      0x400 ..\obj\startup_stm32f10x_md_vl.o
                0x20001bd0                pulStack
                0x20001fd0                . = ALIGN (0x4)
                0x20001fd0                _end = .
LOAD ..\obj\stm32f10x_tim.o
LOAD ..\obj\startup_stm32f10x_md_vl.o
LOAD ..\obj\system_stm32f10x.o
LOAD ..\obj\stm32f10x_pwr.o
LOAD ..\obj\diskio.o
LOAD ..\obj\stm32f10x_gpio.o
LOAD ..\obj\main.o
LOAD ..\obj\timers.o
LOAD ..\obj\stm32f10x_rcc.o
LOAD ..\obj\stm32f10x_exti.o
LOAD ..\obj\tasks.o
LOAD ..\obj\stm32f10x_adc.o
LOAD ..\obj\stm32f10x_usart.o
LOAD ..\obj\list.o
LOAD ..\obj\syscalls.o
LOAD ..\obj\stm32f10x_flash.o
LOAD ..\obj\queue.o
LOAD ..\obj\port.o
LOAD ..\obj\ff.o
LOAD ..\obj\stm32f10x_dma.o
LOAD ..\obj\croutine.o
LOAD ..\obj\misc.o
LOAD ..\obj\stm32f10x_spi.o
LOAD ..\obj\heap_2.o
LOAD ..\obj\eeprom.o
LOAD ..\obj\driver_sonar.o
START GROUP
LOAD c:/coocox/toolchain48_2/bin/../lib/gcc/arm-none-eabi/4.8.4/armv7-m\libgcc.a
LOAD c:/coocox/toolchain48_2/bin/../lib/gcc/arm-none-eabi/4.8.4/../../../../arm-none-eabi/lib/armv7-m\libg.a
LOAD c:/coocox/toolchain48_2/bin/../lib/gcc/arm-none-eabi/4.8.4/../../../../arm-none-eabi/lib/armv7-m\libc.a
END GROUP
OUTPUT(hellow4.elf elf32-littlearm)

.debug_info     0x00000000     0xe313
 .debug_info    0x00000000     0x1c21 ..\obj\stm32f10x_tim.o
 .debug_info    0x00001c21       0xe9 ..\obj\startup_stm32f10x_md_vl.o
 .debug_info    0x00001d0a      0x3b4 ..\obj\system_stm32f10x.o
 .debug_info    0x000020be      0xc70 ..\obj\diskio.o
 .debug_info    0x00002d2e      0x6b0 ..\obj\stm32f10x_gpio.o
 .debug_info    0x000033de     0x40be ..\obj\main.o
 .debug_info    0x0000749c      0x6e0 ..\obj\timers.o
 .debug_info    0x00007b7c      0x8c3 ..\obj\stm32f10x_rcc.o
 .debug_info    0x0000843f      0x320 ..\obj\stm32f10x_exti.o
 .debug_info    0x0000875f      0xd2a ..\obj\tasks.o
 .debug_info    0x00009489      0x9b1 ..\obj\stm32f10x_usart.o
 .debug_info    0x00009e3a      0x27f ..\obj\list.o
 .debug_info    0x0000a0b9      0x77a ..\obj\stm32f10x_flash.o
 .debug_info    0x0000a833      0x7cd ..\obj\queue.o
 .debug_info    0x0000b000      0x1b1 ..\obj\port.o
 .debug_info    0x0000b1b1     0x166d ..\obj\ff.o
 .debug_info    0x0000c81e      0x4d3 ..\obj\misc.o
 .debug_info    0x0000ccf1      0x8bc ..\obj\stm32f10x_spi.o
 .debug_info    0x0000d5ad      0x2a6 ..\obj\heap_2.o
 .debug_info    0x0000d853      0x407 ..\obj\eeprom.o
 .debug_info    0x0000dc5a      0x6b9 ..\obj\driver_sonar.o

.debug_abbrev   0x00000000     0x2066
 .debug_abbrev  0x00000000      0x1b0 ..\obj\stm32f10x_tim.o
 .debug_abbrev  0x000001b0       0xa7 ..\obj\startup_stm32f10x_md_vl.o
 .debug_abbrev  0x00000257      0x177 ..\obj\system_stm32f10x.o
 .debug_abbrev  0x000003ce      0x296 ..\obj\diskio.o
 .debug_abbrev  0x00000664      0x1c8 ..\obj\stm32f10x_gpio.o
 .debug_abbrev  0x0000082c      0x3a7 ..\obj\main.o
 .debug_abbrev  0x00000bd3      0x173 ..\obj\timers.o
 .debug_abbrev  0x00000d46      0x1ba ..\obj\stm32f10x_rcc.o
 .debug_abbrev  0x00000f00      0x151 ..\obj\stm32f10x_exti.o
 .debug_abbrev  0x00001051      0x1cf ..\obj\tasks.o
 .debug_abbrev  0x00001220      0x162 ..\obj\stm32f10x_usart.o
 .debug_abbrev  0x00001382       0xba ..\obj\list.o
 .debug_abbrev  0x0000143c      0x18b ..\obj\stm32f10x_flash.o
 .debug_abbrev  0x000015c7      0x130 ..\obj\queue.o
 .debug_abbrev  0x000016f7      0x12e ..\obj\port.o
 .debug_abbrev  0x00001825      0x19d ..\obj\ff.o
 .debug_abbrev  0x000019c2      0x154 ..\obj\misc.o
 .debug_abbrev  0x00001b16      0x17e ..\obj\stm32f10x_spi.o
 .debug_abbrev  0x00001c94      0x166 ..\obj\heap_2.o
 .debug_abbrev  0x00001dfa      0x139 ..\obj\eeprom.o
 .debug_abbrev  0x00001f33      0x133 ..\obj\driver_sonar.o

.debug_aranges  0x00000000     0x13d8
 .debug_aranges
                0x00000000      0x2f0 ..\obj\stm32f10x_tim.o
 .debug_aranges
                0x000002f0       0x28 ..\obj\startup_stm32f10x_md_vl.o
 .debug_aranges
                0x00000318       0x38 ..\obj\system_stm32f10x.o
 .debug_aranges
                0x00000350       0xd8 ..\obj\diskio.o
 .debug_aranges
                0x00000428       0xa8 ..\obj\stm32f10x_gpio.o
 .debug_aranges
                0x000004d0      0x550 ..\obj\main.o
 .debug_aranges
                0x00000a20       0x88 ..\obj\timers.o
 .debug_aranges
                0x00000aa8      0x120 ..\obj\stm32f10x_rcc.o
 .debug_aranges
                0x00000bc8       0x58 ..\obj\stm32f10x_exti.o
 .debug_aranges
                0x00000c20      0x138 ..\obj\tasks.o
 .debug_aranges
                0x00000d58      0x100 ..\obj\stm32f10x_usart.o
 .debug_aranges
                0x00000e58       0x40 ..\obj\list.o
 .debug_aranges
                0x00000e98       0xf8 ..\obj\stm32f10x_flash.o
 .debug_aranges
                0x00000f90       0xb0 ..\obj\queue.o
 .debug_aranges
                0x00001040       0x70 ..\obj\port.o
 .debug_aranges
                0x000010b0      0x168 ..\obj\ff.o
 .debug_aranges
                0x00001218       0x40 ..\obj\misc.o
 .debug_aranges
                0x00001258       0xd0 ..\obj\stm32f10x_spi.o
 .debug_aranges
                0x00001328       0x38 ..\obj\heap_2.o
 .debug_aranges
                0x00001360       0x50 ..\obj\eeprom.o
 .debug_aranges
                0x000013b0       0x28 ..\obj\driver_sonar.o

.debug_ranges   0x00000000     0x1288
 .debug_ranges  0x00000000      0x2e0 ..\obj\stm32f10x_tim.o
 .debug_ranges  0x000002e0       0x18 ..\obj\startup_stm32f10x_md_vl.o
 .debug_ranges  0x000002f8       0x28 ..\obj\system_stm32f10x.o
 .debug_ranges  0x00000320       0xc8 ..\obj\diskio.o
 .debug_ranges  0x000003e8       0x98 ..\obj\stm32f10x_gpio.o
 .debug_ranges  0x00000480      0x540 ..\obj\main.o
 .debug_ranges  0x000009c0       0x78 ..\obj\timers.o
 .debug_ranges  0x00000a38      0x110 ..\obj\stm32f10x_rcc.o
 .debug_ranges  0x00000b48       0x48 ..\obj\stm32f10x_exti.o
 .debug_ranges  0x00000b90      0x128 ..\obj\tasks.o
 .debug_ranges  0x00000cb8       0xf0 ..\obj\stm32f10x_usart.o
 .debug_ranges  0x00000da8       0x30 ..\obj\list.o
 .debug_ranges  0x00000dd8       0xe8 ..\obj\stm32f10x_flash.o
 .debug_ranges  0x00000ec0       0xa0 ..\obj\queue.o
 .debug_ranges  0x00000f60       0x60 ..\obj\port.o
 .debug_ranges  0x00000fc0      0x158 ..\obj\ff.o
 .debug_ranges  0x00001118       0x30 ..\obj\misc.o
 .debug_ranges  0x00001148       0xc0 ..\obj\stm32f10x_spi.o
 .debug_ranges  0x00001208       0x28 ..\obj\heap_2.o
 .debug_ranges  0x00001230       0x40 ..\obj\eeprom.o
 .debug_ranges  0x00001270       0x18 ..\obj\driver_sonar.o

.debug_line     0x00000000     0x7092
 .debug_line    0x00000000      0x9fd ..\obj\stm32f10x_tim.o
 .debug_line    0x000009fd       0xab ..\obj\startup_stm32f10x_md_vl.o
 .debug_line    0x00000aa8      0x18f ..\obj\system_stm32f10x.o
 .debug_line    0x00000c37      0x60e ..\obj\diskio.o
 .debug_line    0x00001245      0x331 ..\obj\stm32f10x_gpio.o
 .debug_line    0x00001576     0x224e ..\obj\main.o
 .debug_line    0x000037c4      0x2f3 ..\obj\timers.o
 .debug_line    0x00003ab7      0x457 ..\obj\stm32f10x_rcc.o
 .debug_line    0x00003f0e      0x227 ..\obj\stm32f10x_exti.o
 .debug_line    0x00004135      0x73f ..\obj\tasks.o
 .debug_line    0x00004874      0x41c ..\obj\stm32f10x_usart.o
 .debug_line    0x00004c90      0x18e ..\obj\list.o
 .debug_line    0x00004e1e      0x45c ..\obj\stm32f10x_flash.o
 .debug_line    0x0000527a      0x4c5 ..\obj\queue.o
 .debug_line    0x0000573f      0x1ad ..\obj\port.o
 .debug_line    0x000058ec      0xc5f ..\obj\ff.o
 .debug_line    0x0000654b      0x1c7 ..\obj\misc.o
 .debug_line    0x00006712      0x3a4 ..\obj\stm32f10x_spi.o
 .debug_line    0x00006ab6      0x141 ..\obj\heap_2.o
 .debug_line    0x00006bf7      0x285 ..\obj\eeprom.o
 .debug_line    0x00006e7c      0x216 ..\obj\driver_sonar.o

.debug_str      0x00000000     0x57f3
 .debug_str     0x00000000      0xcfe ..\obj\stm32f10x_tim.o
                                0xdb9 (size before relaxing)
 .debug_str     0x00000cfe       0xb9 ..\obj\startup_stm32f10x_md_vl.o
                                0x150 (size before relaxing)
 .debug_str     0x00000db7      0x15d ..\obj\system_stm32f10x.o
                                0x2b0 (size before relaxing)
 .debug_str     0x00000f14      0x455 ..\obj\diskio.o
                                0x70f (size before relaxing)
 .debug_str     0x00001369      0x267 ..\obj\stm32f10x_gpio.o
                                0x4f5 (size before relaxing)
 .debug_str     0x000015d0     0x1b09 ..\obj\main.o
                               0x2127 (size before relaxing)
 .debug_str     0x000030d9      0x43a ..\obj\timers.o
                                0x54e (size before relaxing)
 .debug_str     0x00003513      0x409 ..\obj\stm32f10x_rcc.o
                                0x649 (size before relaxing)
 .debug_str     0x0000391c      0x10b ..\obj\stm32f10x_exti.o
                                0x33a (size before relaxing)
 .debug_str     0x00003a27      0x77a ..\obj\tasks.o
                                0x955 (size before relaxing)
 .debug_str     0x000041a1      0x3af ..\obj\stm32f10x_usart.o
                                0x66c (size before relaxing)
 .debug_str     0x00004550       0xd5 ..\obj\list.o
                                0x281 (size before relaxing)
 .debug_str     0x00004625      0x3dd ..\obj\stm32f10x_flash.o
                                0x5c4 (size before relaxing)
 .debug_str     0x00004a02      0x32b ..\obj\queue.o
                                0x583 (size before relaxing)
 .debug_str     0x00004d2d      0x150 ..\obj\port.o
                                0x24f (size before relaxing)
 .debug_str     0x00004e7d      0x270 ..\obj\ff.o
                                0x5c2 (size before relaxing)
 .debug_str     0x000050ed      0x12e ..\obj\misc.o
                                0x39f (size before relaxing)
 .debug_str     0x0000521b      0x2be ..\obj\stm32f10x_spi.o
                                0x5d9 (size before relaxing)
 .debug_str     0x000054d9      0x16b ..\obj\heap_2.o
                                0x28b (size before relaxing)
 .debug_str     0x00005644      0x151 ..\obj\eeprom.o
                                0x311 (size before relaxing)
 .debug_str     0x00005795       0x5e ..\obj\driver_sonar.o
                                0x783 (size before relaxing)

.comment        0x00000000       0xe0
 .comment       0x00000000       0x70 ..\obj\stm32f10x_tim.o
                                 0x71 (size before relaxing)
 .comment       0x00000000       0x71 ..\obj\startup_stm32f10x_md_vl.o
 .comment       0x00000000       0x71 ..\obj\system_stm32f10x.o
 .comment       0x00000000       0x71 ..\obj\diskio.o
 .comment       0x00000000       0x71 ..\obj\stm32f10x_gpio.o
 .comment       0x00000070       0x70 ..\obj\main.o
                                 0x71 (size before relaxing)
 .comment       0x00000000       0x71 ..\obj\timers.o
 .comment       0x00000000       0x71 ..\obj\stm32f10x_rcc.o
 .comment       0x00000000       0x71 ..\obj\stm32f10x_exti.o
 .comment       0x00000000       0x71 ..\obj\tasks.o
 .comment       0x00000000       0x71 ..\obj\stm32f10x_usart.o
 .comment       0x00000000       0x71 ..\obj\list.o
 .comment       0x00000000       0x71 ..\obj\stm32f10x_flash.o
 .comment       0x00000000       0x71 ..\obj\queue.o
 .comment       0x00000000       0x71 ..\obj\port.o
 .comment       0x00000000       0x71 ..\obj\ff.o
 .comment       0x00000000       0x71 ..\obj\misc.o
 .comment       0x00000000       0x71 ..\obj\stm32f10x_spi.o
 .comment       0x00000000       0x71 ..\obj\heap_2.o
 .comment       0x00000000       0x71 ..\obj\eeprom.o
 .comment       0x00000000       0x71 ..\obj\driver_sonar.o

.ARM.attributes
                0x00000000       0x31
 .ARM.attributes
                0x00000000       0x33 ..\obj\stm32f10x_tim.o
 .ARM.attributes
                0x00000033       0x33 ..\obj\startup_stm32f10x_md_vl.o
 .ARM.attributes
                0x00000066       0x33 ..\obj\system_stm32f10x.o
 .ARM.attributes
                0x00000099       0x33 ..\obj\diskio.o
 .ARM.attributes
                0x000000cc       0x33 ..\obj\stm32f10x_gpio.o
 .ARM.attributes
                0x000000ff       0x33 ..\obj\main.o
 .ARM.attributes
                0x00000132       0x33 ..\obj\timers.o
 .ARM.attributes
                0x00000165       0x33 ..\obj\stm32f10x_rcc.o
 .ARM.attributes
                0x00000198       0x33 ..\obj\stm32f10x_exti.o
 .ARM.attributes
                0x000001cb       0x33 ..\obj\tasks.o
 .ARM.attributes
                0x000001fe       0x33 ..\obj\stm32f10x_usart.o
 .ARM.attributes
                0x00000231       0x33 ..\obj\list.o
 .ARM.attributes
                0x00000264       0x33 ..\obj\stm32f10x_flash.o
 .ARM.attributes
                0x00000297       0x33 ..\obj\queue.o
 .ARM.attributes
                0x000002ca       0x33 ..\obj\port.o
 .ARM.attributes
                0x000002fd       0x33 ..\obj\ff.o
 .ARM.attributes
                0x00000330       0x33 ..\obj\misc.o
 .ARM.attributes
                0x00000363       0x33 ..\obj\stm32f10x_spi.o
 .ARM.attributes
                0x00000396       0x33 ..\obj\heap_2.o
 .ARM.attributes
                0x000003c9       0x33 ..\obj\eeprom.o
 .ARM.attributes
                0x000003fc       0x33 ..\obj\driver_sonar.o
 .ARM.attributes
                0x0000042f       0x1b c:/coocox/toolchain48_2/bin/../lib/gcc/arm-none-eabi/4.8.4/../../../../arm-none-eabi/lib/armv7-m\libg.a(lib_a-memcpy.o)
 .ARM.attributes
                0x0000044a       0x2d c:/coocox/toolchain48_2/bin/../lib/gcc/arm-none-eabi/4.8.4/../../../../arm-none-eabi/lib/armv7-m\libg.a(lib_a-memset.o)
 .ARM.attributes
                0x00000477       0x2d c:/coocox/toolchain48_2/bin/../lib/gcc/arm-none-eabi/4.8.4/../../../../arm-none-eabi/lib/armv7-m\libg.a(lib_a-strncpy.o)

.debug_frame    0x00000000     0x4350
 .debug_frame   0x00000000      0xa20 ..\obj\stm32f10x_tim.o
 .debug_frame   0x00000a20       0x48 ..\obj\startup_stm32f10x_md_vl.o
 .debug_frame   0x00000a68       0x80 ..\obj\system_stm32f10x.o
 .debug_frame   0x00000ae8      0x2e0 ..\obj\diskio.o
 .debug_frame   0x00000dc8      0x210 ..\obj\stm32f10x_gpio.o
 .debug_frame   0x00000fd8     0x13c4 ..\obj\main.o
 .debug_frame   0x0000239c      0x1c4 ..\obj\timers.o
 .debug_frame   0x00002560      0x3a4 ..\obj\stm32f10x_rcc.o
 .debug_frame   0x00002904       0xec ..\obj\stm32f10x_exti.o
 .debug_frame   0x000029f0      0x45c ..\obj\tasks.o
 .debug_frame   0x00002e4c      0x344 ..\obj\stm32f10x_usart.o
 .debug_frame   0x00003190       0x9c ..\obj\list.o
 .debug_frame   0x0000322c      0x338 ..\obj\stm32f10x_flash.o
 .debug_frame   0x00003564      0x264 ..\obj\queue.o
 .debug_frame   0x000037c8      0x110 ..\obj\port.o
 .debug_frame   0x000038d8      0x52c ..\obj\ff.o
 .debug_frame   0x00003e04       0x9c ..\obj\misc.o
 .debug_frame   0x00003ea0      0x29c ..\obj\stm32f10x_spi.o
 .debug_frame   0x0000413c       0x80 ..\obj\heap_2.o
 .debug_frame   0x000041bc       0xec ..\obj\eeprom.o
 .debug_frame   0x000042a8       0x50 ..\obj\driver_sonar.o
 .debug_frame   0x000042f8       0x2c c:/coocox/toolchain48_2/bin/../lib/gcc/arm-none-eabi/4.8.4/../../../../arm-none-eabi/lib/armv7-m\libg.a(lib_a-memset.o)
 .debug_frame   0x00004324       0x2c c:/coocox/toolchain48_2/bin/../lib/gcc/arm-none-eabi/4.8.4/../../../../arm-none-eabi/lib/armv7-m\libg.a(lib_a-strncpy.o)
