Archive member included because of file (symbol)

c:/coocox/toolchain48_2/bin/../lib/gcc/arm-none-eabi/4.8.4/../../../../arm-none-eabi/lib/armv7-m\libg.a(lib_a-memcpy.o)
                              ..\obj\queue.o (memcpy)
c:/coocox/toolchain48_2/bin/../lib/gcc/arm-none-eabi/4.8.4/../../../../arm-none-eabi/lib/armv7-m\libg.a(lib_a-memset.o)
                              ..\obj\tasks.o (memset)
c:/coocox/toolchain48_2/bin/../lib/gcc/arm-none-eabi/4.8.4/../../../../arm-none-eabi/lib/armv7-m\libg.a(lib_a-strncpy.o)
                              ..\obj\tasks.o (strncpy)

Allocating common symbols
Common symbol       size              file

HSEStartUpStatus    0x1               ..\obj\main.o
water_counter       0x10              ..\obj\main.o
FlashStatus         0x1               ..\obj\main.o
wfCalArray          0x8               ..\obj\main.o
DHTValue            0x6               ..\obj\main.o
valveFlags          0x1               ..\obj\main.o
toAdjust            0x3               ..\obj\main.o
RxBuffer            0x28              ..\obj\main.o
tank_windows_bottom
                    0x4               ..\obj\main.o
TxBuffer            0x2a              ..\obj\main.o
TIM_ICInitStructure
                    0xa               ..\obj\main.o
tank_windows_top    0x4               ..\obj\main.o

Discarded input sections

 .text          0x00000000        0x0 ..\obj\stm32f10x_tim.o
 .data          0x00000000        0x0 ..\obj\stm32f10x_tim.o
 .bss           0x00000000        0x0 ..\obj\stm32f10x_tim.o
 .text.TIM_DeInit
                0x00000000      0x22c ..\obj\stm32f10x_tim.o
 .text.TIM_ICInit
                0x00000000       0xa8 ..\obj\stm32f10x_tim.o
 .text.TIM_PWMIConfig
                0x00000000       0xb8 ..\obj\stm32f10x_tim.o
 .text.TIM_BDTRConfig
                0x00000000       0x50 ..\obj\stm32f10x_tim.o
 .text.TIM_ICStructInit
                0x00000000       0x30 ..\obj\stm32f10x_tim.o
 .text.TIM_BDTRStructInit
                0x00000000       0x3c ..\obj\stm32f10x_tim.o
 .text.TIM_CtrlPWMOutputs
                0x00000000       0x4c ..\obj\stm32f10x_tim.o
 .text.TIM_ITConfig
                0x00000000       0x48 ..\obj\stm32f10x_tim.o
 .text.TIM_GenerateEvent
                0x00000000       0x1c ..\obj\stm32f10x_tim.o
 .text.TIM_DMAConfig
                0x00000000       0x28 ..\obj\stm32f10x_tim.o
 .text.TIM_DMACmd
                0x00000000       0x48 ..\obj\stm32f10x_tim.o
 .text.TIM_InternalClockConfig
                0x00000000       0x24 ..\obj\stm32f10x_tim.o
 .text.TIM_ITRxExternalClockConfig
                0x00000000       0x2c ..\obj\stm32f10x_tim.o
 .text.TIM_TIxExternalClockConfig
                0x00000000       0x54 ..\obj\stm32f10x_tim.o
 .text.TIM_ETRClockMode1Config
                0x00000000       0x50 ..\obj\stm32f10x_tim.o
 .text.TIM_ETRClockMode2Config
                0x00000000       0x30 ..\obj\stm32f10x_tim.o
 .text.TIM_ETRConfig
                0x00000000       0x48 ..\obj\stm32f10x_tim.o
 .text.TIM_PrescalerConfig
                0x00000000       0x28 ..\obj\stm32f10x_tim.o
 .text.TIM_CounterModeConfig
                0x00000000       0x38 ..\obj\stm32f10x_tim.o
 .text.TIM_SelectInputTrigger
                0x00000000       0x38 ..\obj\stm32f10x_tim.o
 .text.TIM_EncoderInterfaceConfig
                0x00000000       0x8c ..\obj\stm32f10x_tim.o
 .text.TIM_ForcedOC1Config
                0x00000000       0x38 ..\obj\stm32f10x_tim.o
 .text.TIM_ForcedOC2Config
                0x00000000       0x3c ..\obj\stm32f10x_tim.o
 .text.TIM_ForcedOC3Config
                0x00000000       0x38 ..\obj\stm32f10x_tim.o
 .text.TIM_ForcedOC4Config
                0x00000000       0x3c ..\obj\stm32f10x_tim.o
 .text.TIM_ARRPreloadConfig
                0x00000000       0x40 ..\obj\stm32f10x_tim.o
 .text.TIM_SelectCOM
                0x00000000       0x40 ..\obj\stm32f10x_tim.o
 .text.TIM_SelectCCDMA
                0x00000000       0x40 ..\obj\stm32f10x_tim.o
 .text.TIM_CCPreloadControl
                0x00000000       0x40 ..\obj\stm32f10x_tim.o
 .text.TIM_OC1PreloadConfig
                0x00000000       0x38 ..\obj\stm32f10x_tim.o
 .text.TIM_OC2PreloadConfig
                0x00000000       0x3c ..\obj\stm32f10x_tim.o
 .text.TIM_OC3PreloadConfig
                0x00000000       0x38 ..\obj\stm32f10x_tim.o
 .text.TIM_OC4PreloadConfig
                0x00000000       0x3c ..\obj\stm32f10x_tim.o
 .text.TIM_OC1FastConfig
                0x00000000       0x38 ..\obj\stm32f10x_tim.o
 .text.TIM_OC2FastConfig
                0x00000000       0x3c ..\obj\stm32f10x_tim.o
 .text.TIM_OC3FastConfig
                0x00000000       0x38 ..\obj\stm32f10x_tim.o
 .text.TIM_OC4FastConfig
                0x00000000       0x3c ..\obj\stm32f10x_tim.o
 .text.TIM_ClearOC1Ref
                0x00000000       0x38 ..\obj\stm32f10x_tim.o
 .text.TIM_ClearOC2Ref
                0x00000000       0x3c ..\obj\stm32f10x_tim.o
 .text.TIM_ClearOC3Ref
                0x00000000       0x38 ..\obj\stm32f10x_tim.o
 .text.TIM_ClearOC4Ref
                0x00000000       0x3c ..\obj\stm32f10x_tim.o
 .text.TIM_OC1PolarityConfig
                0x00000000       0x38 ..\obj\stm32f10x_tim.o
 .text.TIM_OC1NPolarityConfig
                0x00000000       0x38 ..\obj\stm32f10x_tim.o
 .text.TIM_OC2PolarityConfig
                0x00000000       0x3c ..\obj\stm32f10x_tim.o
 .text.TIM_OC2NPolarityConfig
                0x00000000       0x3c ..\obj\stm32f10x_tim.o
 .text.TIM_OC3PolarityConfig
                0x00000000       0x3c ..\obj\stm32f10x_tim.o
 .text.TIM_OC3NPolarityConfig
                0x00000000       0x3c ..\obj\stm32f10x_tim.o
 .text.TIM_OC4PolarityConfig
                0x00000000       0x3c ..\obj\stm32f10x_tim.o
 .text.TIM_CCxCmd
                0x00000000       0x54 ..\obj\stm32f10x_tim.o
 .text.TIM_CCxNCmd
                0x00000000       0x54 ..\obj\stm32f10x_tim.o
 .text.TIM_SelectOCxM
                0x00000000       0xa8 ..\obj\stm32f10x_tim.o
 .text.TIM_UpdateDisableConfig
                0x00000000       0x40 ..\obj\stm32f10x_tim.o
 .text.TIM_UpdateRequestConfig
                0x00000000       0x40 ..\obj\stm32f10x_tim.o
 .text.TIM_SelectHallSensor
                0x00000000       0x40 ..\obj\stm32f10x_tim.o
 .text.TIM_SelectOnePulseMode
                0x00000000       0x38 ..\obj\stm32f10x_tim.o
 .text.TIM_SelectOutputTrigger
                0x00000000       0x38 ..\obj\stm32f10x_tim.o
 .text.TIM_SelectSlaveMode
                0x00000000       0x38 ..\obj\stm32f10x_tim.o
 .text.TIM_SelectMasterSlaveMode
                0x00000000       0x38 ..\obj\stm32f10x_tim.o
 .text.TIM_SetCounter
                0x00000000       0x1c ..\obj\stm32f10x_tim.o
 .text.TIM_SetAutoreload
                0x00000000       0x1c ..\obj\stm32f10x_tim.o
 .text.TIM_SetCompare1
                0x00000000       0x1c ..\obj\stm32f10x_tim.o
 .text.TIM_SetCompare2
                0x00000000       0x1c ..\obj\stm32f10x_tim.o
 .text.TIM_SetCompare3
                0x00000000       0x1c ..\obj\stm32f10x_tim.o
 .text.TIM_SetCompare4
                0x00000000       0x20 ..\obj\stm32f10x_tim.o
 .text.TIM_SetIC1Prescaler
                0x00000000       0x38 ..\obj\stm32f10x_tim.o
 .text.TIM_SetIC2Prescaler
                0x00000000       0x3c ..\obj\stm32f10x_tim.o
 .text.TIM_SetIC3Prescaler
                0x00000000       0x38 ..\obj\stm32f10x_tim.o
 .text.TIM_SetIC4Prescaler
                0x00000000       0x3c ..\obj\stm32f10x_tim.o
 .text.TIM_SetClockDivision
                0x00000000       0x38 ..\obj\stm32f10x_tim.o
 .text.TIM_GetCapture3
                0x00000000       0x1c ..\obj\stm32f10x_tim.o
 .text.TIM_GetCapture4
                0x00000000       0x1c ..\obj\stm32f10x_tim.o
 .text.TIM_GetCounter
                0x00000000       0x1c ..\obj\stm32f10x_tim.o
 .text.TIM_GetPrescaler
                0x00000000       0x1c ..\obj\stm32f10x_tim.o
 .text.TIM_GetFlagStatus
                0x00000000       0x38 ..\obj\stm32f10x_tim.o
 .text.TIM_ClearFlag
                0x00000000       0x20 ..\obj\stm32f10x_tim.o
 .text.TIM_GetITStatus
                0x00000000       0x54 ..\obj\stm32f10x_tim.o
 .text.TI1_Config
                0x00000000       0xd4 ..\obj\stm32f10x_tim.o
 .text.TI2_Config
                0x00000000       0xe8 ..\obj\stm32f10x_tim.o
 .text.TI3_Config
                0x00000000       0xe0 ..\obj\stm32f10x_tim.o
 .text.TI4_Config
                0x00000000       0xec ..\obj\stm32f10x_tim.o
 .text          0x00000000        0x0 ..\obj\startup_stm32f10x_md_vl.o
 .data          0x00000000        0x0 ..\obj\startup_stm32f10x_md_vl.o
 .bss           0x00000000        0x0 ..\obj\startup_stm32f10x_md_vl.o
 .text          0x00000000        0x0 ..\obj\system_stm32f10x.o
 .bss           0x00000000        0x0 ..\obj\system_stm32f10x.o
 .text.SystemCoreClockUpdate
                0x00000000       0xd4 ..\obj\system_stm32f10x.o
 .text          0x00000000        0x0 ..\obj\stm32f10x_pwr.o
 .data          0x00000000        0x0 ..\obj\stm32f10x_pwr.o
 .bss           0x00000000        0x0 ..\obj\stm32f10x_pwr.o
 .text.__WFI    0x00000000       0x10 ..\obj\stm32f10x_pwr.o
 .text.__WFE    0x00000000       0x10 ..\obj\stm32f10x_pwr.o
 .text.PWR_DeInit
                0x00000000       0x1c ..\obj\stm32f10x_pwr.o
 .text.PWR_BackupAccessCmd
                0x00000000       0x20 ..\obj\stm32f10x_pwr.o
 .text.PWR_PVDCmd
                0x00000000       0x20 ..\obj\stm32f10x_pwr.o
 .text.PWR_PVDLevelConfig
                0x00000000       0x38 ..\obj\stm32f10x_pwr.o
 .text.PWR_WakeUpPinCmd
                0x00000000       0x20 ..\obj\stm32f10x_pwr.o
 .text.PWR_EnterSTOPMode
                0x00000000       0x64 ..\obj\stm32f10x_pwr.o
 .text.PWR_EnterSTANDBYMode
                0x00000000       0x38 ..\obj\stm32f10x_pwr.o
 .text.PWR_GetFlagStatus
                0x00000000       0x34 ..\obj\stm32f10x_pwr.o
 .text.PWR_ClearFlag
                0x00000000       0x24 ..\obj\stm32f10x_pwr.o
 .debug_info    0x00000000      0x41d ..\obj\stm32f10x_pwr.o
 .debug_abbrev  0x00000000      0x1ab ..\obj\stm32f10x_pwr.o
 .debug_aranges
                0x00000000       0x70 ..\obj\stm32f10x_pwr.o
 .debug_ranges  0x00000000       0x60 ..\obj\stm32f10x_pwr.o
 .debug_line    0x00000000      0x25a ..\obj\stm32f10x_pwr.o
 .debug_str     0x00000000      0x30e ..\obj\stm32f10x_pwr.o
 .comment       0x00000000       0x71 ..\obj\stm32f10x_pwr.o
 .ARM.attributes
                0x00000000       0x33 ..\obj\stm32f10x_pwr.o
 .debug_frame   0x00000000      0x140 ..\obj\stm32f10x_pwr.o
 .text          0x00000000        0x0 ..\obj\diskio.o
 .data          0x00000000        0x1 ..\obj\diskio.o
 .bss           0x00000000       0x10 ..\obj\diskio.o
 .rodata        0x00000000        0x8 ..\obj\diskio.o
 .text.interface_speed
                0x00000000       0x44 ..\obj\diskio.o
 .text.socket_wp_init
                0x00000000       0x2c ..\obj\diskio.o
 .text.socket_is_write_protected
                0x00000000       0x24 ..\obj\diskio.o
 .text.socket_cp_init
                0x00000000       0x2c ..\obj\diskio.o
 .text.socket_is_empty
                0x00000000       0x24 ..\obj\diskio.o
 .text.card_power
                0x00000000       0x14 ..\obj\diskio.o
 .text.chk_power
                0x00000000       0x10 ..\obj\diskio.o
 .text.stm32_spi_rw
                0x00000000       0x3c ..\obj\diskio.o
 .text.rcvr_spi
                0x00000000       0x10 ..\obj\diskio.o
 .text.wait_ready
                0x00000000       0x34 ..\obj\diskio.o
 .text.release_spi
                0x00000000       0x18 ..\obj\diskio.o
 .text.power_on_bak
                0x00000000      0x138 ..\obj\diskio.o
 .text.power_on2
                0x00000000      0x150 ..\obj\diskio.o
 .text.power_on
                0x00000000      0x128 ..\obj\diskio.o
 .text.power_off
                0x00000000       0x7c ..\obj\diskio.o
 .text.rcvr_datablock
                0x00000000       0x94 ..\obj\diskio.o
 .text.xmit_datablock
                0x00000000       0x80 ..\obj\diskio.o
 .text.send_cmd
                0x00000000       0xe4 ..\obj\diskio.o
 .text.disk_initialize
                0x00000000      0x1ac ..\obj\diskio.o
 .text.disk_status
                0x00000000       0x2c ..\obj\diskio.o
 .text.disk_read
                0x00000000       0xd0 ..\obj\diskio.o
 .text.disk_write
                0x00000000      0x104 ..\obj\diskio.o
 .text.disk_ioctl
                0x00000000      0x384 ..\obj\diskio.o
 .ramfunc       0x00000000       0xb8 ..\obj\diskio.o
 .debug_info    0x00000000      0xc86 ..\obj\diskio.o
 .debug_abbrev  0x00000000      0x296 ..\obj\diskio.o
 .debug_aranges
                0x00000000       0xd8 ..\obj\diskio.o
 .debug_ranges  0x00000000       0xc8 ..\obj\diskio.o
 .debug_line    0x00000000      0x683 ..\obj\diskio.o
 .debug_str     0x00000000      0x725 ..\obj\diskio.o
 .comment       0x00000000       0x71 ..\obj\diskio.o
 .ARM.attributes
                0x00000000       0x33 ..\obj\diskio.o
 .debug_frame   0x00000000      0x2e0 ..\obj\diskio.o
 .text          0x00000000        0x0 ..\obj\stm32f10x_gpio.o
 .data          0x00000000        0x0 ..\obj\stm32f10x_gpio.o
 .bss           0x00000000        0x0 ..\obj\stm32f10x_gpio.o
 .text.GPIO_DeInit
                0x00000000       0xe4 ..\obj\stm32f10x_gpio.o
 .text.GPIO_AFIODeInit
                0x00000000       0x18 ..\obj\stm32f10x_gpio.o
 .text.GPIO_ReadInputDataBit
                0x00000000       0x34 ..\obj\stm32f10x_gpio.o
 .text.GPIO_ReadInputData
                0x00000000       0x1c ..\obj\stm32f10x_gpio.o
 .text.GPIO_ReadOutputDataBit
                0x00000000       0x34 ..\obj\stm32f10x_gpio.o
 .text.GPIO_ReadOutputData
                0x00000000       0x1c ..\obj\stm32f10x_gpio.o
 .text.GPIO_SetBits
                0x00000000       0x1c ..\obj\stm32f10x_gpio.o
 .text.GPIO_ResetBits
                0x00000000       0x1c ..\obj\stm32f10x_gpio.o
 .text.GPIO_WriteBit
                0x00000000       0x30 ..\obj\stm32f10x_gpio.o
 .text.GPIO_Write
                0x00000000       0x1c ..\obj\stm32f10x_gpio.o
 .text.GPIO_PinLockConfig
                0x00000000       0x44 ..\obj\stm32f10x_gpio.o
 .text.GPIO_EventOutputConfig
                0x00000000       0x48 ..\obj\stm32f10x_gpio.o
 .text.GPIO_EventOutputCmd
                0x00000000       0x20 ..\obj\stm32f10x_gpio.o
 .text.GPIO_EXTILineConfig
                0x00000000       0x7c ..\obj\stm32f10x_gpio.o
 .text.GPIO_ETH_MediaInterfaceConfig
                0x00000000       0x1c ..\obj\stm32f10x_gpio.o
 .text          0x00000000        0x0 ..\obj\main.o
 .text.get_water_tick
                0x00000000       0x44 ..\obj\main.o
 .text.save_settings
                0x00000000       0x60 ..\obj\main.o
 .text.send_packet
                0x00000000        0xc ..\obj\main.o
 .text.wp_next_run
                0x00000000       0x18 ..\obj\main.o
 .text.GetStateDMAChannel4
                0x00000000       0x24 ..\obj\main.o
 .text.StartDMAChannel4
                0x00000000       0x44 ..\obj\main.o
 .text.valve_feedback_init
                0x00000000        0xc ..\obj\main.o
 .text.water_level_input_init
                0x00000000       0x9c ..\obj\main.o
 .text.enable_dosing_pump2
                0x00000000       0xdc ..\obj\main.o
 .text.dht_init
                0x00000000       0xb0 ..\obj\main.o
 .text.dht_init_out
                0x00000000       0x28 ..\obj\main.o
 .text.dht_get_data
                0x00000000       0x78 ..\obj\main.o
 .text.dht_conv_data
                0x00000000      0x1d4 ..\obj\main.o
 .text.convPh2str
                0x00000000       0xc8 ..\obj\main.o
 .text.readPhVal
                0x00000000       0xc0 ..\obj\main.o
 .text.Lcd_write_16int
                0x00000000      0x11c ..\obj\main.o
 .text.Lcd_write_32int
                0x00000000       0x30 ..\obj\main.o
 .text.enablePlug5ms
                0x00000000       0x80 ..\obj\main.o
 .text.measureDelay
                0x00000000       0x80 ..\obj\main.o
 .text.adc2str  0x00000000      0x2fc ..\obj\main.o
 .text.displayAdcValues_bak
                0x00000000      0x100 ..\obj\main.o
 .text.display_usart_rx2
                0x00000000       0xec ..\obj\main.o
 .text.string2log
                0x00000000       0x18 ..\obj\main.o
 .text.set16bit
                0x00000000       0xac ..\obj\main.o
 .text.valveMotorStateSet
                0x00000000       0x18 ..\obj\main.o
 .text.loggerSettings
                0x00000000       0x8c ..\obj\main.o
 .text.phMonSettings
                0x00000000       0xd0 ..\obj\main.o
 .text.yesNoSelector
                0x00000000       0x64 ..\obj\main.o
 .text.Lcd_write_arr2
                0x00000000       0x3c ..\obj\main.o
 .text.TimeToRtc
                0x00000000       0x44 ..\obj\main.o
 .text.RtcToTime
                0x00000000       0x84 ..\obj\main.o
 .text.phMonitor
                0x00000000       0x14 ..\obj\main.o
 .text.adcRegularInit
                0x00000000        0xc ..\obj\main.o
 .text.Lcd_write_digit2
                0x00000000       0x70 ..\obj\main.o
 .text.int10str
                0x00000000       0xc0 ..\obj\main.o
 .text.setPwmDc
                0x00000000       0x48 ..\obj\main.o
 .text.setDoserSpeed
                0x00000000       0xe0 ..\obj\main.o
 .text.setDutyCycle
                0x00000000       0xb4 ..\obj\main.o
 .text.test_grolly_hw
                0x00000000      0x170 ..\obj\main.o
 .text.Init_pin_out_bak
                0x00000000       0x4c ..\obj\main.o
 .text.Init_pin_in
                0x00000000       0x30 ..\obj\main.o
 .text.Return_home
                0x00000000        0xc ..\obj\main.o
 .text          0x00000000        0x0 ..\obj\timers.o
 .data          0x00000000        0x0 ..\obj\timers.o
 .text.xTimerCreate
                0x00000000       0x6c ..\obj\timers.o
 .text.xTimerIsTimerActive
                0x00000000       0x30 ..\obj\timers.o
 .text.pvTimerGetTimerID
                0x00000000       0x1c ..\obj\timers.o
 .text          0x00000000        0x0 ..\obj\stm32f10x_rcc.o
 .bss           0x00000000        0x0 ..\obj\stm32f10x_rcc.o
 .text.RCC_DeInit
                0x00000000       0x64 ..\obj\stm32f10x_rcc.o
 .text.RCC_HSEConfig
                0x00000000       0x5c ..\obj\stm32f10x_rcc.o
 .text.RCC_WaitForHSEStartUp
                0x00000000       0x50 ..\obj\stm32f10x_rcc.o
 .text.RCC_AdjustHSICalibrationValue
                0x00000000       0x3c ..\obj\stm32f10x_rcc.o
 .text.RCC_HSICmd
                0x00000000       0x20 ..\obj\stm32f10x_rcc.o
 .text.RCC_PLLConfig
                0x00000000       0x3c ..\obj\stm32f10x_rcc.o
 .text.RCC_PLLCmd
                0x00000000       0x20 ..\obj\stm32f10x_rcc.o
 .text.RCC_PREDIV1Config
                0x00000000       0x40 ..\obj\stm32f10x_rcc.o
 .text.RCC_SYSCLKConfig
                0x00000000       0x38 ..\obj\stm32f10x_rcc.o
 .text.RCC_GetSYSCLKSource
                0x00000000       0x20 ..\obj\stm32f10x_rcc.o
 .text.RCC_HCLKConfig
                0x00000000       0x38 ..\obj\stm32f10x_rcc.o
 .text.RCC_PCLK1Config
                0x00000000       0x38 ..\obj\stm32f10x_rcc.o
 .text.RCC_PCLK2Config
                0x00000000       0x38 ..\obj\stm32f10x_rcc.o
 .text.RCC_ITConfig
                0x00000000       0x48 ..\obj\stm32f10x_rcc.o
 .text.RCC_USBCLKConfig
                0x00000000       0x1c ..\obj\stm32f10x_rcc.o
 .text.RCC_ADCCLKConfig
                0x00000000       0x38 ..\obj\stm32f10x_rcc.o
 .text.RCC_LSEConfig
                0x00000000       0x40 ..\obj\stm32f10x_rcc.o
 .text.RCC_LSICmd
                0x00000000       0x20 ..\obj\stm32f10x_rcc.o
 .text.RCC_RTCCLKConfig
                0x00000000       0x24 ..\obj\stm32f10x_rcc.o
 .text.RCC_RTCCLKCmd
                0x00000000       0x20 ..\obj\stm32f10x_rcc.o
 .text.RCC_BackupResetCmd
                0x00000000       0x20 ..\obj\stm32f10x_rcc.o
 .text.RCC_ClockSecuritySystemCmd
                0x00000000       0x20 ..\obj\stm32f10x_rcc.o
 .text.RCC_MCOConfig
                0x00000000       0x20 ..\obj\stm32f10x_rcc.o
 .text.RCC_GetITStatus
                0x00000000       0x38 ..\obj\stm32f10x_rcc.o
 .text.RCC_ClearITPendingBit
                0x00000000       0x20 ..\obj\stm32f10x_rcc.o
 .text          0x00000000        0x0 ..\obj\stm32f10x_exti.o
 .data          0x00000000        0x0 ..\obj\stm32f10x_exti.o
 .bss           0x00000000        0x0 ..\obj\stm32f10x_exti.o
 .text.EXTI_DeInit
                0x00000000       0x34 ..\obj\stm32f10x_exti.o
 .text.EXTI_Init
                0x00000000       0xdc ..\obj\stm32f10x_exti.o
 .text.EXTI_StructInit
                0x00000000       0x2c ..\obj\stm32f10x_exti.o
 .text.EXTI_GenerateSWInterrupt
                0x00000000       0x24 ..\obj\stm32f10x_exti.o
 .text.EXTI_GetFlagStatus
                0x00000000       0x34 ..\obj\stm32f10x_exti.o
 .text.EXTI_ClearFlag
                0x00000000       0x1c ..\obj\stm32f10x_exti.o
 .text.EXTI_GetITStatus
                0x00000000       0x48 ..\obj\stm32f10x_exti.o
 .text          0x00000000        0x0 ..\obj\tasks.o
 .text.vTaskDelete
                0x00000000       0x98 ..\obj\tasks.o
 .text.vTaskDelayUntil
                0x00000000       0xb8 ..\obj\tasks.o
 .text.uxTaskPriorityGet
                0x00000000       0x34 ..\obj\tasks.o
 .text.vTaskPrioritySet
                0x00000000      0x108 ..\obj\tasks.o
 .text.vTaskSuspend
                0x00000000       0x98 ..\obj\tasks.o
 .text.xTaskIsTaskSuspended
                0x00000000       0x58 ..\obj\tasks.o
 .text.vTaskResume
                0x00000000       0xa0 ..\obj\tasks.o
 .text.xTaskResumeFromISR
                0x00000000       0xc4 ..\obj\tasks.o
 .text.vTaskEndScheduler
                0x00000000       0x1c ..\obj\tasks.o
 .text.xTaskGetTickCountFromISR
                0x00000000       0x34 ..\obj\tasks.o
 .text.uxTaskGetNumberOfTasks
                0x00000000       0x18 ..\obj\tasks.o
 .text          0x00000000        0x0 ..\obj\stm32f10x_adc.o
 .data          0x00000000        0x0 ..\obj\stm32f10x_adc.o
 .bss           0x00000000        0x0 ..\obj\stm32f10x_adc.o
 .text.ADC_DeInit
                0x00000000       0x74 ..\obj\stm32f10x_adc.o
 .text.ADC_Init
                0x00000000       0xa4 ..\obj\stm32f10x_adc.o
 .text.ADC_StructInit
                0x00000000       0x38 ..\obj\stm32f10x_adc.o
 .text.ADC_Cmd  0x00000000       0x38 ..\obj\stm32f10x_adc.o
 .text.ADC_DMACmd
                0x00000000       0x38 ..\obj\stm32f10x_adc.o
 .text.ADC_ITConfig
                0x00000000       0x44 ..\obj\stm32f10x_adc.o
 .text.ADC_ResetCalibration
                0x00000000       0x20 ..\obj\stm32f10x_adc.o
 .text.ADC_GetResetCalibrationStatus
                0x00000000       0x30 ..\obj\stm32f10x_adc.o
 .text.ADC_StartCalibration
                0x00000000       0x20 ..\obj\stm32f10x_adc.o
 .text.ADC_GetCalibrationStatus
                0x00000000       0x30 ..\obj\stm32f10x_adc.o
 .text.ADC_SoftwareStartConvCmd
                0x00000000       0x38 ..\obj\stm32f10x_adc.o
 .text.ADC_GetSoftwareStartConvStatus
                0x00000000       0x30 ..\obj\stm32f10x_adc.o
 .text.ADC_DiscModeChannelCountConfig
                0x00000000       0x44 ..\obj\stm32f10x_adc.o
 .text.ADC_DiscModeCmd
                0x00000000       0x38 ..\obj\stm32f10x_adc.o
 .text.ADC_RegularChannelConfig
                0x00000000      0x188 ..\obj\stm32f10x_adc.o
 .text.ADC_ExternalTrigConvCmd
                0x00000000       0x38 ..\obj\stm32f10x_adc.o
 .text.ADC_GetConversionValue
                0x00000000       0x1c ..\obj\stm32f10x_adc.o
 .text.ADC_GetDualModeConversionValue
                0x00000000       0x18 ..\obj\stm32f10x_adc.o
 .text.ADC_AutoInjectedConvCmd
                0x00000000       0x38 ..\obj\stm32f10x_adc.o
 .text.ADC_InjectedDiscModeCmd
                0x00000000       0x38 ..\obj\stm32f10x_adc.o
 .text.ADC_ExternalTrigInjectedConvConfig
                0x00000000       0x34 ..\obj\stm32f10x_adc.o
 .text.ADC_ExternalTrigInjectedConvCmd
                0x00000000       0x38 ..\obj\stm32f10x_adc.o
 .text.ADC_SoftwareStartInjectedConvCmd
                0x00000000       0x38 ..\obj\stm32f10x_adc.o
 .text.ADC_GetSoftwareStartInjectedConvCmdStatus
                0x00000000       0x30 ..\obj\stm32f10x_adc.o
 .text.ADC_InjectedChannelConfig
                0x00000000      0x114 ..\obj\stm32f10x_adc.o
 .text.ADC_InjectedSequencerLengthConfig
                0x00000000       0x44 ..\obj\stm32f10x_adc.o
 .text.ADC_SetInjectedOffset
                0x00000000       0x30 ..\obj\stm32f10x_adc.o
 .text.ADC_GetInjectedConversionValue
                0x00000000       0x30 ..\obj\stm32f10x_adc.o
 .text.ADC_AnalogWatchdogCmd
                0x00000000       0x38 ..\obj\stm32f10x_adc.o
 .text.ADC_AnalogWatchdogThresholdsConfig
                0x00000000       0x28 ..\obj\stm32f10x_adc.o
 .text.ADC_AnalogWatchdogSingleChannelConfig
                0x00000000       0x38 ..\obj\stm32f10x_adc.o
 .text.ADC_TempSensorVrefintCmd
                0x00000000       0x38 ..\obj\stm32f10x_adc.o
 .text.ADC_GetFlagStatus
                0x00000000       0x34 ..\obj\stm32f10x_adc.o
 .text.ADC_ClearFlag
                0x00000000       0x20 ..\obj\stm32f10x_adc.o
 .text.ADC_GetITStatus
                0x00000000       0x58 ..\obj\stm32f10x_adc.o
 .text.ADC_ClearITPendingBit
                0x00000000       0x2c ..\obj\stm32f10x_adc.o
 .debug_info    0x00000000      0xb5e ..\obj\stm32f10x_adc.o
 .debug_abbrev  0x00000000      0x198 ..\obj\stm32f10x_adc.o
 .debug_aranges
                0x00000000      0x138 ..\obj\stm32f10x_adc.o
 .debug_ranges  0x00000000      0x128 ..\obj\stm32f10x_adc.o
 .debug_line    0x00000000      0x519 ..\obj\stm32f10x_adc.o
 .debug_str     0x00000000      0x6f7 ..\obj\stm32f10x_adc.o
 .comment       0x00000000       0x71 ..\obj\stm32f10x_adc.o
 .ARM.attributes
                0x00000000       0x33 ..\obj\stm32f10x_adc.o
 .debug_frame   0x00000000      0x400 ..\obj\stm32f10x_adc.o
 .text          0x00000000        0x0 ..\obj\stm32f10x_usart.o
 .data          0x00000000        0x0 ..\obj\stm32f10x_usart.o
 .bss           0x00000000        0x0 ..\obj\stm32f10x_usart.o
 .text.USART_StructInit
                0x00000000       0x38 ..\obj\stm32f10x_usart.o
 .text.USART_ClockInit
                0x00000000       0x54 ..\obj\stm32f10x_usart.o
 .text.USART_ClockStructInit
                0x00000000       0x2c ..\obj\stm32f10x_usart.o
 .text.USART_ITConfig
                0x00000000       0x90 ..\obj\stm32f10x_usart.o
 .text.USART_DMACmd
                0x00000000       0x48 ..\obj\stm32f10x_usart.o
 .text.USART_SetAddress
                0x00000000       0x38 ..\obj\stm32f10x_usart.o
 .text.USART_WakeUpConfig
                0x00000000       0x38 ..\obj\stm32f10x_usart.o
 .text.USART_ReceiverWakeUpCmd
                0x00000000       0x40 ..\obj\stm32f10x_usart.o
 .text.USART_LINBreakDetectLengthConfig
                0x00000000       0x38 ..\obj\stm32f10x_usart.o
 .text.USART_LINCmd
                0x00000000       0x40 ..\obj\stm32f10x_usart.o
 .text.USART_SendData
                0x00000000       0x24 ..\obj\stm32f10x_usart.o
 .text.USART_SendBreak
                0x00000000       0x24 ..\obj\stm32f10x_usart.o
 .text.USART_SetGuardTime
                0x00000000       0x3c ..\obj\stm32f10x_usart.o
 .text.USART_SetPrescaler
                0x00000000       0x38 ..\obj\stm32f10x_usart.o
 .text.USART_SmartCardCmd
                0x00000000       0x40 ..\obj\stm32f10x_usart.o
 .text.USART_SmartCardNACKCmd
                0x00000000       0x40 ..\obj\stm32f10x_usart.o
 .text.USART_HalfDuplexCmd
                0x00000000       0x40 ..\obj\stm32f10x_usart.o
 .text.USART_OverSampling8Cmd
                0x00000000       0x44 ..\obj\stm32f10x_usart.o
 .text.USART_OneBitMethodCmd
                0x00000000       0x40 ..\obj\stm32f10x_usart.o
 .text.USART_IrDAConfig
                0x00000000       0x38 ..\obj\stm32f10x_usart.o
 .text.USART_IrDACmd
                0x00000000       0x40 ..\obj\stm32f10x_usart.o
 .text.USART_GetFlagStatus
                0x00000000       0x38 ..\obj\stm32f10x_usart.o
 .text.USART_ClearITPendingBit
                0x00000000       0x38 ..\obj\stm32f10x_usart.o
 .text          0x00000000        0x0 ..\obj\list.o
 .data          0x00000000        0x0 ..\obj\list.o
 .bss           0x00000000        0x0 ..\obj\list.o
 .text          0x00000000        0x0 ..\obj\syscalls.o
 .data          0x00000000        0x0 ..\obj\syscalls.o
 .bss           0x00000000        0x4 ..\obj\syscalls.o
 .text._sbrk    0x00000000       0x40 ..\obj\syscalls.o
 .text.link     0x00000000       0x1c ..\obj\syscalls.o
 .text._close   0x00000000       0x18 ..\obj\syscalls.o
 .text._fstat   0x00000000       0x20 ..\obj\syscalls.o
 .text._isatty  0x00000000       0x18 ..\obj\syscalls.o
 .text._lseek   0x00000000       0x1c ..\obj\syscalls.o
 .text._read    0x00000000       0x1c ..\obj\syscalls.o
 .text._write   0x00000000       0x1c ..\obj\syscalls.o
 .text.abort    0x00000000        0x8 ..\obj\syscalls.o
 .debug_info    0x00000000      0x3ee ..\obj\syscalls.o
 .debug_abbrev  0x00000000       0xe2 ..\obj\syscalls.o
 .debug_aranges
                0x00000000       0x60 ..\obj\syscalls.o
 .debug_ranges  0x00000000       0x50 ..\obj\syscalls.o
 .debug_line    0x00000000      0x154 ..\obj\syscalls.o
 .debug_str     0x00000000      0x2e4 ..\obj\syscalls.o
 .comment       0x00000000       0x71 ..\obj\syscalls.o
 .ARM.attributes
                0x00000000       0x33 ..\obj\syscalls.o
 .debug_frame   0x00000000      0x108 ..\obj\syscalls.o
 .text          0x00000000        0x0 ..\obj\stm32f10x_flash.o
 .data          0x00000000        0x0 ..\obj\stm32f10x_flash.o
 .bss           0x00000000        0x0 ..\obj\stm32f10x_flash.o
 .text.FLASH_SetLatency
                0x00000000       0x38 ..\obj\stm32f10x_flash.o
 .text.FLASH_HalfCycleAccessCmd
                0x00000000       0x30 ..\obj\stm32f10x_flash.o
 .text.FLASH_PrefetchBufferCmd
                0x00000000       0x30 ..\obj\stm32f10x_flash.o
 .text.FLASH_UnlockBank1
                0x00000000       0x24 ..\obj\stm32f10x_flash.o
 .text.FLASH_Lock
                0x00000000       0x1c ..\obj\stm32f10x_flash.o
 .text.FLASH_LockBank1
                0x00000000       0x1c ..\obj\stm32f10x_flash.o
 .text.FLASH_EraseAllPages
                0x00000000       0x5c ..\obj\stm32f10x_flash.o
 .text.FLASH_EraseAllBank1Pages
                0x00000000       0x5c ..\obj\stm32f10x_flash.o
 .text.FLASH_EraseOptionBytes
                0x00000000       0xd4 ..\obj\stm32f10x_flash.o
 .text.FLASH_ProgramWord
                0x00000000       0x94 ..\obj\stm32f10x_flash.o
 .text.FLASH_ProgramOptionByteData
                0x00000000       0x78 ..\obj\stm32f10x_flash.o
 .text.FLASH_EnableWriteProtection
                0x00000000      0x118 ..\obj\stm32f10x_flash.o
 .text.FLASH_ReadOutProtection
                0x00000000       0xd4 ..\obj\stm32f10x_flash.o
 .text.FLASH_UserOptionByteConfig
                0x00000000       0x94 ..\obj\stm32f10x_flash.o
 .text.FLASH_GetUserOptionByte
                0x00000000       0x18 ..\obj\stm32f10x_flash.o
 .text.FLASH_GetWriteProtectionOptionByte
                0x00000000       0x18 ..\obj\stm32f10x_flash.o
 .text.FLASH_GetReadOutProtectionStatus
                0x00000000       0x34 ..\obj\stm32f10x_flash.o
 .text.FLASH_GetPrefetchBufferStatus
                0x00000000       0x34 ..\obj\stm32f10x_flash.o
 .text.FLASH_ITConfig
                0x00000000       0x3c ..\obj\stm32f10x_flash.o
 .text.FLASH_GetFlagStatus
                0x00000000       0x54 ..\obj\stm32f10x_flash.o
 .text.FLASH_ClearFlag
                0x00000000       0x1c ..\obj\stm32f10x_flash.o
 .text.FLASH_GetStatus
                0x00000000       0x58 ..\obj\stm32f10x_flash.o
 .text.FLASH_WaitForLastBank1Operation
                0x00000000       0x44 ..\obj\stm32f10x_flash.o
 .text          0x00000000        0x0 ..\obj\queue.o
 .data          0x00000000        0x0 ..\obj\queue.o
 .bss           0x00000000        0x0 ..\obj\queue.o
 .text.xQueueCreateMutex
                0x00000000       0x8c ..\obj\queue.o
 .text.xQueueGetMutexHolder
                0x00000000       0x30 ..\obj\queue.o
 .text.xQueueReceiveFromISR
                0x00000000       0xc4 ..\obj\queue.o
 .text.uxQueueMessagesWaiting
                0x00000000       0x30 ..\obj\queue.o
 .text.uxQueueMessagesWaitingFromISR
                0x00000000       0x2c ..\obj\queue.o
 .text.vQueueDelete
                0x00000000       0x30 ..\obj\queue.o
 .text.xQueueIsQueueEmptyFromISR
                0x00000000       0x38 ..\obj\queue.o
 .text.xQueueIsQueueFullFromISR
                0x00000000       0x3c ..\obj\queue.o
 .text          0x00000000        0x0 ..\obj\port.o
 .bss           0x00000000        0x0 ..\obj\port.o
 .rodata        0x00000000        0x4 ..\obj\port.o
 .text.vPortEndScheduler
                0x00000000        0xc ..\obj\port.o
 .text          0x00000000        0x0 ..\obj\ff.o
 .data          0x00000000        0x0 ..\obj\ff.o
 .bss           0x00000000        0x8 ..\obj\ff.o
 .text.mem_cpy  0x00000000       0x3c ..\obj\ff.o
 .text.mem_set  0x00000000       0x34 ..\obj\ff.o
 .text.mem_cmp  0x00000000       0x50 ..\obj\ff.o
 .text.chk_chr  0x00000000       0x38 ..\obj\ff.o
 .text.move_window
                0x00000000       0xbc ..\obj\ff.o
 .text.sync     0x00000000      0x14c ..\obj\ff.o
 .text.clust2sect
                0x00000000       0x3c ..\obj\ff.o
 .text.get_fat  0x00000000      0x154 ..\obj\ff.o
 .text.put_fat  0x00000000      0x1f4 ..\obj\ff.o
 .text.remove_chain
                0x00000000       0x9c ..\obj\ff.o
 .text.create_chain
                0x00000000      0x118 ..\obj\ff.o
 .text.dir_sdi  0x00000000      0x100 ..\obj\ff.o
 .text.dir_next
                0x00000000      0x1a8 ..\obj\ff.o
 .text.ld_clust
                0x00000000       0x58 ..\obj\ff.o
 .text.st_clust
                0x00000000       0x4c ..\obj\ff.o
 .text.dir_find
                0x00000000       0x94 ..\obj\ff.o
 .text.dir_read
                0x00000000       0x90 ..\obj\ff.o
 .text.dir_register
                0x00000000       0xac ..\obj\ff.o
 .text.dir_remove
                0x00000000       0x54 ..\obj\ff.o
 .rodata        0x00000000       0x10 ..\obj\ff.o
 .text.create_name
                0x00000000      0x178 ..\obj\ff.o
 .text.get_fileinfo
                0x00000000      0x114 ..\obj\ff.o
 .text.follow_path
                0x00000000       0xd0 ..\obj\ff.o
 .text.check_fs
                0x00000000       0xc0 ..\obj\ff.o
 .text.chk_mounted
                0x00000000      0x544 ..\obj\ff.o
 .text.validate
                0x00000000       0x54 ..\obj\ff.o
 .text.f_mount  0x00000000       0x54 ..\obj\ff.o
 .text.f_open   0x00000000      0x278 ..\obj\ff.o
 .text.f_read   0x00000000      0x2b0 ..\obj\ff.o
 .text.f_write  0x00000000      0x30c ..\obj\ff.o
 .text.f_sync   0x00000000      0x150 ..\obj\ff.o
 .text.f_close  0x00000000       0x28 ..\obj\ff.o
 .text.f_lseek  0x00000000      0x2a8 ..\obj\ff.o
 .text.f_opendir
                0x00000000       0xc0 ..\obj\ff.o
 .text.f_readdir
                0x00000000       0x84 ..\obj\ff.o
 .text.f_stat   0x00000000       0x70 ..\obj\ff.o
 .text.f_getfree
                0x00000000      0x184 ..\obj\ff.o
 .text.f_truncate
                0x00000000      0x11c ..\obj\ff.o
 .text.f_unlink
                0x00000000      0x154 ..\obj\ff.o
 .text.f_mkdir  0x00000000      0x248 ..\obj\ff.o
 .text.f_chmod  0x00000000       0xac ..\obj\ff.o
 .text.f_utime  0x00000000       0xb4 ..\obj\ff.o
 .text.f_rename
                0x00000000      0x1b8 ..\obj\ff.o
 .debug_info    0x00000000     0x166d ..\obj\ff.o
 .debug_abbrev  0x00000000      0x19d ..\obj\ff.o
 .debug_aranges
                0x00000000      0x168 ..\obj\ff.o
 .debug_ranges  0x00000000      0x158 ..\obj\ff.o
 .debug_line    0x00000000      0xc5f ..\obj\ff.o
 .debug_str     0x00000000      0x5c2 ..\obj\ff.o
 .comment       0x00000000       0x71 ..\obj\ff.o
 .ARM.attributes
                0x00000000       0x33 ..\obj\ff.o
 .debug_frame   0x00000000      0x52c ..\obj\ff.o
 .text          0x00000000        0x0 ..\obj\stm32f10x_dma.o
 .data          0x00000000        0x0 ..\obj\stm32f10x_dma.o
 .bss           0x00000000        0x0 ..\obj\stm32f10x_dma.o
 .text.DMA_DeInit
                0x00000000      0x178 ..\obj\stm32f10x_dma.o
 .text.DMA_Init
                0x00000000       0x7c ..\obj\stm32f10x_dma.o
 .text.DMA_StructInit
                0x00000000       0x54 ..\obj\stm32f10x_dma.o
 .text.DMA_Cmd  0x00000000       0x38 ..\obj\stm32f10x_dma.o
 .text.DMA_ITConfig
                0x00000000       0x3c ..\obj\stm32f10x_dma.o
 .text.DMA_SetCurrDataCounter
                0x00000000       0x1c ..\obj\stm32f10x_dma.o
 .text.DMA_GetCurrDataCounter
                0x00000000       0x1c ..\obj\stm32f10x_dma.o
 .text.DMA_GetFlagStatus
                0x00000000       0x54 ..\obj\stm32f10x_dma.o
 .text.DMA_ClearFlag
                0x00000000       0x34 ..\obj\stm32f10x_dma.o
 .text.DMA_GetITStatus
                0x00000000       0x54 ..\obj\stm32f10x_dma.o
 .text.DMA_ClearITPendingBit
                0x00000000       0x34 ..\obj\stm32f10x_dma.o
 .debug_info    0x00000000      0x45d ..\obj\stm32f10x_dma.o
 .debug_abbrev  0x00000000      0x155 ..\obj\stm32f10x_dma.o
 .debug_aranges
                0x00000000       0x70 ..\obj\stm32f10x_dma.o
 .debug_ranges  0x00000000       0x60 ..\obj\stm32f10x_dma.o
 .debug_line    0x00000000      0x2fb ..\obj\stm32f10x_dma.o
 .debug_str     0x00000000      0x3b3 ..\obj\stm32f10x_dma.o
 .comment       0x00000000       0x71 ..\obj\stm32f10x_dma.o
 .ARM.attributes
                0x00000000       0x33 ..\obj\stm32f10x_dma.o
 .debug_frame   0x00000000      0x144 ..\obj\stm32f10x_dma.o
 .text          0x00000000        0x0 ..\obj\croutine.o
 .data          0x00000000        0x0 ..\obj\croutine.o
 .bss           0x00000000       0x80 ..\obj\croutine.o
 .text.xCoRoutineCreate
                0x00000000       0xcc ..\obj\croutine.o
 .text.vCoRoutineAddToDelayedList
                0x00000000       0x84 ..\obj\croutine.o
 .text.prvCheckPendingReadyList
                0x00000000       0x80 ..\obj\croutine.o
 .text.prvCheckDelayedList
                0x00000000       0xfc ..\obj\croutine.o
 .text.vCoRoutineSchedule
                0x00000000       0xa0 ..\obj\croutine.o
 .text.prvInitialiseCoRoutineLists
                0x00000000       0x68 ..\obj\croutine.o
 .text.xCoRoutineRemoveFromEventList
                0x00000000       0x50 ..\obj\croutine.o
 .debug_info    0x00000000      0x46a ..\obj\croutine.o
 .debug_abbrev  0x00000000      0x185 ..\obj\croutine.o
 .debug_aranges
                0x00000000       0x50 ..\obj\croutine.o
 .debug_ranges  0x00000000       0x40 ..\obj\croutine.o
 .debug_line    0x00000000      0x24e ..\obj\croutine.o
 .debug_str     0x00000000      0x450 ..\obj\croutine.o
 .comment       0x00000000       0x71 ..\obj\croutine.o
 .ARM.attributes
                0x00000000       0x33 ..\obj\croutine.o
 .debug_frame   0x00000000       0xf0 ..\obj\croutine.o
 .text          0x00000000        0x0 ..\obj\misc.o
 .data          0x00000000        0x0 ..\obj\misc.o
 .bss           0x00000000        0x0 ..\obj\misc.o
 .text.NVIC_PriorityGroupConfig
                0x00000000       0x24 ..\obj\misc.o
 .text.NVIC_SetVectorTable
                0x00000000       0x2c ..\obj\misc.o
 .text.NVIC_SystemLPConfig
                0x00000000       0x40 ..\obj\misc.o
 .text.SysTick_CLKSourceConfig
                0x00000000       0x38 ..\obj\misc.o
 .text          0x00000000        0x0 ..\obj\stm32f10x_spi.o
 .data          0x00000000        0x0 ..\obj\stm32f10x_spi.o
 .bss           0x00000000        0x0 ..\obj\stm32f10x_spi.o
 .text.SPI_I2S_DeInit
                0x00000000       0x74 ..\obj\stm32f10x_spi.o
 .text.SPI_Init
                0x00000000       0x88 ..\obj\stm32f10x_spi.o
 .text.I2S_Init
                0x00000000      0x164 ..\obj\stm32f10x_spi.o
 .text.SPI_StructInit
                0x00000000       0x48 ..\obj\stm32f10x_spi.o
 .text.I2S_StructInit
                0x00000000       0x38 ..\obj\stm32f10x_spi.o
 .text.SPI_Cmd  0x00000000       0x40 ..\obj\stm32f10x_spi.o
 .text.I2S_Cmd  0x00000000       0x40 ..\obj\stm32f10x_spi.o
 .text.SPI_I2S_ITConfig
                0x00000000       0x60 ..\obj\stm32f10x_spi.o
 .text.SPI_I2S_DMACmd
                0x00000000       0x48 ..\obj\stm32f10x_spi.o
 .text.SPI_I2S_SendData
                0x00000000       0x1c ..\obj\stm32f10x_spi.o
 .text.SPI_I2S_ReceiveData
                0x00000000       0x1c ..\obj\stm32f10x_spi.o
 .text.SPI_NSSInternalSoftwareConfig
                0x00000000       0x44 ..\obj\stm32f10x_spi.o
 .text.SPI_SSOutputCmd
                0x00000000       0x40 ..\obj\stm32f10x_spi.o
 .text.SPI_DataSizeConfig
                0x00000000       0x38 ..\obj\stm32f10x_spi.o
 .text.SPI_TransmitCRC
                0x00000000       0x24 ..\obj\stm32f10x_spi.o
 .text.SPI_CalculateCRC
                0x00000000       0x40 ..\obj\stm32f10x_spi.o
 .text.SPI_GetCRC
                0x00000000       0x34 ..\obj\stm32f10x_spi.o
 .text.SPI_GetCRCPolynomial
                0x00000000       0x1c ..\obj\stm32f10x_spi.o
 .text.SPI_BiDirectionalLineConfig
                0x00000000       0x40 ..\obj\stm32f10x_spi.o
 .text.SPI_I2S_GetFlagStatus
                0x00000000       0x38 ..\obj\stm32f10x_spi.o
 .text.SPI_I2S_ClearFlag
                0x00000000       0x20 ..\obj\stm32f10x_spi.o
 .text.SPI_I2S_GetITStatus
                0x00000000       0x78 ..\obj\stm32f10x_spi.o
 .text.SPI_I2S_ClearITPendingBit
                0x00000000       0x34 ..\obj\stm32f10x_spi.o
 .debug_info    0x00000000      0x8dd ..\obj\stm32f10x_spi.o
 .debug_abbrev  0x00000000      0x17e ..\obj\stm32f10x_spi.o
 .debug_aranges
                0x00000000       0xd0 ..\obj\stm32f10x_spi.o
 .debug_ranges  0x00000000       0xc0 ..\obj\stm32f10x_spi.o
 .debug_line    0x00000000      0x419 ..\obj\stm32f10x_spi.o
 .debug_str     0x00000000      0x5f9 ..\obj\stm32f10x_spi.o
 .comment       0x00000000       0x71 ..\obj\stm32f10x_spi.o
 .ARM.attributes
                0x00000000       0x33 ..\obj\stm32f10x_spi.o
 .debug_frame   0x00000000      0x29c ..\obj\stm32f10x_spi.o
 .text          0x00000000        0x0 ..\obj\heap_2.o
 .rodata        0x00000000        0x2 ..\obj\heap_2.o
 .text.xPortGetFreeHeapSize
                0x00000000       0x18 ..\obj\heap_2.o
 .text.vPortInitialiseBlocks
                0x00000000        0xc ..\obj\heap_2.o
 .text          0x00000000        0x0 ..\obj\eeprom.o
 .data          0x00000000        0x0 ..\obj\eeprom.o
 .text          0x00000000        0x0 ..\obj\driver_sonar.o
 .data          0x00000000        0x0 ..\obj\driver_sonar.o
 .bss           0x00000000        0x8 ..\obj\driver_sonar.o
 .text          0x00000000        0x0 ..\obj\stm32f10x_iwdg.o
 .data          0x00000000        0x0 ..\obj\stm32f10x_iwdg.o
 .bss           0x00000000        0x0 ..\obj\stm32f10x_iwdg.o
 .text.IWDG_GetFlagStatus
                0x00000000       0x38 ..\obj\stm32f10x_iwdg.o
 .data          0x00000000        0x0 c:/coocox/toolchain48_2/bin/../lib/gcc/arm-none-eabi/4.8.4/../../../../arm-none-eabi/lib/armv7-m\libg.a(lib_a-memcpy.o)
 .bss           0x00000000        0x0 c:/coocox/toolchain48_2/bin/../lib/gcc/arm-none-eabi/4.8.4/../../../../arm-none-eabi/lib/armv7-m\libg.a(lib_a-memcpy.o)
 .text          0x00000000        0x0 c:/coocox/toolchain48_2/bin/../lib/gcc/arm-none-eabi/4.8.4/../../../../arm-none-eabi/lib/armv7-m\libg.a(lib_a-memset.o)
 .data          0x00000000        0x0 c:/coocox/toolchain48_2/bin/../lib/gcc/arm-none-eabi/4.8.4/../../../../arm-none-eabi/lib/armv7-m\libg.a(lib_a-memset.o)
 .bss           0x00000000        0x0 c:/coocox/toolchain48_2/bin/../lib/gcc/arm-none-eabi/4.8.4/../../../../arm-none-eabi/lib/armv7-m\libg.a(lib_a-memset.o)
 .text          0x00000000        0x0 c:/coocox/toolchain48_2/bin/../lib/gcc/arm-none-eabi/4.8.4/../../../../arm-none-eabi/lib/armv7-m\libg.a(lib_a-strncpy.o)
 .data          0x00000000        0x0 c:/coocox/toolchain48_2/bin/../lib/gcc/arm-none-eabi/4.8.4/../../../../arm-none-eabi/lib/armv7-m\libg.a(lib_a-strncpy.o)
 .bss           0x00000000        0x0 c:/coocox/toolchain48_2/bin/../lib/gcc/arm-none-eabi/4.8.4/../../../../arm-none-eabi/lib/armv7-m\libg.a(lib_a-strncpy.o)

Memory Configuration

Name             Origin             Length             Attributes
rom              0x08000000         0x00020000         xr
ram              0x20000000         0x00002000         xrw
*default*        0x00000000         0xffffffff

Linker script and memory map

                0x20002000                _eram = 0x20002000

.text           0x08000000     0xa6fc
 *(.isr_vector .isr_vector.*)
 .isr_vector    0x08000000      0x124 ..\obj\startup_stm32f10x_md_vl.o
                0x08000000                g_pfnVectors
 *(.text .text.* .gnu.linkonce.t.*)
 .text.TIM_TimeBaseInit
                0x08000124       0xf8 ..\obj\stm32f10x_tim.o
                0x08000124                TIM_TimeBaseInit
 .text.TIM_OC1Init
                0x0800021c      0x118 ..\obj\stm32f10x_tim.o
                0x0800021c                TIM_OC1Init
 .text.TIM_OC2Init
                0x08000334      0x110 ..\obj\stm32f10x_tim.o
                0x08000334                TIM_OC2Init
 .text.TIM_OC3Init
                0x08000444      0x10c ..\obj\stm32f10x_tim.o
                0x08000444                TIM_OC3Init
 .text.TIM_OC4Init
                0x08000550       0xd0 ..\obj\stm32f10x_tim.o
                0x08000550                TIM_OC4Init
 .text.TIM_TimeBaseStructInit
                0x08000620       0x34 ..\obj\stm32f10x_tim.o
                0x08000620                TIM_TimeBaseStructInit
 .text.TIM_OCStructInit
                0x08000654       0x44 ..\obj\stm32f10x_tim.o
                0x08000654                TIM_OCStructInit
 .text.TIM_Cmd  0x08000698       0x40 ..\obj\stm32f10x_tim.o
                0x08000698                TIM_Cmd
 .text.TIM_GetCapture1
                0x080006d8       0x1c ..\obj\stm32f10x_tim.o
                0x080006d8                TIM_GetCapture1
 .text.TIM_GetCapture2
                0x080006f4       0x1c ..\obj\stm32f10x_tim.o
                0x080006f4                TIM_GetCapture2
 .text.TIM_ClearITPendingBit
                0x08000710       0x20 ..\obj\stm32f10x_tim.o
                0x08000710                TIM_ClearITPendingBit
 .text.Default_Reset_Handler
                0x08000730       0x60 ..\obj\startup_stm32f10x_md_vl.o
                0x08000730                Default_Reset_Handler
                0x08000730                Reset_Handler
 .text.Default_Handler
                0x08000790        0x8 ..\obj\startup_stm32f10x_md_vl.o
                0x08000790                DebugMon_Handler
                0x08000790                TIM1_CC_IRQHandler
                0x08000790                HardFault_Handler
                0x08000790                PVD_IRQHandler
                0x08000790                NMI_Handler
                0x08000790                EXTI3_IRQHandler
                0x08000790                I2C2_EV_IRQHandler
                0x08000790                UsageFault_Handler
                0x08000790                SPI1_IRQHandler
                0x08000790                TAMPER_IRQHandler
                0x08000790                TIM6_DAC_IRQHandler
                0x08000790                ADC1_IRQHandler
                0x08000790                USART3_IRQHandler
                0x08000790                RTC_IRQHandler
                0x08000790                DMA1_Channel7_IRQHandler
                0x08000790                TIM4_IRQHandler
                0x08000790                I2C1_EV_IRQHandler
                0x08000790                DMA1_Channel6_IRQHandler
                0x08000790                RCC_IRQHandler
                0x08000790                DMA1_Channel1_IRQHandler
                0x08000790                CEC_IRQHandler
                0x08000790                TIM7_IRQHandler
                0x08000790                SPI2_IRQHandler
                0x08000790                MemManage_Handler
                0x08000790                EXTI4_IRQHandler
                0x08000790                DMA1_Channel3_IRQHandler
                0x08000790                WWDG_IRQHandler
                0x08000790                TIM2_IRQHandler
                0x08000790                RTCAlarm_IRQHandler
                0x08000790                USART2_IRQHandler
                0x08000790                I2C2_ER_IRQHandler
                0x08000790                DMA1_Channel2_IRQHandler
                0x08000790                FLASH_IRQHandler
                0x08000790                BusFault_Handler
                0x08000790                I2C1_ER_IRQHandler
 .text.SystemInit
                0x08000798       0x6c ..\obj\system_stm32f10x.o
                0x08000798                SystemInit
 .text.SetSysClock
                0x08000804        0xc ..\obj\system_stm32f10x.o
 .text.SetSysClockTo24
                0x08000810       0xd4 ..\obj\system_stm32f10x.o
 .text.GPIO_Init
                0x080008e4      0x178 ..\obj\stm32f10x_gpio.o
                0x080008e4                GPIO_Init
 .text.GPIO_StructInit
                0x08000a5c       0x28 ..\obj\stm32f10x_gpio.o
                0x08000a5c                GPIO_StructInit
 .text.GPIO_PinRemapConfig
                0x08000a84       0xe0 ..\obj\stm32f10x_gpio.o
                0x08000a84                GPIO_PinRemapConfig
 .text.__DSB    0x08000b64       0x10 ..\obj\main.o
 .text.NVIC_EnableIRQ
                0x08000b74       0x30 ..\obj\main.o
 .text.NVIC_SystemReset
                0x08000ba4       0x24 ..\obj\main.o
 .text.autoSafe
                0x08000bc8       0xf8 ..\obj\main.o
                0x08000bc8                autoSafe
 .text.Lcd_write_8b
                0x08000cc0       0x90 ..\obj\main.o
                0x08000cc0                Lcd_write_8b
 .text.calibrateFlowMeter
                0x08000d50      0x22c ..\obj\main.o
                0x08000d50                calibrateFlowMeter
 .text.get_water_cl
                0x08000f7c       0x64 ..\obj\main.o
                0x08000f7c                get_water_cl
 .text.get_water
                0x08000fe0      0x1a0 ..\obj\main.o
                0x08000fe0                get_water
 .text.Lcd_write_16b
                0x08001180       0x70 ..\obj\main.o
                0x08001180                Lcd_write_16b
 .text.crc_block
                0x080011f0       0x48 ..\obj\main.o
                0x080011f0                crc_block
 .text.USART1_IRQHandler
                0x08001238      0x1dc ..\obj\main.o
                0x08001238                USART1_IRQHandler
 .text.uart_task
                0x08001414       0x5c ..\obj\main.o
 .text.rx_flush
                0x08001470       0x34 ..\obj\main.o
                0x08001470                rx_flush
 .text.tx_flush
                0x080014a4       0x40 ..\obj\main.o
                0x080014a4                tx_flush
 .text.send_resp
                0x080014e4       0x98 ..\obj\main.o
                0x080014e4                send_resp
 .text.run_uart_cmd
                0x0800157c      0x3ac ..\obj\main.o
                0x0800157c                run_uart_cmd
 .text.run_doser_for
                0x08001928       0x68 ..\obj\main.o
                0x08001928                run_doser_for
 .text.rx_ee    0x08001990      0x164 ..\obj\main.o
                0x08001990                rx_ee
 .text.send_ee_addr
                0x08001af4      0x124 ..\obj\main.o
                0x08001af4                send_ee_addr
 .text.send_ee_block
                0x08001c18      0x118 ..\obj\main.o
                0x08001c18                send_ee_block
 .text.get_settings_block
                0x08001d30       0xac ..\obj\main.o
                0x08001d30                get_settings_block
 .text.get_status_block
                0x08001ddc      0x4f0 ..\obj\main.o
                0x08001ddc                get_status_block
 .text.DMA1_Channel4_IRQHandler
                0x080022cc       0x14 ..\obj\main.o
                0x080022cc                DMA1_Channel4_IRQHandler
 .text.DMA1_Channel5_IRQHandler
                0x080022e0       0x14 ..\obj\main.o
                0x080022e0                DMA1_Channel5_IRQHandler
 .text.bluetooth_init
                0x080022f4       0xdc ..\obj\main.o
                0x080022f4                bluetooth_init
 .text.dosing_motor_control_init
                0x080023d0       0xc0 ..\obj\main.o
                0x080023d0                dosing_motor_control_init
 .text.tankLevelStabSetup
                0x08002490       0xc4 ..\obj\main.o
                0x08002490                tankLevelStabSetup
 .text.tankLevelStab
                0x08002554       0x6c ..\obj\main.o
                0x08002554                tankLevelStab
 .text.open_valve
                0x080025c0       0x60 ..\obj\main.o
                0x080025c0                open_valve
 .text.close_valve
                0x08002620       0x64 ..\obj\main.o
                0x08002620                close_valve
 .text.EXTI0_IRQHandler
                0x08002684       0x1c ..\obj\main.o
                0x08002684                EXTI0_IRQHandler
 .text.EXTI1_IRQHandler
                0x080026a0       0x1c ..\obj\main.o
                0x080026a0                EXTI1_IRQHandler
 .text.EXTI2_IRQHandler
                0x080026bc        0xc ..\obj\main.o
                0x080026bc                EXTI2_IRQHandler
 .text.EXTI15_10_IRQHandler
                0x080026c8       0x20 ..\obj\main.o
                0x080026c8                EXTI15_10_IRQHandler
 .text.EXTI9_5_IRQHandler
                0x080026e8       0x18 ..\obj\main.o
                0x080026e8                EXTI9_5_IRQHandler
 .text.eeprom_test
                0x08002700       0xc4 ..\obj\main.o
                0x08002700                eeprom_test
 .text.valve_test2
                0x080027c4      0x148 ..\obj\main.o
                0x080027c4                valve_test2
 .text.valve_test3
                0x0800290c      0x124 ..\obj\main.o
                0x0800290c                valve_test3
 .text.valve_test
                0x08002a30      0x16c ..\obj\main.o
                0x08002a30                valve_test
 .text.adjustFlags
                0x08002b9c      0x188 ..\obj\main.o
                0x08002b9c                adjustFlags
 .text.water_program_setup
                0x08002d24      0x1c8 ..\obj\main.o
                0x08002d24                water_program_setup
 .text.fertilization_setup
                0x08002eec       0x38 ..\obj\main.o
                0x08002eec                fertilization_setup
 .text.watering_setup
                0x08002f24       0x38 ..\obj\main.o
                0x08002f24                watering_setup
 .text.fertilizer_mixing_program_setup
                0x08002f5c      0x1ac ..\obj\main.o
                0x08002f5c                fertilizer_mixing_program_setup
 .text.startWp  0x08003108       0xf0 ..\obj\main.o
                0x08003108                startWp
 .text.run_watering_program
                0x080031f8      0x428 ..\obj\main.o
                0x080031f8                run_watering_program
 .text.run_fertilizer_mixer
                0x08003620      0x124 ..\obj\main.o
                0x08003620                run_fertilizer_mixer
 .text.run_circulation_pump
                0x08003744       0x44 ..\obj\main.o
                0x08003744                run_circulation_pump
 .text.enable_dosing_pump
                0x08003788       0xdc ..\obj\main.o
                0x08003788                enable_dosing_pump
 .text.get_fertilizer
                0x08003864       0x6c ..\obj\main.o
                0x08003864                get_fertilizer
 .text.valve_init
                0x080038d0       0x24 ..\obj\main.o
                0x080038d0                valve_init
 .text.watering_program_trigger
                0x080038f4      0x128 ..\obj\main.o
 .text.TIM3_IRQHandler
                0x08003a1c      0x160 ..\obj\main.o
                0x08003a1c                TIM3_IRQHandler
 .text.TIM1_BRK_TIM15_IRQHandler
                0x08003b7c      0x144 ..\obj\main.o
                0x08003b7c                TIM1_BRK_TIM15_IRQHandler
 .text.TIM1_UP_TIM16_IRQHandler
                0x08003cc0       0x34 ..\obj\main.o
                0x08003cc0                TIM1_UP_TIM16_IRQHandler
 .text.TIM1_TRG_COM_TIM17_IRQHandler
                0x08003cf4       0x44 ..\obj\main.o
                0x08003cf4                TIM1_TRG_COM_TIM17_IRQHandler
 .text.dht_arr_displayer
                0x08003d38       0xc8 ..\obj\main.o
                0x08003d38                dht_arr_displayer
 .text.readPercentVal
                0x08003e00      0x13c ..\obj\main.o
                0x08003e00                readPercentVal
 .text.hygroStatSettings
                0x08003f3c       0x9c ..\obj\main.o
                0x08003f3c                hygroStatSettings
 .text.Delay_us
                0x08003fd8       0x2c ..\obj\main.o
                0x08003fd8                Delay_us
 .text.buttonCalibration
                0x08004004      0x2a8 ..\obj\main.o
                0x08004004                buttonCalibration
 .text.displayAdcValues
                0x080042ac      0x118 ..\obj\main.o
                0x080042ac                displayAdcValues
 .text.display_usart_rx
                0x080043c4       0xcc ..\obj\main.o
                0x080043c4                display_usart_rx
 .text.display_usart_tx
                0x08004490       0xcc ..\obj\main.o
                0x08004490                display_usart_tx
 .text.saveButtonRanges
                0x0800455c       0x44 ..\obj\main.o
                0x0800455c                saveButtonRanges
 .text.readButtonRanges
                0x080045a0       0x40 ..\obj\main.o
                0x080045a0                readButtonRanges
 .text.adcAverager
                0x080045e0      0x178 ..\obj\main.o
                0x080045e0                adcAverager
 .text.setPlug  0x08004758       0xa4 ..\obj\main.o
                0x08004758                setPlug
 .text.printOk  0x080047fc       0x2c ..\obj\main.o
                0x080047fc                printOk
 .text.timerStateTrigger
                0x08004828      0x1cc ..\obj\main.o
 .text.psiStab  0x080049f4        0xc ..\obj\main.o
                0x080049f4                psiStab
 .text.plugStateTrigger
                0x08004a00      0x264 ..\obj\main.o
 .text.psiSetup
                0x08004c64      0x188 ..\obj\main.o
                0x08004c64                psiSetup
 .text.plugTest
                0x08004dec       0x8c ..\obj\main.o
                0x08004dec                plugTest
 .text.plugStateSet
                0x08004e78       0x88 ..\obj\main.o
                0x08004e78                plugStateSet
 .text.EE_WriteWord
                0x08004f00       0x38 ..\obj\main.o
                0x08004f00                EE_WriteWord
 .text.programRunner
                0x08004f38      0x184 ..\obj\main.o
                0x08004f38                programRunner
 .text.adjust8bit
                0x080050bc       0xac ..\obj\main.o
                0x080050bc                adjust8bit
 .text.adjust16bit
                0x08005168       0xb8 ..\obj\main.o
                0x08005168                adjust16bit
 .text.adjust16bit_fast
                0x08005220       0xc4 ..\obj\main.o
                0x08005220                adjust16bit_fast
 .text.CTimerAdjust
                0x080052e4      0x184 ..\obj\main.o
                0x080052e4                CTimerAdjust
 .text.setCTimer
                0x08005468       0xf0 ..\obj\main.o
                0x08005468                setCTimer
 .text.idSelector
                0x08005558       0x90 ..\obj\main.o
                0x08005558                idSelector
 .text.setTimer
                0x080055e8       0xf4 ..\obj\main.o
                0x080055e8                setTimer
 .text.timeAdjust
                0x080056dc      0x2c4 ..\obj\main.o
                0x080056dc                timeAdjust
 .text.Lcd_write_arr
                0x080059a0       0x40 ..\obj\main.o
                0x080059a0                Lcd_write_arr
 .text.unix2DateTime
                0x080059e0      0x2fc ..\obj\main.o
                0x080059e0                unix2DateTime
 .text.DateTime2unix
                0x08005cdc      0x164 ..\obj\main.o
                0x08005cdc                DateTime2unix
 .text.menuSelector
                0x08005e40      0x12c ..\obj\main.o
                0x08005e40                menuSelector
 .text.RTC_GetCounter
                0x08005f6c       0x24 ..\obj\main.o
                0x08005f6c                RTC_GetCounter
 .text.RTC_SetCounter
                0x08005f90       0x48 ..\obj\main.o
                0x08005f90                RTC_SetCounter
 .text.RtcInit  0x08005fd8       0xcc ..\obj\main.o
                0x08005fd8                RtcInit
 .text.copy_arr
                0x080060a4       0x48 ..\obj\main.o
                0x080060a4                copy_arr
 .text.displayClock
                0x080060ec      0x184 ..\obj\main.o
 .text.readButtons
                0x08006270       0x6c ..\obj\main.o
                0x08006270                readButtons
 .text.AdcInit  0x080062dc      0x184 ..\obj\main.o
                0x080062dc                AdcInit
 .text.Lcd_write_digit
                0x08006460      0x118 ..\obj\main.o
                0x08006460                Lcd_write_digit
 .text.prvSetupHardware
                0x08006578       0x80 ..\obj\main.o
 .text.vTaskLCDdraw
                0x080065f8       0x3c ..\obj\main.o
 .text.int32str
                0x08006634      0x1cc ..\obj\main.o
                0x08006634                int32str
 .text.EE_ReadWord
                0x08006800       0x4c ..\obj\main.o
                0x08006800                EE_ReadWord
 .text.flush_lcd_buffer
                0x0800684c       0x40 ..\obj\main.o
                0x0800684c                flush_lcd_buffer
 .text.watchdog_init
                0x0800688c       0x44 ..\obj\main.o
                0x0800688c                watchdog_init
 .text.main     0x080068d0      0x1dc ..\obj\main.o
                0x080068d0                main
 .text.loadSettings
                0x08006aac       0xe8 ..\obj\main.o
                0x08006aac                loadSettings
 .text.Lcd_write_str
                0x08006b94       0x78 ..\obj\main.o
                0x08006b94                Lcd_write_str
 .text.Lcd_goto
                0x08006c0c       0x44 ..\obj\main.o
                0x08006c0c                Lcd_goto
 .text.Init_pin_out
                0x08006c50       0x80 ..\obj\main.o
                0x08006c50                Init_pin_out
 .text.Lcd_write_cmd
                0x08006cd0       0x90 ..\obj\main.o
                0x08006cd0                Lcd_write_cmd
 .text.Lcd_write_data
                0x08006d60       0xc4 ..\obj\main.o
                0x08006d60                Lcd_write_data
 .text.set4highBits
                0x08006e24       0xac ..\obj\main.o
                0x08006e24                set4highBits
 .text.set4lowBits
                0x08006ed0       0xac ..\obj\main.o
                0x08006ed0                set4lowBits
 .text.Init_lcd
                0x08006f7c       0x88 ..\obj\main.o
                0x08006f7c                Init_lcd
 .text.Lcd_clear
                0x08007004       0x18 ..\obj\main.o
                0x08007004                Lcd_clear
 .text.xTimerCreateTimerTask
                0x0800701c       0x5c ..\obj\timers.o
                0x0800701c                xTimerCreateTimerTask
 .text.xTimerGenericCommand
                0x08007078       0x8c ..\obj\timers.o
                0x08007078                xTimerGenericCommand
 .text.prvProcessExpiredTimer
                0x08007104       0x74 ..\obj\timers.o
 .text.prvTimerTask
                0x08007178       0x24 ..\obj\timers.o
 .text.prvProcessTimerOrBlockTask
                0x0800719c       0x6c ..\obj\timers.o
 .text.prvGetNextExpireTime
                0x08007208       0x48 ..\obj\timers.o
 .text.prvSampleTimeNow
                0x08007250       0x44 ..\obj\timers.o
 .text.prvInsertTimerInActiveList
                0x08007294       0x84 ..\obj\timers.o
 .text.prvProcessReceivedCommands
                0x08007318      0x100 ..\obj\timers.o
 .text.prvSwitchTimerLists
                0x08007418       0xb8 ..\obj\timers.o
 .text.prvCheckForValidListAndQueue
                0x080074d0       0x54 ..\obj\timers.o
 .text.RCC_GetClocksFreq
                0x08007524      0x15c ..\obj\stm32f10x_rcc.o
                0x08007524                RCC_GetClocksFreq
 .text.RCC_AHBPeriphClockCmd
                0x08007680       0x3c ..\obj\stm32f10x_rcc.o
                0x08007680                RCC_AHBPeriphClockCmd
 .text.RCC_APB2PeriphClockCmd
                0x080076bc       0x3c ..\obj\stm32f10x_rcc.o
                0x080076bc                RCC_APB2PeriphClockCmd
 .text.RCC_APB1PeriphClockCmd
                0x080076f8       0x3c ..\obj\stm32f10x_rcc.o
                0x080076f8                RCC_APB1PeriphClockCmd
 .text.RCC_APB2PeriphResetCmd
                0x08007734       0x3c ..\obj\stm32f10x_rcc.o
                0x08007734                RCC_APB2PeriphResetCmd
 .text.RCC_APB1PeriphResetCmd
                0x08007770       0x3c ..\obj\stm32f10x_rcc.o
                0x08007770                RCC_APB1PeriphResetCmd
 .text.RCC_GetFlagStatus
                0x080077ac       0x74 ..\obj\stm32f10x_rcc.o
                0x080077ac                RCC_GetFlagStatus
 .text.RCC_ClearFlag
                0x08007820       0x1c ..\obj\stm32f10x_rcc.o
                0x08007820                RCC_ClearFlag
 .text.EXTI_ClearITPendingBit
                0x0800783c       0x1c ..\obj\stm32f10x_exti.o
                0x0800783c                EXTI_ClearITPendingBit
 .text.xTaskGenericCreate
                0x08007858      0x19c ..\obj\tasks.o
                0x08007858                xTaskGenericCreate
 .text.vTaskDelay
                0x080079f4       0x50 ..\obj\tasks.o
                0x080079f4                vTaskDelay
 .text.vTaskStartScheduler
                0x08007a44       0x74 ..\obj\tasks.o
                0x08007a44                vTaskStartScheduler
 .text.vTaskSuspendAll
                0x08007ab8       0x1c ..\obj\tasks.o
                0x08007ab8                vTaskSuspendAll
 .text.xTaskResumeAll
                0x08007ad4      0x108 ..\obj\tasks.o
                0x08007ad4                xTaskResumeAll
 .text.xTaskGetTickCount
                0x08007bdc       0x24 ..\obj\tasks.o
                0x08007bdc                xTaskGetTickCount
 .text.vTaskIncrementTick
                0x08007c00      0x140 ..\obj\tasks.o
                0x08007c00                vTaskIncrementTick
 .text.vTaskSwitchContext
                0x08007d40       0xa4 ..\obj\tasks.o
                0x08007d40                vTaskSwitchContext
 .text.vTaskPlaceOnEventList
                0x08007de4       0x70 ..\obj\tasks.o
                0x08007de4                vTaskPlaceOnEventList
 .text.vTaskPlaceOnEventListRestricted
                0x08007e54       0x54 ..\obj\tasks.o
                0x08007e54                vTaskPlaceOnEventListRestricted
 .text.xTaskRemoveFromEventList
                0x08007ea8       0xb0 ..\obj\tasks.o
                0x08007ea8                xTaskRemoveFromEventList
 .text.vTaskSetTimeOutState
                0x08007f58       0x3c ..\obj\tasks.o
                0x08007f58                vTaskSetTimeOutState
 .text.xTaskCheckForTimeOut
                0x08007f94       0xa8 ..\obj\tasks.o
                0x08007f94                xTaskCheckForTimeOut
 .text.vTaskMissedYield
                0x0800803c       0x18 ..\obj\tasks.o
                0x0800803c                vTaskMissedYield
 .text.prvIdleTask
                0x08008054       0x20 ..\obj\tasks.o
 .text.prvInitialiseTCBVariables
                0x08008074       0x6c ..\obj\tasks.o
 .text.prvInitialiseTaskLists
                0x080080e0       0x7c ..\obj\tasks.o
 .text.prvCheckTasksWaitingTermination
                0x0800815c       0x74 ..\obj\tasks.o
 .text.prvAddCurrentTaskToDelayedList
                0x080081d0       0x6c ..\obj\tasks.o
 .text.prvAllocateTCBAndStack
                0x0800823c       0x64 ..\obj\tasks.o
 .text.prvDeleteTCB
                0x080082a0       0x20 ..\obj\tasks.o
 .text.xTaskGetCurrentTaskHandle
                0x080082c0       0x20 ..\obj\tasks.o
                0x080082c0                xTaskGetCurrentTaskHandle
 .text.xTaskGetSchedulerState
                0x080082e0       0x3c ..\obj\tasks.o
                0x080082e0                xTaskGetSchedulerState
 .text.vTaskPriorityInherit
                0x0800831c       0xb4 ..\obj\tasks.o
                0x0800831c                vTaskPriorityInherit
 .text.vTaskPriorityDisinherit
                0x080083d0       0x7c ..\obj\tasks.o
                0x080083d0                vTaskPriorityDisinherit
 .text.USART_DeInit
                0x0800844c       0xb8 ..\obj\stm32f10x_usart.o
                0x0800844c                USART_DeInit
 .text.USART_Init
                0x08008504      0x174 ..\obj\stm32f10x_usart.o
                0x08008504                USART_Init
 .text.USART_Cmd
                0x08008678       0x40 ..\obj\stm32f10x_usart.o
                0x08008678                USART_Cmd
 .text.USART_ReceiveData
                0x080086b8       0x20 ..\obj\stm32f10x_usart.o
                0x080086b8                USART_ReceiveData
 .text.USART_ClearFlag
                0x080086d8       0x20 ..\obj\stm32f10x_usart.o
                0x080086d8                USART_ClearFlag
 .text.USART_GetITStatus
                0x080086f8       0xb0 ..\obj\stm32f10x_usart.o
                0x080086f8                USART_GetITStatus
 .text.vListInitialise
                0x080087a8       0x40 ..\obj\list.o
                0x080087a8                vListInitialise
 .text.vListInitialiseItem
                0x080087e8       0x18 ..\obj\list.o
                0x080087e8                vListInitialiseItem
 .text.vListInsertEnd
                0x08008800       0x50 ..\obj\list.o
                0x08008800                vListInsertEnd
 .text.vListInsert
                0x08008850       0x70 ..\obj\list.o
                0x08008850                vListInsert
 .text.vListRemove
                0x080088c0       0x50 ..\obj\list.o
                0x080088c0                vListRemove
 .text.FLASH_Unlock
                0x08008910       0x24 ..\obj\stm32f10x_flash.o
                0x08008910                FLASH_Unlock
 .text.FLASH_ErasePage
                0x08008934       0x64 ..\obj\stm32f10x_flash.o
                0x08008934                FLASH_ErasePage
 .text.FLASH_ProgramHalfWord
                0x08008998       0x5c ..\obj\stm32f10x_flash.o
                0x08008998                FLASH_ProgramHalfWord
 .text.FLASH_GetBank1Status
                0x080089f4       0x58 ..\obj\stm32f10x_flash.o
                0x080089f4                FLASH_GetBank1Status
 .text.FLASH_WaitForLastOperation
                0x08008a4c       0x44 ..\obj\stm32f10x_flash.o
                0x08008a4c                FLASH_WaitForLastOperation
 .text.xQueueGenericReset
                0x08008a90       0xac ..\obj\queue.o
                0x08008a90                xQueueGenericReset
 .text.xQueueGenericCreate
                0x08008b3c       0x80 ..\obj\queue.o
                0x08008b3c                xQueueGenericCreate
 .text.xQueueGenericSend
                0x08008bbc      0x140 ..\obj\queue.o
                0x08008bbc                xQueueGenericSend
 .text.xQueueGenericSendFromISR
                0x08008cfc       0xc4 ..\obj\queue.o
                0x08008cfc                xQueueGenericSendFromISR
 .text.xQueueGenericReceive
                0x08008dc0      0x1a0 ..\obj\queue.o
                0x08008dc0                xQueueGenericReceive
 .text.prvCopyDataToQueue
                0x08008f60       0xb8 ..\obj\queue.o
 .text.prvCopyDataFromQueue
                0x08009018       0x4c ..\obj\queue.o
 .text.prvUnlockQueue
                0x08009064       0x98 ..\obj\queue.o
 .text.prvIsQueueEmpty
                0x080090fc       0x2c ..\obj\queue.o
 .text.prvIsQueueFull
                0x08009128       0x30 ..\obj\queue.o
 .text.vQueueWaitForMessageRestricted
                0x08009158       0x54 ..\obj\queue.o
                0x08009158                vQueueWaitForMessageRestricted
 .text.pxPortInitialiseStack
                0x080091ac       0x54 ..\obj\port.o
                0x080091ac                pxPortInitialiseStack
 .text.SVC_Handler
                0x08009200       0x20 ..\obj\port.o
                0x08009200                SVC_Handler
 .text.prvPortStartFirstTask
                0x08009220       0x14 ..\obj\port.o
 .text.xPortStartScheduler
                0x08009234       0x38 ..\obj\port.o
                0x08009234                xPortStartScheduler
 .text.vPortYieldFromISR
                0x0800926c       0x18 ..\obj\port.o
                0x0800926c                vPortYieldFromISR
 .text.vPortEnterCritical
                0x08009284       0x24 ..\obj\port.o
                0x08009284                vPortEnterCritical
 .text.vPortExitCritical
                0x080092a8       0x2c ..\obj\port.o
                0x080092a8                vPortExitCritical
 .text.PendSV_Handler
                0x080092d4       0x3c ..\obj\port.o
                0x080092d4                PendSV_Handler
 .text.SysTick_Handler
                0x08009310       0x30 ..\obj\port.o
                0x08009310                SysTick_Handler
 .text.prvSetupTimerInterrupt
                0x08009340       0x24 ..\obj\port.o
 .text.NVIC_Init
                0x08009364       0xc0 ..\obj\misc.o
                0x08009364                NVIC_Init
 .text.pvPortMalloc
                0x08009424      0x144 ..\obj\heap_2.o
                0x08009424                pvPortMalloc
 .text.vPortFree
                0x08009568       0x70 ..\obj\heap_2.o
                0x08009568                vPortFree
 .text.EE_Init  0x080095d8      0x288 ..\obj\eeprom.o
                0x080095d8                EE_Init
 .text.EE_ReadVariable
                0x08009860       0x98 ..\obj\eeprom.o
                0x08009860                EE_ReadVariable
 .text.EE_WriteVariable
                0x080098f8       0x44 ..\obj\eeprom.o
                0x080098f8                EE_WriteVariable
 .text.EE_Format
                0x0800993c       0x50 ..\obj\eeprom.o
 .text.EE_FindValidPage
                0x0800998c       0x8c ..\obj\eeprom.o
 .text.EE_VerifyPageFullWriteVariable
                0x08009a18       0xb0 ..\obj\eeprom.o
 .text.EE_PageTransfer
                0x08009ac8      0x130 ..\obj\eeprom.o
 .text.sonar_init
                0x08009bf8      0x1a8 ..\obj\driver_sonar.o
                0x08009bf8                sonar_init
 .text.sonar_ping
                0x08009da0       0x3c ..\obj\driver_sonar.o
                0x08009da0                sonar_ping
 .text.IWDG_WriteAccessCmd
                0x08009ddc       0x20 ..\obj\stm32f10x_iwdg.o
                0x08009ddc                IWDG_WriteAccessCmd
 .text.IWDG_SetPrescaler
                0x08009dfc       0x20 ..\obj\stm32f10x_iwdg.o
                0x08009dfc                IWDG_SetPrescaler
 .text.IWDG_SetReload
                0x08009e1c       0x20 ..\obj\stm32f10x_iwdg.o
                0x08009e1c                IWDG_SetReload
 .text.IWDG_ReloadCounter
                0x08009e3c       0x18 ..\obj\stm32f10x_iwdg.o
                0x08009e3c                IWDG_ReloadCounter
 .text.IWDG_Enable
                0x08009e54       0x18 ..\obj\stm32f10x_iwdg.o
                0x08009e54                IWDG_Enable
 .text          0x08009e6c       0xec c:/coocox/toolchain48_2/bin/../lib/gcc/arm-none-eabi/4.8.4/../../../../arm-none-eabi/lib/armv7-m\libg.a(lib_a-memcpy.o)
                0x08009e6c                memcpy
 .text.memset   0x08009f58       0x94 c:/coocox/toolchain48_2/bin/../lib/gcc/arm-none-eabi/4.8.4/../../../../arm-none-eabi/lib/armv7-m\libg.a(lib_a-memset.o)
                0x08009f58                memset
 .text.strncpy  0x08009fec       0x64 c:/coocox/toolchain48_2/bin/../lib/gcc/arm-none-eabi/4.8.4/../../../../arm-none-eabi/lib/armv7-m\libg.a(lib_a-strncpy.o)
                0x08009fec                strncpy
 *(.glue_7t)
 .glue_7t       0x00000000        0x0 linker stubs
 *(.glue_7)
 .glue_7        0x00000000        0x0 linker stubs
 *(.rodata .rodata* .gnu.linkonce.r.*)
 .rodata        0x0800a050      0x69c ..\obj\main.o
                0x0800a21c                menuItemArray
                0x0800a480                fatArray
 .rodata        0x0800a6ec        0x8 ..\obj\timers.o
 .rodata        0x0800a6f4        0x8 ..\obj\tasks.o

.vfp11_veneer   0x0800a6fc        0x0
 .vfp11_veneer  0x00000000        0x0 linker stubs

.v4_bx          0x0800a6fc        0x0
 .v4_bx         0x00000000        0x0 linker stubs

.iplt           0x0800a6fc        0x0
 .iplt          0x00000000        0x0 ..\obj\stm32f10x_tim.o

.rel.dyn        0x0800a6fc        0x0
 .rel.iplt      0x00000000        0x0 ..\obj\stm32f10x_tim.o

.ARM.extab
 *(.ARM.extab* .gnu.linkonce.armextab.*)
                0x0800a6fc                __exidx_start = .

.ARM.exidx
 *(.ARM.exidx* .gnu.linkonce.armexidx.*)
                0x0800a6fc                __exidx_end = .
                0x0800a6fc                . = ALIGN (0x4)
                0x0800a6fc                _etext = .
                0x0800a6fc                _sidata = .

.data           0x20000000       0x40 load address 0x0800a6fc
                0x20000000                _sdata = .
 *(.data .data.*)
 .data          0x20000000       0x14 ..\obj\system_stm32f10x.o
                0x20000000                SystemCoreClock
                0x20000004                AHBPrescTable
 .data          0x20000014        0xc ..\obj\main.o
                0x2000001c                no_sd
 .data          0x20000020       0x14 ..\obj\stm32f10x_rcc.o
 .data          0x20000034        0x4 ..\obj\tasks.o
 .data          0x20000038        0x4 ..\obj\port.o
 .data          0x2000003c        0x4 ..\obj\heap_2.o
                0x20000040                . = ALIGN (0x4)
                0x20000040                _edata = .

.igot.plt       0x20000040        0x0 load address 0x0800a73c
 .igot.plt      0x00000000        0x0 ..\obj\stm32f10x_tim.o

.bss            0x20000040     0x1688 load address 0x0800a740
                0x20000040                _sbss = .
 *(.bss .bss.*)
 .bss           0x20000040       0x9c ..\obj\main.o
                0x2000004a                TxCounter
                0x2000004b                RxCounter
                0x2000004c                IC2Value
                0x2000004e                DutyCycle
                0x20000050                Frequency
                0x200000ad                button
                0x200000ae                wpProgress
                0x200000be                logInterval
 .bss           0x200000dc       0x38 ..\obj\timers.o
 .bss           0x20000114      0x100 ..\obj\tasks.o
                0x20000114                pxCurrentTCB
 *fill*         0x20000214        0x4 
 .bss           0x20000218     0x1418 ..\obj\heap_2.o
 .bss           0x20001630        0x2 ..\obj\eeprom.o
                0x20001630                DataVar
 *(COMMON)
 *fill*         0x20001632        0x2 
 COMMON         0x20001634       0x94 ..\obj\main.o
                0x20001634                HSEStartUpStatus
                0x20001638                water_counter
                0x20001648                FlashStatus
                0x2000164c                wfCalArray
                0x20001654                DHTValue
                0x2000165a                valveFlags
                0x2000165c                toAdjust
                0x20001660                RxBuffer
                0x20001688                tank_windows_bottom
                0x2000168c                TxBuffer
                0x200016b8                TIM_ICInitStructure
                0x200016c4                tank_windows_top
                0x200016c8                . = ALIGN (0x4)
                0x200016c8                _ebss = .

.co_stack       0x200016c8      0x400 load address 0x0800bdc8
                0x200016c8                . = ALIGN (0x8)
 *(.co_stack .co_stack.*)
 .co_stack      0x200016c8      0x400 ..\obj\startup_stm32f10x_md_vl.o
                0x200016c8                pulStack
                0x20001ac8                . = ALIGN (0x4)
                0x20001ac8                _end = .
LOAD ..\obj\stm32f10x_tim.o
LOAD ..\obj\startup_stm32f10x_md_vl.o
LOAD ..\obj\system_stm32f10x.o
LOAD ..\obj\stm32f10x_pwr.o
LOAD ..\obj\diskio.o
LOAD ..\obj\stm32f10x_gpio.o
LOAD ..\obj\main.o
LOAD ..\obj\timers.o
LOAD ..\obj\stm32f10x_rcc.o
LOAD ..\obj\stm32f10x_exti.o
LOAD ..\obj\tasks.o
LOAD ..\obj\stm32f10x_adc.o
LOAD ..\obj\stm32f10x_usart.o
LOAD ..\obj\list.o
LOAD ..\obj\syscalls.o
LOAD ..\obj\stm32f10x_flash.o
LOAD ..\obj\queue.o
LOAD ..\obj\port.o
LOAD ..\obj\ff.o
LOAD ..\obj\stm32f10x_dma.o
LOAD ..\obj\croutine.o
LOAD ..\obj\misc.o
LOAD ..\obj\stm32f10x_spi.o
LOAD ..\obj\heap_2.o
LOAD ..\obj\eeprom.o
LOAD ..\obj\driver_sonar.o
LOAD ..\obj\stm32f10x_iwdg.o
START GROUP
LOAD c:/coocox/toolchain48_2/bin/../lib/gcc/arm-none-eabi/4.8.4/armv7-m\libgcc.a
LOAD c:/coocox/toolchain48_2/bin/../lib/gcc/arm-none-eabi/4.8.4/../../../../arm-none-eabi/lib/armv7-m\libg.a
LOAD c:/coocox/toolchain48_2/bin/../lib/gcc/arm-none-eabi/4.8.4/../../../../arm-none-eabi/lib/armv7-m\libc.a
END GROUP
OUTPUT(hellow4.elf elf32-littlearm)

.debug_info     0x00000000     0xb285
 .debug_info    0x00000000     0x1c42 ..\obj\stm32f10x_tim.o
 .debug_info    0x00001c42       0xe9 ..\obj\startup_stm32f10x_md_vl.o
 .debug_info    0x00001d2b      0x3d5 ..\obj\system_stm32f10x.o
 .debug_info    0x00002100      0x6d1 ..\obj\stm32f10x_gpio.o
 .debug_info    0x000027d1     0x38a1 ..\obj\main.o
 .debug_info    0x00006072      0x6e0 ..\obj\timers.o
 .debug_info    0x00006752      0x8e4 ..\obj\stm32f10x_rcc.o
 .debug_info    0x00007036      0x32b ..\obj\stm32f10x_exti.o
 .debug_info    0x00007361      0xd2a ..\obj\tasks.o
 .debug_info    0x0000808b      0x9d2 ..\obj\stm32f10x_usart.o
 .debug_info    0x00008a5d      0x27f ..\obj\list.o
 .debug_info    0x00008cdc      0x79b ..\obj\stm32f10x_flash.o
 .debug_info    0x00009477      0x7cd ..\obj\queue.o
 .debug_info    0x00009c44      0x1b1 ..\obj\port.o
 .debug_info    0x00009df5      0x4e9 ..\obj\misc.o
 .debug_info    0x0000a2de      0x2a6 ..\obj\heap_2.o
 .debug_info    0x0000a584      0x433 ..\obj\eeprom.o
 .debug_info    0x0000a9b7      0x6da ..\obj\driver_sonar.o
 .debug_info    0x0000b091      0x1f4 ..\obj\stm32f10x_iwdg.o

.debug_abbrev   0x00000000     0x1b71
 .debug_abbrev  0x00000000      0x1b0 ..\obj\stm32f10x_tim.o
 .debug_abbrev  0x000001b0       0xa7 ..\obj\startup_stm32f10x_md_vl.o
 .debug_abbrev  0x00000257      0x177 ..\obj\system_stm32f10x.o
 .debug_abbrev  0x000003ce      0x1c8 ..\obj\stm32f10x_gpio.o
 .debug_abbrev  0x00000596      0x362 ..\obj\main.o
 .debug_abbrev  0x000008f8      0x173 ..\obj\timers.o
 .debug_abbrev  0x00000a6b      0x1ba ..\obj\stm32f10x_rcc.o
 .debug_abbrev  0x00000c25      0x151 ..\obj\stm32f10x_exti.o
 .debug_abbrev  0x00000d76      0x1cf ..\obj\tasks.o
 .debug_abbrev  0x00000f45      0x162 ..\obj\stm32f10x_usart.o
 .debug_abbrev  0x000010a7       0xba ..\obj\list.o
 .debug_abbrev  0x00001161      0x18b ..\obj\stm32f10x_flash.o
 .debug_abbrev  0x000012ec      0x130 ..\obj\queue.o
 .debug_abbrev  0x0000141c      0x12e ..\obj\port.o
 .debug_abbrev  0x0000154a      0x154 ..\obj\misc.o
 .debug_abbrev  0x0000169e      0x166 ..\obj\heap_2.o
 .debug_abbrev  0x00001804      0x139 ..\obj\eeprom.o
 .debug_abbrev  0x0000193d      0x133 ..\obj\driver_sonar.o
 .debug_abbrev  0x00001a70      0x101 ..\obj\stm32f10x_iwdg.o

.debug_aranges  0x00000000     0x10b8
 .debug_aranges
                0x00000000      0x2f0 ..\obj\stm32f10x_tim.o
 .debug_aranges
                0x000002f0       0x28 ..\obj\startup_stm32f10x_md_vl.o
 .debug_aranges
                0x00000318       0x38 ..\obj\system_stm32f10x.o
 .debug_aranges
                0x00000350       0xa8 ..\obj\stm32f10x_gpio.o
 .debug_aranges
                0x000003f8      0x4f8 ..\obj\main.o
 .debug_aranges
                0x000008f0       0x88 ..\obj\timers.o
 .debug_aranges
                0x00000978      0x120 ..\obj\stm32f10x_rcc.o
 .debug_aranges
                0x00000a98       0x58 ..\obj\stm32f10x_exti.o
 .debug_aranges
                0x00000af0      0x138 ..\obj\tasks.o
 .debug_aranges
                0x00000c28      0x100 ..\obj\stm32f10x_usart.o
 .debug_aranges
                0x00000d28       0x40 ..\obj\list.o
 .debug_aranges
                0x00000d68       0xf8 ..\obj\stm32f10x_flash.o
 .debug_aranges
                0x00000e60       0xb0 ..\obj\queue.o
 .debug_aranges
                0x00000f10       0x70 ..\obj\port.o
 .debug_aranges
                0x00000f80       0x40 ..\obj\misc.o
 .debug_aranges
                0x00000fc0       0x38 ..\obj\heap_2.o
 .debug_aranges
                0x00000ff8       0x50 ..\obj\eeprom.o
 .debug_aranges
                0x00001048       0x28 ..\obj\driver_sonar.o
 .debug_aranges
                0x00001070       0x48 ..\obj\stm32f10x_iwdg.o

.debug_ranges   0x00000000      0xf88
 .debug_ranges  0x00000000      0x2e0 ..\obj\stm32f10x_tim.o
 .debug_ranges  0x000002e0       0x18 ..\obj\startup_stm32f10x_md_vl.o
 .debug_ranges  0x000002f8       0x28 ..\obj\system_stm32f10x.o
 .debug_ranges  0x00000320       0x98 ..\obj\stm32f10x_gpio.o
 .debug_ranges  0x000003b8      0x4e8 ..\obj\main.o
 .debug_ranges  0x000008a0       0x78 ..\obj\timers.o
 .debug_ranges  0x00000918      0x110 ..\obj\stm32f10x_rcc.o
 .debug_ranges  0x00000a28       0x48 ..\obj\stm32f10x_exti.o
 .debug_ranges  0x00000a70      0x128 ..\obj\tasks.o
 .debug_ranges  0x00000b98       0xf0 ..\obj\stm32f10x_usart.o
 .debug_ranges  0x00000c88       0x30 ..\obj\list.o
 .debug_ranges  0x00000cb8       0xe8 ..\obj\stm32f10x_flash.o
 .debug_ranges  0x00000da0       0xa0 ..\obj\queue.o
 .debug_ranges  0x00000e40       0x60 ..\obj\port.o
 .debug_ranges  0x00000ea0       0x30 ..\obj\misc.o
 .debug_ranges  0x00000ed0       0x28 ..\obj\heap_2.o
 .debug_ranges  0x00000ef8       0x40 ..\obj\eeprom.o
 .debug_ranges  0x00000f38       0x18 ..\obj\driver_sonar.o
 .debug_ranges  0x00000f50       0x38 ..\obj\stm32f10x_iwdg.o

.debug_line     0x00000000     0x5dd0
 .debug_line    0x00000000      0xa72 ..\obj\stm32f10x_tim.o
 .debug_line    0x00000a72       0xab ..\obj\startup_stm32f10x_md_vl.o
 .debug_line    0x00000b1d      0x1db ..\obj\system_stm32f10x.o
 .debug_line    0x00000cf8      0x3a6 ..\obj\stm32f10x_gpio.o
 .debug_line    0x0000109e     0x1f25 ..\obj\main.o
 .debug_line    0x00002fc3      0x2f3 ..\obj\timers.o
 .debug_line    0x000032b6      0x4cc ..\obj\stm32f10x_rcc.o
 .debug_line    0x00003782      0x29c ..\obj\stm32f10x_exti.o
 .debug_line    0x00003a1e      0x741 ..\obj\tasks.o
 .debug_line    0x0000415f      0x491 ..\obj\stm32f10x_usart.o
 .debug_line    0x000045f0      0x18e ..\obj\list.o
 .debug_line    0x0000477e      0x4d1 ..\obj\stm32f10x_flash.o
 .debug_line    0x00004c4f      0x4c7 ..\obj\queue.o
 .debug_line    0x00005116      0x1ad ..\obj\port.o
 .debug_line    0x000052c3      0x23c ..\obj\misc.o
 .debug_line    0x000054ff      0x143 ..\obj\heap_2.o
 .debug_line    0x00005642      0x2fa ..\obj\eeprom.o
 .debug_line    0x0000593c      0x28b ..\obj\driver_sonar.o
 .debug_line    0x00005bc7      0x209 ..\obj\stm32f10x_iwdg.o

.debug_str      0x00000000     0x4e27
 .debug_str     0x00000000      0xd1e ..\obj\stm32f10x_tim.o
                                0xdd9 (size before relaxing)
 .debug_str     0x00000d1e       0xb9 ..\obj\startup_stm32f10x_md_vl.o
                                0x150 (size before relaxing)
 .debug_str     0x00000dd7      0x162 ..\obj\system_stm32f10x.o
                                0x2d0 (size before relaxing)
 .debug_str     0x00000f39      0x384 ..\obj\stm32f10x_gpio.o
                                0x515 (size before relaxing)
 .debug_str     0x000012bd     0x1865 ..\obj\main.o
                               0x1ec4 (size before relaxing)
 .debug_str     0x00002b22      0x43a ..\obj\timers.o
                                0x54e (size before relaxing)
 .debug_str     0x00002f5c      0x409 ..\obj\stm32f10x_rcc.o
                                0x669 (size before relaxing)
 .debug_str     0x00003365      0x10b ..\obj\stm32f10x_exti.o
                                0x345 (size before relaxing)
 .debug_str     0x00003470      0x77a ..\obj\tasks.o
                                0x955 (size before relaxing)
 .debug_str     0x00003bea      0x3af ..\obj\stm32f10x_usart.o
                                0x68c (size before relaxing)
 .debug_str     0x00003f99       0xd5 ..\obj\list.o
                                0x281 (size before relaxing)
 .debug_str     0x0000406e      0x3dd ..\obj\stm32f10x_flash.o
                                0x5e4 (size before relaxing)
 .debug_str     0x0000444b      0x32b ..\obj\queue.o
                                0x583 (size before relaxing)
 .debug_str     0x00004776      0x150 ..\obj\port.o
                                0x24f (size before relaxing)
 .debug_str     0x000048c6      0x12e ..\obj\misc.o
                                0x3b4 (size before relaxing)
 .debug_str     0x000049f4      0x16b ..\obj\heap_2.o
                                0x28b (size before relaxing)
 .debug_str     0x00004b5f      0x15b ..\obj\eeprom.o
                                0x33b (size before relaxing)
 .debug_str     0x00004cba       0x5e ..\obj\driver_sonar.o
                                0x7a3 (size before relaxing)
 .debug_str     0x00004d18      0x10f ..\obj\stm32f10x_iwdg.o
                                0x281 (size before relaxing)

.comment        0x00000000       0x70
 .comment       0x00000000       0x70 ..\obj\stm32f10x_tim.o
                                 0x71 (size before relaxing)
 .comment       0x00000000       0x71 ..\obj\startup_stm32f10x_md_vl.o
 .comment       0x00000000       0x71 ..\obj\system_stm32f10x.o
 .comment       0x00000000       0x71 ..\obj\stm32f10x_gpio.o
 .comment       0x00000000       0x71 ..\obj\main.o
 .comment       0x00000000       0x71 ..\obj\timers.o
 .comment       0x00000000       0x71 ..\obj\stm32f10x_rcc.o
 .comment       0x00000000       0x71 ..\obj\stm32f10x_exti.o
 .comment       0x00000000       0x71 ..\obj\tasks.o
 .comment       0x00000000       0x71 ..\obj\stm32f10x_usart.o
 .comment       0x00000000       0x71 ..\obj\list.o
 .comment       0x00000000       0x71 ..\obj\stm32f10x_flash.o
 .comment       0x00000000       0x71 ..\obj\queue.o
 .comment       0x00000000       0x71 ..\obj\port.o
 .comment       0x00000000       0x71 ..\obj\misc.o
 .comment       0x00000000       0x71 ..\obj\heap_2.o
 .comment       0x00000000       0x71 ..\obj\eeprom.o
 .comment       0x00000000       0x71 ..\obj\driver_sonar.o
 .comment       0x00000000       0x71 ..\obj\stm32f10x_iwdg.o

.ARM.attributes
                0x00000000       0x31
 .ARM.attributes
                0x00000000       0x33 ..\obj\stm32f10x_tim.o
 .ARM.attributes
                0x00000033       0x33 ..\obj\startup_stm32f10x_md_vl.o
 .ARM.attributes
                0x00000066       0x33 ..\obj\system_stm32f10x.o
 .ARM.attributes
                0x00000099       0x33 ..\obj\stm32f10x_gpio.o
 .ARM.attributes
                0x000000cc       0x33 ..\obj\main.o
 .ARM.attributes
                0x000000ff       0x33 ..\obj\timers.o
 .ARM.attributes
                0x00000132       0x33 ..\obj\stm32f10x_rcc.o
 .ARM.attributes
                0x00000165       0x33 ..\obj\stm32f10x_exti.o
 .ARM.attributes
                0x00000198       0x33 ..\obj\tasks.o
 .ARM.attributes
                0x000001cb       0x33 ..\obj\stm32f10x_usart.o
 .ARM.attributes
                0x000001fe       0x33 ..\obj\list.o
 .ARM.attributes
                0x00000231       0x33 ..\obj\stm32f10x_flash.o
 .ARM.attributes
                0x00000264       0x33 ..\obj\queue.o
 .ARM.attributes
                0x00000297       0x33 ..\obj\port.o
 .ARM.attributes
                0x000002ca       0x33 ..\obj\misc.o
 .ARM.attributes
                0x000002fd       0x33 ..\obj\heap_2.o
 .ARM.attributes
                0x00000330       0x33 ..\obj\eeprom.o
 .ARM.attributes
                0x00000363       0x33 ..\obj\driver_sonar.o
 .ARM.attributes
                0x00000396       0x33 ..\obj\stm32f10x_iwdg.o
 .ARM.attributes
                0x000003c9       0x1b c:/coocox/toolchain48_2/bin/../lib/gcc/arm-none-eabi/4.8.4/../../../../arm-none-eabi/lib/armv7-m\libg.a(lib_a-memcpy.o)
 .ARM.attributes
                0x000003e4       0x2d c:/coocox/toolchain48_2/bin/../lib/gcc/arm-none-eabi/4.8.4/../../../../arm-none-eabi/lib/armv7-m\libg.a(lib_a-memset.o)
 .ARM.attributes
                0x00000411       0x2d c:/coocox/toolchain48_2/bin/../lib/gcc/arm-none-eabi/4.8.4/../../../../arm-none-eabi/lib/armv7-m\libg.a(lib_a-strncpy.o)

.debug_frame    0x00000000     0x3800
 .debug_frame   0x00000000      0xa20 ..\obj\stm32f10x_tim.o
 .debug_frame   0x00000a20       0x48 ..\obj\startup_stm32f10x_md_vl.o
 .debug_frame   0x00000a68       0x80 ..\obj\system_stm32f10x.o
 .debug_frame   0x00000ae8      0x210 ..\obj\stm32f10x_gpio.o
 .debug_frame   0x00000cf8     0x126c ..\obj\main.o
 .debug_frame   0x00001f64      0x1c4 ..\obj\timers.o
 .debug_frame   0x00002128      0x3a4 ..\obj\stm32f10x_rcc.o
 .debug_frame   0x000024cc       0xec ..\obj\stm32f10x_exti.o
 .debug_frame   0x000025b8      0x45c ..\obj\tasks.o
 .debug_frame   0x00002a14      0x344 ..\obj\stm32f10x_usart.o
 .debug_frame   0x00002d58       0x9c ..\obj\list.o
 .debug_frame   0x00002df4      0x338 ..\obj\stm32f10x_flash.o
 .debug_frame   0x0000312c      0x264 ..\obj\queue.o
 .debug_frame   0x00003390      0x110 ..\obj\port.o
 .debug_frame   0x000034a0       0x9c ..\obj\misc.o
 .debug_frame   0x0000353c       0x80 ..\obj\heap_2.o
 .debug_frame   0x000035bc       0xec ..\obj\eeprom.o
 .debug_frame   0x000036a8       0x50 ..\obj\driver_sonar.o
 .debug_frame   0x000036f8       0xb0 ..\obj\stm32f10x_iwdg.o
 .debug_frame   0x000037a8       0x2c c:/coocox/toolchain48_2/bin/../lib/gcc/arm-none-eabi/4.8.4/../../../../arm-none-eabi/lib/armv7-m\libg.a(lib_a-memset.o)
 .debug_frame   0x000037d4       0x2c c:/coocox/toolchain48_2/bin/../lib/gcc/arm-none-eabi/4.8.4/../../../../arm-none-eabi/lib/armv7-m\libg.a(lib_a-strncpy.o)
